###############################################################
#  Generated by:      Cadence Innovus 25.10-p002_1
#  OS:                Linux x86_64(Host ID gmicro02)
#  Generated on:      Thu Sep 10 10:09:01 2026
#  Design:            clusterization_v2
#  Command:           report_gates -out_file /home/epiphane/projets/clusterization/backend/layout/reports/clusterization_v2_worst_140_0/clusterization_v2_gates_layout.rpt
###############################################################
Library cell information:
 -----------------------------------------
| Cell        |  Instance  |  Area(um^2)  |
|-----------------------------------------|
| ACHCONX2    |          1 |       12.654 | 
| ADDFX1      |       1124 |     5766.120 | 
| ADDHX1      |        242 |      910.404 | 
| ADDHX2      |          2 |       10.260 | 
| AND2X1      |       1945 |     2660.760 | 
| AND2X2      |        417 |      713.070 | 
| AND2X4      |         94 |      257.184 | 
| AND2X6      |         50 |      188.100 | 
| AND2X8      |         15 |       66.690 | 
| AND3X1      |          4 |        9.576 | 
| AND3X2      |          2 |        5.472 | 
| AND3X4      |          2 |        6.156 | 
| AND3XL      |         99 |      203.148 | 
| AND4X1      |         93 |      222.642 | 
| AND4X2      |          5 |       15.390 | 
| AND4X4      |          2 |        7.524 | 
| AND4XL      |          1 |        2.394 | 
| AO21X1      |       4286 |    10260.684 | 
| AO21X2      |          5 |       13.680 | 
| AO21XL      |          3 |        7.182 | 
| AO22X1      |        608 |     1663.488 | 
| AO22X2      |         16 |       49.248 | 
| AO22X4      |          2 |        7.524 | 
| AO22XL      |          8 |       21.888 | 
| AOI211X1    |         29 |       69.426 | 
| AOI211X2    |         15 |       51.300 | 
| AOI211XL    |        110 |      225.720 | 
| AOI21X1     |       2099 |     3589.290 | 
| AOI21X2     |         72 |      196.992 | 
| AOI221X1    |        199 |      476.406 | 
| AOI221X2    |         26 |      115.596 | 
| AOI22X1     |        529 |     1085.508 | 
| AOI22XL     |         10 |       20.520 | 
| AOI2BB1X1   |        234 |      480.168 | 
| AOI2BB1X2   |          6 |       18.468 | 
| AOI2BB1X4   |          1 |        4.104 | 
| AOI31X1     |         71 |      145.692 | 
| AOI31X2     |         12 |       41.040 | 
| AOI32X1     |         23 |       55.062 | 
| AOI32X2     |          3 |       13.338 | 
| AOI33X1     |          5 |       13.680 | 
| AOI33X2     |          1 |        5.130 | 
| AOI33X4     |          1 |        9.234 | 
| BUFX12      |         21 |      107.730 | 
| BUFX2       |        354 |      605.340 | 
| BUFX3       |         80 |      164.160 | 
| BUFX4       |         30 |       71.820 | 
| CLKAND2X12  |          5 |       37.620 | 
| CLKBUFX12   |         39 |      200.070 | 
| CLKBUFX16   |         33 |      225.720 | 
| CLKBUFX2    |        236 |      403.560 | 
| CLKBUFX20   |         15 |      123.120 | 
| CLKBUFX3    |         11 |       22.572 | 
| CLKBUFX4    |          4 |        9.576 | 
| CLKBUFX6    |         63 |      193.914 | 
| CLKBUFX8    |         33 |      124.146 | 
| CLKINVX4    |         40 |       68.400 | 
| CLKINVX6    |         47 |      112.518 | 
| CLKINVX8    |          7 |       21.546 | 
| CLKMX2X2    |         15 |       46.170 | 
| CLKMX2X3    |          1 |        4.104 | 
| CLKMX2X4    |          3 |       12.312 | 
| CLKXOR2X1   |         49 |      134.064 | 
| DFFHQX1     |         81 |      443.232 | 
| DFFHQX8     |         12 |      110.808 | 
| DFFQX2      |         11 |       71.478 | 
| DFFQX4      |          9 |       64.638 | 
| DFFQXL      |          2 |       10.944 | 
| DFFRHQX1    |       4479 |    27572.724 | 
| DFFRX1      |         80 |      547.200 | 
| DFFRX2      |          1 |        7.524 | 
| DFFRX4      |          2 |       19.152 | 
| DFFSHQX1    |         16 |      103.968 | 
| DFFSHQX8    |          1 |       10.602 | 
| DFFX1       |          6 |       43.092 | 
| DFFX2       |         16 |      131.328 | 
| DFFX4       |          2 |       18.468 | 
| DLY1X1      |        195 |      600.210 | 
| DLY1X4      |          2 |        7.524 | 
| DLY2X1      |        124 |      720.936 | 
| DLY2X4      |         16 |      109.440 | 
| DLY3X1      |         82 |      673.056 | 
| DLY3X4      |          1 |        8.892 | 
| DLY4X1      |        221 |     2191.878 | 
| DLY4X4      |          1 |       10.602 | 
| EDFFHQX1    |        820 |     7011.000 | 
| EDFFHQX2    |          1 |        8.892 | 
| EDFFHQX4    |         10 |      106.020 | 
| EDFFHQX8    |          1 |       11.628 | 
| EDFFX2      |         80 |      738.720 | 
| EDFFX4      |         29 |      317.376 | 
| FILL1       |      12831 |     4388.202 | 
| FILL16      |        644 |     3523.968 | 
| FILL2       |      11734 |     8026.056 | 
| FILL32      |        156 |     1707.264 | 
| FILL4       |       4601 |     6294.168 | 
| FILL64      |         68 |     1488.384 | 
| FILL8       |       1811 |     4954.896 | 
| INVX1       |       1186 |      811.224 | 
| INVX2       |        484 |      496.584 | 
| INVX3       |        251 |      343.368 | 
| INVX4       |         14 |       23.940 | 
| INVX6       |         13 |       31.122 | 
| INVXL       |        100 |       68.400 | 
| MDFFHQX1    |         15 |      128.250 | 
| MDFFHQX4    |         81 |      747.954 | 
| MX2X1       |        854 |     2044.476 | 
| MX2XL       |         27 |       64.638 | 
| MX3XL       |         13 |       62.244 | 
| MX4X1       |          2 |       15.048 | 
| MX4XL       |        117 |      840.294 | 
| MXI2X1      |          9 |       24.624 | 
| MXI2XL      |        673 |     1611.162 | 
| MXI4X1      |          4 |       28.728 | 
| NAND2BX1    |        247 |      337.896 | 
| NAND2BX2    |         27 |       64.638 | 
| NAND2BX4    |          3 |       11.286 | 
| NAND2BXL    |          1 |        1.368 | 
| NAND2X1     |       1166 |     1196.316 | 
| NAND2X2     |         67 |      114.570 | 
| NAND2X4     |          4 |       13.680 | 
| NAND2XL     |          3 |        3.078 | 
| NAND3BX1    |          6 |       12.312 | 
| NAND3BX2    |          1 |        3.078 | 
| NAND3BXL    |         12 |       20.520 | 
| NAND3X1     |         46 |       78.660 | 
| NAND3X2     |          3 |        8.208 | 
| NOR2BX1     |        336 |      459.648 | 
| NOR2BX2     |         16 |       43.776 | 
| NOR2BX4     |          3 |       11.286 | 
| NOR2X1      |       1092 |     1120.392 | 
| NOR2X2      |         56 |       95.760 | 
| NOR2X4      |          3 |        9.234 | 
| NOR2XL      |          8 |        8.208 | 
| NOR3BX1     |          5 |       10.260 | 
| NOR3X1      |         26 |       44.460 | 
| NOR3X2      |          2 |        5.472 | 
| NOR3XL      |          1 |        1.710 | 
| NOR4BX1     |          5 |       11.970 | 
| NOR4X1      |         39 |       66.690 | 
| OA21X1      |        478 |      980.856 | 
| OA21X2      |          8 |       24.624 | 
| OA21X4      |          1 |        3.762 | 
| OA22X1      |        790 |     1891.260 | 
| OA22X2      |          1 |        3.420 | 
| OA22X4      |          1 |        4.104 | 
| OAI211X2    |          1 |        4.104 | 
| OAI21X1     |        782 |     1337.220 | 
| OAI21X2     |         35 |      107.730 | 
| OAI21X4     |          1 |        4.788 | 
| OAI221X1    |          5 |       11.970 | 
| OAI221X2    |          1 |        4.788 | 
| OAI22X1     |        662 |     1358.424 | 
| OAI22X2     |         23 |       78.660 | 
| OAI2BB1X1   |       2129 |     3640.590 | 
| OAI2BB1X2   |         68 |      209.304 | 
| OAI31X1     |         62 |      127.224 | 
| OAI31X2     |          2 |        7.524 | 
| OAI32X1     |         13 |       31.122 | 
| OAI32X2     |          4 |       17.784 | 
| OR2X1       |       1195 |     1634.760 | 
| OR2X2       |        175 |      299.250 | 
| OR2X4       |         97 |      265.392 | 
| OR2X6       |         17 |       63.954 | 
| OR2X8       |          4 |       17.784 | 
| OR2XL       |          1 |        1.368 | 
| OR3X1       |        229 |      469.908 | 
| OR3X2       |          3 |        7.182 | 
| OR4X1       |        296 |      607.392 | 
| OR4X2       |          8 |       27.360 | 
| OR4X4       |          1 |        3.762 | 
| RAM_4096X32 |          4 |  1413572.722 | 
| XNOR2X1     |        656 |     1570.464 | 
| XNOR2X2     |          4 |       12.312 | 
| XNOR2X4     |          1 |        3.762 | 
| XOR2X1      |          1 |        2.736 | 
|-----------------------------------------|
| Total       |      66484 |  1543946.542 |
 -----------------------------------------
Library cell type information:
 -------------------------------------------------------
| Cell Type        |   Instance   |        Area         |
|                  |              |       um^2  |   %   |
|-------------------------------------------------------|
| Buffer           |         1561 |    6574.266 |   0.4 | 
| Inverter         |         2142 |    1977.102 |   0.1 | 
| Combinational    |        25177 |   53214.516 |   3.4 | 
| Flop             |         5755 |   38224.998 |   2.5 | 
| Multi-Bit Flop   |            0 |       0.000 |   0.0 | 
| Latch            |            0 |       0.000 |   0.0 | 
| Clock Gater      |            0 |       0.000 |   0.0 | 
| Macro            |            4 | 1413572.722 |  91.6 | 
| Physical Cell    |        31845 |   30382.938 |   2.0 | 
|-------------------------------------------------------|
| Total            |        66484 | 1543946.542 | 100.0 | 
 -------------------------------------------------------
