============================================================
  Generated by:           Genus(TM) Synthesis Solution 21.18-s082_1
  Generated on:           Aug 19 2026  11:39:45 am
  Module:                 clusterization
  Library domain:         worst
    Domain index:         0
    Technology library:   slow_vdd1v0 1.0
  Library domain:         best
    Domain index:         1
    Technology library:   fast_vdd1v2 1.0
  Operating conditions:   PVT_0P9V_125C 
  Operating conditions:   PVT_1P32V_0C 
  Interconnect mode:      global
  Area mode:              physical library
============================================================

       Instance                              Module                        Cell Count   Cell Area   Net Area   Total Area 
--------------------------------------------------------------------------------------------------------------------------
clusterization                                                                 605686 3087241.524 777430.163  3864671.687 
  memory_act           memory_dual_port_ADDR_W11_DATA_W16                      133608  693839.682 171497.458   865337.140 
  memory_coord_b1      memory_dual_port_ADDR_W11_DATA_W16_2                    133558  694858.500 171408.757   866267.257 
  memory_coord_b2      memory_dual_port_ADDR_W11_DATA_W16_1                    133069  693608.490 171077.352   864685.842 
  memory_P_ij_A        memory_single_port_ADDR_W11_DATA_W16_1                   67886  347102.640  87347.531   434450.171 
  memory_P_ij          memory_single_port_ADDR_W11_DATA_W16                     70444  352877.994  89243.595   442121.589 
  bloc_grad            norm_entropy_grad_NB_POINTS1250_COORD_W16_ADDR_W11        3690   13352.022   4947.743    18299.765 
  memory_P_ij_arbitrer ping_pong_arbitrer_COORD_W16_ADDR_W11                      127     350.892     69.657      420.549 
  mem_cluster          memory_cluster_ADDR_W11                                  52956  264686.112  67382.542   332068.654 
  dut_cluster_assign   cluster_assign_NB_POINTS1250_COORD_W16_ADDR_W11_TO        1089    4361.526   1388.018     5749.544 
  inv_LUT              inv_LUT                                                   2316    4154.274   3050.709     7204.983 
  bloc_exp             dist_mat_arg_exp_NB_POINTS1250_COORD_W16_ADDR_W11_        2040    8464.158   2464.226    10928.384 
  dut_compute          act_coord_NB_POINTS1250_COORD_W16_ADDR_W11_ACT_W16         158     643.986    141.233      785.219 
  exp_LUT              exp_LUT                                                   4452    8124.894   5930.784    14055.678 
