============================================================
  Generated by:           Genus(TM) Synthesis Solution 21.18-s082_1
  Generated on:           Aug 19 2026  11:39:59 am
  Module:                 clusterization
  Operating conditions:   PVT_0P9V_125C 
  Operating conditions:   PVT_1P32V_0C 
  Interconnect mode:      global
  Area mode:              physical library
============================================================

                                                  Library 
   Gate     Instances     Area         Library     Domain 
----------------------------------------------------------
ADDFX1           1494     7664.220    slow_vdd1v0   worst 
ADDHX1            299     1124.838    slow_vdd1v0   worst 
ADDHX2              1        5.130    slow_vdd1v0   worst 
AND2X1          52081    71246.808    slow_vdd1v0   worst 
AND2X2            225      384.750    slow_vdd1v0   worst 
AND2X4          18336    50167.296    slow_vdd1v0   worst 
AND2X6             66      248.292    slow_vdd1v0   worst 
AND2X8            721     3205.566    slow_vdd1v0   worst 
AND3X1              6       14.364    slow_vdd1v0   worst 
AND3X2             11       30.096    slow_vdd1v0   worst 
AND3X4              1        3.078    slow_vdd1v0   worst 
AND3X8             12       61.560    slow_vdd1v0   worst 
AND3XL           3915     8033.580    slow_vdd1v0   worst 
AND4X1           2458     5884.452    slow_vdd1v0   worst 
AND4X4              4       15.048    slow_vdd1v0   worst 
AND4X8              9       55.404    slow_vdd1v0   worst 
AND4XL              8       19.152    slow_vdd1v0   worst 
AO21X1            169      404.586    slow_vdd1v0   worst 
AO21X2             15       41.040    slow_vdd1v0   worst 
AO21X4              3       10.260    slow_vdd1v0   worst 
AO22X1           5771    15789.456    slow_vdd1v0   worst 
AO22X2             39      120.042    slow_vdd1v0   worst 
AO22X4             17       63.954    slow_vdd1v0   worst 
AOI211X1           36       86.184    slow_vdd1v0   worst 
AOI211X2           46      157.320    slow_vdd1v0   worst 
AOI21X1          6879    11763.090    slow_vdd1v0   worst 
AOI21X2            12       32.832    slow_vdd1v0   worst 
AOI221X2         1323     5882.058    slow_vdd1v0   worst 
AOI222X2          136      744.192    slow_vdd1v0   worst 
AOI22X1        129178   265073.256    slow_vdd1v0   worst 
AOI22X2             3       11.286    slow_vdd1v0   worst 
AOI2BB1X1          58      119.016    slow_vdd1v0   worst 
AOI2BB1X2           2        6.156    slow_vdd1v0   worst 
AOI2BB1X4           2        8.208    slow_vdd1v0   worst 
AOI31X2            38      129.960    slow_vdd1v0   worst 
AOI32X2            24      106.704    slow_vdd1v0   worst 
AOI33X4             2       18.468    slow_vdd1v0   worst 
BUFX12             34      174.420    slow_vdd1v0   worst 
BUFX16             13       88.920    slow_vdd1v0   worst 
BUFX2             232      396.720    slow_vdd1v0   worst 
BUFX20             40      328.320    slow_vdd1v0   worst 
BUFX3              88      180.576    slow_vdd1v0   worst 
BUFX4            5556    13301.064    slow_vdd1v0   worst 
BUFX6             106      326.268    slow_vdd1v0   worst 
BUFX8              10       37.620    slow_vdd1v0   worst 
CLKAND2X12         71      534.204    slow_vdd1v0   worst 
CLKAND2X2          31       63.612    slow_vdd1v0   worst 
CLKAND2X8           8       46.512    slow_vdd1v0   worst 
CLKBUFX12          27      138.510    slow_vdd1v0   worst 
CLKBUFX2            1        1.710    slow_vdd1v0   worst 
CLKBUFX20          14      114.912    slow_vdd1v0   worst 
CLKINVX1            3        3.078    slow_vdd1v0   worst 
CLKINVX12        2717    11150.568    slow_vdd1v0   worst 
CLKINVX16        1790     9794.880    slow_vdd1v0   worst 
CLKINVX2           13       17.784    slow_vdd1v0   worst 
CLKINVX20         336     2183.328    slow_vdd1v0   worst 
CLKINVX3           18       30.780    slow_vdd1v0   worst 
CLKINVX4         1035     1769.850    slow_vdd1v0   worst 
CLKINVX6         3390     8115.660    slow_vdd1v0   worst 
CLKINVX8         5737    17658.486    slow_vdd1v0   worst 
CLKMX2X2           40      123.120    slow_vdd1v0   worst 
CLKMX2X4            3       12.312    slow_vdd1v0   worst 
CLKXOR2X1          13       35.568    slow_vdd1v0   worst 
DFFHQX1           215     1176.480    slow_vdd1v0   worst 
DFFHQX8             5       46.170    slow_vdd1v0   worst 
DFFQX1              3       17.442    slow_vdd1v0   worst 
DFFQX2              5       32.490    slow_vdd1v0   worst 
DFFQX4              4       28.728    slow_vdd1v0   worst 
DFFRHQX1         2385    14682.060    slow_vdd1v0   worst 
DFFRHQX4            3       28.728    slow_vdd1v0   worst 
DFFRX1             39      266.760    slow_vdd1v0   worst 
DFFRX2             51      383.724    slow_vdd1v0   worst 
DFFRX4              1        9.576    slow_vdd1v0   worst 
DFFSHQX1           18      116.964    slow_vdd1v0   worst 
EDFFHQX1       285328  2439554.400    slow_vdd1v0   worst 
EDFFHQX2            7       62.244    slow_vdd1v0   worst 
EDFFHQX4           44      466.488    slow_vdd1v0   worst 
EDFFHQX8           24      279.072    slow_vdd1v0   worst 
EDFFX2             62      572.508    slow_vdd1v0   worst 
EDFFX4              8       87.552    slow_vdd1v0   worst 
INVX1             824      563.616    slow_vdd1v0   worst 
INVX12              2        8.208    slow_vdd1v0   worst 
INVX16              1        5.472    slow_vdd1v0   worst 
INVX2             235      241.110    slow_vdd1v0   worst 
INVX20              1        6.498    slow_vdd1v0   worst 
INVX3             336      459.648    slow_vdd1v0   worst 
INVX4               2        3.420    slow_vdd1v0   worst 
INVX6             411      983.934    slow_vdd1v0   worst 
INVX8               3        9.234    slow_vdd1v0   worst 
MDFFHQX1           15      128.250    slow_vdd1v0   worst 
MDFFHQX4           44      406.296    slow_vdd1v0   worst 
MX2X1             381      912.114    slow_vdd1v0   worst 
MX3XL              22      105.336    slow_vdd1v0   worst 
MXI2X1             18       49.248    slow_vdd1v0   worst 
MXI2X6              1        5.130    slow_vdd1v0   worst 
MXI2X8              1        6.156    slow_vdd1v0   worst 
NAND2BX1         1387     1897.416    slow_vdd1v0   worst 
NAND2BX2           55      131.670    slow_vdd1v0   worst 
NAND2BX4           18       67.716    slow_vdd1v0   worst 
NAND2X1         29645    30415.770    slow_vdd1v0   worst 
NAND2X2           170      290.700    slow_vdd1v0   worst 
NAND2X6             1        4.788    slow_vdd1v0   worst 
NAND2X8             1        5.472    slow_vdd1v0   worst 
NAND3BX2         1491     4589.298    slow_vdd1v0   worst 
NAND3X2          5403    14782.608    slow_vdd1v0   worst 
NOR2BX1          3061     4187.448    slow_vdd1v0   worst 
NOR2BX2            35       95.760    slow_vdd1v0   worst 
NOR2BX4            20       75.240    slow_vdd1v0   worst 
NOR2X1            719      737.694    slow_vdd1v0   worst 
NOR2X2            120      205.200    slow_vdd1v0   worst 
NOR2X4              9       27.702    slow_vdd1v0   worst 
NOR2X6              3       12.312    slow_vdd1v0   worst 
NOR3BX1            28       57.456    slow_vdd1v0   worst 
NOR3BX2             3       10.260    slow_vdd1v0   worst 
NOR3X1            233      398.430    slow_vdd1v0   worst 
NOR3X2             16       43.776    slow_vdd1v0   worst 
NOR4BBX2           45      230.850    slow_vdd1v0   worst 
NOR4BX2            25      119.700    slow_vdd1v0   worst 
NOR4X2            386     1320.120    slow_vdd1v0   worst 
OA21X1            163      334.476    slow_vdd1v0   worst 
OA21X2              5       15.390    slow_vdd1v0   worst 
OA22X1            556     1331.064    slow_vdd1v0   worst 
OAI211X2            2        8.208    slow_vdd1v0   worst 
OAI21X1           265      453.150    slow_vdd1v0   worst 
OAI21X2             7       21.546    slow_vdd1v0   worst 
OAI221X2            2        9.576    slow_vdd1v0   worst 
OAI22X1           808     1658.016    slow_vdd1v0   worst 
OAI22X2            13       44.460    slow_vdd1v0   worst 
OAI2BB1X1        4936     8440.560    slow_vdd1v0   worst 
OAI2BB1X2           5       15.390    slow_vdd1v0   worst 
OAI2BB2X2           1        5.472    slow_vdd1v0   worst 
OAI31X1            17       34.884    slow_vdd1v0   worst 
OAI31X2            43      161.766    slow_vdd1v0   worst 
OAI32X2            13       57.798    slow_vdd1v0   worst 
OR2X1            8438    11543.184    slow_vdd1v0   worst 
OR2X2             199      340.290    slow_vdd1v0   worst 
OR2X4             722     1975.392    slow_vdd1v0   worst 
OR2X6              89      334.818    slow_vdd1v0   worst 
OR2X8             108      480.168    slow_vdd1v0   worst 
OR3X1             330      677.160    slow_vdd1v0   worst 
OR3X4               3        9.234    slow_vdd1v0   worst 
OR4X1           10288    21110.976    slow_vdd1v0   worst 
OR4X2               1        3.420    slow_vdd1v0   worst 
XNOR2X1           551     1319.094    slow_vdd1v0   worst 
XNOR2X4            17       63.954    slow_vdd1v0   worst 
XOR2X1              1        2.736    slow_vdd1v0   worst 
XOR2X4              4       16.416    slow_vdd1v0   worst 
----------------------------------------------------------
total          605686  3087241.524                


                                            
     Type      Instances     Area    Area % 
--------------------------------------------
sequential        288261 2458345.932   79.6 
inverter           16854   53005.554    1.7 
buffer              6121   15089.040    0.5 
logic             294450  560800.998   18.2 
physical_cells         0       0.000    0.0 
--------------------------------------------
total             605686 3087241.524  100.0 

