============================================================
  Generated by:           Genus(TM) Synthesis Solution 21.18-s082_1
  Generated on:           Aug 19 2026  11:39:45 am
  Module:                 clusterization
  Library domain:         worst
    Domain index:         0
    Technology library:   slow_vdd1v0 1.0
  Library domain:         best
    Domain index:         1
    Technology library:   fast_vdd1v2 1.0
  Operating conditions:   PVT_0P9V_125C 
  Operating conditions:   PVT_1P32V_0C 
  Interconnect mode:      global
  Area mode:              physical library
============================================================

       Instance                              Module                        Cell Count  Normalized Cell Area  Normalized Net Area   Normalized Total Area 
---------------------------------------------------------------------------------------------------------------------------------------------------------
clusterization                                                                 605686           3009007.333           757729.204             3766736.537 
  memory_act           memory_dual_port_ADDR_W11_DATA_W16                      133608            676257.000           167151.518              843408.518 
  memory_coord_b1      memory_dual_port_ADDR_W11_DATA_W16_2                    133558            677250.000           167065.066              844315.066 
  memory_coord_b2      memory_dual_port_ADDR_W11_DATA_W16_1                    133069            676031.667           166742.059              842773.725 
  memory_P_ij_A        memory_single_port_ADDR_W11_DATA_W16_1                   67886            338306.667            85134.046              423440.713 
  memory_P_ij          memory_single_port_ADDR_W11_DATA_W16                     70444            343935.667            86982.062              430917.729 
  bloc_grad            norm_entropy_grad_NB_POINTS1250_COORD_W16_ADDR_W11        3690             13013.667             4822.361               17836.028 
  memory_P_ij_arbitrer ping_pong_arbitrer_COORD_W16_ADDR_W11                      127               342.000               67.891                 409.891 
  mem_cluster          memory_cluster_ADDR_W11                                  52956            257978.667            65674.992              323653.659 
  dut_cluster_assign   cluster_assign_NB_POINTS1250_COORD_W16_ADDR_W11_TO        1089              4251.000             1352.844                5603.844 
  inv_LUT              inv_LUT                                                   2316              4049.000             2973.401                7022.401 
  bloc_exp             dist_mat_arg_exp_NB_POINTS1250_COORD_W16_ADDR_W11_        2040              8249.667             2401.780               10651.446 
  dut_compute          act_coord_NB_POINTS1250_COORD_W16_ADDR_W11_ACT_W16         158               627.667              137.654                 765.320 
  exp_LUT              exp_LUT                                                   4452              7919.000             5780.491               13699.491 
