============================================================
  Generated by:           Genus(TM) Synthesis Solution 21.18-s082_1
  Generated on:           Aug 19 2026  11:39:59 am
  Module:                 clusterization
  Operating conditions:   PVT_0P9V_125C 
  Operating conditions:   PVT_1P32V_0C 
  Interconnect mode:      global
  Area mode:              physical library
============================================================

Timing
--------

Clock  Period 
--------------
clk   11494.0 


  Cost    Critical         Violating 
 Group   Path Slack  TNS     Paths   
-------------------------------------
clk            27.0   0.0          0 
default    No paths   0.0            
-------------------------------------
Total                 0.0          0 

Instance Count
--------------
Leaf Instance Count             605686 
Physical Instance count              0 
Sequential Instance Count       288261 
Combinational Instance Count    317425 
Hierarchical Instance Count         13 

Area
----
Cell Area                          3087241.524
Physical Cell Area                 0.000
Total Cell Area (Cell+Physical)    3087241.524
Net Area                           777430.163
Total Area (Cell+Physical+Net)     3864671.687

Max Fanout                         288261 (clk)
Min Fanout                         0 (bloc_grad/coord_X_i[0])
Average Fanout                     3.0
Terms to net ratio                 3.9732
Terms to instance ratio            3.9861
Runtime                            7167.549181000001 seconds
Elapsed Runtime                    6969 seconds
Genus peak memory usage            6752.65 
Innovus peak memory usage          no_value 
Hostname                           gmicro02
