============================================================
  Generated by:           Genus(TM) Synthesis Solution 21.18-s082_1
  Generated on:           Aug 19 2026  11:39:42 am
  Module:                 clusterization
  Library domain:         worst
    Domain index:         0
    Technology library:   slow_vdd1v0 1.0
  Library domain:         best
    Domain index:         1
    Technology library:   fast_vdd1v2 1.0
  Operating conditions:   PVT_0P9V_125C 
  Operating conditions:   PVT_1P32V_0C 
  Interconnect mode:      global
  Area mode:              physical library
============================================================

Max_transition design rule (violation total = 1)
Pin                          Slew           Max     Violation
---------------------------------------------------------------
inv_LUT/g67654/B              281           280             1
  --> Other violations on net         1
inv_LUT/g67974/Y              281           280             1
  --> Other violations on net         1


Max_capacitance design rule: no violations.


Max_fanout design rule: no constraints.



