============================================================
  Generated by:           Genus(TM) Synthesis Solution 21.18-s082_1
  Generated on:           Aug 19 2026  11:39:49 am
  Module:                 clusterization
  Operating conditions:   PVT_0P9V_125C 
  Operating conditions:   PVT_1P32V_0C 
  Interconnect mode:      global
  Area mode:              physical library
============================================================


Path 1: MET (27 ps) Setup Check with Pin bloc_grad/entropy_reg[31]/CK->D
          Group: clk
     Startpoint: (R) bloc_grad/P_ij_norm_reg[0]/CK
          Clock: (R) clk
       Endpoint: (R) bloc_grad/entropy_reg[31]/D
          Clock: (R) clk

                     Capture       Launch     
        Clock Edge:+   11494            0     
       Src Latency:+       0            0     
       Net Latency:+     100 (I)      100 (I) 
           Arrival:=   11594          100     
                                              
             Setup:-     151                  
       Uncertainty:-      50                  
     Required Time:=   11394                  
      Launch Clock:-     100                  
         Data Path:-   11266                  
             Slack:=      27                  

#----------------------------------------------------------------------------------------------------------------------------
#                   Timing Point                    Flags    Arc   Edge   Cell      Fanout Load Trans Delay Arrival Instance 
#                                                                                          (fF)  (ps)  (ps)   (ps)  Location 
#----------------------------------------------------------------------------------------------------------------------------
  bloc_grad/P_ij_norm_reg[0]/CK                     -       -      R     (arrival)  288261    -     0     0     100    (-,-) 
  bloc_grad/P_ij_norm_reg[0]/Q                      -       CK->Q  R     EDFFHQX8       28 50.7   148   308     408    (-,-) 
  bloc_grad/mul_367_34_g3296/Y                      -       A->Y   F     INVX3          15 28.7   271   218     626    (-,-) 
  bloc_grad/csa_tree_add_443_39_pad_groupi_g9509/Y  -       B->Y   R     NOR2X1          1  3.7   214   260     886    (-,-) 
  bloc_grad/csa_tree_add_443_39_pad_groupi_g9349/S  -       A->S   F     ADDFX1          1  3.4   112   434    1320    (-,-) 
  bloc_grad/csa_tree_add_443_39_pad_groupi_g9312/S  -       CI->S  R     ADDFX1          1  3.5   101   354    1674    (-,-) 
  bloc_grad/csa_tree_add_443_39_pad_groupi_g9290/S  -       CI->S  R     ADDFX1          2  4.8   128   336    2011    (-,-) 
  bloc_grad/csa_tree_add_443_39_pad_groupi_g9288/Y  -       A->Y   R     AND2X1          2  5.0   119   221    2231    (-,-) 
  bloc_grad/csa_tree_add_443_39_pad_groupi_g9276/Y  -       A1->Y  F     AOI21X1         1  3.3   230   213    2444    (-,-) 
  bloc_grad/csa_tree_add_443_39_pad_groupi_g9270/Y  -       B0->Y  R     AOI2BB1X1       1  3.3   183   233    2677    (-,-) 
  bloc_grad/csa_tree_add_443_39_pad_groupi_g9261/Y  -       A0->Y  F     AOI21X1         1  3.6   249   267    2944    (-,-) 
  bloc_grad/csa_tree_add_443_39_pad_groupi_g9258/Y  -       C0->Y  R     OAI221X2        1  3.5   165   164    3108    (-,-) 
  bloc_grad/csa_tree_add_443_39_pad_groupi_g9257/CO -       CI->CO R     ADDFX1          1  3.5    99   283    3392    (-,-) 
  bloc_grad/csa_tree_add_443_39_pad_groupi_g9256/CO -       CI->CO R     ADDFX1          1  3.5    98   250    3641    (-,-) 
  bloc_grad/csa_tree_add_443_39_pad_groupi_g9255/CO -       CI->CO R     ADDFX1          1  3.5    98   250    3891    (-,-) 
  bloc_grad/csa_tree_add_443_39_pad_groupi_g9254/CO -       CI->CO R     ADDFX1          1  3.5    98   250    4141    (-,-) 
  bloc_grad/csa_tree_add_443_39_pad_groupi_g9253/CO -       CI->CO R     ADDFX1          1  3.5    98   250    4390    (-,-) 
  bloc_grad/csa_tree_add_443_39_pad_groupi_g9252/CO -       CI->CO R     ADDFX1          1  3.5    98   250    4640    (-,-) 
  bloc_grad/csa_tree_add_443_39_pad_groupi_g9251/CO -       CI->CO R     ADDFX1          1  3.5    98   250    4889    (-,-) 
  bloc_grad/csa_tree_add_443_39_pad_groupi_g9250/CO -       CI->CO R     ADDFX1          1  3.5    98   250    5139    (-,-) 
  bloc_grad/csa_tree_add_443_39_pad_groupi_g9249/CO -       CI->CO R     ADDFX1          1  3.5    98   250    5389    (-,-) 
  bloc_grad/csa_tree_add_443_39_pad_groupi_g9248/CO -       CI->CO R     ADDFX1          1  3.5    98   250    5638    (-,-) 
  bloc_grad/csa_tree_add_443_39_pad_groupi_g9247/CO -       CI->CO R     ADDFX1          1  3.5    98   250    5888    (-,-) 
  bloc_grad/csa_tree_add_443_39_pad_groupi_g9246/CO -       CI->CO R     ADDFX1          1  3.5    98   250    6137    (-,-) 
  bloc_grad/csa_tree_add_443_39_pad_groupi_g9245/CO -       CI->CO R     ADDFX1          1  3.5    98   250    6387    (-,-) 
  bloc_grad/csa_tree_add_443_39_pad_groupi_g9244/CO -       CI->CO R     ADDFX1          1  3.5    98   250    6637    (-,-) 
  bloc_grad/csa_tree_add_443_39_pad_groupi_g9243/S  -       CI->S  F     ADDFX1          2  4.9   149   357    6994    (-,-) 
  bloc_grad/g16640/Y                                -       A->Y   R     INVX1           1  3.3   100   130    7124    (-,-) 
  bloc_grad/g15720/CO                               -       A->CO  R     ADDHX1          2  5.6   132   226    7350    (-,-) 
  bloc_grad/g15718/Y                                -       B->Y   F     NAND2BX2        2  5.0   182   173    7523    (-,-) 
  bloc_grad/g15710/Y                                -       A->Y   F     AND2X1          2  5.1   140   199    7722    (-,-) 
  bloc_grad/g15702/Y                                -       B->Y   R     NOR2X1          2  5.4   273   232    7955    (-,-) 
  bloc_grad/g15694/CO                               -       B->CO  R     ADDHX1          1  3.5    89   272    8226    (-,-) 
  bloc_grad/g15691/CO                               -       B->CO  R     ADDHX1          2  5.6   131   209    8436    (-,-) 
  bloc_grad/g15690/Y                                -       B->Y   F     NAND2BX2        2  5.1   185   174    8609    (-,-) 
  bloc_grad/g15686/Y                                -       B->Y   R     NOR2X1          2  5.4   278   257    8866    (-,-) 
  bloc_grad/g15680/CO                               -       B->CO  R     ADDHX1          1  3.5    89   274    9140    (-,-) 
  bloc_grad/g15677/CO                               -       B->CO  R     ADDHX1          2  5.6   131   209    9349    (-,-) 
  bloc_grad/g15676/Y                                -       B->Y   F     NAND2BX2        2  5.1   185   174    9523    (-,-) 
  bloc_grad/g15672/Y                                -       B->Y   R     NOR2X1          2  5.4   278   257    9780    (-,-) 
  bloc_grad/g15666/CO                               -       B->CO  R     ADDHX1          1  3.5    89   274   10054    (-,-) 
  bloc_grad/g15663/CO                               -       B->CO  R     ADDHX1          2  5.6   131   209   10263    (-,-) 
  bloc_grad/g15662/Y                                -       B->Y   F     NAND2BX2        2  5.1   185   174   10436    (-,-) 
  bloc_grad/g15658/Y                                -       B->Y   R     NOR2X1          2  5.4   278   257   10693    (-,-) 
  bloc_grad/g15652/CO                               -       B->CO  R     ADDHX1          1  3.3    85   272   10965    (-,-) 
  bloc_grad/g15651/Y                                -       B->Y   R     XNOR2X1         1  3.1    82   180   11145    (-,-) 
  bloc_grad/g15648/Y                                -       B->Y   R     MX2X1           1  3.2    85   222   11366    (-,-) 
  bloc_grad/entropy_reg[31]/D                       <<<     -      R     DFFRHQX1        1    -     -     0   11366    (-,-) 
#----------------------------------------------------------------------------------------------------------------------------

