###############################################################
#  Generated by:      Cadence Innovus 25.10-p002_1
#  OS:                Linux x86_64(Host ID gmicro02)
#  Generated on:      Wed Aug 26 14:47:14 2026
#  Design:            clusterization
#  Command:           report_area -out_file backend/layout/reports/clusterization_worst_100_0_v0/area.rpt
###############################################################
    Hinst Name        Module Name                                                                                  Inst Count           Total Area
-----------------------------------------------------------------------------------------------------------------------------------------------
clusterization                                                                                                          24170          1964285.097
  bloc_exp            dist_mat_arg_exp_NB_POINTS1250_COORD_W16_ADDR_W11_ADDR_P_IJ_W11_ADDR_LUT_EXP14_STEP_W6_K_W16       2497            10119.438
  bloc_grad           norm_entropy_grad_NB_POINTS1250_COORD_W16_ADDR_W11_P_IJ_W16_ADDR_P_IJ_W11_ADDR_LUT_INV10           4427            14652.306
  dut_cluster_assign  cluster_assign_NB_POINTS1250_COORD_W16_ADDR_W11_TOL422144877                                       1212             5211.054
  dut_compute         act_coord_NB_POINTS1250_COORD_W16_ADDR_W11_ACT_W16                                                  327             1454.184
  exp_LUT             exp_LUT                                                                                            4858             8119.080
  inv_LUT             inv_LUT                                                                                            2489             4138.200
  mem_cluster         memory_cluster_ADDR_W11                                                                            6539           376669.700
  memory_P_ij         memory_single_port_ADDR_W11_DATA_W16_2374                                                           291           239208.668
  memory_P_ij_A       memory_single_port_ADDR_W11_DATA_W16                                                                311           239291.432
  memory_P_ij_arbitrer ping_pong_arbiter_ADDR_W11_P_IJ_W16_ADDR_P_IJ_W11                                                   245             1064.304
  memory_act          memory_dual_port_ADDR_W11_DATA_W16_3463                                                             150           354110.012
  memory_coord_b1     memory_dual_port_ADDR_W11_DATA_W16                                                                   77           353616.848
  memory_coord_b2     memory_dual_port_ADDR_W11_DATA_W16_3464                                                              95           353798.108
