============================================================
  Generated by:           Genus(TM) Synthesis Solution 21.18-s082_1
  Generated on:           Aug 19 2026  01:46:46 pm
  Module:                 clusterization
  Operating conditions:   PVT_0P9V_125C 
  Operating conditions:   PVT_1P32V_0C 
  Interconnect mode:      global
  Area mode:              physical library
============================================================

Timing
--------

Clock  Period 
--------------
clk   11628.0 


  Cost    Critical         Violating 
 Group   Path Slack  TNS     Paths   
-------------------------------------
clk            33.6   0.0          0 
default    No paths   0.0            
-------------------------------------
Total                 0.0          0 

Instance Count
--------------
Leaf Instance Count             600746 
Physical Instance count              0 
Sequential Instance Count       288261 
Combinational Instance Count    312485 
Hierarchical Instance Count         13 

Area
----
Cell Area                          3081375.540
Physical Cell Area                 0.000
Total Cell Area (Cell+Physical)    3081375.540
Net Area                           773806.750
Total Area (Cell+Physical+Net)     3855182.290

Max Fanout                         288261 (clk)
Min Fanout                         0 (dut_cluster_assign/drain_cnt[1])
Average Fanout                     3.0
Terms to net ratio                 3.9893
Terms to instance ratio            4.0026
Runtime                            6620.056399999998 seconds
Elapsed Runtime                    6453 seconds
Genus peak memory usage            6318.25 
Innovus peak memory usage          no_value 
Hostname                           gmicro02
