============================================================
  Generated by:           Genus(TM) Synthesis Solution 21.18-s082_1
  Generated on:           Aug 19 2026  01:46:32 pm
  Module:                 clusterization
  Library domain:         worst
    Domain index:         0
    Technology library:   slow_vdd1v0 1.0
  Library domain:         best
    Domain index:         1
    Technology library:   fast_vdd1v2 1.0
  Operating conditions:   PVT_0P9V_125C 
  Operating conditions:   PVT_1P32V_0C 
  Interconnect mode:      global
  Area mode:              physical library
============================================================

       Instance                              Module                        Cell Count  Normalized Cell Area  Normalized Net Area   Normalized Total Area 
---------------------------------------------------------------------------------------------------------------------------------------------------------
clusterization                                                                 600746           3003290.000           754197.612             3757487.612 
  memory_act           memory_dual_port_ADDR_W11_DATA_W16                      125602            668919.667           161367.267              830286.934 
  memory_coord_b1      memory_dual_port_ADDR_W11_DATA_W16_2                    131381            675607.667           165521.162              841128.829 
  memory_coord_b2      memory_dual_port_ADDR_W11_DATA_W16_1                    135637            673633.000           168554.008              842187.008 
  memory_P_ij_A        memory_single_port_ADDR_W11_DATA_W16_1                   70429            343939.667            86971.225              430910.892 
  memory_P_ij          memory_single_port_ADDR_W11_DATA_W16                     70429            343939.333            86971.225              430910.559 
  mem_cluster          memory_cluster_ADDR_W11                                  52962            257991.000            65677.919              323668.919 
  dut_cluster_assign   cluster_assign_NB_POINTS1250_COORD_W16_ADDR_W11_TO        1089              4250.667             1352.140                5602.807 
  memory_P_ij_arbitrer ping_pong_arbitrer_COORD_W16_ADDR_W11                      106               233.667               46.737                 280.403 
  bloc_grad            norm_entropy_grad_NB_POINTS1250_COORD_W16_ADDR_W11        3702             13000.333             4847.369               17847.703 
  dut_compute          act_coord_NB_POINTS1250_COORD_W16_ADDR_W11_ACT_W16         158               627.667              137.654                 765.320 
  bloc_exp             dist_mat_arg_exp_NB_POINTS1250_COORD_W16_ADDR_W11_        2123              8333.000             2483.731               10816.731 
  exp_LUT              exp_LUT                                                   4471              7851.667             5792.495               13644.161 
  inv_LUT              inv_LUT                                                   2309              4084.333             2965.528                7049.861 
