============================================================
  Generated by:           Genus(TM) Synthesis Solution 21.18-s082_1
  Generated on:           Aug 19 2026  01:46:46 pm
  Module:                 clusterization
  Operating conditions:   PVT_0P9V_125C 
  Operating conditions:   PVT_1P32V_0C 
  Interconnect mode:      global
  Area mode:              physical library
============================================================

                                                  Library 
   Gate     Instances     Area         Library     Domain 
----------------------------------------------------------
ADDFX1           1485     7618.050    slow_vdd1v0   worst 
ADDHX1            296     1113.552    slow_vdd1v0   worst 
ADDHX2              3       15.390    slow_vdd1v0   worst 
AND2X1          53838    73650.384    slow_vdd1v0   worst 
AND2X2            181      309.510    slow_vdd1v0   worst 
AND2X4          15983    43729.488    slow_vdd1v0   worst 
AND2X6           1044     3927.528    slow_vdd1v0   worst 
AND2X8           4084    18157.464    slow_vdd1v0   worst 
AND3X1              5       11.970    slow_vdd1v0   worst 
AND3X2             10       27.360    slow_vdd1v0   worst 
AND3X4              1        3.078    slow_vdd1v0   worst 
AND3X8             12       61.560    slow_vdd1v0   worst 
AND3XL           5494    11273.688    slow_vdd1v0   worst 
AND4X1            858     2054.052    slow_vdd1v0   worst 
AND4X4              2        7.524    slow_vdd1v0   worst 
AND4X8             11       67.716    slow_vdd1v0   worst 
AND4XL              3        7.182    slow_vdd1v0   worst 
AO21X1             97      232.218    slow_vdd1v0   worst 
AO21X2             20       54.720    slow_vdd1v0   worst 
AO21X4             18       61.560    slow_vdd1v0   worst 
AO22X1            508     1389.888    slow_vdd1v0   worst 
AO22X2              3        9.234    slow_vdd1v0   worst 
AO22X4             17       63.954    slow_vdd1v0   worst 
AOI211X1           18       43.092    slow_vdd1v0   worst 
AOI211X2           29       99.180    slow_vdd1v0   worst 
AOI21X1           504      861.840    slow_vdd1v0   worst 
AOI21X2            16       43.776    slow_vdd1v0   worst 
AOI221X1            1        2.394    slow_vdd1v0   worst 
AOI221X2          150      666.900    slow_vdd1v0   worst 
AOI222X2           81      443.232    slow_vdd1v0   worst 
AOI22X1        143362   294178.824    slow_vdd1v0   worst 
AOI22X2             4       15.048    slow_vdd1v0   worst 
AOI2BB1X1          58      119.016    slow_vdd1v0   worst 
AOI2BB1X2           2        6.156    slow_vdd1v0   worst 
AOI2BB1X4           2        8.208    slow_vdd1v0   worst 
AOI31X2            45      153.900    slow_vdd1v0   worst 
AOI32X2            26      115.596    slow_vdd1v0   worst 
AOI33X4             2       18.468    slow_vdd1v0   worst 
BUFX12             50      256.500    slow_vdd1v0   worst 
BUFX16              8       54.720    slow_vdd1v0   worst 
BUFX2             331      566.010    slow_vdd1v0   worst 
BUFX20             18      147.744    slow_vdd1v0   worst 
BUFX3              58      119.016    slow_vdd1v0   worst 
BUFX4            3269     7825.986    slow_vdd1v0   worst 
BUFX6              74      227.772    slow_vdd1v0   worst 
BUFX8               9       33.858    slow_vdd1v0   worst 
CLKAND2X12         74      556.776    slow_vdd1v0   worst 
CLKAND2X2          39       80.028    slow_vdd1v0   worst 
CLKAND2X8           9       52.326    slow_vdd1v0   worst 
CLKBUFX12          12       61.560    slow_vdd1v0   worst 
CLKBUFX2            2        3.420    slow_vdd1v0   worst 
CLKBUFX20          60      492.480    slow_vdd1v0   worst 
CLKBUFX6            3        9.234    slow_vdd1v0   worst 
CLKINVX1            1        1.026    slow_vdd1v0   worst 
CLKINVX12        3024    12410.496    slow_vdd1v0   worst 
CLKINVX16        1526     8350.272    slow_vdd1v0   worst 
CLKINVX2            5        6.840    slow_vdd1v0   worst 
CLKINVX20         333     2163.834    slow_vdd1v0   worst 
CLKINVX3            4        6.840    slow_vdd1v0   worst 
CLKINVX4         1517     2594.070    slow_vdd1v0   worst 
CLKINVX6         5669    13571.586    slow_vdd1v0   worst 
CLKINVX8         4270    13143.060    slow_vdd1v0   worst 
CLKMX2X2           39      120.042    slow_vdd1v0   worst 
CLKMX2X4            3       12.312    slow_vdd1v0   worst 
CLKXOR2X1          11       30.096    slow_vdd1v0   worst 
DFFHQX1           195     1067.040    slow_vdd1v0   worst 
DFFHQX8             5       46.170    slow_vdd1v0   worst 
DFFQX1              8       46.512    slow_vdd1v0   worst 
DFFQX2              5       32.490    slow_vdd1v0   worst 
DFFQX4              4       28.728    slow_vdd1v0   worst 
DFFQXL             15       82.080    slow_vdd1v0   worst 
DFFRHQX1         2386    14688.216    slow_vdd1v0   worst 
DFFRHQX4            1        9.576    slow_vdd1v0   worst 
DFFRX1             37      253.080    slow_vdd1v0   worst 
DFFRX2             54      406.296    slow_vdd1v0   worst 
DFFRX4              1        9.576    slow_vdd1v0   worst 
DFFSHQX1           17      110.466    slow_vdd1v0   worst 
DFFSX1              1        7.524    slow_vdd1v0   worst 
EDFFHQX1       285325  2439528.750    slow_vdd1v0   worst 
EDFFHQX2            5       44.460    slow_vdd1v0   worst 
EDFFHQX4           38      402.876    slow_vdd1v0   worst 
EDFFHQX8            5       58.140    slow_vdd1v0   worst 
EDFFX2             68      627.912    slow_vdd1v0   worst 
EDFFX4             30      328.320    slow_vdd1v0   worst 
INVX1             828      566.352    slow_vdd1v0   worst 
INVX12              2        8.208    slow_vdd1v0   worst 
INVX2             224      229.824    slow_vdd1v0   worst 
INVX3             148      202.464    slow_vdd1v0   worst 
INVX4               3        5.130    slow_vdd1v0   worst 
INVX6             118      282.492    slow_vdd1v0   worst 
INVX8              51      156.978    slow_vdd1v0   worst 
INVXL               2        1.368    slow_vdd1v0   worst 
MDFFHQX1           16      136.800    slow_vdd1v0   worst 
MDFFHQX4           45      415.530    slow_vdd1v0   worst 
MX2X1             389      931.266    slow_vdd1v0   worst 
MX3XL              22      105.336    slow_vdd1v0   worst 
MXI2X1             14       38.304    slow_vdd1v0   worst 
MXI2X6              1        5.130    slow_vdd1v0   worst 
MXI2X8              1        6.156    slow_vdd1v0   worst 
NAND2BX1          119      162.792    slow_vdd1v0   worst 
NAND2BX2           49      117.306    slow_vdd1v0   worst 
NAND2BX4           12       45.144    slow_vdd1v0   worst 
NAND2X1         28737    29484.162    slow_vdd1v0   worst 
NAND2X2           142      242.820    slow_vdd1v0   worst 
NAND2X4             4       13.680    slow_vdd1v0   worst 
NAND3BX2           50      153.900    slow_vdd1v0   worst 
NAND3X2          7239    19805.904    slow_vdd1v0   worst 
NOR2BX1          2198     3006.864    slow_vdd1v0   worst 
NOR2BX2            35       95.760    slow_vdd1v0   worst 
NOR2BX4             5       18.810    slow_vdd1v0   worst 
NOR2X1            636      652.536    slow_vdd1v0   worst 
NOR2X2            112      191.520    slow_vdd1v0   worst 
NOR2X4             10       30.780    slow_vdd1v0   worst 
NOR2X6              4       16.416    slow_vdd1v0   worst 
NOR2X8              2       10.944    slow_vdd1v0   worst 
NOR3BX1            20       41.040    slow_vdd1v0   worst 
NOR3BX2             6       20.520    slow_vdd1v0   worst 
NOR3X1             18       30.780    slow_vdd1v0   worst 
NOR3X2             10       27.360    slow_vdd1v0   worst 
NOR4BBX2            1        5.130    slow_vdd1v0   worst 
NOR4BX2             1        4.788    slow_vdd1v0   worst 
NOR4X2            462     1580.040    slow_vdd1v0   worst 
OA21X1            157      322.164    slow_vdd1v0   worst 
OA21X2              4       12.312    slow_vdd1v0   worst 
OA22X1            515     1232.910    slow_vdd1v0   worst 
OAI211X2            1        4.104    slow_vdd1v0   worst 
OAI21X1           285      487.350    slow_vdd1v0   worst 
OAI21X2            11       33.858    slow_vdd1v0   worst 
OAI22X1           835     1713.420    slow_vdd1v0   worst 
OAI22X2            12       41.040    slow_vdd1v0   worst 
OAI2BB1X1         682     1166.220    slow_vdd1v0   worst 
OAI2BB1X2           1        3.078    slow_vdd1v0   worst 
OAI2BB2X2           1        5.472    slow_vdd1v0   worst 
OAI31X1            21       43.092    slow_vdd1v0   worst 
OAI31X2            53      199.386    slow_vdd1v0   worst 
OAI32X2            11       48.906    slow_vdd1v0   worst 
OR2X1            7002     9578.736    slow_vdd1v0   worst 
OR2X2             197      336.870    slow_vdd1v0   worst 
OR2X4             117      320.112    slow_vdd1v0   worst 
OR2X6              81      304.722    slow_vdd1v0   worst 
OR2X8             101      449.046    slow_vdd1v0   worst 
OR3X1             164      336.528    slow_vdd1v0   worst 
OR3X2               2        4.788    slow_vdd1v0   worst 
OR3X4               1        3.078    slow_vdd1v0   worst 
OR4X1           11279    23144.508    slow_vdd1v0   worst 
OR4X2               1        3.420    slow_vdd1v0   worst 
XNOR2X1           562     1345.428    slow_vdd1v0   worst 
XNOR2X4            17       63.954    slow_vdd1v0   worst 
XOR2X1              2        5.472    slow_vdd1v0   worst 
XOR2X4              4       16.416    slow_vdd1v0   worst 
----------------------------------------------------------
total          600746  3081375.540                


                                            
     Type      Instances     Area    Area % 
--------------------------------------------
sequential        288261 2458330.542   79.8 
inverter           17725   53700.840    1.7 
buffer              3894    9798.300    0.3 
logic             290866  559545.858   18.2 
physical_cells         0       0.000    0.0 
--------------------------------------------
total             600746 3081375.540  100.0 

