============================================================
  Generated by:           Genus(TM) Synthesis Solution 21.18-s082_1
  Generated on:           Aug 19 2026  01:46:32 pm
  Module:                 clusterization
  Library domain:         worst
    Domain index:         0
    Technology library:   slow_vdd1v0 1.0
  Library domain:         best
    Domain index:         1
    Technology library:   fast_vdd1v2 1.0
  Operating conditions:   PVT_0P9V_125C 
  Operating conditions:   PVT_1P32V_0C 
  Interconnect mode:      global
  Area mode:              physical library
============================================================

       Instance                              Module                        Cell Count   Cell Area   Net Area   Total Area 
--------------------------------------------------------------------------------------------------------------------------
clusterization                                                                 600746 3081375.540 773806.750  3855182.290 
  memory_act           memory_dual_port_ADDR_W11_DATA_W16                      125602  686311.578 165562.816   851874.394 
  memory_coord_b1      memory_dual_port_ADDR_W11_DATA_W16_2                    131381  693173.466 169824.713   862998.179 
  memory_coord_b2      memory_dual_port_ADDR_W11_DATA_W16_1                    135637  691147.458 172936.412   864083.870 
  memory_P_ij_A        memory_single_port_ADDR_W11_DATA_W16_1                   70429  352882.098  89232.477   442114.575 
  memory_P_ij          memory_single_port_ADDR_W11_DATA_W16                     70429  352881.756  89232.477   442114.233 
  mem_cluster          memory_cluster_ADDR_W11                                  52962  264698.766  67385.545   332084.311 
  dut_cluster_assign   cluster_assign_NB_POINTS1250_COORD_W16_ADDR_W11_TO        1089    4361.184   1387.296     5748.480 
  memory_P_ij_arbitrer ping_pong_arbitrer_COORD_W16_ADDR_W11                      106     239.742     47.952      287.694 
  bloc_grad            norm_entropy_grad_NB_POINTS1250_COORD_W16_ADDR_W11        3702   13338.342   4973.401    18311.743 
  dut_compute          act_coord_NB_POINTS1250_COORD_W16_ADDR_W11_ACT_W16         158     643.986    141.233      785.219 
  bloc_exp             dist_mat_arg_exp_NB_POINTS1250_COORD_W16_ADDR_W11_        2123    8549.658   2548.308    11097.966 
  exp_LUT              exp_LUT                                                   4471    8055.810   5943.100    13998.910 
  inv_LUT              inv_LUT                                                   2309    4190.526   3042.632     7233.158 
