============================================================
  Generated by:           Genus(TM) Synthesis Solution 21.18-s082_1
  Generated on:           Aug 19 2026  01:46:35 pm
  Module:                 clusterization
  Operating conditions:   PVT_0P9V_125C 
  Operating conditions:   PVT_1P32V_0C 
  Interconnect mode:      global
  Area mode:              physical library
============================================================


Path 1: MET (34 ps) Setup Check with Pin bloc_grad/entropy_reg[31]/CK->D
          Group: clk
     Startpoint: (R) bloc_grad/P_ij_norm_reg[4]/CK
          Clock: (R) clk
       Endpoint: (R) bloc_grad/entropy_reg[31]/D
          Clock: (R) clk

                     Capture       Launch     
        Clock Edge:+   11628            0     
       Src Latency:+       0            0     
       Net Latency:+     100 (I)      100 (I) 
           Arrival:=   11728          100     
                                              
             Setup:-     151                  
       Uncertainty:-      50                  
     Required Time:=   11527                  
      Launch Clock:-     100                  
         Data Path:-   11394                  
             Slack:=      34                  

#------------------------------------------------------------------------------------------------------------------------------------
#                       Timing Point                        Flags    Arc   Edge   Cell      Fanout Load Trans Delay Arrival Instance 
#                                                                                                  (fF)  (ps)  (ps)   (ps)  Location 
#------------------------------------------------------------------------------------------------------------------------------------
  bloc_grad/P_ij_norm_reg[4]/CK                             -       -      R     (arrival)  288261    -     0     0     100    (-,-) 
  bloc_grad/P_ij_norm_reg[4]/QN                             -       CK->QN F     EDFFX2         11 20.9   277   384     484    (-,-) 
  bloc_grad/csa_tree_add_443_39_pad_groupi_g2377/Y          -       B->Y   R     NOR2X1          1  3.3   197   253     738    (-,-) 
  bloc_grad/csa_tree_add_443_39_pad_groupi_g2310/CO         -       A->CO  R     ADDHX1          1  3.5    88   250     988    (-,-) 
  bloc_grad/csa_tree_add_443_39_pad_groupi_cdnfadd_012_1/CO -       CI->CO R     ADDFX1          1  3.5    98   244    1232    (-,-) 
  bloc_grad/csa_tree_add_443_39_pad_groupi_cdnfadd_013_2/S  -       CI->S  F     ADDFX1          1  3.4   112   337    1570    (-,-) 
  bloc_grad/csa_tree_add_443_39_pad_groupi_cdnfadd_013_3/S  -       CI->S  R     ADDFX1          1  3.7   105   357    1926    (-,-) 
  bloc_grad/csa_tree_add_443_39_pad_groupi_g2290/Y          -       A->Y   F     INVX2           2  4.8    86   100    2026    (-,-) 
  bloc_grad/csa_tree_add_443_39_pad_groupi_g2288/Y          -       B->Y   F     AND2X1          2  5.3   145   164    2190    (-,-) 
  bloc_grad/csa_tree_add_443_39_pad_groupi_g2284/Y          -       A1->Y  F     OA22X1          1  3.3   104   253    2442    (-,-) 
  bloc_grad/csa_tree_add_443_39_pad_groupi_g2255/Y          -       A->Y   R     NOR2X1          1  3.7   208   178    2620    (-,-) 
  bloc_grad/csa_tree_add_443_39_pad_groupi_g2254/Y          -       C0->Y  F     AOI221X2        1  3.6   185   152    2772    (-,-) 
  bloc_grad/csa_tree_add_443_39_pad_groupi_g2253/Y          -       B0->Y  R     OAI31X2         2  5.6   260   139    2912    (-,-) 
  bloc_grad/csa_tree_add_443_39_pad_groupi_g2251/Y          -       A1->Y  F     AOI21X2         2  5.0   207   258    3169    (-,-) 
  bloc_grad/csa_tree_add_443_39_pad_groupi_g2469/Y          -       A1->Y  F     OA21X1          2  5.2   148   266    3435    (-,-) 
  bloc_grad/csa_tree_add_443_39_pad_groupi_g2246/Y          -       A1->Y  R     OAI21X1         1  3.5   204   202    3637    (-,-) 
  bloc_grad/csa_tree_add_443_39_pad_groupi_g2245/CO         -       CI->CO R     ADDFX1          1  3.7   103   306    3943    (-,-) 
  bloc_grad/csa_tree_add_443_39_pad_groupi_g2244/Y          -       A->Y   F     INVX2           1  3.4    68    89    4032    (-,-) 
  bloc_grad/g17033/CO                                       -       CI->CO F     ADDFX1          2  5.2   155   246    4278    (-,-) 
  bloc_grad/csa_tree_add_443_39_pad_groupi_g2239/Y          -       A1->Y  R     OAI21X1         1  3.5   205   206    4484    (-,-) 
  bloc_grad/csa_tree_add_443_39_pad_groupi_g2238/CO         -       CI->CO R     ADDFX1          1  3.7   103   306    4791    (-,-) 
  bloc_grad/csa_tree_add_443_39_pad_groupi_g2237/Y          -       A->Y   F     INVX2           1  3.4    68    89    4880    (-,-) 
  bloc_grad/g17031/CO                                       -       CI->CO F     ADDFX1          1  3.1   104   218    5098    (-,-) 
  bloc_grad/g17030/Y                                        -       A->Y   R     INVXL           1  3.5   150   142    5240    (-,-) 
  bloc_grad/csa_tree_add_443_39_pad_groupi_g2234/CO         -       CI->CO R     ADDFX1          1  3.5    99   276    5516    (-,-) 
  bloc_grad/csa_tree_add_443_39_pad_groupi_g2233/CO         -       CI->CO R     ADDFX1          1  3.5    98   250    5765    (-,-) 
  bloc_grad/csa_tree_add_443_39_pad_groupi_g2232/CO         -       CI->CO R     ADDFX1          1  3.5    98   250    6015    (-,-) 
  bloc_grad/csa_tree_add_443_39_pad_groupi_g2231/CO         -       CI->CO R     ADDFX1          1  3.5    98   250    6264    (-,-) 
  bloc_grad/csa_tree_add_443_39_pad_groupi_g2230/CO         -       CI->CO R     ADDFX1          1  3.5    98   250    6514    (-,-) 
  bloc_grad/csa_tree_add_443_39_pad_groupi_g2229/CO         -       CI->CO R     ADDFX1          1  3.5    98   250    6764    (-,-) 
  bloc_grad/csa_tree_add_443_39_pad_groupi_g2228/S          -       CI->S  F     ADDFX1          2  4.9   149   357    7121    (-,-) 
  bloc_grad/g16652/Y                                        -       A->Y   R     INVX1           1  3.3   100   130    7251    (-,-) 
  bloc_grad/g15722/CO                                       -       A->CO  R     ADDHX1          2  5.6   132   226    7477    (-,-) 
  bloc_grad/g15720/Y                                        -       B->Y   F     NAND2BX2        2  5.0   182   173    7650    (-,-) 
  bloc_grad/g15712/Y                                        -       A->Y   F     AND2X1          2  5.1   140   199    7849    (-,-) 
  bloc_grad/g15704/Y                                        -       B->Y   R     NOR2X1          2  5.4   273   232    8082    (-,-) 
  bloc_grad/g15696/CO                                       -       B->CO  R     ADDHX1          1  3.5    89   272    8354    (-,-) 
  bloc_grad/g15693/CO                                       -       B->CO  R     ADDHX1          2  5.6   131   209    8563    (-,-) 
  bloc_grad/g15692/Y                                        -       B->Y   F     NAND2BX2        2  5.1   185   174    8736    (-,-) 
  bloc_grad/g15688/Y                                        -       B->Y   R     NOR2X1          2  5.4   278   257    8993    (-,-) 
  bloc_grad/g15682/CO                                       -       B->CO  R     ADDHX1          1  3.5    89   274    9267    (-,-) 
  bloc_grad/g15679/CO                                       -       B->CO  R     ADDHX1          2  5.6   131   209    9476    (-,-) 
  bloc_grad/g15678/Y                                        -       B->Y   F     NAND2BX2        2  5.1   185   174    9650    (-,-) 
  bloc_grad/g15674/Y                                        -       B->Y   R     NOR2X1          2  5.4   278   257    9907    (-,-) 
  bloc_grad/g15668/CO                                       -       B->CO  R     ADDHX1          1  3.5    89   274   10181    (-,-) 
  bloc_grad/g15665/CO                                       -       B->CO  R     ADDHX1          2  5.6   131   209   10390    (-,-) 
  bloc_grad/g15664/Y                                        -       B->Y   F     NAND2BX2        2  5.1   185   174   10564    (-,-) 
  bloc_grad/g15660/Y                                        -       B->Y   R     NOR2X1          2  5.4   278   257   10820    (-,-) 
  bloc_grad/g15654/CO                                       -       B->CO  R     ADDHX1          1  3.3    85   272   11092    (-,-) 
  bloc_grad/g15653/Y                                        -       B->Y   R     XNOR2X1         1  3.1    82   180   11272    (-,-) 
  bloc_grad/g15650/Y                                        -       B->Y   R     MX2X1           1  3.2    85   222   11494    (-,-) 
  bloc_grad/entropy_reg[31]/D                               <<<     -      R     DFFRHQX1        1    -     -     0   11494    (-,-) 
#------------------------------------------------------------------------------------------------------------------------------------

