============================================================
  Generated by:           Genus(TM) Synthesis Solution 21.18-s082_1
  Generated on:           Aug 19 2026  01:46:28 pm
  Module:                 clusterization
  Library domain:         worst
    Domain index:         0
    Technology library:   slow_vdd1v0 1.0
  Library domain:         best
    Domain index:         1
    Technology library:   fast_vdd1v2 1.0
  Operating conditions:   PVT_0P9V_125C 
  Operating conditions:   PVT_1P32V_0C 
  Interconnect mode:      global
  Area mode:              physical library
============================================================

Max_transition design rule (violation total = 6)
Pin                              Slew           Max     Violation
-------------------------------------------------------------------
memory_act/g471567/C              283           280             3
  --> Other violations on net             3
memory_act/g483444/Y              283           280             3
  --> Other violations on net             3


Max_capacitance design rule: no violations.


Max_fanout design rule: no constraints.



