###############################################################
#  Generated by:      Cadence Innovus 25.10-p002_1
#  OS:                Linux x86_64(Host ID gmicro02)
#  Generated on:      Wed Aug 19 16:24:33 2026
#  Design:            clusterization
#  Command:           report_gates -out_file /home/epiphane/projets/clusterization/backend/layout/reports/clusterization_worst_80_0/clusterization_gates_layout.rpt
###############################################################
Library cell information:
 ----------------------------------------
| Cell       |  Instance  |  Area(um^2)  |
|----------------------------------------|
| ADDFX1     |       1486 |     7623.180 | 
| ADDHX1     |        304 |     1143.648 | 
| ADDHX2     |          2 |       10.260 | 
| AND2X1     |      51953 |    71071.704 | 
| AND2X2     |       6259 |    10702.890 | 
| AND2X4     |       6838 |    18708.768 | 
| AND2X6     |       6585 |    24772.770 | 
| AND2X8     |         66 |      293.436 | 
| AND2XL     |          8 |       10.944 | 
| AND3X1     |         10 |       23.940 | 
| AND3X2     |          5 |       13.680 | 
| AND3X4     |          8 |       24.624 | 
| AND3X6     |          5 |       22.230 | 
| AND3X8     |          1 |        5.130 | 
| AND3XL     |        991 |     2033.532 | 
| AND4X1     |        606 |     1450.764 | 
| AND4X2     |         48 |      147.744 | 
| AND4X4     |         35 |      131.670 | 
| AND4X6     |          5 |       29.070 | 
| AND4X8     |          1 |        6.156 | 
| AND4XL     |          1 |        2.394 | 
| AO21X1     |        116 |      277.704 | 
| AO21X2     |         11 |       30.096 | 
| AO21X4     |          7 |       23.940 | 
| AO22X1     |       3855 |    10547.280 | 
| AO22X2     |         42 |      129.276 | 
| AO22X4     |         24 |       90.288 | 
| AO22XL     |          6 |       16.416 | 
| AOI211X1   |          8 |       19.152 | 
| AOI211X2   |          1 |        3.420 | 
| AOI211XL   |         28 |       57.456 | 
| AOI21X1    |       3950 |     6754.500 | 
| AOI21X2    |         44 |      120.384 | 
| AOI21X4    |          1 |        5.130 | 
| AOI21XL    |          7 |       11.970 | 
| AOI221X1   |        477 |     1141.938 | 
| AOI221X2   |         50 |      222.300 | 
| AOI222X1   |         18 |       55.404 | 
| AOI222X2   |          4 |       21.888 | 
| AOI22X1    |     136041 |   279156.132 | 
| AOI22XL    |         80 |      164.160 | 
| AOI2BB1X1  |         53 |      108.756 | 
| AOI2BB1X2  |          3 |        9.234 | 
| AOI2BB1XL  |          1 |        2.052 | 
| AOI31X1    |         44 |       90.288 | 
| AOI31X2    |          9 |       30.780 | 
| AOI32X1    |         37 |       88.578 | 
| AOI32X2    |          1 |        4.446 | 
| AOI33X1    |          1 |        2.736 | 
| AOI33X2    |          1 |        5.130 | 
| BUFX12     |       1157 |     5935.410 | 
| BUFX2      |      11669 |    19953.990 | 
| BUFX3      |       1474 |     3024.648 | 
| BUFX4      |        713 |     1706.922 | 
| BUFX6      |          1 |        3.078 | 
| CLKAND2X12 |          1 |        7.524 | 
| CLKAND2X3  |          1 |        3.078 | 
| CLKBUFX12  |       2008 |    10301.040 | 
| CLKBUFX16  |       1343 |     9186.120 | 
| CLKBUFX2   |       1738 |     2971.980 | 
| CLKBUFX20  |        350 |     2872.800 | 
| CLKBUFX3   |         13 |       26.676 | 
| CLKBUFX4   |         14 |       33.516 | 
| CLKBUFX6   |       2592 |     7978.176 | 
| CLKBUFX8   |       1285 |     4834.170 | 
| CLKINVX12  |          8 |       32.832 | 
| CLKINVX20  |         53 |      344.394 | 
| CLKINVX4   |       3196 |     5465.160 | 
| CLKINVX6   |       3808 |     9116.352 | 
| CLKINVX8   |        624 |     1920.672 | 
| CLKMX2X2   |         50 |      153.900 | 
| CLKMX2X4   |          4 |       16.416 | 
| CLKMX2X6   |          2 |        8.892 | 
| CLKXOR2X1  |         13 |       35.568 | 
| CLKXOR2X2  |          3 |       10.260 | 
| DFFHQX1    |        152 |      831.744 | 
| DFFHQX8    |          3 |       27.702 | 
| DFFQX2     |          1 |        6.498 | 
| DFFQX4     |          3 |       21.546 | 
| DFFQXL     |         73 |      399.456 | 
| DFFRHQX1   |       2393 |    14731.308 | 
| DFFRHQX8   |          1 |       11.286 | 
| DFFRX1     |         81 |      554.040 | 
| DFFRX2     |          3 |       22.572 | 
| DFFRX4     |          1 |        9.576 | 
| DFFSHQX1   |         18 |      116.964 | 
| DLY1X1     |       1364 |     4198.392 | 
| DLY1X4     |          6 |       22.572 | 
| DLY2X1     |        302 |     1755.828 | 
| DLY2X4     |         31 |      212.040 | 
| DLY3X1     |        732 |     6008.256 | 
| DLY3X4     |          6 |       53.352 | 
| DLY4X1     |       1827 |    18120.186 | 
| DLY4X4     |          2 |       21.204 | 
| EDFFHQX1   |     285343 |  2439682.650 | 
| EDFFHQX2   |         19 |      168.948 | 
| EDFFHQX4   |         12 |      127.224 | 
| EDFFHQX8   |          5 |       58.140 | 
| EDFFX2     |         74 |      683.316 | 
| EDFFX4     |         17 |      186.048 | 
| FILL1      |     259413 |    88719.246 | 
| FILL16     |      39145 |   214201.440 | 
| FILL2      |     244993 |   167575.212 | 
| FILL32     |       7924 |    86720.256 | 
| FILL4      |     210568 |   288057.024 | 
| FILL64     |       7959 |   174206.592 | 
| FILL8      |      91758 |   251049.888 | 
| INVX1      |       2952 |     2019.168 | 
| INVX2      |       3093 |     3173.418 | 
| INVX3      |       2196 |     3004.128 | 
| INVX4      |          8 |       13.680 | 
| INVX6      |        202 |      483.588 | 
| INVX8      |          1 |        3.078 | 
| INVXL      |        624 |      426.816 | 
| MDFFHQX1   |         52 |      444.600 | 
| MDFFHQX2   |          8 |       73.872 | 
| MDFFHQX4   |          2 |       18.468 | 
| MX2X1      |        364 |      871.416 | 
| MX2XL      |         13 |       31.122 | 
| MX3X2      |          1 |        5.472 | 
| MX3XL      |         21 |      100.548 | 
| MXI2XL     |         12 |       28.728 | 
| NAND2BX1   |        848 |     1160.064 | 
| NAND2BX2   |        331 |      792.414 | 
| NAND2BX4   |         26 |       97.812 | 
| NAND2BXL   |          9 |       12.312 | 
| NAND2X1    |      13802 |    14160.852 | 
| NAND2X2    |       6244 |    10677.240 | 
| NAND2X4    |          1 |        3.420 | 
| NAND2XL    |         15 |       15.390 | 
| NAND3BX1   |        219 |      449.388 | 
| NAND3BX2   |        309 |      951.102 | 
| NAND3BXL   |       1009 |     1725.390 | 
| NAND3X1    |      11227 |    19198.170 | 
| NAND3X2    |       3673 |    10049.328 | 
| NAND3XL    |          5 |        8.550 | 
| NOR2BX1    |       2225 |     3043.800 | 
| NOR2BX2    |         13 |       35.568 | 
| NOR2BXL    |          5 |        8.550 | 
| NOR2X1     |        669 |      686.394 | 
| NOR2X2     |         69 |      117.990 | 
| NOR2X4     |          6 |       18.468 | 
| NOR2XL     |         13 |       13.338 | 
| NOR3BX1    |         18 |       36.936 | 
| NOR3BX2    |          5 |       17.100 | 
| NOR3X1     |        181 |      309.510 | 
| NOR3X2     |         24 |       65.664 | 
| NOR3XL     |          1 |        1.710 | 
| NOR4BBX1   |         24 |       65.664 | 
| NOR4BBX2   |          1 |        5.130 | 
| NOR4BX1    |          5 |       11.970 | 
| NOR4X1     |        479 |      819.090 | 
| NOR4X2     |         50 |      171.000 | 
| OA21X1     |        126 |      258.552 | 
| OA21X2     |          1 |        3.078 | 
| OA21X4     |          1 |        3.762 | 
| OA22X1     |        583 |     1395.702 | 
| OA22X2     |          3 |       10.260 | 
| OAI211X1   |          1 |        1.710 | 
| OAI21X1    |        258 |      441.180 | 
| OAI21X2    |         15 |       46.170 | 
| OAI21XL    |          3 |        5.130 | 
| OAI221X1   |          1 |        2.394 | 
| OAI22X1    |        748 |     1534.896 | 
| OAI22X2    |         38 |      129.960 | 
| OAI22XL    |          5 |       10.260 | 
| OAI2BB1X1  |       3132 |     5355.720 | 
| OAI2BB1X2  |         55 |      169.290 | 
| OAI2BB1X4  |          1 |        4.446 | 
| OAI2BB1XL  |          9 |       18.468 | 
| OAI2BB2X1  |          1 |        4.104 | 
| OAI31X1    |         77 |      158.004 | 
| OAI31X2    |          3 |       11.286 | 
| OAI31XL    |          2 |        4.788 | 
| OAI32X1    |         10 |       23.940 | 
| OAI32X2    |          1 |        4.446 | 
| OR2X1      |       7772 |    10632.096 | 
| OR2X2      |        743 |     1270.530 | 
| OR2X4      |         81 |      221.616 | 
| OR2X6      |         37 |      139.194 | 
| OR2X8      |         10 |       44.460 | 
| OR2XL      |        194 |      265.392 | 
| OR3X1      |        180 |      369.360 | 
| OR3X2      |         18 |       43.092 | 
| OR3X4      |          8 |       24.624 | 
| OR3XL      |         10 |       20.520 | 
| OR4X1      |       7176 |    14725.152 | 
| OR4X2      |       3020 |    10328.400 | 
| OR4X4      |        696 |     2618.352 | 
| OR4XL      |         20 |       54.720 | 
| XNOR2X1    |        556 |     1331.064 | 
| XNOR2X2    |         16 |       49.248 | 
| XNOR2XL    |          1 |        2.736 | 
| XOR2X1     |          1 |        2.736 | 
| XOR2XL     |          1 |        2.736 | 
|----------------------------------------|
| Total      |    1483155 |  4409094.438 |
 ----------------------------------------
Library cell type information:
 -------------------------------------------------------
| Cell Type        |   Instance   |        Area         |
|                  |              |       um^2  |   %   |
|-------------------------------------------------------|
| Buffer           |        28627 |   99220.356 |   2.3 | 
| Inverter         |        16765 |   26003.286 |   0.6 | 
| Combinational    |       287742 |  555165.180 |  12.6 | 
| Flop             |       288261 | 2458175.958 |  55.8 | 
| Multi-Bit Flop   |            0 |       0.000 |   0.0 | 
| Latch            |            0 |       0.000 |   0.0 | 
| Clock Gater      |            0 |       0.000 |   0.0 | 
| Macro            |            0 |       0.000 |   0.0 | 
| Physical Cell    |       861760 | 1270529.658 |  28.8 | 
|-------------------------------------------------------|
| Total            |      1483155 | 4409094.438 | 100.0 | 
 -------------------------------------------------------
