###############################################################
#  Generated by:      Cadence Innovus 25.10-p002_1
#  OS:                Linux x86_64(Host ID gmicro02)
#  Generated on:      Wed Aug 19 16:16:15 2026
#  Design:            clusterization
#  Command:           report_timing > ${OUT_RPT}/hold_timing.rpt 
###############################################################
Path 1: VIOLATED (-0.046 ns) Removal Check with Pin mem_cluster/valid_array_reg[104]/CK->RN
               View: analysis_normal_fast_min
              Group: async_default
         Startpoint: (R) rst_n
              Clock: (R) clk
           Endpoint: (R) mem_cluster/valid_array_reg[104]/RN
              Clock: (R) clk

                       Capture       Launch
         Clock Edge:+    0.000        0.000
        Src Latency:+    0.000        0.000
        Net Latency:+    0.269 (P)    0.000 (I)
            Arrival:=    0.269        0.000

            Removal:+    0.027
        Uncertainty:+    0.050
      Required Time:=    0.346
       Launch Clock:=    0.000
        Input Delay:+    0.300
          Data Path:+    0.000
              Slack:=   -0.046

#---------------------------------------------------------------------------------------------------
# Timing Point                         Flags  Arc    Edge  Cell       Fanout  Trans   Delay  Arrival  
#                                                                              (ns)    (ns)     (ns)  
#---------------------------------------------------------------------------------------------------
  rst_n                                -      rst_n  R     (arrival)    5179  0.000   0.000    0.300  
  mem_cluster/valid_array_reg[104]/RN  -      RN     R     DFFRHQX1     5179  0.000   0.000    0.300  
#---------------------------------------------------------------------------------------------------

