###############################################################
#  Generated by:      Cadence Innovus 25.10-p002_1
#  OS:                Linux x86_64(Host ID gmicro02)
#  Generated on:      Wed Aug 19 16:15:21 2026
#  Design:            clusterization
#  Command:           report_timing > ${OUT_RPT}/setup_timing.rpt 
###############################################################
Path 1: MET (3.946 ns) Setup Check with Pin bloc_grad/entropy_reg[31]/CK->D
               View: analysis_normal_slow_max
              Group: clk
         Startpoint: (R) bloc_grad/P_ij_norm_reg[6]/CK
              Clock: (R) clk
           Endpoint: (R) bloc_grad/entropy_reg[31]/D
              Clock: (R) clk

                       Capture       Launch
         Clock Edge:+   12.500        0.000
        Src Latency:+    0.000       -0.759
        Net Latency:+    0.884 (P)    0.883 (P)
            Arrival:=   13.384        0.124

              Setup:-    0.111
        Uncertainty:-    0.050
      Required Time:=   13.223
       Launch Clock:=    0.124
          Data Path:+    9.154
              Slack:=    3.946

#-----------------------------------------------------------------------------------------------------------------------------
# Timing Point                                                  Flags  Arc     Edge  Cell       Fanout  Trans   Delay  Arrival  
#                                                                                                        (ns)    (ns)     (ns)  
#-----------------------------------------------------------------------------------------------------------------------------
  bloc_grad/P_ij_norm_reg[6]/CK                                 -      CK      R     (arrival)      96  0.114       -    0.124  
  bloc_grad/P_ij_norm_reg[6]/Q                                  -      CK->Q   R     EDFFHQX1        1  0.114   0.278    0.402  
  bloc_grad/FE_OFC47561_P_ij_norm_6/Y                           -      A->Y    R     BUFX2           1  0.076   0.136    0.538  
  bloc_grad/FE_OFC40889_P_ij_norm_6/Y                           -      A->Y    F     INVX2          14  0.070   0.132    0.670  
  bloc_grad/FE_OFC40890_P_ij_norm_6/Y                           -      A->Y    R     INVX1           4  0.173   0.165    0.835  
  bloc_grad/csa_tree_add_443_39_pad_groupi_g4341/Y              -      B->Y    R     AND2X1          1  0.141   0.196    1.031  
  bloc_grad/csa_tree_add_443_39_pad_groupi_g4318/S              -      B->S    F     ADDHX1          1  0.040   0.159    1.190  
  bloc_grad/csa_tree_add_443_39_pad_groupi_g4279/S              -      CI->S   R     ADDFX1          1  0.043   0.295    1.485  
  bloc_grad/csa_tree_add_443_39_pad_groupi_g4236/S              -      B->S    F     ADDFX1          1  0.051   0.308    1.793  
  bloc_grad/csa_tree_add_443_39_pad_groupi_g4211/S              -      CI->S   R     ADDFX1          2  0.051   0.306    2.099  
  bloc_grad/csa_tree_add_443_39_pad_groupi_g4207/Y              -      A1->Y   F     OAI22X1         2  0.065   0.132    2.231  
  bloc_grad/csa_tree_add_443_39_pad_groupi_g4203/Y              -      C->Y    F     OR3X1           2  0.126   0.204    2.434  
  bloc_grad/csa_tree_add_443_39_pad_groupi_g4193/Y              -      A1->Y   R     OAI221X1        1  0.050   0.111    2.546  
  bloc_grad/FE_OFC19697_csa_tree_add_443_39_pad_groupi_n_386/Y  -      A->Y    R     BUFX2           1  0.130   0.140    2.686  
  bloc_grad/csa_tree_add_443_39_pad_groupi_g4192/CO             -      CI->CO  R     ADDFX1          1  0.029   0.188    2.874  
  bloc_grad/csa_tree_add_443_39_pad_groupi_g4191/CO             -      CI->CO  R     ADDFX1          1  0.051   0.198    3.072  
  bloc_grad/csa_tree_add_443_39_pad_groupi_g4190/CO             -      CI->CO  R     ADDFX1          1  0.049   0.196    3.268  
  bloc_grad/csa_tree_add_443_39_pad_groupi_g4189/CO             -      CI->CO  R     ADDFX1          1  0.047   0.199    3.467  
  bloc_grad/csa_tree_add_443_39_pad_groupi_g4188/CO             -      CI->CO  R     ADDFX1          1  0.056   0.201    3.667  
  bloc_grad/csa_tree_add_443_39_pad_groupi_g4187/CO             -      CI->CO  R     ADDFX1          1  0.050   0.197    3.864  
  bloc_grad/csa_tree_add_443_39_pad_groupi_g4186/CO             -      CI->CO  R     ADDFX1          1  0.048   0.196    4.060  
  bloc_grad/csa_tree_add_443_39_pad_groupi_g4185/CO             -      CI->CO  R     ADDFX1          1  0.049   0.197    4.257  
  bloc_grad/csa_tree_add_443_39_pad_groupi_g4184/CO             -      CI->CO  R     ADDFX1          1  0.048   0.196    4.453  
  bloc_grad/csa_tree_add_443_39_pad_groupi_g4183/CO             -      CI->CO  R     ADDFX1          1  0.048   0.198    4.651  
  bloc_grad/csa_tree_add_443_39_pad_groupi_g4182/CO             -      CI->CO  R     ADDFX1          1  0.051   0.197    4.848  
  bloc_grad/csa_tree_add_443_39_pad_groupi_g4181/CO             -      CI->CO  R     ADDFX1          1  0.048   0.199    5.047  
  bloc_grad/csa_tree_add_443_39_pad_groupi_g4180/CO             -      CI->CO  R     ADDFX1          1  0.054   0.205    5.252  
  bloc_grad/csa_tree_add_443_39_pad_groupi_g4179/CO             -      CI->CO  R     ADDFX1          1  0.060   0.199    5.451  
  bloc_grad/csa_tree_add_443_39_pad_groupi_g4178/CO             -      CI->CO  R     ADDFX1          1  0.043   0.193    5.645  
  bloc_grad/csa_tree_add_443_39_pad_groupi_g4177/CO             -      CI->CO  R     ADDFX1          1  0.048   0.198    5.843  
  bloc_grad/csa_tree_add_443_39_pad_groupi_g4176/CO             -      B->CO   R     ADDHX1          1  0.048   0.141    5.984  
  bloc_grad/csa_tree_add_443_39_pad_groupi_g4175/CO             -      B->CO   R     ADDHX1          1  0.040   0.127    6.110  
  bloc_grad/FE_PHC55771_csa_tree_add_443_39_pad_groupi_n_421/Y  -      A->Y    R     CLKBUFX2        1  0.023   0.082    6.192  
  bloc_grad/FE_PHC54727_csa_tree_add_443_39_pad_groupi_n_421/Y  -      A->Y    R     DLY1X1          1  0.023   0.163    6.356  
  bloc_grad/csa_tree_add_443_39_pad_groupi_g4174/CO             -      B->CO   R     ADDHX1          1  0.031   0.130    6.486  
  bloc_grad/csa_tree_add_443_39_pad_groupi_g4173/CO             -      B->CO   R     ADDHX1          1  0.038   0.134    6.619  
  bloc_grad/csa_tree_add_443_39_pad_groupi_g4172/CO             -      B->CO   R     ADDHX1          1  0.039   0.132    6.751  
  bloc_grad/csa_tree_add_443_39_pad_groupi_g4171/CO             -      B->CO   R     ADDHX1          1  0.034   0.132    6.883  
  bloc_grad/csa_tree_add_443_39_pad_groupi_g4170/CO             -      B->CO   R     ADDHX1          1  0.038   0.130    7.013  
  bloc_grad/csa_tree_add_443_39_pad_groupi_g4169/CO             -      B->CO   R     ADDHX1          1  0.032   0.130    7.143  
  bloc_grad/csa_tree_add_443_39_pad_groupi_g4168/CO             -      B->CO   R     ADDHX1          1  0.037   0.131    7.274  
  bloc_grad/csa_tree_add_443_39_pad_groupi_g4167/CO             -      B->CO   R     ADDHX1          1  0.035   0.133    7.408  
  bloc_grad/csa_tree_add_443_39_pad_groupi_g4166/CO             -      B->CO   R     ADDHX1          1  0.040   0.133    7.541  
  bloc_grad/csa_tree_add_443_39_pad_groupi_g4165/CO             -      B->CO   R     ADDHX1          1  0.036   0.136    7.677  
  bloc_grad/csa_tree_add_443_39_pad_groupi_g4164/CO             -      B->CO   R     ADDHX1          1  0.042   0.134    7.812  
  bloc_grad/csa_tree_add_443_39_pad_groupi_g4163/CO             -      B->CO   R     ADDHX1          1  0.036   0.137    7.949  
  bloc_grad/csa_tree_add_443_39_pad_groupi_g4162/CO             -      B->CO   R     ADDHX1          1  0.047   0.133    8.082  
  bloc_grad/csa_tree_add_443_39_pad_groupi_g4161/Y              -      B->Y    F     CLKXOR2X1       2  0.030   0.159    8.241  
  bloc_grad/g13719/Y                                            -      A->Y    R     XNOR2X1         1  0.044   0.200    8.441  
  bloc_grad/g13716/Y                                            -      B->Y    R     MX2X1           1  0.026   0.180    8.620  
  bloc_grad/FE_PHC52516_n_529/Y                                 -      A->Y    R     DLY4X1          1  0.062   0.657    9.277  
  bloc_grad/entropy_reg[31]/D                                   -      D       R     DFFRHQX1        1  0.068   0.000    9.277  
#-----------------------------------------------------------------------------------------------------------------------------

