============================================================
  Generated by:           Genus(TM) Synthesis Solution 21.18-s082_1
  Generated on:           Aug 24 2026  03:41:45 pm
  Module:                 clusterization
  Operating conditions:   PVT_0P9V_125C 
  Operating conditions:   PVT_1P32V_0C 
  Interconnect mode:      global
  Area mode:              physical library
============================================================

Timing
--------

Clock Period 
-------------
clk   6667.0 


  Cost    Critical         Violating 
 Group   Path Slack  TNS     Paths   
-------------------------------------
clk             0.9   0.0          0 
default    No paths   0.0            
-------------------------------------
Total                 0.0          0 

Instance Count
--------------
Leaf Instance Count             22821 
Physical Instance count             0 
Sequential Instance Count        3488 
Combinational Instance Count    19333 
Hierarchical Instance Count        13 

Area
----
Cell Area                          1954490.901
Physical Cell Area                 0.000
Total Cell Area (Cell+Physical)    1954490.901
Net Area                           29501.643
Total Area (Cell+Physical+Net)     1983992.544

Max Fanout                         3490 (clk)
Min Fanout                         0 (done_b1)
Average Fanout                     2.4
Terms to net ratio                 3.5281
Terms to instance ratio            3.8210
Runtime                            1200.804308 seconds
Elapsed Runtime                    1229 seconds
Genus peak memory usage            2928.87 
Innovus peak memory usage          no_value 
Hostname                           gmicro02
