============================================================
  Generated by:           Genus(TM) Synthesis Solution 21.18-s082_1
  Generated on:           Aug 24 2026  03:41:44 pm
  Module:                 clusterization
  Operating conditions:   PVT_0P9V_125C 
  Operating conditions:   PVT_1P32V_0C 
  Interconnect mode:      global
  Area mode:              physical library
============================================================


Path 1: MET (1 ps) Setup Check with Pin bloc_grad/P_ij_norm_reg[0]/CK->D1
          Group: clk
     Startpoint: (R) bloc_exp/valid_out_reg/CK
          Clock: (R) clk
       Endpoint: (R) bloc_grad/P_ij_norm_reg[0]/D1
          Clock: (R) clk

                     Capture       Launch     
        Clock Edge:+    6667            0     
       Src Latency:+       0            0     
       Net Latency:+     100 (I)      100 (I) 
           Arrival:=    6767          100     
                                              
             Setup:-     237                  
       Uncertainty:-      50                  
     Required Time:=    6480                  
      Launch Clock:-     100                  
         Data Path:-    6379                  
             Slack:=       1                  

#-------------------------------------------------------------------------------------------------------------
#            Timing Point              Flags   Arc   Edge   Cell     Fanout Load Trans Delay Arrival Instance 
#                                                                           (fF)  (ps)  (ps)   (ps)  Location 
#-------------------------------------------------------------------------------------------------------------
  bloc_exp/valid_out_reg/CK            -       -     R     (arrival)   3490    -     0     0     100    (-,-) 
  bloc_exp/valid_out_reg/Q             -       CK->Q R     DFFRX2         6 16.7   200   362     462    (-,-) 
  memory_P_ij_arbitrer/g2/Y            -       B->Y  R     CLKAND2X8     14 25.1    89   208     670    (-,-) 
  memory_P_ij_arbitrer/g1560/Y         -       S0->Y R     MXI2X2         1  7.8    96   252     922    (-,-) 
  memory_P_ij_arbitrer/g10/Y           -       A->Y  F     CLKINVX12      9 26.4    87    87    1009    (-,-) 
  memory_P_ij/g332/Y                   -       S0->Y R     MX2X1          1  3.3    86   219    1228    (-,-) 
  memory_P_ij_arbitrer/g1570/Y         -       A1->Y R     AO22X4         4 12.8   114   275    1503    (-,-) 
  bloc_grad/mul_361_32_g5065/Y         -       A->Y  F     CLKINVX4       9 19.6   151   135    1638    (-,-) 
  bloc_grad/mul_361_32_g5038/Y         -       B1->Y R     AOI22X4        2  6.0   135   137    1775    (-,-) 
  bloc_grad/mul_361_32_g4879/Y         -       B1->Y F     OAI22X2        1  3.4   179   171    1946    (-,-) 
  bloc_grad/mul_361_32_g4728/S         -       B->S  F     ADDHX1         1  3.7   110   220    2167    (-,-) 
  bloc_grad/mul_361_32_cdnfadd_005_0/S -       CI->S R     ADDFHX2        2  8.4   128   388    2555    (-,-) 
  bloc_grad/mul_361_32_g4716/Y         -       B->Y  F     NOR2X4         2  6.1    85    97    2652    (-,-) 
  bloc_grad/mul_361_32_g4711/Y         -       A1->Y R     OAI21X4        2  5.8   105   106    2757    (-,-) 
  bloc_grad/mul_361_32_g4700/Y         -       A->Y  F     INVX3          1  5.1    68    87    2844    (-,-) 
  bloc_grad/mul_361_32_g4695/Y         -       A->Y  R     NOR2X6         1  5.3    70    82    2926    (-,-) 
  bloc_grad/mul_361_32_g4694/Y         -       B->Y  F     NOR2X6         2  6.3    52    61    2987    (-,-) 
  bloc_grad/mul_361_32_g4687/Y         -       A1->Y R     OAI21X4        3  8.2   126   105    3092    (-,-) 
  bloc_grad/mul_361_32_g4660/Y         -       A2->Y F     AOI31X4        2  6.3   220   215    3307    (-,-) 
  bloc_grad/mul_361_32_g4653/Y         -       A1->Y R     OAI21X4        2  5.0   112   163    3470    (-,-) 
  bloc_grad/g12388/Y                   -       AN->Y R     NOR2BX4        1  5.3    89   223    3692    (-,-) 
  bloc_grad/mul_361_32_g4621/Y         -       B->Y  F     NOR2X6         2  7.6    64    73    3765    (-,-) 
  bloc_grad/mul_361_32_g4596/Y         -       B->Y  R     NOR2X8         1  5.3    60    64    3829    (-,-) 
  bloc_grad/mul_361_32_g4594/Y         -       B->Y  F     NOR2X6         2  7.7    66    60    3889    (-,-) 
  bloc_grad/mul_361_32_g4590/Y         -       B->Y  R     NOR2X8         1  5.3    60    64    3953    (-,-) 
  bloc_grad/mul_361_32_g4589/Y         -       B->Y  F     NOR2X6         2  6.3    69    56    4010    (-,-) 
  bloc_grad/mul_361_32_g4567/Y         -       A1->Y R     OAI21X4        2  7.2   118   107    4116    (-,-) 
  bloc_grad/mul_361_32_g4563/Y         -       A->Y  F     CLKINVX6       3  8.6    67    86    4203    (-,-) 
  bloc_grad/mul_361_32_g4561/Y         -       B->Y  R     NOR2X6         2  6.8    78    76    4279    (-,-) 
  bloc_grad/mul_361_32_g4557/Y         -       B->Y  F     NAND2BX4       1  4.0   100    98    4377    (-,-) 
  bloc_grad/mul_361_32_g4545/Y         -       B->Y  F     CLKAND2X6      4  9.7    62   134    4511    (-,-) 
  bloc_grad/mul_361_32_g4538/Y         -       A1->Y R     OAI21X4        3  8.6   133   112    4624    (-,-) 
  bloc_grad/mul_361_32_g4530/Y         -       A1->Y F     AOI21X4        2  6.3   149   160    4783    (-,-) 
  bloc_grad/mul_361_32_g4525/Y         -       A1->Y R     OAI21X4        1  3.3    86   120    4903    (-,-) 
  bloc_grad/mul_361_32_g4522/Y         -       B->Y  R     CLKXOR2X1      1  3.1    82   197    5100    (-,-) 
  bloc_grad/srl_361_49_cdnao16/Y       -       A1->Y R     AO22X1         2  4.8   121   263    5363    (-,-) 
  bloc_grad/srl_361_49_cdnao41/Y       -       A1->Y R     AO22X1         2  4.8   121   283    5646    (-,-) 
  bloc_grad/srl_361_49_cdnao70/Y       -       A1->Y R     AO22X1         2  4.8   121   283    5929    (-,-) 
  bloc_grad/srl_361_49_cdnao101/Y      -       A1->Y R     AO22X1         2  4.8   121   283    6213    (-,-) 
  bloc_grad/srl_361_49_cdnao132/Y      -       A1->Y R     AO22X1         1  3.3    90   266    6479    (-,-) 
  bloc_grad/P_ij_norm_reg[0]/D1        <<<     -     R     MDFFHQX8       1    -     -     0    6479    (-,-) 
#-------------------------------------------------------------------------------------------------------------

