============================================================
  Generated by:           Genus(TM) Synthesis Solution 21.18-s082_1
  Generated on:           Aug 24 2026  03:41:45 pm
  Module:                 clusterization
  Operating conditions:   PVT_0P9V_125C 
  Operating conditions:   PVT_1P32V_0C 
  Interconnect mode:      global
  Area mode:              physical library
============================================================

                                                       Library 
     Gate      Instances     Area          Library      Domain 
---------------------------------------------------------------
ADDFHX1                8       60.192    slow_vdd1v0     worst 
ADDFHX2               14      114.912    slow_vdd1v0     worst 
ADDFX1              1217     6243.210    slow_vdd1v0     worst 
ADDFX2                 4       31.464    slow_vdd1v0     worst 
ADDHX1               217      816.354    slow_vdd1v0     worst 
AND2X1              1848     2528.064    slow_vdd1v0     worst 
AND2X2               137      234.270    slow_vdd1v0     worst 
AND2X4               181      495.216    slow_vdd1v0     worst 
AND2X6                 8       30.096    slow_vdd1v0     worst 
AND2X8                 6       26.676    slow_vdd1v0     worst 
AND3X1                 6       14.364    slow_vdd1v0     worst 
AND3X2                 2        5.472    slow_vdd1v0     worst 
AND3X4                 3        9.234    slow_vdd1v0     worst 
AND3X6                 1        4.446    slow_vdd1v0     worst 
AND3XL                59      121.068    slow_vdd1v0     worst 
AND4X1                59      141.246    slow_vdd1v0     worst 
AND4X6                 1        5.814    slow_vdd1v0     worst 
AO21X1              2217     5307.498    slow_vdd1v0     worst 
AO21X2                 1        2.736    slow_vdd1v0     worst 
AO21X4                 2        6.840    slow_vdd1v0     worst 
AO22X1               789     2158.704    slow_vdd1v0     worst 
AO22X4                 7       26.334    slow_vdd1v0     worst 
AOI211X1              29       69.426    slow_vdd1v0     worst 
AOI211X2              66      225.720    slow_vdd1v0     worst 
AOI21X1             1202     2055.420    slow_vdd1v0     worst 
AOI21X2               46      125.856    slow_vdd1v0     worst 
AOI21X4                9       46.170    slow_vdd1v0     worst 
AOI221X2             120      533.520    slow_vdd1v0     worst 
AOI221X4               5       39.330    slow_vdd1v0     worst 
AOI222X2               3       16.416    slow_vdd1v0     worst 
AOI22X1              743     1524.636    slow_vdd1v0     worst 
AOI22X2                6       22.572    slow_vdd1v0     worst 
AOI22X4                8       49.248    slow_vdd1v0     worst 
AOI2BB1X1            121      248.292    slow_vdd1v0     worst 
AOI2BB1X2             28       86.184    slow_vdd1v0     worst 
AOI2BB1X4              9       36.936    slow_vdd1v0     worst 
AOI2BB2X2              3       15.390    slow_vdd1v0     worst 
AOI31X2               47      160.740    slow_vdd1v0     worst 
AOI31X4                1        6.498    slow_vdd1v0     worst 
AOI32X2               17       75.582    slow_vdd1v0     worst 
AOI32X4                1        7.866    slow_vdd1v0     worst 
AOI33X4                1        9.234    slow_vdd1v0     worst 
BUFX16                19      129.960    slow_vdd1v0     worst 
BUFX2                 39       66.690    slow_vdd1v0     worst 
BUFX20                 4       32.832    slow_vdd1v0     worst 
BUFX3                  6       12.312    slow_vdd1v0     worst 
BUFX4                  6       14.364    slow_vdd1v0     worst 
BUFX6                 19       58.482    slow_vdd1v0     worst 
BUFX8                  4       15.048    slow_vdd1v0     worst 
CLKAND2X12            23      173.052    slow_vdd1v0     worst 
CLKAND2X2              7       14.364    slow_vdd1v0     worst 
CLKAND2X3              4       12.312    slow_vdd1v0     worst 
CLKAND2X6             13       62.244    slow_vdd1v0     worst 
CLKAND2X8              1        5.814    slow_vdd1v0     worst 
CLKBUFX6               1        3.078    slow_vdd1v0     worst 
CLKINVX12             19       77.976    slow_vdd1v0     worst 
CLKINVX16             17       93.024    slow_vdd1v0     worst 
CLKINVX20             15       97.470    slow_vdd1v0     worst 
CLKINVX4              75      128.250    slow_vdd1v0     worst 
CLKINVX6              23       55.062    slow_vdd1v0     worst 
CLKINVX8               6       18.468    slow_vdd1v0     worst 
CLKMX2X2              20       61.560    slow_vdd1v0     worst 
CLKMX2X3               4       16.416    slow_vdd1v0     worst 
CLKMX2X4               4       16.416    slow_vdd1v0     worst 
CLKXOR2X1            106      290.016    slow_vdd1v0     worst 
CLKXOR2X2              1        3.420    slow_vdd1v0     worst 
DFFHQX1               91      497.952    slow_vdd1v0     worst 
DFFHQX4                2       16.416    slow_vdd1v0     worst 
DFFHQX8                3       27.702    slow_vdd1v0     worst 
DFFQX2                 8       51.984    slow_vdd1v0     worst 
DFFRHQX1            2413    14854.428    slow_vdd1v0     worst 
DFFRHQX4               5       47.880    slow_vdd1v0     worst 
DFFRHQX8               1       11.286    slow_vdd1v0     worst 
DFFRX1                56      383.040    slow_vdd1v0     worst 
DFFRX2                24      180.576    slow_vdd1v0     worst 
DFFRX4                 1        9.576    slow_vdd1v0     worst 
DFFSHQX1              18      116.964    slow_vdd1v0     worst 
EDFFHQX1             650     5557.500    slow_vdd1v0     worst 
EDFFHQX2              38      337.896    slow_vdd1v0     worst 
EDFFHQX4              13      137.826    slow_vdd1v0     worst 
EDFFHQX8              21      244.188    slow_vdd1v0     worst 
EDFFX2                40      369.360    slow_vdd1v0     worst 
EDFFX4                17      186.048    slow_vdd1v0     worst 
INVX1                904      618.336    slow_vdd1v0     worst 
INVX12                 2        8.208    slow_vdd1v0     worst 
INVX2                214      219.564    slow_vdd1v0     worst 
INVX3                 68       93.024    slow_vdd1v0     worst 
INVX4                  1        1.710    slow_vdd1v0     worst 
INVX6                 18       43.092    slow_vdd1v0     worst 
INVX8                  3        9.234    slow_vdd1v0     worst 
INVXL                 12        8.208    slow_vdd1v0     worst 
MDFFHQX1              21      179.550    slow_vdd1v0     worst 
MDFFHQX4              59      544.806    slow_vdd1v0     worst 
MDFFHQX8               1       11.286    slow_vdd1v0     worst 
MX2X1                660     1580.040    slow_vdd1v0     worst 
MX2XL                  3        7.182    slow_vdd1v0     worst 
MX3XL                 11       52.668    slow_vdd1v0     worst 
MXI2X1                13       35.568    slow_vdd1v0     worst 
MXI2X2                 7       31.122    slow_vdd1v0     worst 
NAND2BX1             235      321.480    slow_vdd1v0     worst 
NAND2BX2              75      179.550    slow_vdd1v0     worst 
NAND2BX4              15       56.430    slow_vdd1v0     worst 
NAND2X1              644      660.744    slow_vdd1v0     worst 
NAND2X2              291      497.610    slow_vdd1v0     worst 
NAND2X4               21       71.820    slow_vdd1v0     worst 
NAND2X6               10       47.880    slow_vdd1v0     worst 
NAND3BX2              19       58.482    slow_vdd1v0     worst 
NAND3BX4               1        5.130    slow_vdd1v0     worst 
NAND3X2               39      106.704    slow_vdd1v0     worst 
NAND3X4                2        9.576    slow_vdd1v0     worst 
NOR2BX1              258      352.944    slow_vdd1v0     worst 
NOR2BX2               57      155.952    slow_vdd1v0     worst 
NOR2BX4               11       41.382    slow_vdd1v0     worst 
NOR2X1               616      632.016    slow_vdd1v0     worst 
NOR2X2               260      444.600    slow_vdd1v0     worst 
NOR2X4                43      132.354    slow_vdd1v0     worst 
NOR2X6                23       94.392    slow_vdd1v0     worst 
NOR2X8                 2       10.944    slow_vdd1v0     worst 
NOR3BX2                6       20.520    slow_vdd1v0     worst 
NOR3BX4                2       11.628    slow_vdd1v0     worst 
NOR3X1                23       39.330    slow_vdd1v0     worst 
NOR3X2                13       35.568    slow_vdd1v0     worst 
NOR3X6                 1        7.182    slow_vdd1v0     worst 
NOR4BX2                1        4.788    slow_vdd1v0     worst 
NOR4X2                62      212.040    slow_vdd1v0     worst 
OA21X1               266      545.832    slow_vdd1v0     worst 
OA21X2                 7       21.546    slow_vdd1v0     worst 
OA22X1               530     1268.820    slow_vdd1v0     worst 
OAI211X2               1        4.104    slow_vdd1v0     worst 
OAI211X4               6       38.988    slow_vdd1v0     worst 
OAI21X1              438      748.980    slow_vdd1v0     worst 
OAI21X2               43      132.354    slow_vdd1v0     worst 
OAI21X4               21      100.548    slow_vdd1v0     worst 
OAI221X2               5       23.940    slow_vdd1v0     worst 
OAI221X4               3       23.598    slow_vdd1v0     worst 
OAI22X1              513     1052.676    slow_vdd1v0     worst 
OAI22X2               36      123.120    slow_vdd1v0     worst 
OAI22X4                4       25.992    slow_vdd1v0     worst 
OAI2BB1X1            871     1489.410    slow_vdd1v0     worst 
OAI2BB1X2              8       24.624    slow_vdd1v0     worst 
OAI2BB1X4              2        8.892    slow_vdd1v0     worst 
OAI2BB2X1              2        8.208    slow_vdd1v0     worst 
OAI31X1               14       28.728    slow_vdd1v0     worst 
OAI31X2               32      120.384    slow_vdd1v0     worst 
OAI31X4                5       34.200    slow_vdd1v0     worst 
OAI32X2               13       57.798    slow_vdd1v0     worst 
OR2X1                927     1268.136    slow_vdd1v0     worst 
OR2X2                125      213.750    slow_vdd1v0     worst 
OR2X4                 84      229.824    slow_vdd1v0     worst 
OR2X6                 15       56.430    slow_vdd1v0     worst 
OR2X8                 16       71.136    slow_vdd1v0     worst 
OR3X1                157      322.164    slow_vdd1v0     worst 
OR3X2                  2        4.788    slow_vdd1v0     worst 
OR3X4                  3        9.234    slow_vdd1v0     worst 
OR3X6                  1        4.788    slow_vdd1v0     worst 
OR3X8                  1        5.472    slow_vdd1v0     worst 
OR4X1                246      504.792    slow_vdd1v0     worst 
RAM2P_1024X32          2   475015.121    RAM2P_1024X32   worst 
RAM_4096X32            4  1413572.722    RAM_4096X32     worst 
XNOR2X1              595     1424.430    slow_vdd1v0     worst 
XNOR2X2                3        9.234    slow_vdd1v0     worst 
XNOR2X4                2        7.524    slow_vdd1v0     worst 
XOR2X1                 2        5.472    slow_vdd1v0     worst 
---------------------------------------------------------------
total              22821  1954490.901                  


   Library    Instances     Area    Instances % 
------------------------------------------------
RAM2P_1024X32         2  475015.121         0.0 
RAM_4096X32           4 1413572.722         0.0 
slow_vdd1v0       22815   65903.058       100.0 

                                            
     Type      Instances     Area    Area % 
--------------------------------------------
timing_model           6 1888587.843   96.6 
sequential          3482   23766.264    1.2 
inverter            1377    1471.626    0.1 
buffer                98     332.766    0.0 
logic              17858   40332.402    2.1 
physical_cells         0       0.000    0.0 
--------------------------------------------
total              22821 1954490.901  100.0 

