============================================================
  Generated by:           Genus(TM) Synthesis Solution 21.18-s082_1
  Generated on:           Aug 24 2026  03:41:44 pm
  Module:                 clusterization
  Library domain:         worst
    Domain index:         0
    Technology libraries: slow_vdd1v0 1.0
                          RAM_4096X32 1.1
                          RAM2P_1024X32 1.1
  Library domain:         best
    Domain index:         1
    Technology libraries: fast_vdd1v2 1.0
                          RAM_4096X32 1.1
                          RAM2P_1024X32 1.1
  Operating conditions:   PVT_0P9V_125C 
  Operating conditions:   PVT_1P32V_0C 
  Interconnect mode:      global
  Area mode:              physical library
============================================================

       Instance                              Module                        Cell Count   Cell Area  Net Area   Total Area 
-------------------------------------------------------------------------------------------------------------------------
clusterization                                                                  22821 1954490.901 29501.644  1983992.544 
  bloc_exp             dist_mat_arg_exp_NB_POINTS1250_COORD_W16_ADDR_W11_        2648    9195.012  3098.072    12293.084 
  bloc_grad            norm_entropy_grad_NB_POINTS1250_COORD_W16_ADDR_W11        4587   14962.158  5948.706    20910.864 
  dut_cluster_assign   cluster_assign_NB_POINTS1250_COORD_W16_ADDR_W11_TO        1562    4842.036  1891.845     6733.881 
  dut_compute          act_coord_NB_POINTS1250_COORD_W16_ADDR_W11_ACT_W16         299     775.656   272.772     1048.428 
  exp_LUT              exp_LUT                                                   4552    8181.666  5862.591    14044.257 
  inv_LUT              inv_LUT                                                   2368    4162.824  3087.448     7250.272 
  mem_cluster          memory_cluster_ADDR_W11                                   6276  375721.334  7766.143   383487.478 
  memory_P_ij          memory_single_port_ADDR_W11_DATA_W16_2374                   75  237729.177    84.766   237813.943 
  memory_P_ij_A        memory_single_port_ADDR_W11_DATA_W16                        68  237701.475    75.605   237777.080 
  memory_P_ij_arbitrer ping_pong_arbiter_ADDR_W11_P_IJ_W16_ADDR_P_IJ_W11          107     286.938    57.702      344.640 
  memory_act           memory_dual_port_ADDR_W11_DATA_W16_3463                      2  353393.864     0.741   353394.606 
  memory_coord_b1      memory_dual_port_ADDR_W11_DATA_W16                          34  353451.662    24.461   353476.123 
  memory_coord_b2      memory_dual_port_ADDR_W11_DATA_W16_3464                      2  353393.864     0.741   353394.606 
