============================================================
  Generated by:           Genus(TM) Synthesis Solution 21.18-s082_1
  Generated on:           Aug 24 2026  03:41:44 pm
  Module:                 clusterization
  Library domain:         worst
    Domain index:         0
    Technology libraries: slow_vdd1v0 1.0
                          RAM_4096X32 1.1
                          RAM2P_1024X32 1.1
  Library domain:         best
    Domain index:         1
    Technology libraries: fast_vdd1v2 1.0
                          RAM_4096X32 1.1
                          RAM2P_1024X32 1.1
  Operating conditions:   PVT_0P9V_125C 
  Operating conditions:   PVT_1P32V_0C 
  Interconnect mode:      global
  Area mode:              physical library
============================================================

       Instance                              Module                        Cell Count  Normalized Cell Area  Normalized Net Area   Normalized Total Area 
---------------------------------------------------------------------------------------------------------------------------------------------------------
clusterization                                                                  22821           1904961.891            28754.039             1933715.930 
  bloc_exp             dist_mat_arg_exp_NB_POINTS1250_COORD_W16_ADDR_W11_        2648              8962.000             3019.563               11981.563 
  bloc_grad            norm_entropy_grad_NB_POINTS1250_COORD_W16_ADDR_W11        4587             14583.000             5797.959               20380.959 
  dut_cluster_assign   cluster_assign_NB_POINTS1250_COORD_W16_ADDR_W11_TO        1562              4719.333             1843.903                6563.237 
  dut_compute          act_coord_NB_POINTS1250_COORD_W16_ADDR_W11_ACT_W16         299               756.000              265.860                1021.860 
  exp_LUT              exp_LUT                                                   4552              7974.333             5714.026               13688.359 
  inv_LUT              inv_LUT                                                   2368              4057.333             3009.208                7066.542 
  mem_cluster          memory_cluster_ADDR_W11                                   6276            366200.131             7569.340              373769.471 
  memory_P_ij          memory_single_port_ADDR_W11_DATA_W16_2374                   75            231704.850               82.618              231787.469 
  memory_P_ij_A        memory_single_port_ADDR_W11_DATA_W16                        68            231677.850               73.689              231751.540 
  memory_P_ij_arbitrer ping_pong_arbiter_ADDR_W11_P_IJ_W16_ADDR_P_IJ_W11          107               279.667               56.240                 335.906 
  memory_act           memory_dual_port_ADDR_W11_DATA_W16_3463                      2            344438.464                0.722              344439.187 
  memory_coord_b1      memory_dual_port_ADDR_W11_DATA_W16                          34            344494.798               23.841              344518.638 
  memory_coord_b2      memory_dual_port_ADDR_W11_DATA_W16_3464                      2            344438.464                0.722              344439.187 
