============================================================
  Generated by:           Genus(TM) Synthesis Solution 21.18-s082_1
  Generated on:           Aug 18 2026  10:45:53 pm
  Module:                 clusterization
  Operating conditions:   PVT_0P9V_125C 
  Operating conditions:   PVT_1P32V_0C 
  Interconnect mode:      global
  Area mode:              physical library
============================================================

                                                  Library 
   Gate     Instances     Area         Library     Domain 
----------------------------------------------------------
ADDFX1           1486     7623.180    slow_vdd1v0   worst 
ADDHX1            300     1128.600    slow_vdd1v0   worst 
ADDHX2              2       10.260    slow_vdd1v0   worst 
AND2X1          53829    73638.072    slow_vdd1v0   worst 
AND2X2            209      357.390    slow_vdd1v0   worst 
AND2X4          17442    47721.312    slow_vdd1v0   worst 
AND2X6             48      180.576    slow_vdd1v0   worst 
AND2X8           1631     7251.426    slow_vdd1v0   worst 
AND3X1              4        9.576    slow_vdd1v0   worst 
AND3X2             11       30.096    slow_vdd1v0   worst 
AND3X4              2        6.156    slow_vdd1v0   worst 
AND3X6              3       13.338    slow_vdd1v0   worst 
AND3X8             11       56.430    slow_vdd1v0   worst 
AND3XL           2590     5314.680    slow_vdd1v0   worst 
AND4X1           1568     3753.792    slow_vdd1v0   worst 
AND4X4              9       33.858    slow_vdd1v0   worst 
AND4X8              3       18.468    slow_vdd1v0   worst 
AO21X1            197      471.618    slow_vdd1v0   worst 
AO21X2             11       30.096    slow_vdd1v0   worst 
AO21X4              2        6.840    slow_vdd1v0   worst 
AO22X1           5216    14270.976    slow_vdd1v0   worst 
AO22X2             25       76.950    slow_vdd1v0   worst 
AO22X4             25       94.050    slow_vdd1v0   worst 
AOI211X1           16       38.304    slow_vdd1v0   worst 
AOI211X2           33      112.860    slow_vdd1v0   worst 
AOI21X1          6329    10822.590    slow_vdd1v0   worst 
AOI21X2            14       38.304    slow_vdd1v0   worst 
AOI221X2          990     4401.540    slow_vdd1v0   worst 
AOI222X2            3       16.416    slow_vdd1v0   worst 
AOI22X1        131909   270677.268    slow_vdd1v0   worst 
AOI22X2             2        7.524    slow_vdd1v0   worst 
AOI2BB1X1          62      127.224    slow_vdd1v0   worst 
AOI2BB1X4           1        4.104    slow_vdd1v0   worst 
AOI2BB2X1           2        6.840    slow_vdd1v0   worst 
AOI31X2            43      147.060    slow_vdd1v0   worst 
AOI32X2            26      115.596    slow_vdd1v0   worst 
AOI33X4             3       27.702    slow_vdd1v0   worst 
BUFX12             44      225.720    slow_vdd1v0   worst 
BUFX16              4       27.360    slow_vdd1v0   worst 
BUFX2             163      278.730    slow_vdd1v0   worst 
BUFX20             33      270.864    slow_vdd1v0   worst 
BUFX3             105      215.460    slow_vdd1v0   worst 
BUFX4            4640    11108.160    slow_vdd1v0   worst 
BUFX6              30       92.340    slow_vdd1v0   worst 
BUFX8               9       33.858    slow_vdd1v0   worst 
CLKAND2X12         72      541.728    slow_vdd1v0   worst 
CLKAND2X2          22       45.144    slow_vdd1v0   worst 
CLKAND2X3           3        9.234    slow_vdd1v0   worst 
CLKBUFX12           1        5.130    slow_vdd1v0   worst 
CLKBUFX20          16      131.328    slow_vdd1v0   worst 
CLKBUFX6            2        6.156    slow_vdd1v0   worst 
CLKINVX1            1        1.026    slow_vdd1v0   worst 
CLKINVX12        2434     9989.136    slow_vdd1v0   worst 
CLKINVX16        1472     8054.784    slow_vdd1v0   worst 
CLKINVX2            2        2.736    slow_vdd1v0   worst 
CLKINVX20         166     1078.668    slow_vdd1v0   worst 
CLKINVX3            2        3.420    slow_vdd1v0   worst 
CLKINVX4         1823     3117.330    slow_vdd1v0   worst 
CLKINVX6         7184    17198.496    slow_vdd1v0   worst 
CLKINVX8         5863    18046.314    slow_vdd1v0   worst 
CLKMX2X2           34      104.652    slow_vdd1v0   worst 
CLKMX2X4            3       12.312    slow_vdd1v0   worst 
CLKXOR2X1          11       30.096    slow_vdd1v0   worst 
DFFHQX1           196     1072.512    slow_vdd1v0   worst 
DFFHQX8             6       55.404    slow_vdd1v0   worst 
DFFQX1              7       40.698    slow_vdd1v0   worst 
DFFQX2              6       38.988    slow_vdd1v0   worst 
DFFQX4              2       14.364    slow_vdd1v0   worst 
DFFQXL             15       82.080    slow_vdd1v0   worst 
DFFRHQX1         2396    14749.776    slow_vdd1v0   worst 
DFFRHQX4            3       28.728    slow_vdd1v0   worst 
DFFRX1             48      328.320    slow_vdd1v0   worst 
DFFRX2             31      233.244    slow_vdd1v0   worst 
DFFRX4              1        9.576    slow_vdd1v0   worst 
DFFSHQX1           18      116.964    slow_vdd1v0   worst 
EDFFHQX1       285329  2439562.950    slow_vdd1v0   worst 
EDFFHQX2            6       53.352    slow_vdd1v0   worst 
EDFFHQX4           37      392.274    slow_vdd1v0   worst 
EDFFHQX8            6       69.768    slow_vdd1v0   worst 
EDFFX2             62      572.508    slow_vdd1v0   worst 
EDFFX4             32      350.208    slow_vdd1v0   worst 
INVX1             914      625.176    slow_vdd1v0   worst 
INVX12            651     2671.704    slow_vdd1v0   worst 
INVX2             547      561.222    slow_vdd1v0   worst 
INVX20              1        6.498    slow_vdd1v0   worst 
INVX3            1022     1398.096    slow_vdd1v0   worst 
INVX4               4        6.840    slow_vdd1v0   worst 
INVX6             382      914.508    slow_vdd1v0   worst 
INVX8              42      129.276    slow_vdd1v0   worst 
INVXL               1        0.684    slow_vdd1v0   worst 
MDFFHQX1           13      111.150    slow_vdd1v0   worst 
MDFFHQX4           47      433.998    slow_vdd1v0   worst 
MX2X1             395      945.630    slow_vdd1v0   worst 
MX3XL              22      105.336    slow_vdd1v0   worst 
MXI2X1              9       24.624    slow_vdd1v0   worst 
MXI2X6              1        5.130    slow_vdd1v0   worst 
MXI2X8              1        6.156    slow_vdd1v0   worst 
NAND2BX1         1306     1786.608    slow_vdd1v0   worst 
NAND2BX2           55      131.670    slow_vdd1v0   worst 
NAND2BX4           13       48.906    slow_vdd1v0   worst 
NAND2X1         26990    27691.740    slow_vdd1v0   worst 
NAND2X2           164      280.440    slow_vdd1v0   worst 
NAND2X4             7       23.940    slow_vdd1v0   worst 
NAND3BX2         1364     4198.392    slow_vdd1v0   worst 
NAND3X2          7927    21688.272    slow_vdd1v0   worst 
NOR2BX1          2522     3450.096    slow_vdd1v0   worst 
NOR2BX2            40      109.440    slow_vdd1v0   worst 
NOR2BX4             8       30.096    slow_vdd1v0   worst 
NOR2X1            640      656.640    slow_vdd1v0   worst 
NOR2X2            134      229.140    slow_vdd1v0   worst 
NOR2X4             15       46.170    slow_vdd1v0   worst 
NOR2X6              4       16.416    slow_vdd1v0   worst 
NOR3BX1            22       45.144    slow_vdd1v0   worst 
NOR3BX2             3       10.260    slow_vdd1v0   worst 
NOR3X1            156      266.760    slow_vdd1v0   worst 
NOR3X2             15       41.040    slow_vdd1v0   worst 
NOR4BBX2           45      230.850    slow_vdd1v0   worst 
NOR4BX2            17       81.396    slow_vdd1v0   worst 
NOR4X2            311     1063.620    slow_vdd1v0   worst 
OA21X1            157      322.164    slow_vdd1v0   worst 
OA21X2              2        6.156    slow_vdd1v0   worst 
OA22X1            603     1443.582    slow_vdd1v0   worst 
OAI211X2            3       12.312    slow_vdd1v0   worst 
OAI21X1           250      427.500    slow_vdd1v0   worst 
OAI21X2            16       49.248    slow_vdd1v0   worst 
OAI21X4             1        4.788    slow_vdd1v0   worst 
OAI22X1           817     1676.484    slow_vdd1v0   worst 
OAI22X2             8       27.360    slow_vdd1v0   worst 
OAI2BB1X1        4083     6981.930    slow_vdd1v0   worst 
OAI2BB1X2           6       18.468    slow_vdd1v0   worst 
OAI2BB2X2           1        5.472    slow_vdd1v0   worst 
OAI31X1            29       59.508    slow_vdd1v0   worst 
OAI31X2            42      158.004    slow_vdd1v0   worst 
OAI32X2            13       57.798    slow_vdd1v0   worst 
OR2X1            8426    11526.768    slow_vdd1v0   worst 
OR2X2             206      352.260    slow_vdd1v0   worst 
OR2X4             559     1529.424    slow_vdd1v0   worst 
OR2X6             124      466.488    slow_vdd1v0   worst 
OR2X8              88      391.248    slow_vdd1v0   worst 
OR3X1             276      566.352    slow_vdd1v0   worst 
OR3X2               3        7.182    slow_vdd1v0   worst 
OR3X4               1        3.078    slow_vdd1v0   worst 
OR4X1           10667    21888.684    slow_vdd1v0   worst 
OR4X2               1        3.420    slow_vdd1v0   worst 
XNOR2X1           560     1340.640    slow_vdd1v0   worst 
XNOR2X2             2        6.156    slow_vdd1v0   worst 
XNOR2X4            15       56.430    slow_vdd1v0   worst 
XOR2X1              2        5.472    slow_vdd1v0   worst 
----------------------------------------------------------
total          609168  3096510.408                


                                            
     Type      Instances     Area    Area % 
--------------------------------------------
sequential        288261 2458316.862   79.4 
inverter           22511   63805.914    2.1 
buffer              5047   12395.106    0.4 
logic             293349  561992.526   18.1 
physical_cells         0       0.000    0.0 
--------------------------------------------
total             609168 3096510.408  100.0 

