============================================================
  Generated by:           Genus(TM) Synthesis Solution 21.18-s082_1
  Generated on:           Aug 18 2026  10:45:23 pm
  Module:                 clusterization
  Library domain:         worst
    Domain index:         0
    Technology library:   slow_vdd1v0 1.0
  Library domain:         best
    Domain index:         1
    Technology library:   fast_vdd1v2 1.0
  Operating conditions:   PVT_0P9V_125C 
  Operating conditions:   PVT_1P32V_0C 
  Interconnect mode:      global
  Area mode:              physical library
============================================================

       Instance                              Module                        Cell Count  Normalized Cell Area  Normalized Net Area   Normalized Total Area 
---------------------------------------------------------------------------------------------------------------------------------------------------------
clusterization                                                                 609168           3018041.333           760294.460             3778335.793 
  memory_act           memory_dual_port_ADDR_W11_DATA_W16                      131792            675046.000           165821.255              840867.255 
  memory_coord_b1      memory_dual_port_ADDR_W11_DATA_W16_2                    133917            677761.333           167348.709              845110.042 
  memory_coord_b2      memory_dual_port_ADDR_W11_DATA_W16_1                    133701            676385.333           167216.946              843602.280 
  memory_P_ij          memory_single_port_ADDR_W11_DATA_W16                     70425            343944.333            86968.335              430912.669 
  memory_P_ij_A        memory_single_port_ADDR_W11_DATA_W16_1                   70425            343944.000            86968.335              430912.335 
  dut_cluster_assign   cluster_assign_NB_POINTS1250_COORD_W16_ADDR_W11_TO        1080              4168.667             1349.139                5517.806 
  bloc_grad            norm_entropy_grad_NB_POINTS1250_COORD_W16_ADDR_W11        3690             12982.667             4838.848               17821.515 
  memory_P_ij_arbitrer ping_pong_arbitrer_COORD_W16_ADDR_W11                      106               235.667               46.737                 282.403 
  mem_cluster          memory_cluster_ADDR_W11                                  54679            261773.667            66918.710              328692.377 
  dut_compute          act_coord_NB_POINTS1250_COORD_W16_ADDR_W11_ACT_W16         158               627.667              137.654                 765.320 
  inv_LUT              inv_LUT                                                   2312              4054.333             2975.087                7029.420 
  bloc_exp             dist_mat_arg_exp_NB_POINTS1250_COORD_W16_ADDR_W11_        2112              8319.667             2474.728               10794.395 
  exp_LUT              exp_LUT                                                   4456              7946.000             5794.977               13740.977 
