============================================================
  Generated by:           Genus(TM) Synthesis Solution 21.18-s082_1
  Generated on:           Aug 18 2026  10:45:22 pm
  Module:                 clusterization
  Library domain:         worst
    Domain index:         0
    Technology library:   slow_vdd1v0 1.0
  Library domain:         best
    Domain index:         1
    Technology library:   fast_vdd1v2 1.0
  Operating conditions:   PVT_0P9V_125C 
  Operating conditions:   PVT_1P32V_0C 
  Interconnect mode:      global
  Area mode:              physical library
============================================================

       Instance                              Module                        Cell Count   Cell Area   Net Area   Total Area 
--------------------------------------------------------------------------------------------------------------------------
clusterization                                                                 609168 3096510.408 780062.116  3876572.524 
  memory_act           memory_dual_port_ADDR_W11_DATA_W16                      131792  692597.196 170132.608   862729.804 
  memory_coord_b1      memory_dual_port_ADDR_W11_DATA_W16_2                    133917  695383.128 171699.775   867082.903 
  memory_coord_b2      memory_dual_port_ADDR_W11_DATA_W16_1                    133701  693971.352 171564.587   865535.939 
  memory_P_ij          memory_single_port_ADDR_W11_DATA_W16                     70425  352886.886  89229.512   442116.398 
  memory_P_ij_A        memory_single_port_ADDR_W11_DATA_W16_1                   70425  352886.544  89229.512   442116.056 
  dut_cluster_assign   cluster_assign_NB_POINTS1250_COORD_W16_ADDR_W11_TO        1080    4277.052   1384.217     5661.269 
  bloc_grad            norm_entropy_grad_NB_POINTS1250_COORD_W16_ADDR_W11        3690   13320.216   4964.658    18284.874 
  memory_P_ij_arbitrer ping_pong_arbitrer_COORD_W16_ADDR_W11                      106     241.794     47.952      289.746 
  mem_cluster          memory_cluster_ADDR_W11                                  54679  268579.782  68658.596   337238.378 
  dut_compute          act_coord_NB_POINTS1250_COORD_W16_ADDR_W11_ACT_W16         158     643.986    141.233      785.219 
  inv_LUT              inv_LUT                                                   2312    4159.746   3052.439     7212.185 
  bloc_exp             dist_mat_arg_exp_NB_POINTS1250_COORD_W16_ADDR_W11_        2112    8535.978   2539.071    11075.049 
  exp_LUT              exp_LUT                                                   4456    8152.596   5945.646    14098.242 
