============================================================
  Generated by:           Genus(TM) Synthesis Solution 21.18-s082_1
  Generated on:           Aug 18 2026  10:45:53 pm
  Module:                 clusterization
  Operating conditions:   PVT_0P9V_125C 
  Operating conditions:   PVT_1P32V_0C 
  Interconnect mode:      global
  Area mode:              physical library
============================================================

Timing
--------

Clock  Period 
--------------
clk   11765.0 


  Cost    Critical         Violating 
 Group   Path Slack  TNS     Paths   
-------------------------------------
clk           328.7   0.0          0 
default    No paths   0.0            
-------------------------------------
Total                 0.0          0 

Instance Count
--------------
Leaf Instance Count             609168 
Physical Instance count              0 
Sequential Instance Count       288261 
Combinational Instance Count    320907 
Hierarchical Instance Count         13 

Area
----
Cell Area                          3096510.408
Physical Cell Area                 0.000
Total Cell Area (Cell+Physical)    3096510.408
Net Area                           780062.116
Total Area (Cell+Physical+Net)     3876572.524

Max Fanout                         288261 (clk)
Min Fanout                         0 (dut_cluster_assign/drain_cnt[1])
Average Fanout                     3.0
Terms to net ratio                 3.9619
Terms to instance ratio            3.9749
Runtime                            16027.388753000007 seconds
Elapsed Runtime                    15879 seconds
Genus peak memory usage            6956.27 
Innovus peak memory usage          no_value 
Hostname                           gmicro02
