============================================================
  Generated by:           Genus(TM) Synthesis Solution 21.18-s082_1
  Generated on:           Aug 18 2026  10:45:33 pm
  Module:                 clusterization
  Operating conditions:   PVT_0P9V_125C 
  Operating conditions:   PVT_1P32V_0C 
  Interconnect mode:      global
  Area mode:              physical library
============================================================


Path 1: MET (329 ps) Setup Check with Pin bloc_grad/entropy_reg[31]/CK->D
          Group: clk
     Startpoint: (R) bloc_grad/P_ij_norm_reg[6]/CK
          Clock: (R) clk
       Endpoint: (R) bloc_grad/entropy_reg[31]/D
          Clock: (R) clk

                     Capture       Launch     
        Clock Edge:+   11765            0     
       Src Latency:+       0            0     
       Net Latency:+     100 (I)      100 (I) 
           Arrival:=   11865          100     
                                              
             Setup:-     151                  
       Uncertainty:-      50                  
     Required Time:=   11664                  
      Launch Clock:-     100                  
         Data Path:-   11235                  
             Slack:=     329                  

#------------------------------------------------------------------------------------------------------------------------------------
#                       Timing Point                        Flags    Arc   Edge   Cell      Fanout Load Trans Delay Arrival Instance 
#                                                                                                  (fF)  (ps)  (ps)   (ps)  Location 
#------------------------------------------------------------------------------------------------------------------------------------
  bloc_grad/P_ij_norm_reg[6]/CK                             -       -      R     (arrival)  288261    -     0     0     100    (-,-) 
  bloc_grad/P_ij_norm_reg[6]/Q                              -       CK->Q  R     EDFFHQX2        7 13.9   155   270     370    (-,-) 
  bloc_grad/csa_tree_add_443_39_pad_groupi_g2449/Y          -       A->Y   F     INVX3          11 21.2   210   186     557    (-,-) 
  bloc_grad/csa_tree_add_443_39_pad_groupi_g2400/Y          -       A->Y   R     NOR2X1          1  3.5   203   227     784    (-,-) 
  bloc_grad/csa_tree_add_443_39_pad_groupi_cdnfadd_010_0/CO -       CI->CO R     ADDFX1          1  3.5    99   303    1087    (-,-) 
  bloc_grad/csa_tree_add_443_39_pad_groupi_cdnfadd_011_1/S  -       CI->S  R     ADDFX1          1  3.5   101   321    1407    (-,-) 
  bloc_grad/csa_tree_add_443_39_pad_groupi_cdnfadd_011_2/S  -       CI->S  F     ADDFX1          2  5.4   161   366    1773    (-,-) 
  bloc_grad/csa_tree_add_443_39_pad_groupi_g2297/Y          -       B->Y   R     NOR2X1          2  5.2   266   239    2012    (-,-) 
  bloc_grad/csa_tree_add_443_39_pad_groupi_g2296/Y          -       A->Y   F     INVX1           1  3.6   146   218    2230    (-,-) 
  bloc_grad/csa_tree_add_443_39_pad_groupi_g2293/Y          -       A2->Y  R     AOI32X2         1  3.3   142   174    2404    (-,-) 
  bloc_grad/csa_tree_add_443_39_pad_groupi_g2290/Y          -       B0->Y  F     OAI2BB1X1       1  3.6   232   226    2630    (-,-) 
  bloc_grad/csa_tree_add_443_39_pad_groupi_g2258/Y          -       B0->Y  R     AOI221X2        1  3.3   188   255    2885    (-,-) 
  bloc_grad/csa_tree_add_443_39_pad_groupi_g2257/Y          -       B0->Y  F     OAI2BB1X1       1  3.4   225   246    3131    (-,-) 
  bloc_grad/csa_tree_add_443_39_pad_groupi_g2256/CO         -       CI->CO F     ADDFX1          2  5.5   163   324    3456    (-,-) 
  bloc_grad/csa_tree_add_443_39_pad_groupi_g2254/Y          -       A1->Y  R     AOI21X2         2  5.0   156   180    3635    (-,-) 
  bloc_grad/csa_tree_add_443_39_pad_groupi_g2509/Y          -       A1->Y  R     OA21X1          1  3.5    90   235    3870    (-,-) 
  bloc_grad/g15094/CO                                       -       CI->CO R     ADDFX1          1  3.5    98   246    4116    (-,-) 
  bloc_grad/g15092/CO                                       -       CI->CO R     ADDFX1          2  5.2   133   269    4385    (-,-) 
  bloc_grad/csa_tree_add_443_39_pad_groupi_g2243/Y          -       A1->Y  F     OAI21X1         1  3.4   235   217    4602    (-,-) 
  bloc_grad/csa_tree_add_443_39_pad_groupi_g2242/CO         -       CI->CO F     ADDFX1          1  3.4   112   301    4903    (-,-) 
  bloc_grad/csa_tree_add_443_39_pad_groupi_g2241/CO         -       CI->CO F     ADDFX1          1  3.4   111   243    5146    (-,-) 
  bloc_grad/csa_tree_add_443_39_pad_groupi_g2240/CO         -       CI->CO F     ADDFX1          1  3.4   111   242    5388    (-,-) 
  bloc_grad/csa_tree_add_443_39_pad_groupi_g2239/CO         -       CI->CO F     ADDFX1          1  3.4   111   242    5631    (-,-) 
  bloc_grad/csa_tree_add_443_39_pad_groupi_g2238/CO         -       CI->CO F     ADDFX1          1  3.4   111   242    5873    (-,-) 
  bloc_grad/csa_tree_add_443_39_pad_groupi_g2237/CO         -       CI->CO F     ADDFX1          1  3.4   111   242    6116    (-,-) 
  bloc_grad/csa_tree_add_443_39_pad_groupi_g2236/CO         -       CI->CO F     ADDFX1          1  3.4   111   242    6358    (-,-) 
  bloc_grad/csa_tree_add_443_39_pad_groupi_g2235/S          -       CI->S  F     ADDFX1          3  6.5   188   311    6669    (-,-) 
  bloc_grad/g14702/Y                                        -       B->Y   R     NOR2X1          1  3.1   179   200    6869    (-,-) 
  bloc_grad/g13812/Y                                        -       B->Y   R     AND2X1          1  3.5    88   241    7110    (-,-) 
  bloc_grad/g13803/CO                                       -       B->CO  R     ADDHX1          2  5.6   131   209    7319    (-,-) 
  bloc_grad/g13800/Y                                        -       B->Y   F     NAND2BX2        2  5.0   182   172    7492    (-,-) 
  bloc_grad/g13790/Y                                        -       A->Y   F     AND2X1          2  5.1   140   199    7691    (-,-) 
  bloc_grad/g13781/Y                                        -       B->Y   R     NOR2X1          2  5.4   273   232    7924    (-,-) 
  bloc_grad/g13767/CO                                       -       B->CO  R     ADDHX1          1  3.5    89   272    8195    (-,-) 
  bloc_grad/g13762/CO                                       -       B->CO  R     ADDHX1          2  5.6   131   209    8404    (-,-) 
  bloc_grad/g13761/Y                                        -       B->Y   F     NAND2BX2        2  5.1   185   174    8578    (-,-) 
  bloc_grad/g13757/Y                                        -       B->Y   R     NOR2X1          2  5.4   278   257    8835    (-,-) 
  bloc_grad/g13751/CO                                       -       B->CO  R     ADDHX1          1  3.5    89   274    9109    (-,-) 
  bloc_grad/g13748/CO                                       -       B->CO  R     ADDHX1          2  5.6   131   209    9318    (-,-) 
  bloc_grad/g13747/Y                                        -       B->Y   F     NAND2BX2        2  5.1   185   174    9492    (-,-) 
  bloc_grad/g13743/Y                                        -       B->Y   R     NOR2X1          2  5.4   278   257    9748    (-,-) 
  bloc_grad/g13737/CO                                       -       B->CO  R     ADDHX1          1  3.5    89   274   10022    (-,-) 
  bloc_grad/g13734/CO                                       -       B->CO  R     ADDHX1          2  5.6   131   209   10232    (-,-) 
  bloc_grad/g13733/Y                                        -       B->Y   F     NAND2BX2        2  5.1   185   174   10405    (-,-) 
  bloc_grad/g13729/Y                                        -       B->Y   R     NOR2X1          2  5.4   278   257   10662    (-,-) 
  bloc_grad/g13723/CO                                       -       B->CO  R     ADDHX1          1  3.3    85   272   10934    (-,-) 
  bloc_grad/g13722/Y                                        -       B->Y   R     XNOR2X1         1  3.1    82   180   11114    (-,-) 
  bloc_grad/g13719/Y                                        -       B->Y   R     MX2X1           1  3.2    85   222   11335    (-,-) 
  bloc_grad/entropy_reg[31]/D                               <<<     -      R     DFFRHQX1        1    -     -     0   11335    (-,-) 
#------------------------------------------------------------------------------------------------------------------------------------

