============================================================
  Generated by:           Genus(TM) Synthesis Solution 21.18-s082_1
  Generated on:           Aug 24 2026  06:27:21 pm
  Module:                 clusterization
  Library domain:         worst
    Domain index:         0
    Technology libraries: slow_vdd1v0 1.0
                          RAM_4096X32 1.1
                          RAM2P_1024X32 1.1
  Library domain:         best
    Domain index:         1
    Technology libraries: fast_vdd1v2 1.0
                          RAM_4096X32 1.1
                          RAM2P_1024X32 1.1
  Operating conditions:   PVT_0P9V_125C 
  Operating conditions:   PVT_1P32V_0C 
  Interconnect mode:      global
  Area mode:              physical library
============================================================

       Instance                              Module                        Cell Count   Cell Area  Net Area   Total Area 
-------------------------------------------------------------------------------------------------------------------------
clusterization                                                                  23506 1959195.795 30328.133  1989523.928 
  bloc_exp             dist_mat_arg_exp_NB_POINTS1250_COORD_W16_ADDR_W11_        2745    9558.216  3193.272    12751.488 
  bloc_grad            norm_entropy_grad_NB_POINTS1250_COORD_W16_ADDR_W11        5195   17929.008  6626.038    24555.046 
  dut_cluster_assign   cluster_assign_NB_POINTS1250_COORD_W16_ADDR_W11_TO        1642    5162.148  1968.876     7131.024 
  dut_compute          act_coord_NB_POINTS1250_COORD_W16_ADDR_W11_ACT_W16         415     926.136   391.065     1317.201 
  exp_LUT              exp_LUT                                                   4501    8359.164  5985.825    14344.989 
  inv_LUT              inv_LUT                                                   2331    4223.700  3041.244     7264.944 
  mem_cluster          memory_cluster_ADDR_W11                                   6067  376041.104  7607.615   383648.720 
  memory_P_ij          memory_single_port_ADDR_W11_DATA_W16_2374                   91  237798.603    98.070   237896.673 
  memory_P_ij_A        memory_single_port_ADDR_W11_DATA_W16                        94  237813.992   101.738   237915.731 
  memory_P_ij_arbitrer ping_pong_arbiter_ADDR_W11_P_IJ_W16_ADDR_P_IJ_W11          141     450.414    86.154      536.568 
  memory_act           memory_dual_port_ADDR_W11_DATA_W16_3463                      2  353393.864     0.741   353394.606 
  memory_coord_b1      memory_dual_port_ADDR_W11_DATA_W16                          34  353460.212    24.461   353484.673 
  memory_coord_b2      memory_dual_port_ADDR_W11_DATA_W16_3464                      2  353393.864     0.741   353394.606 
