============================================================
  Generated by:           Genus(TM) Synthesis Solution 21.18-s082_1
  Generated on:           Aug 24 2026  06:27:22 pm
  Module:                 clusterization
  Operating conditions:   PVT_0P9V_125C 
  Operating conditions:   PVT_1P32V_0C 
  Interconnect mode:      global
  Area mode:              physical library
============================================================

Timing
--------

Clock Period 
-------------
clk   4762.0 


  Cost    Critical         Violating 
 Group   Path Slack  TNS     Paths   
-------------------------------------
clk             0.0   0.0          0 
default    No paths   0.0            
-------------------------------------
Total                 0.0          0 

Instance Count
--------------
Leaf Instance Count             23506 
Physical Instance count             0 
Sequential Instance Count        3488 
Combinational Instance Count    20018 
Hierarchical Instance Count        13 

Area
----
Cell Area                          1959195.795
Physical Cell Area                 0.000
Total Cell Area (Cell+Physical)    1959195.795
Net Area                           30328.133
Total Area (Cell+Physical+Net)     1989523.928

Max Fanout                         3490 (clk)
Min Fanout                         0 (done_b1)
Average Fanout                     2.4
Terms to net ratio                 3.5344
Terms to instance ratio            3.8061
Runtime                            1256.09737 seconds
Elapsed Runtime                    1275 seconds
Genus peak memory usage            2911.71 
Innovus peak memory usage          no_value 
Hostname                           gmicro02
