============================================================
  Generated by:           Genus(TM) Synthesis Solution 21.18-s082_1
  Generated on:           Aug 24 2026  06:27:22 pm
  Module:                 clusterization
  Operating conditions:   PVT_0P9V_125C 
  Operating conditions:   PVT_1P32V_0C 
  Interconnect mode:      global
  Area mode:              physical library
============================================================

                                                       Library 
     Gate      Instances     Area          Library      Domain 
---------------------------------------------------------------
ACHCONX2               1       12.654    slow_vdd1v0     worst 
ADDFHX1               62      466.488    slow_vdd1v0     worst 
ADDFHX2               70      574.560    slow_vdd1v0     worst 
ADDFHX4                1        9.576    slow_vdd1v0     worst 
ADDFX1              1025     5258.250    slow_vdd1v0     worst 
ADDHX1               194      729.828    slow_vdd1v0     worst 
AND2X1              1681     2299.608    slow_vdd1v0     worst 
AND2X2               151      258.210    slow_vdd1v0     worst 
AND2X4               185      506.160    slow_vdd1v0     worst 
AND2X6                10       37.620    slow_vdd1v0     worst 
AND2X8                13       57.798    slow_vdd1v0     worst 
AND2XL                 1        1.368    slow_vdd1v0     worst 
AND3X1                 1        2.394    slow_vdd1v0     worst 
AND3X2                 1        2.736    slow_vdd1v0     worst 
AND3X4                 3        9.234    slow_vdd1v0     worst 
AND3X6                 1        4.446    slow_vdd1v0     worst 
AND3X8                 1        5.130    slow_vdd1v0     worst 
AND3XL                56      114.912    slow_vdd1v0     worst 
AND4X1                50      119.700    slow_vdd1v0     worst 
AO21X1              2223     5321.862    slow_vdd1v0     worst 
AO21X2                 7       19.152    slow_vdd1v0     worst 
AO21X4                 6       20.520    slow_vdd1v0     worst 
AO22X1               420     1149.120    slow_vdd1v0     worst 
AO22X2                 2        6.156    slow_vdd1v0     worst 
AO22X4                 3       11.286    slow_vdd1v0     worst 
AOI211X1              26       62.244    slow_vdd1v0     worst 
AOI211X2              64      218.880    slow_vdd1v0     worst 
AOI21X1              844     1443.240    slow_vdd1v0     worst 
AOI21X2               59      161.424    slow_vdd1v0     worst 
AOI21X4               55      282.150    slow_vdd1v0     worst 
AOI221X2             134      595.764    slow_vdd1v0     worst 
AOI221X4               3       23.598    slow_vdd1v0     worst 
AOI222X2             211     1154.592    slow_vdd1v0     worst 
AOI22X1              790     1621.080    slow_vdd1v0     worst 
AOI22X2               20       75.240    slow_vdd1v0     worst 
AOI22X4               49      301.644    slow_vdd1v0     worst 
AOI2BB1X1            150      307.800    slow_vdd1v0     worst 
AOI2BB1X2             44      135.432    slow_vdd1v0     worst 
AOI2BB1X4             62      254.448    slow_vdd1v0     worst 
AOI2BB2X1              3       10.260    slow_vdd1v0     worst 
AOI2BB2X2              3       15.390    slow_vdd1v0     worst 
AOI2BB2X4             11       82.764    slow_vdd1v0     worst 
AOI31X2              169      577.980    slow_vdd1v0     worst 
AOI31X4                1        6.498    slow_vdd1v0     worst 
AOI32X2               22       97.812    slow_vdd1v0     worst 
AOI33X4                5       46.170    slow_vdd1v0     worst 
BMXIX2                 2       15.048    slow_vdd1v0     worst 
BUFX12                 4       20.520    slow_vdd1v0     worst 
BUFX16                 4       27.360    slow_vdd1v0     worst 
BUFX2                 27       46.170    slow_vdd1v0     worst 
BUFX20                 1        8.208    slow_vdd1v0     worst 
BUFX3                 35       71.820    slow_vdd1v0     worst 
BUFX4                  2        4.788    slow_vdd1v0     worst 
BUFX6                 23       70.794    slow_vdd1v0     worst 
BUFX8                  9       33.858    slow_vdd1v0     worst 
CLKAND2X12            29      218.196    slow_vdd1v0     worst 
CLKAND2X2             16       32.832    slow_vdd1v0     worst 
CLKAND2X3             18       55.404    slow_vdd1v0     worst 
CLKAND2X4              1        3.420    slow_vdd1v0     worst 
CLKAND2X6             24      114.912    slow_vdd1v0     worst 
CLKAND2X8              1        5.814    slow_vdd1v0     worst 
CLKBUFX2               5        8.550    slow_vdd1v0     worst 
CLKBUFX20              2       16.416    slow_vdd1v0     worst 
CLKBUFX6               1        3.078    slow_vdd1v0     worst 
CLKINVX12             71      291.384    slow_vdd1v0     worst 
CLKINVX16             27      147.744    slow_vdd1v0     worst 
CLKINVX20             23      149.454    slow_vdd1v0     worst 
CLKINVX4              80      136.800    slow_vdd1v0     worst 
CLKINVX6              59      141.246    slow_vdd1v0     worst 
CLKINVX8              40      123.120    slow_vdd1v0     worst 
CLKMX2X2              12       36.936    slow_vdd1v0     worst 
CLKMX2X3              19       77.976    slow_vdd1v0     worst 
CLKMX2X4               2        8.208    slow_vdd1v0     worst 
CLKMX2X6               1        4.446    slow_vdd1v0     worst 
CLKXOR2X1            133      363.888    slow_vdd1v0     worst 
CLKXOR2X2             12       41.040    slow_vdd1v0     worst 
DFFHQX1               90      492.480    slow_vdd1v0     worst 
DFFQX2                11       71.478    slow_vdd1v0     worst 
DFFQX4                 2       14.364    slow_vdd1v0     worst 
DFFRHQX1            2416    14872.896    slow_vdd1v0     worst 
DFFRHQX4               4       38.304    slow_vdd1v0     worst 
DFFRHQX8               2       22.572    slow_vdd1v0     worst 
DFFRX1                46      314.640    slow_vdd1v0     worst 
DFFRX2                30      225.720    slow_vdd1v0     worst 
DFFRX4                 2       19.152    slow_vdd1v0     worst 
DFFSHQX1              17      110.466    slow_vdd1v0     worst 
DFFSHQX8               1       10.602    slow_vdd1v0     worst 
DFFX1                  1        7.182    slow_vdd1v0     worst 
DLY1X4                 1        3.762    slow_vdd1v0     worst 
EDFFHQX1             624     5335.200    slow_vdd1v0     worst 
EDFFHQX2              28      248.976    slow_vdd1v0     worst 
EDFFHQX4              55      583.110    slow_vdd1v0     worst 
EDFFHQX8               1       11.628    slow_vdd1v0     worst 
EDFFX2                70      646.380    slow_vdd1v0     worst 
EDFFX4                24      262.656    slow_vdd1v0     worst 
INVX1                928      634.752    slow_vdd1v0     worst 
INVX12                 1        4.104    slow_vdd1v0     worst 
INVX2                219      224.694    slow_vdd1v0     worst 
INVX20                 1        6.498    slow_vdd1v0     worst 
INVX3                 94      128.592    slow_vdd1v0     worst 
INVX4                  1        1.710    slow_vdd1v0     worst 
INVX6                 14       33.516    slow_vdd1v0     worst 
INVX8                  4       12.312    slow_vdd1v0     worst 
INVXL                  8        5.472    slow_vdd1v0     worst 
MDFFHQX1              17      145.350    slow_vdd1v0     worst 
MDFFHQX2               2       18.468    slow_vdd1v0     worst 
MDFFHQX4              22      203.148    slow_vdd1v0     worst 
MDFFHQX8              17      191.862    slow_vdd1v0     worst 
MX2X1                627     1501.038    slow_vdd1v0     worst 
MX3XL                 11       52.668    slow_vdd1v0     worst 
MXI2X1                16       43.776    slow_vdd1v0     worst 
MXI2X2                18       80.028    slow_vdd1v0     worst 
MXI2X6                 4       20.520    slow_vdd1v0     worst 
MXI2X8                 1        6.156    slow_vdd1v0     worst 
NAND2BX1             209      285.912    slow_vdd1v0     worst 
NAND2BX2             114      272.916    slow_vdd1v0     worst 
NAND2BX4              15       56.430    slow_vdd1v0     worst 
NAND2X1              684      701.784    slow_vdd1v0     worst 
NAND2X2              379      648.090    slow_vdd1v0     worst 
NAND2X4               77      263.340    slow_vdd1v0     worst 
NAND2X6               33      158.004    slow_vdd1v0     worst 
NAND2X8               23      125.856    slow_vdd1v0     worst 
NAND3BX2              31       95.418    slow_vdd1v0     worst 
NAND3BX4               2       10.260    slow_vdd1v0     worst 
NAND3X2               38      103.968    slow_vdd1v0     worst 
NAND3X4                3       14.364    slow_vdd1v0     worst 
NAND3X8                1        8.208    slow_vdd1v0     worst 
NOR2BX1              333      455.544    slow_vdd1v0     worst 
NOR2BX2               79      216.144    slow_vdd1v0     worst 
NOR2BX4               14       52.668    slow_vdd1v0     worst 
NOR2X1               624      640.224    slow_vdd1v0     worst 
NOR2X2               384      656.640    slow_vdd1v0     worst 
NOR2X4               193      594.054    slow_vdd1v0     worst 
NOR2X6                74      303.696    slow_vdd1v0     worst 
NOR2X8                42      229.824    slow_vdd1v0     worst 
NOR2XL                 1        1.026    slow_vdd1v0     worst 
NOR3BX1                1        2.052    slow_vdd1v0     worst 
NOR3BX2                2        6.840    slow_vdd1v0     worst 
NOR3BX4                2       11.628    slow_vdd1v0     worst 
NOR3X1                26       44.460    slow_vdd1v0     worst 
NOR3X2                 8       21.888    slow_vdd1v0     worst 
NOR3X4                 4       20.520    slow_vdd1v0     worst 
NOR3X6                 3       21.546    slow_vdd1v0     worst 
NOR3X8                 4       35.568    slow_vdd1v0     worst 
NOR4X2                63      215.460    slow_vdd1v0     worst 
NOR4X4                 1        6.498    slow_vdd1v0     worst 
OA21X1               302      619.704    slow_vdd1v0     worst 
OA21X2                 6       18.468    slow_vdd1v0     worst 
OA21X4                 3       11.286    slow_vdd1v0     worst 
OA22X1               532     1273.608    slow_vdd1v0     worst 
OA22X2                 2        6.840    slow_vdd1v0     worst 
OA22X4                11       45.144    slow_vdd1v0     worst 
OAI211X2               3       12.312    slow_vdd1v0     worst 
OAI21X1              416      711.360    slow_vdd1v0     worst 
OAI21X2               75      230.850    slow_vdd1v0     worst 
OAI21X4              110      526.680    slow_vdd1v0     worst 
OAI221X2               3       14.364    slow_vdd1v0     worst 
OAI221X4               3       23.598    slow_vdd1v0     worst 
OAI22X1              396      812.592    slow_vdd1v0     worst 
OAI22X2               63      215.460    slow_vdd1v0     worst 
OAI22X4              103      669.294    slow_vdd1v0     worst 
OAI2BB1X1            881     1506.510    slow_vdd1v0     worst 
OAI2BB1X2             19       58.482    slow_vdd1v0     worst 
OAI2BB1X4             10       44.460    slow_vdd1v0     worst 
OAI2BB2X2              2       10.944    slow_vdd1v0     worst 
OAI2BB2X4              3       25.650    slow_vdd1v0     worst 
OAI31X1               22       45.144    slow_vdd1v0     worst 
OAI31X2               39      146.718    slow_vdd1v0     worst 
OAI31X4                2       13.680    slow_vdd1v0     worst 
OAI32X2               11       48.906    slow_vdd1v0     worst 
OAI32X4                2       16.416    slow_vdd1v0     worst 
OR2X1                861     1177.848    slow_vdd1v0     worst 
OR2X2                114      194.940    slow_vdd1v0     worst 
OR2X4                 58      158.688    slow_vdd1v0     worst 
OR2X6                 22       82.764    slow_vdd1v0     worst 
OR2X8                 10       44.460    slow_vdd1v0     worst 
OR3X1                123      252.396    slow_vdd1v0     worst 
OR3X2                  2        4.788    slow_vdd1v0     worst 
OR3X4                  6       18.468    slow_vdd1v0     worst 
OR3X6                  3       14.364    slow_vdd1v0     worst 
OR3X8                  2       10.944    slow_vdd1v0     worst 
OR4X1                230      471.960    slow_vdd1v0     worst 
OR4X2                  1        3.420    slow_vdd1v0     worst 
RAM2P_1024X32          2   475015.121    RAM2P_1024X32   worst 
RAM_4096X32            4  1413572.722    RAM_4096X32     worst 
XNOR2X1              553     1323.882    slow_vdd1v0     worst 
XNOR2X2                8       24.624    slow_vdd1v0     worst 
XNOR2X4                5       18.810    slow_vdd1v0     worst 
XNOR3X1                2       15.048    slow_vdd1v0     worst 
XOR2X1                 2        5.472    slow_vdd1v0     worst 
XOR2X2                 2        6.840    slow_vdd1v0     worst 
XOR3X1                 4       30.096    slow_vdd1v0     worst 
---------------------------------------------------------------
total              23506  1959195.795                  


   Library    Instances     Area    Instances % 
------------------------------------------------
RAM2P_1024X32         2  475015.121         0.0 
RAM_4096X32           4 1413572.722         0.0 
slow_vdd1v0       23500   70607.952       100.0 

                                            
     Type      Instances     Area    Area % 
--------------------------------------------
timing_model           6 1888587.843   96.4 
sequential          3482   23846.634    1.2 
inverter            1570    2041.398    0.1 
buffer               114     315.324    0.0 
logic              18334   44404.596    2.3 
physical_cells         0       0.000    0.0 
--------------------------------------------
total              23506 1959195.795  100.0 

