============================================================
  Generated by:           Genus(TM) Synthesis Solution 21.18-s082_1
  Generated on:           Aug 24 2026  06:27:21 pm
  Module:                 clusterization
  Operating conditions:   PVT_0P9V_125C 
  Operating conditions:   PVT_1P32V_0C 
  Interconnect mode:      global
  Area mode:              physical library
============================================================


Path 1: MET (0 ps) Setup Check with Pin dut_compute/coord_Y_act_reg[10]/CK->D
          Group: clk
     Startpoint: (R) memory_act/u_ram/CLK
          Clock: (R) clk
       Endpoint: (R) dut_compute/coord_Y_act_reg[10]/D
          Clock: (R) clk

                     Capture       Launch     
        Clock Edge:+    4762            0     
       Src Latency:+       0            0     
       Net Latency:+     100 (I)      100 (I) 
           Arrival:=    4862          100     
                                              
             Setup:-     151                  
       Uncertainty:-      50                  
     Required Time:=    4661                  
      Launch Clock:-     100                  
         Data Path:-    4561                  
             Slack:=       0                  

#-------------------------------------------------------------------------------------------------------------------
#            Timing Point              Flags     Arc     Edge    Cell      Fanout Load Trans Delay Arrival Instance 
#                                                                                 (fF)  (ps)  (ps)   (ps)  Location 
#-------------------------------------------------------------------------------------------------------------------
  memory_act/u_ram/CLK                 -       -         R     (arrival)     3490    -     0     0     100    (-,-) 
  memory_act/u_ram/Q[1]                (P)     CLK->Q[1] F     RAM_4096X32      1  3.2   126  2589    2689    (-,-) 
  dut_compute/add_128_54_drc_bufs498/Y -       A->Y      R     INVX1            1  3.3    96   118    2807    (-,-) 
  dut_compute/add_128_54_drc_bufs496/Y -       A->Y      F     INVX1            2  5.8   169   146    2952    (-,-) 
  dut_compute/add_128_54_g473/Y        -       A->Y      R     NOR2X2           2  5.6   157   184    3136    (-,-) 
  dut_compute/add_128_54_g414/Y        -       A0->Y     F     OAI21X2          3  7.1   244   248    3384    (-,-) 
  dut_compute/add_128_54_g404/Y        -       A1->Y     R     AOI21X2          2  5.2   173   222    3607    (-,-) 
  dut_compute/g1314/Y                  -       A1N->Y    R     AOI2BB1X4        7 14.9   190   255    3862    (-,-) 
  dut_compute/add_128_54_g394/Y        -       A->Y      F     INVX2            2  5.5   109   150    4012    (-,-) 
  dut_compute/add_128_54_g384/Y        -       A1->Y     R     AOI21X1          1  3.3   199   176    4187    (-,-) 
  dut_compute/add_128_54_g378/Y        -       B->Y      R     CLKXOR2X1        1  3.1    83   252    4439    (-,-) 
  dut_compute/g1237/Y                  -       B->Y      R     MX2X1            1  3.2    85   222    4661    (-,-) 
  dut_compute/coord_Y_act_reg[10]/D    <<<     -         R     DFFRHQX1         1    -     -     0    4661    (-,-) 
#-------------------------------------------------------------------------------------------------------------------

(P) : Instance is preserved

