============================================================
  Generated by:           Genus(TM) Synthesis Solution 21.18-s082_1
  Generated on:           Aug 24 2026  06:27:21 pm
  Module:                 clusterization
  Library domain:         worst
    Domain index:         0
    Technology libraries: slow_vdd1v0 1.0
                          RAM_4096X32 1.1
                          RAM2P_1024X32 1.1
  Library domain:         best
    Domain index:         1
    Technology libraries: fast_vdd1v2 1.0
                          RAM_4096X32 1.1
                          RAM2P_1024X32 1.1
  Operating conditions:   PVT_0P9V_125C 
  Operating conditions:   PVT_1P32V_0C 
  Interconnect mode:      global
  Area mode:              physical library
============================================================

       Instance                              Module                        Cell Count  Normalized Cell Area  Normalized Net Area   Normalized Total Area 
---------------------------------------------------------------------------------------------------------------------------------------------------------
clusterization                                                                  23506           1909547.558            29559.584             1939107.142 
  bloc_exp             dist_mat_arg_exp_NB_POINTS1250_COORD_W16_ADDR_W11_        2745              9316.000             3112.351               12428.351 
  bloc_grad            norm_entropy_grad_NB_POINTS1250_COORD_W16_ADDR_W11        5195             17474.667             6458.126               23932.793 
  dut_cluster_assign   cluster_assign_NB_POINTS1250_COORD_W16_ADDR_W11_TO        1642              5031.333             1918.982                6950.316 
  dut_compute          act_coord_NB_POINTS1250_COORD_W16_ADDR_W11_ACT_W16         415               902.667              381.155                1283.822 
  exp_LUT              exp_LUT                                                   4501              8147.333             5834.137               13981.471 
  inv_LUT              inv_LUT                                                   2331              4116.667             2964.176                7080.842 
  mem_cluster          memory_cluster_ADDR_W11                                   6067            366511.798             7414.830              373926.627 
  memory_P_ij          memory_single_port_ADDR_W11_DATA_W16_2374                   91            231772.517               95.585              231868.102 
  memory_P_ij_A        memory_single_port_ADDR_W11_DATA_W16                        94            231787.517               99.160              231886.677 
  memory_P_ij_arbitrer ping_pong_arbiter_ADDR_W11_P_IJ_W16_ADDR_P_IJ_W11          141               439.000               83.970                 522.970 
  memory_act           memory_dual_port_ADDR_W11_DATA_W16_3463                      2            344438.464                0.722              344439.187 
  memory_coord_b1      memory_dual_port_ADDR_W11_DATA_W16                          34            344503.131               23.841              344526.972 
  memory_coord_b2      memory_dual_port_ADDR_W11_DATA_W16_3464                      2            344438.464                0.722              344439.187 
