###############################################################
#  Generated by:      Cadence Innovus 25.10-p002_1
#  OS:                Linux x86_64(Host ID gmicro02)
#  Generated on:      Mon Sep 14 13:44:09 2026
#  Design:            clusterization_v2
#  Command:           report_area -out_file backend/layout/reports/clusterization_v2_worst_100_0/area.rpt
###############################################################
    Hinst Name       Module Name                                                                              Inst Count           Total Area
------------------------------------------------------------------------------------------------------------------------------------------
clusterization_v2                                                                                                  33222          1510944.568
  NB_POINTS_LOADER   NB_POINTS_LOADER                                                                                 35              148.770
  cluster_assign     cluster_assign_v3_COORD_W16_ADDR_W12_TOL170459136                                              1452             5300.316
  coord_memory_b1    memory_dual_port_ADDR_W12_DATA_W16                                                              158           353687.984
  coord_memory_b2    memory_dual_port_ADDR_W12_DATA_W16_5594                                                         114           353688.326
  exp_LUT            exp_LUT_v2                                                                                     9651            16328.448
  exp_block          dist_mat_arg_exp_v2_COORD_W16_ADDR_W12_ADDR_P_IJ_W12_ADDR_LUT_EXP14_STEP_W6_K_W16_D2_W32       2591            11427.246
  grad_block         norm_entropy_grad_v2_COORD_W16_ADDR_W12_P_IJ_W16_ADDR_P_IJ_W12_ACT_W16_ADDR_LUT_INV10          3231            11318.148
  inv_LUT            inv_LUT                                                                                        2461             4198.050
  memory_cluster     memory_cluster_ADDR_W12                                                                       12361           397297.430
  upd_block          act_coord_v3_COORD_W16_ADDR_W12_ACT_W16                                                         337             1430.586
  upd_memory         memory_dual_port_ADDR_W12_DATA_W16_5593                                                           3           353404.124
