###############################################################
#  Generated by:      Cadence Innovus 25.10-p002_1
#  OS:                Linux x86_64(Host ID gmicro02)
#  Generated on:      Mon Sep 14 11:40:47 2026
#  Design:            clusterization_v2
#  Command:           report_timing > ${OUT_RPT}/hold_timing.rpt 
###############################################################
Path 1: VIOLATED (-0.099 ns) Hold Check with Pin memory_cluster/u_ram/CLK->A[6]
               View: analysis_normal_fast_min
              Group: clk
         Startpoint: (R) control_mem_cluster_read
              Clock: (R) clk
           Endpoint: (R) memory_cluster/u_ram/A[6]
              Clock: (R) clk

                       Capture       Launch
         Clock Edge:+    0.000        0.000
        Src Latency:+    0.000        0.000
        Net Latency:+    0.100 (P)    0.000 (I)
            Arrival:=    0.100        0.000

               Hold:+    0.537
        Uncertainty:+    0.050
      Required Time:=    0.687
       Launch Clock:=    0.000
        Input Delay:+    0.300
          Data Path:+    0.288
              Slack:=   -0.099

#-------------------------------------------------------------------------------------------------------------------------------------
# Timing Point                                      Flags  Arc                       Edge  Cell         Fanout  Trans   Delay  Arrival  
#                                                                                                                (ns)    (ns)     (ns)  
#-------------------------------------------------------------------------------------------------------------------------------------
  control_mem_cluster_read                          -      control_mem_cluster_read  R     (arrival)         1  0.146   0.000    0.300  
  FE_PHC3409_control_mem_cluster_read/Y             -      A->Y                      R     DLY4X1            1  0.146   0.119    0.419  
  FE_OFC2448_control_mem_cluster_read/Y             -      A->Y                      F     INVX2             1  0.012   0.034    0.453  
  FE_OFC2449_control_mem_cluster_read/Y             -      A->Y                      R     INVX3             5  0.052   0.034    0.487  
  FE_PHC3497_FE_OFN2313_control_mem_cluster_read/Y  -      A->Y                      R     CLKBUFX3          9  0.053   0.047    0.533  
  g4114/Y                                           -      S0->Y                     R     CLKMX2X3          4  0.051   0.055    0.588  
  memory_cluster/u_ram/A[6]                         -      A[6]                      R     RAM_4096X32       4  0.057   0.000    0.588  
#-------------------------------------------------------------------------------------------------------------------------------------

