###############################################################
#  Generated by:      Cadence Innovus 25.10-p002_1
#  OS:                Linux x86_64(Host ID gmicro02)
#  Generated on:      Wed Aug 26 15:45:12 2026
#  Design:            clusterization
#  Command:           report_timing > ${OUT_RPT}/hold_timing.rpt 
###############################################################
Path 1: VIOLATED (-0.100 ns) Hold Check with Pin mem_cluster/u_ram/CLK->A[1]
               View: analysis_normal_fast_min
              Group: clk
         Startpoint: (R) addr_cluster_read[1]
              Clock: (R) clk
           Endpoint: (R) mem_cluster/u_ram/A[1]
              Clock: (R) clk

                       Capture       Launch
         Clock Edge:+    0.000        0.000
        Src Latency:+    0.000        0.000
        Net Latency:+    0.095 (P)    0.000 (I)
            Arrival:=    0.095        0.000

               Hold:+    0.526
        Uncertainty:+    0.050
      Required Time:=    0.671
       Launch Clock:=    0.000
        Input Delay:+    0.300
          Data Path:+    0.271
              Slack:=   -0.100

#-----------------------------------------------------------------------------------------------------------------
# Timing Point                      Flags  Arc                   Edge  Cell         Fanout  Trans   Delay  Arrival  
#                                                                                            (ns)    (ns)     (ns)  
#-----------------------------------------------------------------------------------------------------------------
  addr_cluster_read[1]              -      addr_cluster_read[1]  R     (arrival)         1  0.146   0.000    0.300  
  FE_PHC3696_addr_cluster_read_1/Y  -      A->Y                  R     DLY2X1            1  0.146   0.065    0.365  
  FE_PHC3868_addr_cluster_read_1/Y  -      A->Y                  R     DLY4X4            1  0.006   0.140    0.505  
  g4422/Y                           -      A->Y                  R     CLKMX2X4          6  0.047   0.066    0.571  
  mem_cluster/u_ram/A[1]            -      A[1]                  R     RAM_4096X32       6  0.064   0.000    0.571  
#-----------------------------------------------------------------------------------------------------------------

