###############################################################
#  Generated by:      Cadence Innovus 25.10-p002_1
#  OS:                Linux x86_64(Host ID gmicro02)
#  Generated on:      Wed Aug 26 15:45:08 2026
#  Design:            clusterization
#  Command:           report_timing > ${OUT_RPT}/setup_timing.rpt 
###############################################################
Path 1: MET (0.042 ns) Setup Check with Pin memory_P_ij/u_ram/CLKA->WENA
               View: analysis_normal_slow_max
              Group: clk
         Startpoint: (R) bloc_exp/valid_out_reg/CK
              Clock: (R) clk
           Endpoint: (F) memory_P_ij/u_ram/WENA
              Clock: (R) clk

                       Capture       Launch
         Clock Edge:+    8.333        0.000
        Src Latency:+    0.000       -0.096
        Net Latency:+    0.205 (P)    0.224 (P)
            Arrival:=    8.538        0.128

              Setup:-    0.620
        Uncertainty:-    0.050
      Required Time:=    7.867
       Launch Clock:=    0.128
          Data Path:+    7.697
              Slack:=    0.042

#-------------------------------------------------------------------------------------------------------------------------
# Timing Point                                           Flags  Arc    Edge  Cell           Fanout  Trans   Delay  Arrival  
#                                                                                                    (ns)    (ns)     (ns)  
#-------------------------------------------------------------------------------------------------------------------------
  bloc_exp/valid_out_reg/CK                              -      CK     R     (arrival)         100  0.100       -    0.128  
  bloc_exp/valid_out_reg/Q                               -      CK->Q  R     DFFRX1              1  0.100   0.320    0.448  
  bloc_exp/FE_PHC3791_valid_out_b1/Y                     -      A->Y   R     DLY2X1              5  0.031   0.378    0.826  
  memory_P_ij_arbitrer/g1066/Y                           -      A->Y   F     NAND2X1             1  0.139   0.141    0.966  
  memory_P_ij_arbitrer/FE_OFC1070_we_P_ij_B/Y            -      A->Y   F     BUFX3               2  0.088   0.101    1.068  
  memory_P_ij_arbitrer/FE_PHC4175_FE_OFN819_we_P_ij_B/Y  -      A->Y   F     DLY1X1              1  0.029   0.180    1.248  
  memory_P_ij_arbitrer/FE_PHC3735_FE_OFN819_we_P_ij_B/Y  -      A->Y   F     CLKBUFX6            1  0.046   0.123    1.371  
  memory_P_ij_arbitrer/FE_OFC1071_we_P_ij_B/Y            -      A->Y   R     INVX2               1  0.098   0.066    1.437  
  memory_P_ij_arbitrer/FE_PHC4522_FE_OFN820_we_P_ij_B/Y  -      A->Y   R     CLKBUFX8            1  0.036   0.108    1.545  
  memory_P_ij_arbitrer/FE_PHC3744_FE_OFN820_we_P_ij_B/Y  -      A->Y   R     DLY4X1              1  0.060   0.642    2.187  
  memory_P_ij_arbitrer/FE_PHC5941_FE_OFN820_we_P_ij_B/Y  -      A->Y   R     CLKBUFX2            1  0.065   0.101    2.288  
  memory_P_ij_arbitrer/FE_PHC4212_FE_OFN820_we_P_ij_B/Y  -      A->Y   R     CLKBUFX2            1  0.023   0.108    2.396  
  memory_P_ij_arbitrer/FE_PHC3899_FE_OFN820_we_P_ij_B/Y  -      A->Y   R     DLY4X1              1  0.068   0.635    3.030  
  memory_P_ij_arbitrer/FE_PHC6194_FE_OFN820_we_P_ij_B/Y  -      A->Y   R     CLKBUFX2            1  0.048   0.091    3.121  
  memory_P_ij_arbitrer/FE_PHC4218_FE_OFN820_we_P_ij_B/Y  -      A->Y   R     DLY1X1              1  0.022   0.160    3.281  
  memory_P_ij_arbitrer/FE_PHC4526_FE_OFN820_we_P_ij_B/Y  -      A->Y   R     CLKBUFX2            1  0.026   0.085    3.366  
  memory_P_ij_arbitrer/FE_PHC6173_FE_OFN820_we_P_ij_B/Y  -      A->Y   R     DLY2X1              1  0.034   0.314    3.680  
  memory_P_ij_arbitrer/FE_PHC6214_FE_OFN820_we_P_ij_B/Y  -      A->Y   R     CLKBUFX2            1  0.021   0.119    3.799  
  memory_P_ij_arbitrer/FE_OFC1072_we_P_ij_B/Y            -      A->Y   F     CLKINVX8            2  0.092   0.111    3.910  
  memory_P_ij_arbitrer/FE_PHC3927_we_P_ij_B/Y            -      A->Y   F     CLKBUFX20           1  0.128   0.125    4.035  
  memory_P_ij_arbitrer/FE_PHC3758_we_P_ij_B/Y            -      A->Y   F     DLY1X4              1  0.031   0.222    4.258  
  memory_P_ij_arbitrer/FE_PHC3946_we_P_ij_B/Y            -      A->Y   F     DLY4X4              3  0.048   0.674    4.932  
  FE_PHC4887_we_P_ij_B/Y                                 -      A->Y   F     DLY1X4              1  0.036   0.211    5.143  
  FE_PHC4603_we_P_ij_B/Y                                 -      A->Y   F     DLY4X1              1  0.023   0.620    5.763  
  FE_PHC4540_we_P_ij_B/Y                                 -      A->Y   F     DLY4X1              1  0.029   0.627    6.390  
  FE_PHC4725_we_P_ij_B/Y                                 -      A->Y   F     DLY4X1              1  0.038   0.630    7.020  
  FE_PHC4230_we_P_ij_B/Y                                 -      A->Y   F     DLY4X4              1  0.036   0.666    7.686  
  FE_PHC5306_we_P_ij_B/Y                                 -      A->Y   F     CLKBUFX6            1  0.029   0.139    7.825  
  memory_P_ij/u_ram/WENA                                 -      WENA   F     RAM2P_1024X32       1  0.178   0.000    7.825  
#-------------------------------------------------------------------------------------------------------------------------

