============================================================
  Generated by:           Genus(TM) Synthesis Solution 21.18-s082_1
  Generated on:           Aug 25 2026  02:11:45 pm
  Module:                 clusterization
  Operating conditions:   PVT_0P9V_125C 
  Operating conditions:   PVT_1P32V_0C 
  Interconnect mode:      global
  Area mode:              physical library
============================================================

Timing
--------

Clock Period 
-------------
clk   8000.0 


  Cost    Critical         Violating 
 Group   Path Slack  TNS     Paths   
-------------------------------------
clk             0.9   0.0          0 
default    No paths   0.0            
-------------------------------------
Total                 0.0          0 

Instance Count
--------------
Leaf Instance Count             20877 
Physical Instance count             0 
Sequential Instance Count        3428 
Combinational Instance Count    17449 
Hierarchical Instance Count        13 

Area
----
Cell Area                          1949508.645
Physical Cell Area                 0.000
Total Cell Area (Cell+Physical)    1949508.645
Net Area                           27031.450
Total Area (Cell+Physical+Net)     1976540.095

Max Fanout                         3430 (clk)
Min Fanout                         0 (done_b1)
Average Fanout                     2.5
Terms to net ratio                 3.5610
Terms to instance ratio            3.8502
Runtime                            1186.4563409999998 seconds
Elapsed Runtime                    1213 seconds
Genus peak memory usage            2898.84 
Innovus peak memory usage          no_value 
Hostname                           gmicro02
