###############################################################
#  Generated by:      Cadence Innovus 25.10-p002_1
#  OS:                Linux x86_64(Host ID gmicro02)
#  Generated on:      Thu Sep 10 11:58:09 2026
#  Design:            clusterization_v2
#  Command:           report_gates -out_file /home/epiphane/projets/clusterization/backend/layout/reports/clusterization_v2_worst_145_0/clusterization_v2_gates_layout.rpt
###############################################################
Library cell information:
 -----------------------------------------
| Cell        |  Instance  |  Area(um^2)  |
|-----------------------------------------|
| ADDFX1      |       1076 |     5519.880 | 
| ADDHX1      |        225 |      846.450 | 
| ADDHX2      |          3 |       15.390 | 
| AND2X1      |       2011 |     2751.048 | 
| AND2X2      |        433 |      740.430 | 
| AND2X4      |        100 |      273.600 | 
| AND2X6      |         52 |      195.624 | 
| AND2X8      |         13 |       57.798 | 
| AND2XL      |          1 |        1.368 | 
| AND3X1      |          3 |        7.182 | 
| AND3X2      |          3 |        8.208 | 
| AND3XL      |         87 |      178.524 | 
| AND4X1      |         95 |      227.430 | 
| AND4X2      |          2 |        6.156 | 
| AND4X4      |          1 |        3.762 | 
| AO21X1      |       4270 |    10222.380 | 
| AO21X2      |          3 |        8.208 | 
| AO21X4      |          2 |        6.840 | 
| AO21XL      |          7 |       16.758 | 
| AO22X1      |        600 |     1641.600 | 
| AO22X2      |         15 |       46.170 | 
| AO22X4      |          1 |        3.762 | 
| AO22XL      |         10 |       27.360 | 
| AOI211X1    |         24 |       57.456 | 
| AOI211X2    |         22 |       75.240 | 
| AOI211XL    |        109 |      223.668 | 
| AOI21X1     |       2048 |     3502.080 | 
| AOI21X2     |        130 |      355.680 | 
| AOI21X4     |          4 |       20.520 | 
| AOI21XL     |          1 |        1.710 | 
| AOI221X1    |        227 |      543.438 | 
| AOI221X2    |         31 |      137.826 | 
| AOI222X1    |          2 |        6.156 | 
| AOI22X1     |        549 |     1126.548 | 
| AOI22X2     |          8 |       30.096 | 
| AOI2BB1X1   |        252 |      517.104 | 
| AOI2BB1X2   |          4 |       12.312 | 
| AOI2BB2X1   |          3 |       10.260 | 
| AOI31X1     |         66 |      135.432 | 
| AOI31X2     |         12 |       41.040 | 
| AOI32X1     |         22 |       52.668 | 
| AOI32X2     |          1 |        4.446 | 
| AOI33X1     |          1 |        2.736 | 
| BUFX12      |         34 |      174.420 | 
| BUFX2       |        352 |      601.920 | 
| BUFX3       |        106 |      217.512 | 
| BUFX4       |         32 |       76.608 | 
| CLKAND2X12  |          7 |       52.668 | 
| CLKAND2X3   |          1 |        3.078 | 
| CLKBUFX12   |         42 |      215.460 | 
| CLKBUFX16   |         29 |      198.360 | 
| CLKBUFX2    |        249 |      425.790 | 
| CLKBUFX20   |         10 |       82.080 | 
| CLKBUFX3    |          4 |        8.208 | 
| CLKBUFX4    |          9 |       21.546 | 
| CLKBUFX6    |         54 |      166.212 | 
| CLKBUFX8    |         28 |      105.336 | 
| CLKINVX4    |         31 |       53.010 | 
| CLKINVX6    |         64 |      153.216 | 
| CLKINVX8    |          2 |        6.156 | 
| CLKMX2X2    |         18 |       55.404 | 
| CLKMX2X3    |          2 |        8.208 | 
| CLKXOR2X1   |         61 |      166.896 | 
| DFFHQX1     |         79 |      432.288 | 
| DFFHQX8     |         11 |      101.574 | 
| DFFQX2      |         10 |       64.980 | 
| DFFQX4      |          9 |       64.638 | 
| DFFQXL      |          5 |       27.360 | 
| DFFRHQX1    |       4479 |    27572.724 | 
| DFFRX1      |         83 |      567.720 | 
| DFFRX4      |          2 |       19.152 | 
| DFFSHQX1    |         16 |      103.968 | 
| DFFSHQX8    |          1 |       10.602 | 
| DFFX1       |         12 |       86.184 | 
| DFFX2       |         10 |       82.080 | 
| DFFX4       |          1 |        9.234 | 
| DLY1X1      |        216 |      664.848 | 
| DLY1X4      |          5 |       18.810 | 
| DLY2X1      |        116 |      674.424 | 
| DLY2X4      |         18 |      123.120 | 
| DLY3X1      |         74 |      607.392 | 
| DLY4X1      |        214 |     2122.452 | 
| DLY4X4      |          1 |       10.602 | 
| EDFFHQX1    |        846 |     7233.300 | 
| EDFFHQX4    |          7 |       74.214 | 
| EDFFHQX8    |          2 |       23.256 | 
| EDFFX2      |         59 |      544.806 | 
| EDFFX4      |         21 |      229.824 | 
| FILL1       |      13267 |     4537.314 | 
| FILL16      |        571 |     3124.512 | 
| FILL2       |      12089 |     8268.876 | 
| FILL32      |        112 |     1225.728 | 
| FILL4       |       4567 |     6247.656 | 
| FILL64      |         88 |     1926.144 | 
| FILL8       |       1733 |     4741.488 | 
| INVX1       |       1204 |      823.536 | 
| INVX2       |        459 |      470.934 | 
| INVX3       |        227 |      310.536 | 
| INVX4       |         22 |       37.620 | 
| INVX6       |          6 |       14.364 | 
| INVXL       |         83 |       56.772 | 
| MDFFHQX1    |         15 |      128.250 | 
| MDFFHQX4    |         87 |      803.358 | 
| MX2X1       |        861 |     2061.234 | 
| MX2XL       |         31 |       74.214 | 
| MX3XL       |         13 |       62.244 | 
| MX4X1       |          7 |       52.668 | 
| MX4XL       |        112 |      804.384 | 
| MXI2X1      |         31 |       84.816 | 
| MXI2XL      |        646 |     1546.524 | 
| MXI4X1      |          4 |       28.728 | 
| NAND2BX1    |        355 |      485.640 | 
| NAND2BX2    |         23 |       55.062 | 
| NAND2BX4    |          5 |       18.810 | 
| NAND2BXL    |          2 |        2.736 | 
| NAND2X1     |       1209 |     1240.434 | 
| NAND2X2     |         62 |      106.020 | 
| NAND2X4     |          1 |        3.420 | 
| NAND2XL     |          2 |        2.052 | 
| NAND3BX1    |          4 |        8.208 | 
| NAND3BXL    |         15 |       25.650 | 
| NAND3X1     |         50 |       85.500 | 
| NAND3X2     |          5 |       13.680 | 
| NOR2BX1     |        379 |      518.472 | 
| NOR2BX2     |         13 |       35.568 | 
| NOR2BX4     |          1 |        3.762 | 
| NOR2X1      |       1093 |     1121.418 | 
| NOR2X2      |         50 |       85.500 | 
| NOR2X4      |          4 |       12.312 | 
| NOR2XL      |          7 |        7.182 | 
| NOR3BX1     |          9 |       18.468 | 
| NOR3X1      |         33 |       56.430 | 
| NOR3X2      |          5 |       13.680 | 
| NOR4BBX1    |          1 |        2.736 | 
| NOR4BX1     |          4 |        9.576 | 
| NOR4BX2     |          3 |       14.364 | 
| NOR4X1      |         45 |       76.950 | 
| NOR4X2      |          1 |        3.420 | 
| OA21X1      |        528 |     1083.456 | 
| OA21X2      |          6 |       18.468 | 
| OA22X1      |        802 |     1919.988 | 
| OA22X2      |          1 |        3.420 | 
| OAI211X1    |          1 |        1.710 | 
| OAI211X4    |          1 |        6.498 | 
| OAI21X1     |        848 |     1450.080 | 
| OAI21X2     |         46 |      141.588 | 
| OAI21XL     |          1 |        1.710 | 
| OAI221X1    |          2 |        4.788 | 
| OAI22X1     |        636 |     1305.072 | 
| OAI22X2     |         21 |       71.820 | 
| OAI22X4     |          1 |        6.498 | 
| OAI22XL     |          1 |        2.052 | 
| OAI2BB1X1   |       1928 |     3296.880 | 
| OAI2BB1X2   |        118 |      363.204 | 
| OAI2BB1X4   |          3 |       13.338 | 
| OAI2BB1XL   |          1 |        2.052 | 
| OAI2BB2XL   |          2 |        7.524 | 
| OAI31X1     |         82 |      168.264 | 
| OAI31X2     |          5 |       18.810 | 
| OAI32X1     |         13 |       31.122 | 
| OR2X1       |       1180 |     1614.240 | 
| OR2X2       |        205 |      350.550 | 
| OR2X4       |         83 |      227.088 | 
| OR2X6       |         30 |      112.860 | 
| OR2X8       |          6 |       26.676 | 
| OR2XL       |          2 |        2.736 | 
| OR3X1       |        199 |      408.348 | 
| OR3X2       |          4 |        9.576 | 
| OR4X1       |        284 |      582.768 | 
| OR4X2       |          9 |       30.780 | 
| OR4X4       |          1 |        3.762 | 
| RAM_4096X32 |          4 |  1413572.722 | 
| XNOR2X1     |        704 |     1685.376 | 
| XNOR2X2     |          4 |       12.312 | 
| XOR2X1      |          2 |        5.472 | 
|-----------------------------------------|
| Total       |      67341 |  1543946.542 |
 -----------------------------------------
Library cell type information:
 -------------------------------------------------------
| Cell Type        |   Instance   |        Area         |
|                  |              |       um^2  |   %   |
|-------------------------------------------------------|
| Buffer           |         1593 |    6515.100 |   0.4 | 
| Inverter         |         2098 |    1926.144 |   0.1 | 
| Combinational    |        25464 |   53681.346 |   3.5 | 
| Flop             |         5755 |   38179.512 |   2.5 | 
| Multi-Bit Flop   |            0 |       0.000 |   0.0 | 
| Latch            |            0 |       0.000 |   0.0 | 
| Clock Gater      |            0 |       0.000 |   0.0 | 
| Macro            |            4 | 1413572.722 |  91.6 | 
| Physical Cell    |        32427 |   30071.718 |   1.9 | 
|-------------------------------------------------------|
| Total            |        67341 | 1543946.542 | 100.0 | 
 -------------------------------------------------------
