###############################################################
#  Generated by:      Cadence Innovus 25.10-p002_1
#  OS:                Linux x86_64(Host ID gmicro02)
#  Generated on:      Thu Sep 10 11:57:14 2026
#  Design:            clusterization_v2
#  Command:           report_timing > ${OUT_RPT}/setup_timing.rpt 
###############################################################
Path 1: VIOLATED (-0.136 ns) Late Output Delay Assertion
               View: analysis_normal_slow_max
              Group: clk
         Startpoint: (R) memory_cluster/u_ram/CLK
              Clock: (R) clk
           Endpoint: (R) cluster_read[11]
              Clock: (R) clk

                       Capture       Launch
         Clock Edge:+    6.897        0.000
        Src Latency:+    0.000       -0.202
        Net Latency:+    0.000 (P)    0.301 (P)
            Arrival:=    6.897        0.100

       Output Delay:-    0.300
        Uncertainty:-    0.050
      Required Time:=    6.547
       Launch Clock:=    0.100
          Data Path:+    6.583
              Slack:=   -0.136

#-------------------------------------------------------------------------------------------------------
# Timing Point                Flags  Arc               Edge  Cell         Fanout  Trans   Delay  Arrival  
#                                                                                  (ns)    (ns)     (ns)  
#-------------------------------------------------------------------------------------------------------
  memory_cluster/u_ram/CLK    -      CLK               R     (arrival)        93  0.109       -    0.100  
  memory_cluster/u_ram/Q[11]  -      CLK->Q[11]        R     RAM_4096X32       1  0.109   6.583    6.683  
  cluster_read[11]            -      cluster_read[11]  R     -                 1  8.594   0.000    6.683  
#-------------------------------------------------------------------------------------------------------

