============================================================
  Generated by:           Genus(TM) Synthesis Solution 21.18-s082_1
  Generated on:           Sep 09 2026  07:04:19 pm
  Module:                 clusterization_v2
  Library domain:         worst
    Domain index:         0
    Technology libraries: slow_vdd1v0 1.0
                          RAM_4096X32 1.1
                          RAM2P_1024X32 1.1
  Library domain:         best
    Domain index:         1
    Technology libraries: fast_vdd1v2 1.0
                          RAM_4096X32 1.1
                          RAM2P_1024X32 1.1
  Operating conditions:   PVT_0P9V_125C 
  Operating conditions:   PVT_1P32V_0C 
  Interconnect mode:      global
  Area mode:              physical library
============================================================

     Instance                           Module                        Cell Count  Normalized Cell Area  Normalized Net Area   Normalized Total Area 
----------------------------------------------------------------------------------------------------------------------------------------------------
clusterization_v2                                                          32668           1471445.524            40842.202             1512287.726 
  cluster_assign  cluster_assign_NB_POINTS1250_COORD_W16_ADDR_W12_TO        1457              4642.333             1741.168                6383.501 
  coord_memory_b1 memory_dual_port_ADDR_W12_DATA_W16                          34            344502.464               23.841              344526.305 
  coord_memory_b2 memory_dual_port_ADDR_W12_DATA_W16_5592                      2            344438.464                0.722              344439.187 
  exp_LUT         exp_LUT_v2                                                9064             15958.667            11372.405               27331.072 
  exp_block       dist_mat_arg_exp_v2_NB_POINTS1250_COORD_W16_ADDR_W        3214             11829.667             3695.087               15524.754 
  grad_block      norm_entropy_grad_v2_NB_POINTS1250_COORD_W16_ADDR_        3231             11093.333             4094.136               15187.470 
  inv_LUT         inv_LUT                                                   2337              4061.333             2972.734                7034.067 
  memory_cluster  memory_cluster_ADDR_W12                                  12849            389120.464            15479.638              404600.102 
  upd_block       act_coord_NB_POINTS1250_COORD_W16_ADDR_W12_ACT_W16         272               733.667              244.353                 978.020 
  upd_memory      memory_dual_port_ADDR_W12_DATA_W16_5591                      2            344438.464                0.722              344439.187 
