============================================================
  Generated by:           Genus(TM) Synthesis Solution 21.18-s082_1
  Generated on:           Aug 24 2026  06:29:10 pm
  Module:                 clusterization
  Library domain:         worst
    Domain index:         0
    Technology libraries: slow_vdd1v0 1.0
                          RAM_4096X32 1.1
                          RAM2P_1024X32 1.1
  Library domain:         best
    Domain index:         1
    Technology libraries: fast_vdd1v2 1.0
                          RAM_4096X32 1.1
                          RAM2P_1024X32 1.1
  Operating conditions:   PVT_0P9V_125C 
  Operating conditions:   PVT_1P32V_0C 
  Interconnect mode:      global
  Area mode:              physical library
============================================================

       Instance                              Module                        Cell Count   Cell Area  Net Area   Total Area 
-------------------------------------------------------------------------------------------------------------------------
clusterization                                                                  24735 1962898.287 31426.426  1994324.712 
  bloc_exp             dist_mat_arg_exp_NB_POINTS1250_COORD_W16_ADDR_W11_        2839    9670.392  3277.069    12947.461 
  bloc_grad            norm_entropy_grad_NB_POINTS1250_COORD_W16_ADDR_W11        6125   21353.112  7497.248    28850.360 
  dut_cluster_assign   cluster_assign_NB_POINTS1250_COORD_W16_ADDR_W11_TO        1714    5223.366  2030.531     7253.897 
  dut_compute          act_coord_NB_POINTS1250_COORD_W16_ADDR_W11_ACT_W16         412     995.904   388.461     1384.365 
  exp_LUT              exp_LUT                                                   4586    8421.408  6066.182    14487.590 
  inv_LUT              inv_LUT                                                   2358    4197.708  3072.091     7269.799 
  mem_cluster          memory_cluster_ADDR_W11                                   6103  376046.918  7633.938   383680.857 
  memory_P_ij          memory_single_port_ADDR_W11_DATA_W16_2374                   86  237794.498    92.559   237887.057 
  memory_P_ij_A        memory_single_port_ADDR_W11_DATA_W16                        78  237768.848    84.101   237852.950 
  memory_P_ij_arbitrer ping_pong_arbiter_ADDR_W11_P_IJ_W16_ADDR_P_IJ_W11          149     496.584    93.186      589.770 
  memory_act           memory_dual_port_ADDR_W11_DATA_W16_3463                      2  353393.864     0.741   353394.606 
  memory_coord_b1      memory_dual_port_ADDR_W11_DATA_W16                          34  353456.108    24.461   353480.569 
  memory_coord_b2      memory_dual_port_ADDR_W11_DATA_W16_3464                      2  353393.864     0.741   353394.606 
