============================================================
  Generated by:           Genus(TM) Synthesis Solution 21.18-s082_1
  Generated on:           Aug 24 2026  06:29:11 pm
  Module:                 clusterization
  Operating conditions:   PVT_0P9V_125C 
  Operating conditions:   PVT_1P32V_0C 
  Interconnect mode:      global
  Area mode:              physical library
============================================================

Timing
--------

Clock Period 
-------------
clk   4545.0 


  Cost    Critical         Violating 
 Group   Path Slack  TNS     Paths   
-------------------------------------
clk             0.0   0.0          0 
default    No paths   0.0            
-------------------------------------
Total                 0.0          0 

Instance Count
--------------
Leaf Instance Count             24735 
Physical Instance count             0 
Sequential Instance Count        3488 
Combinational Instance Count    21247 
Hierarchical Instance Count        13 

Area
----
Cell Area                          1962898.287
Physical Cell Area                 0.000
Total Cell Area (Cell+Physical)    1962898.287
Net Area                           31426.425
Total Area (Cell+Physical+Net)     1994324.712

Max Fanout                         3490 (clk)
Min Fanout                         0 (done_b1)
Average Fanout                     2.4
Terms to net ratio                 3.4895
Terms to instance ratio            3.7378
Runtime                            1340.2824179999998 seconds
Elapsed Runtime                    1364 seconds
Genus peak memory usage            2914.23 
Innovus peak memory usage          no_value 
Hostname                           gmicro02
