============================================================
  Generated by:           Genus(TM) Synthesis Solution 21.18-s082_1
  Generated on:           Aug 24 2026  06:29:10 pm
  Module:                 clusterization
  Library domain:         worst
    Domain index:         0
    Technology libraries: slow_vdd1v0 1.0
                          RAM_4096X32 1.1
                          RAM2P_1024X32 1.1
  Library domain:         best
    Domain index:         1
    Technology libraries: fast_vdd1v2 1.0
                          RAM_4096X32 1.1
                          RAM2P_1024X32 1.1
  Operating conditions:   PVT_0P9V_125C 
  Operating conditions:   PVT_1P32V_0C 
  Interconnect mode:      global
  Area mode:              physical library
============================================================

       Instance                              Module                        Cell Count  Normalized Cell Area  Normalized Net Area   Normalized Total Area 
---------------------------------------------------------------------------------------------------------------------------------------------------------
clusterization                                                                  24735           1913156.225            30630.045             1943786.269 
  bloc_exp             dist_mat_arg_exp_NB_POINTS1250_COORD_W16_ADDR_W11_        2839              9425.333             3194.025               12619.358 
  bloc_grad            norm_entropy_grad_NB_POINTS1250_COORD_W16_ADDR_W11        6125             20812.000             7307.259               28119.259 
  dut_cluster_assign   cluster_assign_NB_POINTS1250_COORD_W16_ADDR_W11_TO        1714              5091.000             1979.075                7070.075 
  dut_compute          act_coord_NB_POINTS1250_COORD_W16_ADDR_W11_ACT_W16         412               970.667              378.617                1349.284 
  exp_LUT              exp_LUT                                                   4586              8208.000             5912.458               14120.458 
  inv_LUT              inv_LUT                                                   2358              4091.333             2994.241                7085.574 
  mem_cluster          memory_cluster_ADDR_W11                                   6103            366517.464             7440.486              373957.950 
  memory_P_ij          memory_single_port_ADDR_W11_DATA_W16_2374                   86            231768.517               90.213              231858.730 
  memory_P_ij_A        memory_single_port_ADDR_W11_DATA_W16                        78            231743.517               81.970              231825.487 
  memory_P_ij_arbitrer ping_pong_arbiter_ADDR_W11_P_IJ_W16_ADDR_P_IJ_W11          149               484.000               90.824                 574.824 
  memory_act           memory_dual_port_ADDR_W11_DATA_W16_3463                      2            344438.464                0.722              344439.187 
  memory_coord_b1      memory_dual_port_ADDR_W11_DATA_W16                          34            344499.131               23.841              344522.972 
  memory_coord_b2      memory_dual_port_ADDR_W11_DATA_W16_3464                      2            344438.464                0.722              344439.187 
