============================================================
  Generated by:           Genus(TM) Synthesis Solution 21.18-s082_1
  Generated on:           Aug 24 2026  06:29:11 pm
  Module:                 clusterization
  Operating conditions:   PVT_0P9V_125C 
  Operating conditions:   PVT_1P32V_0C 
  Interconnect mode:      global
  Area mode:              physical library
============================================================

                                                       Library 
     Gate      Instances     Area          Library      Domain 
---------------------------------------------------------------
ACHCONX2               3       37.962    slow_vdd1v0     worst 
ADDFHX1               36      270.864    slow_vdd1v0     worst 
ADDFHX2               62      508.896    slow_vdd1v0     worst 
ADDFX1               990     5078.700    slow_vdd1v0     worst 
ADDFX2                 1        7.866    slow_vdd1v0     worst 
ADDFX4                 1        9.576    slow_vdd1v0     worst 
ADDHX1               179      673.398    slow_vdd1v0     worst 
ADDHX2                 1        5.130    slow_vdd1v0     worst 
ADDHX4                 1        7.182    slow_vdd1v0     worst 
AND2X1              1602     2191.536    slow_vdd1v0     worst 
AND2X2               122      208.620    slow_vdd1v0     worst 
AND2X4               187      511.632    slow_vdd1v0     worst 
AND2X6                18       67.716    slow_vdd1v0     worst 
AND2X8                12       53.352    slow_vdd1v0     worst 
AND3X1                 3        7.182    slow_vdd1v0     worst 
AND3X4                 4       12.312    slow_vdd1v0     worst 
AND3X6                 1        4.446    slow_vdd1v0     worst 
AND3XL                34       69.768    slow_vdd1v0     worst 
AND4X1                42      100.548    slow_vdd1v0     worst 
AO21X1              2199     5264.406    slow_vdd1v0     worst 
AO21X2                 6       16.416    slow_vdd1v0     worst 
AO21X4                 3       10.260    slow_vdd1v0     worst 
AO22X1               422     1154.592    slow_vdd1v0     worst 
AO22X2                 2        6.156    slow_vdd1v0     worst 
AO22X4                 3       11.286    slow_vdd1v0     worst 
AOI211X1              26       62.244    slow_vdd1v0     worst 
AOI211X2              50      171.000    slow_vdd1v0     worst 
AOI211X4               1        6.498    slow_vdd1v0     worst 
AOI21X1              853     1458.630    slow_vdd1v0     worst 
AOI21X2               44      120.384    slow_vdd1v0     worst 
AOI21X4               79      405.270    slow_vdd1v0     worst 
AOI221X2             106      471.276    slow_vdd1v0     worst 
AOI221X4               2       15.732    slow_vdd1v0     worst 
AOI222X2             204     1116.288    slow_vdd1v0     worst 
AOI222X4               2       19.152    slow_vdd1v0     worst 
AOI22X1              773     1586.196    slow_vdd1v0     worst 
AOI22X2               19       71.478    slow_vdd1v0     worst 
AOI22X4                8       49.248    slow_vdd1v0     worst 
AOI2BB1X1            154      316.008    slow_vdd1v0     worst 
AOI2BB1X2             61      187.758    slow_vdd1v0     worst 
AOI2BB1X4             89      365.256    slow_vdd1v0     worst 
AOI2BB2X2              2       10.260    slow_vdd1v0     worst 
AOI2BB2X4              4       30.096    slow_vdd1v0     worst 
AOI31X2              134      458.280    slow_vdd1v0     worst 
AOI31X4               10       64.980    slow_vdd1v0     worst 
AOI32X2               19       84.474    slow_vdd1v0     worst 
AOI32X4                1        7.866    slow_vdd1v0     worst 
AOI33X2                1        5.130    slow_vdd1v0     worst 
AOI33X4                1        9.234    slow_vdd1v0     worst 
BUFX12                 6       30.780    slow_vdd1v0     worst 
BUFX16                 4       27.360    slow_vdd1v0     worst 
BUFX2                 61      104.310    slow_vdd1v0     worst 
BUFX3                 38       77.976    slow_vdd1v0     worst 
BUFX4                  2        4.788    slow_vdd1v0     worst 
BUFX6                 44      135.432    slow_vdd1v0     worst 
BUFX8                  8       30.096    slow_vdd1v0     worst 
CLKAND2X12            39      293.436    slow_vdd1v0     worst 
CLKAND2X2             42       86.184    slow_vdd1v0     worst 
CLKAND2X3             32       98.496    slow_vdd1v0     worst 
CLKAND2X4              2        6.840    slow_vdd1v0     worst 
CLKAND2X6             59      282.492    slow_vdd1v0     worst 
CLKBUFX12              1        5.130    slow_vdd1v0     worst 
CLKBUFX16              1        6.840    slow_vdd1v0     worst 
CLKBUFX2               2        3.420    slow_vdd1v0     worst 
CLKBUFX20              3       24.624    slow_vdd1v0     worst 
CLKBUFX6               1        3.078    slow_vdd1v0     worst 
CLKINVX12             58      238.032    slow_vdd1v0     worst 
CLKINVX16             29      158.688    slow_vdd1v0     worst 
CLKINVX20             33      214.434    slow_vdd1v0     worst 
CLKINVX4              97      165.870    slow_vdd1v0     worst 
CLKINVX6              90      215.460    slow_vdd1v0     worst 
CLKINVX8              60      184.680    slow_vdd1v0     worst 
CLKMX2X2              16       49.248    slow_vdd1v0     worst 
CLKMX2X3              30      123.120    slow_vdd1v0     worst 
CLKMX2X4               2        8.208    slow_vdd1v0     worst 
CLKMX2X6               1        4.446    slow_vdd1v0     worst 
CLKXOR2X1            198      541.728    slow_vdd1v0     worst 
CLKXOR2X2             11       37.620    slow_vdd1v0     worst 
DFFHQX1               91      497.952    slow_vdd1v0     worst 
DFFQX2                11       71.478    slow_vdd1v0     worst 
DFFQX4                 1        7.182    slow_vdd1v0     worst 
DFFRHQX1            2403    14792.868    slow_vdd1v0     worst 
DFFRHQX4               3       28.728    slow_vdd1v0     worst 
DFFRHQX8               3       33.858    slow_vdd1v0     worst 
DFFRX1                46      314.640    slow_vdd1v0     worst 
DFFRX2                42      316.008    slow_vdd1v0     worst 
DFFRX4                 3       28.728    slow_vdd1v0     worst 
DFFSHQX1              17      110.466    slow_vdd1v0     worst 
DFFSHQX8               1       10.602    slow_vdd1v0     worst 
DFFX1                  1        7.182    slow_vdd1v0     worst 
DLY1X4                 1        3.762    slow_vdd1v0     worst 
EDFFHQX1             619     5292.450    slow_vdd1v0     worst 
EDFFHQX2              22      195.624    slow_vdd1v0     worst 
EDFFHQX4              52      551.304    slow_vdd1v0     worst 
EDFFHQX8               1       11.628    slow_vdd1v0     worst 
EDFFX2                75      692.550    slow_vdd1v0     worst 
EDFFX4                32      350.208    slow_vdd1v0     worst 
INVX1                990      677.160    slow_vdd1v0     worst 
INVX12                 3       12.312    slow_vdd1v0     worst 
INVX2                287      294.462    slow_vdd1v0     worst 
INVX20                 5       32.490    slow_vdd1v0     worst 
INVX3                144      196.992    slow_vdd1v0     worst 
INVX4                  4        6.840    slow_vdd1v0     worst 
INVX6                 13       31.122    slow_vdd1v0     worst 
INVX8                  3        9.234    slow_vdd1v0     worst 
INVXL                  6        4.104    slow_vdd1v0     worst 
MDFFHQX1              16      136.800    slow_vdd1v0     worst 
MDFFHQX2               7       64.638    slow_vdd1v0     worst 
MDFFHQX4              25      230.850    slow_vdd1v0     worst 
MDFFHQX8              11      124.146    slow_vdd1v0     worst 
MX2X1                636     1522.584    slow_vdd1v0     worst 
MX3XL                 11       52.668    slow_vdd1v0     worst 
MXI2X1                 8       21.888    slow_vdd1v0     worst 
MXI2X2                 8       35.568    slow_vdd1v0     worst 
MXI2X6                 4       20.520    slow_vdd1v0     worst 
MXI2X8                 1        6.156    slow_vdd1v0     worst 
NAND2BX1             182      248.976    slow_vdd1v0     worst 
NAND2BX2             115      275.310    slow_vdd1v0     worst 
NAND2BX4              24       90.288    slow_vdd1v0     worst 
NAND2X1              693      711.018    slow_vdd1v0     worst 
NAND2X2              399      682.290    slow_vdd1v0     worst 
NAND2X4               91      311.220    slow_vdd1v0     worst 
NAND2X6               85      406.980    slow_vdd1v0     worst 
NAND2X8               77      421.344    slow_vdd1v0     worst 
NAND3BX2              23       70.794    slow_vdd1v0     worst 
NAND3BX4               3       15.390    slow_vdd1v0     worst 
NAND3X2               30       82.080    slow_vdd1v0     worst 
NAND3X4                2        9.576    slow_vdd1v0     worst 
NAND3X6                1        7.182    slow_vdd1v0     worst 
NAND3X8                3       24.624    slow_vdd1v0     worst 
NOR2BX1              287      392.616    slow_vdd1v0     worst 
NOR2BX2               84      229.824    slow_vdd1v0     worst 
NOR2BX4               32      120.384    slow_vdd1v0     worst 
NOR2X1               766      785.916    slow_vdd1v0     worst 
NOR2X2               512      875.520    slow_vdd1v0     worst 
NOR2X4               386     1188.108    slow_vdd1v0     worst 
NOR2X6               290     1190.160    slow_vdd1v0     worst 
NOR2X8               140      766.080    slow_vdd1v0     worst 
NOR2XL                 1        1.026    slow_vdd1v0     worst 
NOR3BX1                2        4.104    slow_vdd1v0     worst 
NOR3BX2                8       27.360    slow_vdd1v0     worst 
NOR3BX4                6       34.884    slow_vdd1v0     worst 
NOR3X1                22       37.620    slow_vdd1v0     worst 
NOR3X2                10       27.360    slow_vdd1v0     worst 
NOR3X4                23      117.990    slow_vdd1v0     worst 
NOR3X6                16      114.912    slow_vdd1v0     worst 
NOR3X8                12      106.704    slow_vdd1v0     worst 
NOR4X2                59      201.780    slow_vdd1v0     worst 
NOR4X4                 1        6.498    slow_vdd1v0     worst 
NOR4X8                 1       10.602    slow_vdd1v0     worst 
OA21X1               414      849.528    slow_vdd1v0     worst 
OA21X2                16       49.248    slow_vdd1v0     worst 
OA21X4                 3       11.286    slow_vdd1v0     worst 
OA22X1               506     1211.364    slow_vdd1v0     worst 
OA22X2                 1        3.420    slow_vdd1v0     worst 
OA22X4                13       53.352    slow_vdd1v0     worst 
OAI211X2               4       16.416    slow_vdd1v0     worst 
OAI21X1              413      706.230    slow_vdd1v0     worst 
OAI21X2               90      277.020    slow_vdd1v0     worst 
OAI21X4              143      684.684    slow_vdd1v0     worst 
OAI221X4               5       39.330    slow_vdd1v0     worst 
OAI22X1              347      712.044    slow_vdd1v0     worst 
OAI22X2               78      266.760    slow_vdd1v0     worst 
OAI22X4               73      474.354    slow_vdd1v0     worst 
OAI2BB1X1            895     1530.450    slow_vdd1v0     worst 
OAI2BB1X2             11       33.858    slow_vdd1v0     worst 
OAI2BB1X4              9       40.014    slow_vdd1v0     worst 
OAI2BB2X1              3       12.312    slow_vdd1v0     worst 
OAI2BB2X2              4       21.888    slow_vdd1v0     worst 
OAI2BB2X4              5       42.750    slow_vdd1v0     worst 
OAI31X1               21       43.092    slow_vdd1v0     worst 
OAI31X2               38      142.956    slow_vdd1v0     worst 
OAI32X2               13       57.798    slow_vdd1v0     worst 
OAI33X2                1        7.524    slow_vdd1v0     worst 
OR2X1                876     1198.368    slow_vdd1v0     worst 
OR2X2                131      224.010    slow_vdd1v0     worst 
OR2X4                 68      186.048    slow_vdd1v0     worst 
OR2X6                 44      165.528    slow_vdd1v0     worst 
OR2X8                 11       48.906    slow_vdd1v0     worst 
OR3X1                149      305.748    slow_vdd1v0     worst 
OR3X2                  5       11.970    slow_vdd1v0     worst 
OR3X4                  5       15.390    slow_vdd1v0     worst 
OR3X6                  5       23.940    slow_vdd1v0     worst 
OR3X8                  1        5.472    slow_vdd1v0     worst 
OR4X1                230      471.960    slow_vdd1v0     worst 
OR4X2                  1        3.420    slow_vdd1v0     worst 
RAM2P_1024X32          2   475015.121    RAM2P_1024X32   worst 
RAM_4096X32            4  1413572.722    RAM_4096X32     worst 
XNOR2X1              518     1240.092    slow_vdd1v0     worst 
XNOR2X2               11       33.858    slow_vdd1v0     worst 
XNOR2X4                4       15.048    slow_vdd1v0     worst 
XNOR3X1                7       52.668    slow_vdd1v0     worst 
XOR2X1                 3        8.208    slow_vdd1v0     worst 
XOR2X2                 9       30.780    slow_vdd1v0     worst 
XOR2X4                 1        4.104    slow_vdd1v0     worst 
XOR3X1                 5       37.620    slow_vdd1v0     worst 
---------------------------------------------------------------
total              24735  1962898.287                  


   Library    Instances     Area    Instances % 
------------------------------------------------
RAM2P_1024X32         2  475015.121         0.0 
RAM_4096X32           4 1413572.722         0.0 
slow_vdd1v0       24729   74310.444       100.0 

                                            
     Type      Instances     Area    Area % 
--------------------------------------------
timing_model           6 1888587.843   96.2 
sequential          3482   23869.890    1.2 
inverter            1822    2441.880    0.1 
buffer               172     457.596    0.0 
logic              19253   47541.078    2.4 
physical_cells         0       0.000    0.0 
--------------------------------------------
total              24735 1962898.287  100.0 

