============================================================
  Generated by:           Genus(TM) Synthesis Solution 21.18-s082_1
  Generated on:           Aug 24 2026  06:29:10 pm
  Module:                 clusterization
  Operating conditions:   PVT_0P9V_125C 
  Operating conditions:   PVT_1P32V_0C 
  Interconnect mode:      global
  Area mode:              physical library
============================================================


Path 1: MET (0 ps) Setup Check with Pin bloc_grad/entropy_reg[26]/CK->D
          Group: clk
     Startpoint: (R) bloc_grad/P_ij_norm_reg[3]/CK
          Clock: (R) clk
       Endpoint: (R) bloc_grad/entropy_reg[26]/D
          Clock: (R) clk

                     Capture       Launch     
        Clock Edge:+    4545            0     
       Src Latency:+       0            0     
       Net Latency:+     100 (I)      100 (I) 
           Arrival:=    4645          100     
                                              
             Setup:-     135                  
       Uncertainty:-      50                  
     Required Time:=    4460                  
      Launch Clock:-     100                  
         Data Path:-    4360                  
             Slack:=       0                  

#----------------------------------------------------------------------------------------------------------------------------------
#                      Timing Point                        Flags   Arc   Edge    Cell     Fanout Load Trans Delay Arrival Instance 
#                                                                                                (fF)  (ps)  (ps)   (ps)  Location 
#----------------------------------------------------------------------------------------------------------------------------------
  bloc_grad/P_ij_norm_reg[3]/CK                            -       -     R     (arrival)    3490    -     0     0     100    (-,-) 
  bloc_grad/P_ij_norm_reg[3]/Q                             -       CK->Q R     MDFFHQX2        6 15.7   174   272     372    (-,-) 
  bloc_grad/csa_tree_add_430_39_pad_groupi_g3001/Y         -       A->Y  F     CLKINVX8       13 28.0   133   142     514    (-,-) 
  bloc_grad/csa_tree_add_430_39_pad_groupi_g2873/Y         -       A->Y  R     NOR2X1          1  3.7   198   193     707    (-,-) 
  bloc_grad/csa_tree_add_430_39_pad_groupi_cdnfadd_014_0/S -       B->S  F     ADDFX1          1  4.0   127   423    1130    (-,-) 
  bloc_grad/csa_tree_add_430_39_pad_groupi_cdnfadd_014_3/S -       A->S  R     ADDFHX1         1  3.7   100   331    1460    (-,-) 
  bloc_grad/csa_tree_add_430_39_pad_groupi_cdnfadd_014_4/S -       CI->S F     ADDFHX2         2  5.3   107   355    1815    (-,-) 
  bloc_grad/csa_tree_add_430_39_pad_groupi_g2782/Y         -       B->Y  R     NOR2X2          1  4.5   135   130    1945    (-,-) 
  bloc_grad/csa_tree_add_430_39_pad_groupi_g2749/Y         -       B0->Y F     AOI2BB1X4       2  6.6    81   110    2055    (-,-) 
  bloc_grad/csa_tree_add_430_39_pad_groupi_g2743/Y         -       A->Y  R     INVX2           1  4.5    65    76    2131    (-,-) 
  bloc_grad/csa_tree_add_430_39_pad_groupi_g2724/Y         -       A0->Y F     OAI21X4         1  5.8   142   135    2266    (-,-) 
  bloc_grad/csa_tree_add_430_39_pad_groupi_g2701/Y         -       A->Y  R     NOR2X8          4 13.0   120   134    2400    (-,-) 
  bloc_grad/csa_tree_add_430_39_pad_groupi_g3019/Y         -       A1->Y R     OA21X1          2  5.6   133   241    2640    (-,-) 
  bloc_grad/csa_tree_add_430_39_pad_groupi_g2676/Y         -       A1->Y F     OAI21X2         1  3.3   142   161    2802    (-,-) 
  bloc_grad/csa_tree_add_430_39_pad_groupi_g2665/Y         -       B->Y  F     XNOR2X2         3  6.5   112   244    3046    (-,-) 
  bloc_grad/sub_441_48_g937/Y                              -       AN->Y F     NAND2BX4        3  7.8   163   202    3248    (-,-) 
  bloc_grad/sub_441_48_g872/Y                              -       A->Y  R     NOR2X4          1  3.9    79   128    3376    (-,-) 
  bloc_grad/sub_441_48_g868/Y                              -       B->Y  R     CLKAND2X6       5 10.8    56   128    3504    (-,-) 
  bloc_grad/sub_441_48_g18030/Y                            -       A->Y  R     CLKAND2X6       3  7.7    47   122    3626    (-,-) 
  bloc_grad/sub_441_48_g18032/Y                            -       B->Y  R     CLKAND2X12      3 14.7    51   120    3746    (-,-) 
  bloc_grad/sub_441_48_g18031/Y                            -       A->Y  F     CLKINVX12       8 22.8    71    63    3809    (-,-) 
  bloc_grad/g19110/Y                                       -       A0->Y R     OAI21X4         1  3.7    91    96    3905    (-,-) 
  bloc_grad/g19109/Y                                       -       A->Y  F     NAND2X2         1  3.3   133   134    4040    (-,-) 
  bloc_grad/sub_441_48_g819/Y                              -       B->Y  R     CLKXOR2X1       1  3.3    86   206    4246    (-,-) 
  bloc_grad/g14874/Y                                       -       B->Y  R     CLKMX2X3        1  3.2    55   214    4460    (-,-) 
  bloc_grad/entropy_reg[26]/D                              <<<     -     R     DFFRHQX1        1    -     -     0    4460    (-,-) 
#----------------------------------------------------------------------------------------------------------------------------------

