###############################################################
#  Generated by:      Cadence Innovus 25.10-p002_1
#  OS:                Linux x86_64(Host ID gmicro02)
#  Generated on:      Fri Sep 11 14:13:35 2026
#  Design:            clusterization_v2
#  Command:           report_area -out_file backend/layout/reports/clusterization_v2_worst_100_0/area.rpt
###############################################################
    Hinst Name       Module Name                                                                                            Inst Count           Total Area
--------------------------------------------------------------------------------------------------------------------------------------------------------
clusterization_v2                                                                                                                32790          1509895.654
  cluster_assign     cluster_assign_NB_POINTS1250_COORD_W16_ADDR_W12_TOL170459136                                                 1370             5219.604
  coord_memory_b1    memory_dual_port_ADDR_W12_DATA_W16                                                                            156           353711.582
  coord_memory_b2    memory_dual_port_ADDR_W12_DATA_W16_5595                                                                       127           353657.204
  exp_LUT            exp_LUT_v2                                                                                                   9600            16287.066
  exp_block          dist_mat_arg_exp_v2_NB_POINTS1250_COORD_W16_ADDR_W12_ADDR_P_IJ_W12_ADDR_LUT_EXP14_STEP_W6_K_W16_D2_W32       2534            11299.338
  grad_block         norm_entropy_grad_v2_NB_POINTS1250_COORD_W16_ADDR_W12_P_IJ_W16_ADDR_P_IJ_W12_ACT_W16_ADDR_LUT_INV10          3089            10896.120
  inv_LUT            inv_LUT                                                                                                      2430             4130.334
  memory_cluster     memory_cluster_ADDR_W12                                                                                     12425           397399.004
  upd_block          act_coord_NB_POINTS1250_COORD_W16_ADDR_W12_ACT_W16                                                            298             1330.722
  upd_memory         memory_dual_port_ADDR_W12_DATA_W16_5594                                                                         3           353399.678
