###############################################################
#  Generated by:      Cadence Innovus 25.10-p002_1
#  OS:                Linux x86_64(Host ID gmicro02)
#  Generated on:      Wed Aug 26 13:28:09 2026
#  Design:            clusterization
#  Command:           report_gates -out_file /home/epiphane/projets/clusterization/backend/layout/reports/clusterization_worst_100_0/clusterization_gates_layout.rpt
###############################################################
Library cell information:
 -------------------------------------------
| Cell          |  Instance  |  Area(um^2)  |
|-------------------------------------------|
| ADDFX1        |       1391 |     7135.830 | 
| ADDHX1        |        300 |     1128.600 | 
| ADDHX2        |          2 |       10.260 | 
| AND2X1        |       1529 |     2091.672 | 
| AND2X2        |        231 |      395.010 | 
| AND2X4        |         81 |      221.616 | 
| AND2X6        |         58 |      218.196 | 
| AND2X8        |         11 |       48.906 | 
| AND2XL        |          6 |        8.208 | 
| AND3X1        |          1 |        2.394 | 
| AND3X2        |          4 |       10.944 | 
| AND3X4        |          5 |       15.390 | 
| AND3X6        |          1 |        4.446 | 
| AND3X8        |          1 |        5.130 | 
| AND3XL        |         44 |       90.288 | 
| AND4X1        |         64 |      153.216 | 
| AND4X2        |          5 |       15.390 | 
| AND4X6        |          1 |        5.814 | 
| AO21X1        |       2205 |     5278.770 | 
| AO21X2        |          4 |       10.944 | 
| AO21XL        |          1 |        2.394 | 
| AO22X1        |        686 |     1876.896 | 
| AO22X2        |         25 |       76.950 | 
| AO22X4        |          4 |       15.048 | 
| AO22XL        |         33 |       90.288 | 
| AOI211X1      |         13 |       31.122 | 
| AOI211X2      |         14 |       47.880 | 
| AOI211XL      |         61 |      125.172 | 
| AOI21X1       |       1116 |     1908.360 | 
| AOI21X2       |         61 |      166.896 | 
| AOI21XL       |          7 |       11.970 | 
| AOI221X1      |        129 |      308.826 | 
| AOI221X2      |         14 |       62.244 | 
| AOI222X1      |          2 |        6.156 | 
| AOI22X1       |        734 |     1506.168 | 
| AOI22XL       |          6 |       12.312 | 
| AOI2BB1X1     |        117 |      240.084 | 
| AOI2BB1X2     |          4 |       12.312 | 
| AOI31X1       |         33 |       67.716 | 
| AOI31X2       |          8 |       27.360 | 
| AOI32X1       |         14 |       33.516 | 
| AOI32X2       |          1 |        4.446 | 
| AOI33X1       |          3 |        8.208 | 
| BUFX12        |         27 |      138.510 | 
| BUFX2         |        342 |      584.820 | 
| BUFX3         |        115 |      235.980 | 
| BUFX4         |         21 |       50.274 | 
| CLKAND2X12    |          2 |       15.048 | 
| CLKAND2X3     |          2 |        6.156 | 
| CLKBUFX12     |         51 |      261.630 | 
| CLKBUFX16     |         13 |       88.920 | 
| CLKBUFX2      |        721 |     1232.910 | 
| CLKBUFX20     |          5 |       41.040 | 
| CLKBUFX3      |         10 |       20.520 | 
| CLKBUFX4      |         21 |       50.274 | 
| CLKBUFX6      |         49 |      150.822 | 
| CLKBUFX8      |         31 |      116.622 | 
| CLKINVX4      |         40 |       68.400 | 
| CLKINVX6      |        105 |      251.370 | 
| CLKINVX8      |          6 |       18.468 | 
| CLKMX2X2      |         31 |       95.418 | 
| CLKMX2X3      |          5 |       20.520 | 
| CLKMX2X4      |         11 |       45.144 | 
| CLKMX2X6      |          1 |        4.446 | 
| CLKXOR2X1     |         26 |       71.136 | 
| CLKXOR2X2     |          1 |        3.420 | 
| DFFHQX1       |         73 |      399.456 | 
| DFFHQX8       |          6 |       55.404 | 
| DFFQX2        |          2 |       12.996 | 
| DFFQX4        |          1 |        7.182 | 
| DFFQXL        |         22 |      120.384 | 
| DFFRHQX1      |       2430 |    14959.080 | 
| DFFRX1        |         69 |      471.960 | 
| DFFRX2        |          1 |        7.524 | 
| DFFSHQX1      |         18 |      116.964 | 
| DLY1X1        |        585 |     1800.630 | 
| DLY1X4        |          5 |       18.810 | 
| DLY2X1        |        152 |      883.728 | 
| DLY2X4        |         19 |      129.960 | 
| DLY3X1        |        121 |      993.168 | 
| DLY3X4        |         14 |      124.488 | 
| DLY4X1        |        416 |     4125.888 | 
| DLY4X4        |          5 |       53.010 | 
| EDFFHQX1      |        678 |     5796.900 | 
| EDFFHQX2      |         16 |      142.272 | 
| EDFFHQX4      |          8 |       84.816 | 
| EDFFHQX8      |         23 |      267.444 | 
| EDFFX2        |         46 |      424.764 | 
| FILL1         |       9956 |     3404.952 | 
| FILL16        |        294 |     1608.768 | 
| FILL2         |       9389 |     6422.076 | 
| FILL32        |         73 |      798.912 | 
| FILL4         |       3524 |     4820.832 | 
| FILL64        |        274 |     5997.312 | 
| FILL8         |        879 |     2404.944 | 
| INVX1         |       1007 |      688.788 | 
| INVX2         |        505 |      518.130 | 
| INVX3         |        189 |      258.552 | 
| INVX4         |         11 |       18.810 | 
| INVX6         |         13 |       31.122 | 
| INVXL         |        141 |       96.444 | 
| MDFFHQX1      |         20 |      171.000 | 
| MDFFHQX4      |         69 |      637.146 | 
| MX2X1         |        620 |     1484.280 | 
| MX2XL         |         30 |       71.820 | 
| MX3XL         |         11 |       52.668 | 
| MXI2XL        |         16 |       38.304 | 
| NAND2BX1      |        148 |      202.464 | 
| NAND2BX2      |         11 |       26.334 | 
| NAND2BX4      |          2 |        7.524 | 
| NAND2X1       |        624 |      640.224 | 
| NAND2X2       |         51 |       87.210 | 
| NAND2XL       |          3 |        3.078 | 
| NAND3BX1      |          6 |       12.312 | 
| NAND3BXL      |         19 |       32.490 | 
| NAND3X1       |         33 |       56.430 | 
| NAND3X2       |          5 |       13.680 | 
| NOR2BX1       |        154 |      210.672 | 
| NOR2BX2       |          6 |       16.416 | 
| NOR2BX4       |          2 |        7.524 | 
| NOR2X1        |        689 |      706.914 | 
| NOR2X2        |         40 |       68.400 | 
| NOR2X4        |          4 |       12.312 | 
| NOR2XL        |          3 |        3.078 | 
| NOR3BX1       |          4 |        8.208 | 
| NOR3X1        |         23 |       39.330 | 
| NOR3X2        |          3 |        8.208 | 
| NOR4BBX1      |          1 |        2.736 | 
| NOR4BX1       |          6 |       14.364 | 
| NOR4X1        |         64 |      109.440 | 
| NOR4X2        |          7 |       23.940 | 
| OA21X1        |        241 |      494.532 | 
| OA21X2        |          2 |        6.156 | 
| OA22X1        |        457 |     1094.058 | 
| OAI211X1      |          2 |        3.420 | 
| OAI21X1       |        368 |      629.280 | 
| OAI21X2       |         27 |       83.106 | 
| OAI22X1       |        604 |     1239.408 | 
| OAI22X2       |         21 |       71.820 | 
| OAI2BB1X1     |        817 |     1397.070 | 
| OAI2BB1X2     |         38 |      116.964 | 
| OAI2BB1X4     |          2 |        8.892 | 
| OAI2BB1XL     |          3 |        6.156 | 
| OAI2BB2X1     |          1 |        4.104 | 
| OAI31X1       |         56 |      114.912 | 
| OAI31X2       |          2 |        7.524 | 
| OAI32X1       |         17 |       40.698 | 
| OAI32X2       |          5 |       22.230 | 
| OR2X1         |        766 |     1047.888 | 
| OR2X2         |        152 |      259.920 | 
| OR2X4         |         71 |      194.256 | 
| OR2X6         |         13 |       48.906 | 
| OR2X8         |          2 |        8.892 | 
| OR2XL         |          1 |        1.368 | 
| OR3X1         |        124 |      254.448 | 
| OR3X2         |          4 |        9.576 | 
| OR3X4         |          2 |        6.156 | 
| OR4X1         |        205 |      420.660 | 
| OR4X2         |         13 |       44.460 | 
| OR4X4         |          7 |       26.334 | 
| RAM2P_1024X32 |          2 |   475015.121 | 
| RAM_4096X32   |          4 |  1413572.722 | 
| XNOR2X1       |        624 |     1493.856 | 
| XNOR2X2       |          8 |       24.624 | 
| XNOR2X4       |          1 |        3.762 | 
| XOR2X1        |          2 |        5.472 | 
|-------------------------------------------|
| Total         |      48969 |  1987678.923 |
 -------------------------------------------
Library cell type information:
 -------------------------------------------------------
| Cell Type        |   Instance   |        Area         |
|                  |              |       um^2  |   %   |
|-------------------------------------------------------|
| Buffer           |         2723 |   11102.004 |   0.6 | 
| Inverter         |         2017 |    1950.084 |   0.1 | 
| Combinational    |        16352 |   36905.904 |   1.9 | 
| Flop             |         3482 |   23675.292 |   1.2 | 
| Multi-Bit Flop   |            0 |       0.000 |   0.0 | 
| Latch            |            0 |       0.000 |   0.0 | 
| Clock Gater      |            0 |       0.000 |   0.0 | 
| Macro            |            6 | 1888587.843 |  95.0 | 
| Physical Cell    |        24389 |   25457.796 |   1.3 | 
|-------------------------------------------------------|
| Total            |        48969 | 1987678.923 | 100.0 | 
 -------------------------------------------------------
