###############################################################
#  Generated by:      Cadence Innovus 25.10-p002_1
#  OS:                Linux x86_64(Host ID gmicro02)
#  Generated on:      Mon Aug 31 17:16:20 2026
#  Design:            clusterization
#  Command:           report_area -out_file backend/layout/reports/clusterization_worst_100_0_v10/area.rpt
###############################################################
    Hinst Name       Module Name                                                                                         Inst Count           Total Area
-----------------------------------------------------------------------------------------------------------------------------------------------------
clusterization                                                                                                                23093          1958440.659
  P_ij_memory_A      memory_single_port_ADDR_W11_DATA_W16                                                                       415           239202.513
  P_ij_memory_B      memory_single_port_ADDR_W11_DATA_W16_2372                                                                  405           239293.484
  P_ij_memory_arbiter ping_pong_arbiter_ADDR_W11_P_IJ_W16_ADDR_P_IJ_W11                                                          261              838.242
  cluster_assign     cluster_assign_NB_POINTS1250_COORD_W16_ADDR_W11_TOL170459136                                              1228             5135.130
  coord_memory_b1    memory_dual_port_ADDR_W11_DATA_W16                                                                         122           353791.268
  coord_memory_b2    memory_dual_port_ADDR_W11_DATA_W16_3265                                                                    102           353667.806
  exp_LUT            exp_LUT                                                                                                   4848             8296.236
  exp_block          dist_mat_arg_exp_NB_POINTS1250_COORD_W16_ADDR_W11_ADDR_P_IJ_W11_ADDR_LUT_EXP14_STEP_W6_K_W16_D2_W32       2303             9756.576
  grad_block         norm_entropy_grad_NB_POINTS1250_COORD_W16_ADDR_W11_P_IJ_W16_ADDR_P_IJ_W11_ACT_W16_ADDR_LUT_INV10          3347            11102.346
  inv_LUT            inv_LUT                                                                                                   2494             4278.420
  memory_cluster     memory_cluster_ADDR_W11                                                                                   6482           375964.496
  upd_block          act_coord_NB_POINTS1250_COORD_W16_ADDR_W11_ACT_W16                                                         320             1266.084
  upd_memory         memory_dual_port_ADDR_W11_DATA_W16_3264                                                                     21           353450.294
