###############################################################
#  Generated by:      Cadence Innovus 25.10-p002_1
#  OS:                Linux x86_64(Host ID gmicro02)
#  Generated on:      Mon Aug 31 16:57:22 2026
#  Design:            clusterization
#  Command:           report_gates -out_file /home/epiphane/projets/clusterization/backend/layout/reports/clusterization_worst_100_0/clusterization_gates_layout.rpt
###############################################################
Library cell information:
 -------------------------------------------
| Cell          |  Instance  |  Area(um^2)  |
|-------------------------------------------|
| ADDFX1        |       1140 |     5848.200 | 
| ADDHX1        |        273 |     1027.026 | 
| ADDHX2        |          2 |       10.260 | 
| AND2X1        |       1424 |     1948.032 | 
| AND2X2        |        220 |      376.200 | 
| AND2X4        |         97 |      265.392 | 
| AND2X6        |         73 |      274.626 | 
| AND2X8        |         19 |       84.474 | 
| AND2XL        |          3 |        4.104 | 
| AND3X2        |          3 |        8.208 | 
| AND3X4        |          3 |        9.234 | 
| AND3X6        |          1 |        4.446 | 
| AND3XL        |         45 |       92.340 | 
| AND4X1        |         59 |      141.246 | 
| AND4X2        |          4 |       12.312 | 
| AND4X4        |          1 |        3.762 | 
| AO21X1        |       2169 |     5192.586 | 
| AO21X2        |          5 |       13.680 | 
| AO21XL        |          1 |        2.394 | 
| AO22X1        |        590 |     1614.240 | 
| AO22X2        |         44 |      135.432 | 
| AO22X4        |          7 |       26.334 | 
| AO22XL        |         23 |       62.928 | 
| AOI211X1      |         12 |       28.728 | 
| AOI211X2      |         20 |       68.400 | 
| AOI211XL      |         56 |      114.912 | 
| AOI21X1       |       1022 |     1747.620 | 
| AOI21X2       |        112 |      306.432 | 
| AOI21X4       |          1 |        5.130 | 
| AOI21XL       |          2 |        3.420 | 
| AOI221X1      |        123 |      294.462 | 
| AOI221X2      |         19 |       84.474 | 
| AOI222X1      |          2 |        6.156 | 
| AOI22X1       |        736 |     1510.272 | 
| AOI22XL       |          6 |       12.312 | 
| AOI2BB1X1     |        116 |      238.032 | 
| AOI2BB1X2     |          4 |       12.312 | 
| AOI2BB2X1     |          1 |        3.420 | 
| AOI31X1       |         32 |       65.664 | 
| AOI31X2       |          8 |       27.360 | 
| AOI32X1       |         12 |       28.728 | 
| AOI32X2       |          1 |        4.446 | 
| AOI33X1       |          3 |        8.208 | 
| BUFX12        |         22 |      112.860 | 
| BUFX2         |        309 |      528.390 | 
| BUFX3         |         77 |      158.004 | 
| BUFX4         |         24 |       57.456 | 
| CLKAND2X12    |          1 |        7.524 | 
| CLKAND2X2     |          1 |        2.052 | 
| CLKAND2X3     |          7 |       21.546 | 
| CLKBUFX12     |         29 |      148.770 | 
| CLKBUFX16     |         18 |      123.120 | 
| CLKBUFX2      |        586 |     1002.060 | 
| CLKBUFX20     |          8 |       65.664 | 
| CLKBUFX3      |         36 |       73.872 | 
| CLKBUFX4      |         13 |       31.122 | 
| CLKBUFX6      |         32 |       98.496 | 
| CLKBUFX8      |         25 |       94.050 | 
| CLKINVX4      |         49 |       83.790 | 
| CLKINVX6      |         39 |       93.366 | 
| CLKINVX8      |         11 |       33.858 | 
| CLKMX2X2      |         22 |       67.716 | 
| CLKMX2X3      |          3 |       12.312 | 
| CLKMX2X4      |          4 |       16.416 | 
| CLKXOR2X1     |         25 |       68.400 | 
| CLKXOR2X2     |          2 |        6.840 | 
| DFFHQX1       |         86 |      470.592 | 
| DFFHQX8       |          5 |       46.170 | 
| DFFQX2        |          2 |       12.996 | 
| DFFQX4        |          2 |       14.364 | 
| DFFQXL        |          7 |       38.304 | 
| DFFRHQX1      |       2448 |    15069.888 | 
| DFFRX1        |         49 |      335.160 | 
| DFFRX2        |          2 |       15.048 | 
| DFFRX4        |          1 |        9.576 | 
| DFFSHQX1      |         17 |      110.466 | 
| DFFSHQX4      |          1 |        9.576 | 
| DFFX1         |          2 |       14.364 | 
| DLY1X1        |        546 |     1680.588 | 
| DLY1X4        |         25 |       94.050 | 
| DLY2X1        |        189 |     1098.846 | 
| DLY2X4        |         33 |      225.720 | 
| DLY3X1        |        110 |      902.880 | 
| DLY3X4        |          9 |       80.028 | 
| DLY4X1        |        389 |     3858.102 | 
| DLY4X4        |         10 |      106.020 | 
| EDFFHQX1      |        622 |     5318.100 | 
| EDFFHQX2      |          1 |        8.892 | 
| EDFFHQX8      |          8 |       93.024 | 
| EDFFX2        |         68 |      627.912 | 
| EDFFX4        |         16 |      175.104 | 
| FILL1         |       9324 |     3188.808 | 
| FILL16        |        341 |     1865.952 | 
| FILL2         |       9118 |     6236.712 | 
| FILL32        |         45 |      492.480 | 
| FILL4         |       3717 |     5084.856 | 
| FILL64        |        206 |     4508.928 | 
| FILL8         |        908 |     2484.288 | 
| INVX1         |        901 |      616.284 | 
| INVX2         |        436 |      447.336 | 
| INVX3         |        180 |      246.240 | 
| INVX4         |         11 |       18.810 | 
| INVX6         |         16 |       38.304 | 
| INVXL         |         95 |       64.980 | 
| MDFFHQX1      |         11 |       94.050 | 
| MDFFHQX4      |         75 |      692.550 | 
| MX2X1         |        640 |     1532.160 | 
| MX2XL         |         26 |       62.244 | 
| MX3X1         |          1 |        5.130 | 
| MX3XL         |         12 |       57.456 | 
| MXI2X1        |          1 |        2.736 | 
| MXI2X2        |          1 |        4.446 | 
| MXI2XL        |          9 |       21.546 | 
| NAND2BX1      |        128 |      175.104 | 
| NAND2BX2      |         10 |       23.940 | 
| NAND2BX4      |          2 |        7.524 | 
| NAND2BXL      |          1 |        1.368 | 
| NAND2X1       |        616 |      632.016 | 
| NAND2X2       |         52 |       88.920 | 
| NAND2X4       |          4 |       13.680 | 
| NAND2XL       |          2 |        2.052 | 
| NAND3BX1      |          5 |       10.260 | 
| NAND3BX2      |          1 |        3.078 | 
| NAND3BXL      |         22 |       37.620 | 
| NAND3X1       |         30 |       51.300 | 
| NAND3X2       |          5 |       13.680 | 
| NOR2BX1       |        123 |      168.264 | 
| NOR2BX2       |          7 |       19.152 | 
| NOR2BX4       |          3 |       11.286 | 
| NOR2X1        |        650 |      666.900 | 
| NOR2X2        |         36 |       61.560 | 
| NOR2X4        |          1 |        3.078 | 
| NOR2XL        |          1 |        1.026 | 
| NOR3BX1       |          4 |        8.208 | 
| NOR3X1        |         22 |       37.620 | 
| NOR3X2        |          2 |        5.472 | 
| NOR4BBX1      |          2 |        5.472 | 
| NOR4BX1       |          5 |       11.970 | 
| NOR4X1        |         66 |      112.860 | 
| NOR4X2        |          8 |       27.360 | 
| OA21X1        |        228 |      467.856 | 
| OA21X2        |          6 |       18.468 | 
| OA21X4        |          2 |        7.524 | 
| OA22X1        |        447 |     1070.118 | 
| OA22X2        |          2 |        6.840 | 
| OA22X4        |          3 |       12.312 | 
| OAI211X1      |          2 |        3.420 | 
| OAI21X1       |        375 |      641.250 | 
| OAI21X2       |         20 |       61.560 | 
| OAI22X1       |        512 |     1050.624 | 
| OAI22X2       |         23 |       78.660 | 
| OAI22XL       |          1 |        2.052 | 
| OAI2BB1X1     |        789 |     1349.190 | 
| OAI2BB1X2     |         53 |      163.134 | 
| OAI2BB1X4     |          3 |       13.338 | 
| OAI2BB1XL     |          1 |        2.052 | 
| OAI2BB2X1     |          1 |        4.104 | 
| OAI31X1       |         56 |      114.912 | 
| OAI31X2       |          7 |       26.334 | 
| OAI32X1       |         20 |       47.880 | 
| OAI32X2       |          2 |        8.892 | 
| OR2X1         |        695 |      950.760 | 
| OR2X2         |        146 |      249.660 | 
| OR2X4         |         69 |      188.784 | 
| OR2X6         |         26 |       97.812 | 
| OR2X8         |          4 |       17.784 | 
| OR2XL         |          1 |        1.368 | 
| OR3X1         |        121 |      248.292 | 
| OR3X2         |          2 |        4.788 | 
| OR3X4         |          2 |        6.156 | 
| OR4X1         |        201 |      412.452 | 
| OR4X2         |         14 |       47.880 | 
| OR4X4         |          8 |       30.096 | 
| RAM2P_1024X32 |          2 |   475015.121 | 
| RAM_4096X32   |          4 |  1413572.722 | 
| XNOR2X1       |        531 |     1271.214 | 
| XNOR2X2       |          4 |       12.312 | 
| XNOR2X4       |          1 |        3.762 | 
| XOR2X1        |          1 |        2.736 | 
|-------------------------------------------|
| Total         |      46752 |  1982302.683 |
 -------------------------------------------
Library cell type information:
 -------------------------------------------------------
| Cell Type        |   Instance   |        Area         |
|                  |              |       um^2  |   %   |
|-------------------------------------------------------|
| Buffer           |         2490 |   10540.098 |   0.5 | 
| Inverter         |         1738 |    1642.968 |   0.1 | 
| Combinational    |        15436 |   34513.614 |   1.7 | 
| Flop             |         3423 |   23156.136 |   1.2 | 
| Multi-Bit Flop   |            0 |       0.000 |   0.0 | 
| Latch            |            0 |       0.000 |   0.0 | 
| Clock Gater      |            0 |       0.000 |   0.0 | 
| Macro            |            6 | 1888587.843 |  95.3 | 
| Physical Cell    |        23659 |   23862.024 |   1.2 | 
|-------------------------------------------------------|
| Total            |        46752 | 1982302.683 | 100.0 | 
 -------------------------------------------------------
