###############################################################
#  Generated by:      Cadence Innovus 25.10-p002_1
#  OS:                Linux x86_64(Host ID gmicro02)
#  Generated on:      Mon Aug 31 16:56:44 2026
#  Design:            clusterization
#  Command:           report_timing > ${OUT_RPT}/hold_timing.rpt 
###############################################################
Path 1: VIOLATED (-0.107 ns) Hold Check with Pin memory_cluster/u_ram/CLK->A[7]
               View: analysis_normal_fast_min
              Group: clk
         Startpoint: (R) addr_cluster_read[7]
              Clock: (R) clk
           Endpoint: (R) memory_cluster/u_ram/A[7]
              Clock: (R) clk

                       Capture       Launch
         Clock Edge:+    0.000        0.000
        Src Latency:+    0.000        0.000
        Net Latency:+    0.122 (P)    0.000 (I)
            Arrival:=    0.122        0.000

               Hold:+    0.538
        Uncertainty:+    0.050
      Required Time:=    0.710
       Launch Clock:=    0.000
        Input Delay:+    0.300
          Data Path:+    0.303
              Slack:=   -0.107

#-----------------------------------------------------------------------------------------------------------------
# Timing Point                      Flags  Arc                   Edge  Cell         Fanout  Trans   Delay  Arrival  
#                                                                                            (ns)    (ns)     (ns)  
#-----------------------------------------------------------------------------------------------------------------
  addr_cluster_read[7]              -      addr_cluster_read[7]  R     (arrival)         1  0.146  -0.013    0.287  
  FE_PHC3157_addr_cluster_read_7/Y  -      A->Y                  R     DLY1X4            1  0.146   0.050    0.337  
  FE_PHC3767_addr_cluster_read_7/Y  -      A->Y                  R     DLY4X4            1  0.008   0.116    0.452  
  FE_PHC4080_addr_cluster_read_7/Y  -      A->Y                  R     DLY1X4            1  0.007   0.038    0.491  
  FE_PHC4978_addr_cluster_read_7/Y  -      A->Y                  R     CLKBUFX2          1  0.005   0.015    0.506  
  FE_PHC4908_addr_cluster_read_7/Y  -      A->Y                  R     CLKBUFX3          1  0.004   0.046    0.552  
  g3393/Y                           -      A->Y                  R     CLKMX2X3          5  0.058   0.051    0.603  
  memory_cluster/u_ram/A[7]         -      A[7]                  R     RAM_4096X32       5  0.054   0.000    0.603  
#-----------------------------------------------------------------------------------------------------------------

