###############################################################
#  Generated by:      Cadence Innovus 25.10-p002_1
#  OS:                Linux x86_64(Host ID gmicro02)
#  Generated on:      Mon Aug 31 16:56:41 2026
#  Design:            clusterization
#  Command:           report_timing > ${OUT_RPT}/setup_timing.rpt 
###############################################################
Path 1: MET (0.032 ns) Setup Check with Pin exp_block/sum_row_P_reg_reg[31]/CK->D
               View: analysis_normal_slow_max
              Group: clk
         Startpoint: (R) exp_block/P_ij_reg[0]/CK
              Clock: (R) clk
           Endpoint: (R) exp_block/sum_row_P_reg_reg[31]/D
              Clock: (R) clk

                       Capture       Launch
         Clock Edge:+   10.000        0.000
        Src Latency:+    0.000       -0.113
        Net Latency:+    0.211 (P)    0.196 (P)
            Arrival:=   10.211        0.083

              Setup:-    0.098
        Uncertainty:-    0.050
      Required Time:=   10.063
       Launch Clock:=    0.083
          Data Path:+    9.947
              Slack:=    0.032

#------------------------------------------------------------------------------------------------------------
# Timing Point                                 Flags  Arc     Edge  Cell       Fanout  Trans   Delay  Arrival  
#                                                                                       (ns)    (ns)     (ns)  
#------------------------------------------------------------------------------------------------------------
  exp_block/P_ij_reg[0]/CK                     -      CK      R     (arrival)     100  0.123       -    0.083  
  exp_block/P_ij_reg[0]/Q                      -      CK->Q   R     DFFHQX1         1  0.123   0.243    0.326  
  exp_block/FE_PHC4282_P_ij_b1_0/Y             -      A->Y    R     CLKBUFX2        1  0.034   0.110    0.436  
  exp_block/FE_PHC3516_P_ij_b1_0/Y             -      A->Y    R     DLY4X1          1  0.063   0.637    1.074  
  exp_block/FE_PHC3741_P_ij_b1_0/Y             -      A->Y    R     DLY3X4          1  0.038   0.505    1.579  
  exp_block/FE_PHC3309_P_ij_b1_0/Y             -      A->Y    R     DLY4X1          1  0.028   0.623    2.202  
  exp_block/FE_PHC3093_P_ij_b1_0/Y             -      A->Y    R     DLY4X1          2  0.051   0.658    2.860  
  exp_block/FE_PHC3380_P_ij_b1_0/Y             -      A->Y    R     DLY4X1          2  0.097   0.683    3.542  
  exp_block/FE_OFC2381_P_ij_b1_0/Y             -      A->Y    F     INVX2           1  0.104   0.178    3.721  
  exp_block/FE_PHC3205_FE_OFN4360_P_ij_b1_0/Y  -      A->Y    F     DLY4X1          1  0.207   0.713    4.434  
  exp_block/FE_OFC2382_P_ij_b1_0/Y             -      A->Y    R     INVX2           2  0.090   0.121    4.555  
  exp_block/add_410_43_g577/CO                 -      A->CO   R     ADDHX1          1  0.135   0.187    4.742  
  exp_block/add_410_43_g576/CO                 -      CI->CO  R     ADDFX1          1  0.031   0.189    4.930  
  exp_block/add_410_43_g575/CO                 -      CI->CO  R     ADDFX1          1  0.050   0.194    5.125  
  exp_block/add_410_43_g574/CO                 -      CI->CO  R     ADDFX1          1  0.044   0.191    5.316  
  exp_block/add_410_43_g573/CO                 -      CI->CO  R     ADDFX1          1  0.043   0.193    5.509  
  exp_block/add_410_43_g572/CO                 -      CI->CO  R     ADDFX1          1  0.046   0.198    5.706  
  exp_block/add_410_43_g571/CO                 -      CI->CO  R     ADDFX1          1  0.053   0.196    5.903  
  exp_block/add_410_43_g570/CO                 -      CI->CO  R     ADDFX1          1  0.044   0.197    6.099  
  exp_block/add_410_43_g569/CO                 -      CI->CO  R     ADDFX1          1  0.054   0.198    6.297  
  exp_block/add_410_43_g568/CO                 -      CI->CO  R     ADDFX1          1  0.046   0.197    6.494  
  exp_block/add_410_43_g567/CO                 -      CI->CO  R     ADDFX1          1  0.051   0.196    6.690  
  exp_block/add_410_43_g566/CO                 -      CI->CO  R     ADDFX1          1  0.045   0.192    6.882  
  exp_block/add_410_43_g565/CO                 -      CI->CO  R     ADDFX1          1  0.043   0.192    7.073  
  exp_block/add_410_43_g564/CO                 -      CI->CO  R     ADDFX1          1  0.045   0.191    7.265  
  exp_block/add_410_43_g563/CO                 -      CI->CO  R     ADDFX1          1  0.042   0.192    7.456  
  exp_block/add_410_43_g562/CO                 -      CI->CO  R     ADDFX1          1  0.046   0.199    7.655  
  exp_block/add_410_43_g561/CO                 -      B->CO   R     ADDHX1          1  0.072   0.147    7.802  
  exp_block/add_410_43_g560/CO                 -      B->CO   R     ADDHX1          1  0.049   0.137    7.939  
  exp_block/add_410_43_g559/CO                 -      B->CO   R     ADDHX1          1  0.036   0.131    8.070  
  exp_block/add_410_43_g558/CO                 -      B->CO   R     ADDHX1          1  0.034   0.131    8.201  
  exp_block/add_410_43_g557/CO                 -      B->CO   R     ADDHX1          1  0.037   0.133    8.334  
  exp_block/add_410_43_g556/CO                 -      B->CO   R     ADDHX1          1  0.037   0.134    8.468  
  exp_block/add_410_43_g555/CO                 -      B->CO   R     ADDHX1          1  0.040   0.127    8.594  
  exp_block/add_410_43_g554/CO                 -      B->CO   R     ADDHX1          1  0.042   0.134    8.728  
  exp_block/add_410_43_g553/CO                 -      B->CO   R     ADDHX1          1  0.038   0.133    8.861  
  exp_block/add_410_43_g552/CO                 -      B->CO   R     ADDHX1          1  0.037   0.132    8.993  
  exp_block/add_410_43_g551/CO                 -      B->CO   R     ADDHX1          1  0.036   0.132    9.126  
  exp_block/add_410_43_g550/CO                 -      B->CO   R     ADDHX1          1  0.037   0.153    9.279  
  exp_block/add_410_43_g549/CO                 -      B->CO   R     ADDHX1          1  0.083   0.151    9.430  
  exp_block/add_410_43_g548/CO                 -      B->CO   R     ADDHX1          1  0.047   0.131    9.561  
  exp_block/add_410_43_g547/CO                 -      B->CO   R     ADDHX1          1  0.043   0.129    9.690  
  exp_block/add_410_43_g546/Y                  -      B->Y    R     CLKXOR2X1       2  0.028   0.145    9.835  
  exp_block/g8446/Y                            -      A1->Y   R     AO22X1          1  0.039   0.196   10.030  
  exp_block/sum_row_P_reg_reg[31]/D            -      D       R     DFFRHQX1        1  0.039   0.000   10.030  
#------------------------------------------------------------------------------------------------------------

