###############################################################
#  Generated by:      Cadence Innovus 25.10-p002_1
#  OS:                Linux x86_64(Host ID gmicro02)
#  Generated on:      Thu Sep 10 11:57:19 2026
#  Design:            clusterization_v2
#  Command:           report_timing > ${OUT_RPT}/hold_timing.rpt 
###############################################################
Path 1: VIOLATED (-0.100 ns) Hold Check with Pin coord_memory_b2/u_ram/CLK->A[9]
               View: analysis_normal_fast_min
              Group: clk
         Startpoint: (R) addr_coord_load[9]
              Clock: (R) clk
           Endpoint: (R) coord_memory_b2/u_ram/A[9]
              Clock: (R) clk

                       Capture       Launch
         Clock Edge:+    0.000        0.000
        Src Latency:+    0.000        0.000
        Net Latency:+    0.098 (P)    0.000 (I)
            Arrival:=    0.098        0.000

               Hold:+    0.524
        Uncertainty:+    0.050
      Required Time:=    0.672
       Launch Clock:=    0.000
        Input Delay:+    0.300
          Data Path:+    0.272
              Slack:=   -0.100

#-----------------------------------------------------------------------------------------------------------------
# Timing Point                        Flags  Arc                 Edge  Cell         Fanout  Trans   Delay  Arrival  
#                                                                                            (ns)    (ns)     (ns)  
#-----------------------------------------------------------------------------------------------------------------
  addr_coord_load[9]                  -      addr_coord_load[9]  R     (arrival)         1  0.146  -0.048    0.252  
  g3469/Y                             -      B0->Y               F     AOI22X2           1  0.146   0.030    0.282  
  FE_PHC3789_n_86/Y                   -      A->Y                F     DLY1X1            2  0.023   0.042    0.324  
  g3429/Y                             -      B0->Y               R     OAI2BB1X1         1  0.026   0.016    0.340  
  FE_PHC3726_n_171/Y                  -      A->Y                R     DLY1X1            1  0.022   0.036    0.375  
  FE_PHC3880_n_171/Y                  -      A->Y                R     DLY1X1            1  0.017   0.037    0.413  
  coord_memory_b2/FE_PHC3636_n_171/Y  -      A->Y                R     DLY1X1            1  0.021   0.041    0.453  
  coord_memory_b2/FE_PHC3893_n_171/Y  -      A->Y                R     DLY1X1            1  0.023   0.035    0.488  
  coord_memory_b2/FE_PHC3746_n_171/Y  -      A->Y                R     DLY1X1            1  0.011   0.040    0.528  
  coord_memory_b2/FE_OFC1055_n_171/Y  -      A->Y                R     CLKBUFX2          1  0.024   0.045    0.572  
  coord_memory_b2/u_ram/A[9]          -      A[9]                R     RAM_4096X32       1  0.064   0.000    0.572  
#-----------------------------------------------------------------------------------------------------------------

