###############################################################
#  Generated by:      Cadence Innovus 25.10-p002_1
#  OS:                Linux x86_64(Host ID gmicro02)
#  Generated on:      Wed Sep  9 15:41:52 2026
#  Design:            clusterization_v2
#  Command:           report_gates -out_file /home/epiphane/projets/clusterization/backend/layout/reports/clusterization_v2_worst_100_0/clusterization_v2_gates_layout.rpt
###############################################################
Library cell information:
 -----------------------------------------
| Cell        |  Instance  |  Area(um^2)  |
|-----------------------------------------|
| ADDFX1      |       1370 |     7028.100 | 
| ADDHX1      |        275 |     1034.550 | 
| ADDHX2      |          4 |       20.520 | 
| ADDHX4      |          1 |        7.182 | 
| AND2X1      |       2626 |     3592.368 | 
| AND2X2      |        399 |      682.290 | 
| AND2X4      |         88 |      240.768 | 
| AND2X6      |         27 |      101.574 | 
| AND2X8      |         14 |       62.244 | 
| AND3X1      |          1 |        2.394 | 
| AND3X2      |          2 |        5.472 | 
| AND3XL      |         82 |      168.264 | 
| AND4X1      |         87 |      208.278 | 
| AND4X2      |          4 |       12.312 | 
| AO21X1      |       4239 |    10148.166 | 
| AO21X2      |          8 |       21.888 | 
| AO21XL      |          3 |        7.182 | 
| AO22X1      |        382 |     1045.152 | 
| AO22X2      |         15 |       46.170 | 
| AO22X4      |          3 |       11.286 | 
| AO22XL      |          6 |       16.416 | 
| AOI211X1    |         19 |       45.486 | 
| AOI211X2    |         22 |       75.240 | 
| AOI211XL    |        104 |      213.408 | 
| AOI21X1     |        983 |     1680.930 | 
| AOI21X2     |         61 |      166.896 | 
| AOI21X4     |          3 |       15.390 | 
| AOI21XL     |          1 |        1.710 | 
| AOI221X1    |        220 |      526.680 | 
| AOI221X2    |         31 |      137.826 | 
| AOI222X1    |        255 |      784.890 | 
| AOI222X2    |         17 |       93.024 | 
| AOI22X1     |       2154 |     4420.008 | 
| AOI22XL     |          1 |        2.052 | 
| AOI2BB1X1   |        232 |      476.064 | 
| AOI2BB1X2   |          5 |       15.390 | 
| AOI31X1     |        151 |      309.852 | 
| AOI31X2     |         44 |      150.480 | 
| AOI32X1     |         26 |       62.244 | 
| AOI32X2     |          2 |        8.892 | 
| AOI33X1     |          1 |        2.736 | 
| BUFX12      |         37 |      189.810 | 
| BUFX2       |        412 |      704.520 | 
| BUFX3       |         83 |      170.316 | 
| BUFX4       |         25 |       59.850 | 
| CLKAND2X12  |         11 |       82.764 | 
| CLKBUFX12   |         61 |      312.930 | 
| CLKBUFX16   |         20 |      136.800 | 
| CLKBUFX2    |        191 |      326.610 | 
| CLKBUFX20   |         10 |       82.080 | 
| CLKBUFX3    |          7 |       14.364 | 
| CLKBUFX4    |          1 |        2.394 | 
| CLKBUFX6    |         89 |      273.942 | 
| CLKBUFX8    |         36 |      135.432 | 
| CLKINVX4    |         20 |       34.200 | 
| CLKINVX6    |         40 |       95.760 | 
| CLKINVX8    |          2 |        6.156 | 
| CLKMX2X2    |         22 |       67.716 | 
| CLKMX2X3    |          4 |       16.416 | 
| CLKMX2X4    |          1 |        4.104 | 
| CLKXOR2X1   |         20 |       54.720 | 
| DFFHQX1     |         91 |      497.952 | 
| DFFHQX8     |         15 |      138.510 | 
| DFFQX2      |         22 |      142.956 | 
| DFFQX4      |          6 |       43.092 | 
| DFFQXL      |          1 |        5.472 | 
| DFFRHQX1    |       4488 |    27628.128 | 
| DFFRX1      |         71 |      485.640 | 
| DFFRX2      |          1 |        7.524 | 
| DFFRX4      |          2 |       19.152 | 
| DFFSHQX1    |         16 |      103.968 | 
| DFFSHQX4    |          1 |        9.576 | 
| DFFX2       |          2 |       16.416 | 
| DFFX4       |          2 |       18.468 | 
| DLY1X1      |         99 |      304.722 | 
| DLY1X4      |          6 |       22.572 | 
| DLY2X1      |         44 |      255.816 | 
| DLY2X4      |         11 |       75.240 | 
| DLY3X1      |         85 |      697.680 | 
| DLY4X1      |        312 |     3094.416 | 
| EDFFHQX1    |        843 |     7207.650 | 
| EDFFHQX8    |          2 |       23.256 | 
| EDFFX2      |         56 |      517.104 | 
| EDFFX4      |         16 |      175.104 | 
| FILL1       |      11986 |     4099.212 | 
| FILL16      |        767 |     4197.024 | 
| FILL2       |      10747 |     7350.948 | 
| FILL32      |        232 |     2539.008 | 
| FILL4       |       4743 |     6488.424 | 
| FILL64      |        182 |     3983.616 | 
| FILL8       |       1857 |     5080.752 | 
| INVX1       |       1052 |      719.568 | 
| INVX2       |        507 |      520.182 | 
| INVX3       |        195 |      266.760 | 
| INVX4       |         11 |       18.810 | 
| INVX6       |          4 |        9.576 | 
| INVXL       |         76 |       51.984 | 
| MDFFHQX1    |         15 |      128.250 | 
| MDFFHQX4    |        105 |      969.570 | 
| MX2X1       |        412 |      986.328 | 
| MX2XL       |         22 |       52.668 | 
| MX3XL       |         24 |      114.912 | 
| MXI2XL      |         17 |       40.698 | 
| NAND2BX1    |        146 |      199.728 | 
| NAND2BX2    |         19 |       45.486 | 
| NAND2BX4    |          6 |       22.572 | 
| NAND2X1     |       1212 |     1243.512 | 
| NAND2X2     |         72 |      123.120 | 
| NAND2X4     |          4 |       13.680 | 
| NAND2XL     |          2 |        2.052 | 
| NAND3BX1    |          7 |       14.364 | 
| NAND3BX2    |          4 |       12.312 | 
| NAND3BXL    |         16 |       27.360 | 
| NAND3X1     |        147 |      251.370 | 
| NAND3X2     |         21 |       57.456 | 
| NOR2BX1     |        194 |      265.392 | 
| NOR2BX2     |         16 |       43.776 | 
| NOR2BX4     |          3 |       11.286 | 
| NOR2X1      |        895 |      918.270 | 
| NOR2X2      |         78 |      133.380 | 
| NOR2X4      |          1 |        3.078 | 
| NOR2XL      |          6 |        6.156 | 
| NOR3BX1     |          9 |       18.468 | 
| NOR3BX2     |          1 |        3.420 | 
| NOR3X1      |         45 |       76.950 | 
| NOR3X2      |          5 |       13.680 | 
| NOR4BX1     |          3 |        7.182 | 
| NOR4X1      |         43 |       73.530 | 
| NOR4X2      |          5 |       17.100 | 
| OA21X1      |        404 |      829.008 | 
| OA21X2      |          6 |       18.468 | 
| OA22X1      |        642 |     1536.948 | 
| OA22X2      |          1 |        3.420 | 
| OAI21X1     |        559 |      955.890 | 
| OAI21X2     |         33 |      101.574 | 
| OAI21XL     |          1 |        1.710 | 
| OAI22X1     |        591 |     1212.732 | 
| OAI22X2     |         29 |       99.180 | 
| OAI2BB1X1   |       1185 |     2026.350 | 
| OAI2BB1X2   |         79 |      243.162 | 
| OAI2BB1X4   |          4 |       17.784 | 
| OAI31X1     |         59 |      121.068 | 
| OAI31X2     |          4 |       15.048 | 
| OAI32X1     |         22 |       52.668 | 
| OAI32X2     |          3 |       13.338 | 
| OR2X1       |        985 |     1347.480 | 
| OR2X2       |        218 |      372.780 | 
| OR2X4       |         68 |      186.048 | 
| OR2X6       |         16 |       60.192 | 
| OR2X8       |          4 |       17.784 | 
| OR2XL       |          1 |        1.368 | 
| OR3X1       |        194 |      398.088 | 
| OR3X2       |          3 |        7.182 | 
| OR4X1       |        245 |      502.740 | 
| OR4X2       |          4 |       13.680 | 
| RAM_4096X32 |          4 |  1413572.722 | 
| XNOR2X1     |        439 |     1050.966 | 
| XNOR2X2     |          8 |       24.624 | 
| XNOR2X4     |          1 |        3.762 | 
| XOR2X1      |          1 |        2.736 | 
|-----------------------------------------|
| Total       |      62979 |  1543946.542 |
 -----------------------------------------
Library cell type information:
 -------------------------------------------------------
| Cell Type        |   Instance   |        Area         |
|                  |              |       um^2  |   %   |
|-------------------------------------------------------|
| Buffer           |         1529 |    6859.494 |   0.4 | 
| Inverter         |         1907 |    1722.996 |   0.1 | 
| Combinational    |        23270 |   49914.558 |   3.2 | 
| Flop             |         5755 |   38137.788 |   2.5 | 
| Multi-Bit Flop   |            0 |       0.000 |   0.0 | 
| Latch            |            0 |       0.000 |   0.0 | 
| Clock Gater      |            0 |       0.000 |   0.0 | 
| Macro            |            4 | 1413572.722 |  91.6 | 
| Physical Cell    |        30514 |   33738.984 |   2.2 | 
|-------------------------------------------------------|
| Total            |        62979 | 1543946.542 | 100.0 | 
 -------------------------------------------------------
