###############################################################
#  Generated by:      Cadence Innovus 25.10-p002_1
#  OS:                Linux x86_64(Host ID gmicro02)
#  Generated on:      Fri Aug 21 15:13:30 2026
#  Design:            clusterization
#  Command:           report_timing > ${OUT_RPT}/setup_timing.rpt 
###############################################################
Path 1: MET (0.016 ns) Setup Check with Pin bloc_grad/P_ij_norm_reg[8]/CK->D
               View: analysis_normal_slow_max
              Group: clk
         Startpoint: (R) bloc_exp/valid_out_reg/CK
              Clock: (R) clk
           Endpoint: (R) bloc_grad/P_ij_norm_reg[8]/D
              Clock: (R) clk

                       Capture       Launch
         Clock Edge:+   10.000        0.000
        Src Latency:+    0.000       -0.235
        Net Latency:+    0.332 (P)    0.318 (P)
            Arrival:=   10.332        0.083

              Setup:-    0.253
        Uncertainty:-    0.050
      Required Time:=   10.029
       Launch Clock:=    0.083
          Data Path:+    9.929
              Slack:=    0.016

#----------------------------------------------------------------------------------------------------------------------
# Timing Point                                           Flags  Arc     Edge  Cell       Fanout  Trans   Delay  Arrival  
#                                                                                                 (ns)    (ns)     (ns)  
#----------------------------------------------------------------------------------------------------------------------
  bloc_exp/valid_out_reg/CK                              -      CK      R     (arrival)      95  0.094       -    0.083  
  bloc_exp/valid_out_reg/Q                               -      CK->Q   R     DFFRX1          1  0.094   0.327    0.410  
  bloc_exp/FE_PHC4229_valid_out_b1/Y                     -      A->Y    R     DLY1X1          1  0.050   0.170    0.580  
  bloc_exp/FE_PHC3871_valid_out_b1/Y                     -      A->Y    R     DLY4X1          1  0.021   0.607    1.187  
  bloc_exp/FE_PHC3524_valid_out_b1/Y                     -      A->Y    R     DLY4X1          1  0.017   0.616    1.803  
  bloc_exp/FE_PHC4057_valid_out_b1/Y                     -      A->Y    R     DLY4X1          6  0.037   0.725    2.527  
  memory_P_ij_arbitrer/g1058/Y                           -      A->Y    F     NAND2XL         1  0.215   0.266    2.794  
  memory_P_ij_arbitrer/FE_PHC4178_FE_OFN812_we_P_ij_B/Y  -      A->Y    F     DLY4X1          4  0.263   0.791    3.585  
  memory_P_ij_arbitrer/g1514/Y                           -      S0->Y   F     CLKMX2X4        6  0.140   0.291    3.876  
  memory_P_ij/g335/Y                                     -      A->Y    R     INVX1           3  0.162   0.155    4.031  
  memory_P_ij/g320/Y                                     -      B1->Y   F     OAI22X1         1  0.141   0.168    4.199  
  memory_P_ij_arbitrer/FE_OFC1403_P_ij_B_0/Y             -      A->Y    R     INVX2           1  0.133   0.139    4.338  
  memory_P_ij_arbitrer/FE_OFC1404_P_ij_B_0/Y             -      A->Y    F     INVX2           1  0.126   0.172    4.509  
  memory_P_ij_arbitrer/g1515/Y                           -      B1->Y   F     AO22X4         17  0.158   0.289    4.798  
  bloc_grad/FE_DBTC474_P_ij_b2_0/Y                       -      A->Y    R     INVX2          13  0.158   0.167    4.965  
  bloc_grad/mul_361_32_g4949/Y                           -      B->Y    F     NOR2X1          2  0.168   0.129    5.094  
  bloc_grad/mul_361_32_g4849/Y                           -      B->Y    F     OR2X1           2  0.082   0.138    5.232  
  bloc_grad/mul_361_32_g4750/Y                           -      A->Y    R     NOR2X1          2  0.049   0.107    5.338  
  bloc_grad/mul_361_32_g4629/CO                          -      CI->CO  R     ADDFX1          1  0.116   0.227    5.566  
  bloc_grad/mul_361_32_g4628/CO                          -      CI->CO  R     ADDFX1          1  0.043   0.190    5.756  
  bloc_grad/mul_361_32_g4624/CO                          -      CI->CO  R     ADDFX1          2  0.043   0.194    5.950  
  bloc_grad/mul_361_32_g4623/Y                           -      A->Y    F     INVX1           1  0.049   0.045    5.995  
  bloc_grad/mul_361_32_g4622/Y                           -      A0->Y   R     OAI21X1         1  0.028   0.080    6.075  
  bloc_grad/mul_361_32_g4616/CO                          -      CI->CO  R     ADDFX1          1  0.080   0.209    6.284  
  bloc_grad/mul_361_32_g4607/CO                          -      CI->CO  R     ADDFX1          1  0.042   0.188    6.471  
  bloc_grad/mul_361_32_g4606/Y                           -      A->Y    F     INVX1           3  0.039   0.054    6.525  
  bloc_grad/mul_361_32_g4598/Y                           -      C->Y    F     OR3X1           1  0.053   0.167    6.692  
  bloc_grad/g12594/Y                                     -      C0->Y   R     OAI211X1        1  0.039   0.044    6.737  
  bloc_grad/mul_361_32_g4581/CO                          -      CI->CO  R     ADDFX1          1  0.094   0.215    6.952  
  bloc_grad/mul_361_32_g4548/CO                          -      CI->CO  R     ADDFX1          2  0.041   0.191    7.143  
  bloc_grad/mul_361_32_g4547/Y                           -      A->Y    F     INVX1           2  0.045   0.056    7.199  
  bloc_grad/mul_361_32_g4544/Y                           -      A2->Y   R     OAI31X1         1  0.052   0.135    7.334  
  bloc_grad/mul_361_32_g4529/CO                          -      CI->CO  R     ADDFX1          1  0.160   0.249    7.583  
  bloc_grad/mul_361_32_g4519/CO                          -      CI->CO  R     ADDFX1          5  0.042   0.210    7.793  
  bloc_grad/mul_361_32_g4505/Y                           -      A1->Y   R     AO21X1          4  0.079   0.195    7.988  
  bloc_grad/mul_361_32_g4501/Y                           -      D->Y    R     AND4X1          1  0.076   0.308    8.296  
  bloc_grad/mul_361_32_g4498/Y                           -      C->Y    R     OR3X1           3  0.052   0.104    8.401  
  bloc_grad/mul_361_32_g4494/Y                           -      C->Y    F     NAND3X1         1  0.056   0.108    8.509  
  bloc_grad/mul_361_32_g4490/Y                           -      B->Y    R     NAND2X1         1  0.117   0.087    8.597  
  bloc_grad/mul_361_32_g4485/CO                          -      CI->CO  R     ADDFX1          1  0.050   0.192    8.788  
  bloc_grad/mul_361_32_g4484/Y                           -      B->Y    R     XNOR2X1         1  0.038   0.146    8.934  
  bloc_grad/srl_361_49_g1206/Y                           -      B->Y    R     MX2X1           2  0.061   0.186    9.121  
  bloc_grad/srl_361_49_g1178/Y                           -      A1->Y   R     AO22X1          2  0.042   0.205    9.325  
  bloc_grad/srl_361_49_g1162/Y                           -      B->Y    R     MX2X1           2  0.054   0.184    9.510  
  bloc_grad/srl_361_49_g1144/Y                           -      B->Y    R     MX2X1           2  0.044   0.187    9.696  
  bloc_grad/srl_361_49_g1128/Y                           -      B->Y    R     CLKMX2X2        1  0.057   0.317   10.013  
  bloc_grad/P_ij_norm_reg[8]/D                           -      D       R     EDFFHQX8        1  0.187   0.000   10.013  
#----------------------------------------------------------------------------------------------------------------------

