###############################################################
#  Generated by:      Cadence Innovus 25.10-p002_1
#  OS:                Linux x86_64(Host ID gmicro02)
#  Generated on:      Fri Aug 21 15:13:33 2026
#  Design:            clusterization
#  Command:           report_timing > ${OUT_RPT}/hold_timing.rpt 
###############################################################
Path 1: VIOLATED (-0.098 ns) Hold Check with Pin memory_coord_b1/u_ram/CLK->A[6]
               View: analysis_normal_fast_min
              Group: clk
         Startpoint: (R) addr_coord_load_b1[6]
              Clock: (R) clk
           Endpoint: (R) memory_coord_b1/u_ram/A[6]
              Clock: (R) clk

                       Capture       Launch
         Clock Edge:+    0.000        0.000
        Src Latency:+    0.000        0.000
        Net Latency:+    0.104 (P)    0.000 (I)
            Arrival:=    0.104        0.000

               Hold:+    0.531
        Uncertainty:+    0.050
      Required Time:=    0.685
       Launch Clock:=    0.000
        Input Delay:+    0.300
          Data Path:+    0.287
              Slack:=   -0.098

#--------------------------------------------------------------------------------------------------------------------
# Timing Point                        Flags  Arc                    Edge  Cell         Fanout  Trans   Delay  Arrival  
#                                                                                               (ns)    (ns)     (ns)  
#--------------------------------------------------------------------------------------------------------------------
  addr_coord_load_b1[6]               -      addr_coord_load_b1[6]  R     (arrival)         1  0.146   0.025    0.325  
  g4393/Y                             -      B0->Y                  R     AO22XL            1  0.149   0.043    0.368  
  g4306/Y                             -      B0->Y                  F     AOI21XL           1  0.039   0.016    0.385  
  FE_PHC4672_n_104/Y                  -      A->Y                   F     CLKBUFX2          1  0.017   0.018    0.403  
  FE_PHC4575_n_104/Y                  -      A->Y                   F     DLY1X1            1  0.005   0.035    0.437  
  FE_PHC4424_n_104/Y                  -      A->Y                   F     DLY2X1            1  0.016   0.056    0.493  
  FE_PHC4951_n_104/Y                  -      A->Y                   F     DLY1X1            1  0.005   0.036    0.530  
  g4283/Y                             -      B0->Y                  R     OAI2BB1X1         1  0.015   0.010    0.540  
  memory_coord_b1/FE_OFC1054_n_126/Y  -      A->Y                   F     INVXL             1  0.008   0.018    0.558  
  memory_coord_b1/FE_OFC1858_n_126/Y  -      A->Y                   R     CLKINVX6          1  0.025   0.029    0.587  
  memory_coord_b1/u_ram/A[6]          -      A[6]                   R     RAM_4096X32       1  0.059   0.000    0.587  
#--------------------------------------------------------------------------------------------------------------------

