============================================================
  Generated by:           Genus(TM) Synthesis Solution 21.18-s082_1
  Generated on:           Aug 24 2026  04:02:56 pm
  Module:                 clusterization
  Library domain:         worst
    Domain index:         0
    Technology libraries: slow_vdd1v0 1.0
                          RAM_4096X32 1.1
                          RAM2P_1024X32 1.1
  Library domain:         best
    Domain index:         1
    Technology libraries: fast_vdd1v2 1.0
                          RAM_4096X32 1.1
                          RAM2P_1024X32 1.1
  Operating conditions:   PVT_0P9V_125C 
  Operating conditions:   PVT_1P32V_0C 
  Interconnect mode:      global
  Area mode:              physical library
============================================================

       Instance                              Module                        Cell Count  Normalized Cell Area  Normalized Net Area   Normalized Total Area 
---------------------------------------------------------------------------------------------------------------------------------------------------------
clusterization                                                                  23230           1908285.891            29275.200             1937561.091 
  bloc_exp             dist_mat_arg_exp_NB_POINTS1250_COORD_W16_ADDR_W11_        2737              9295.333             3087.807               12383.140 
  bloc_grad            norm_entropy_grad_NB_POINTS1250_COORD_W16_ADDR_W11        4943             16307.333             6243.023               22550.356 
  dut_cluster_assign   cluster_assign_NB_POINTS1250_COORD_W16_ADDR_W11_TO        1635              5021.667             1892.715                6914.382 
  dut_compute          act_coord_NB_POINTS1250_COORD_W16_ADDR_W11_ACT_W16         371               903.333              327.546                1230.879 
  exp_LUT              exp_LUT                                                   4562              8096.000             5872.927               13968.927 
  inv_LUT              inv_LUT                                                   2349              4102.667             2983.515                7086.182 
  mem_cluster          memory_cluster_ADDR_W11                                   6029            366570.798             7390.192              373960.990 
  memory_P_ij          memory_single_port_ADDR_W11_DATA_W16_2374                   91            231768.850               98.401              231867.251 
  memory_P_ij_A        memory_single_port_ADDR_W11_DATA_W16                        88            231762.850               96.233              231859.084 
  memory_P_ij_arbitrer ping_pong_arbiter_ADDR_W11_P_IJ_W16_ADDR_P_IJ_W11          132               392.667               77.468                 470.135 
  memory_act           memory_dual_port_ADDR_W11_DATA_W16_3463                     10            344451.798                6.502              344458.300 
  memory_coord_b1      memory_dual_port_ADDR_W11_DATA_W16                          34            344505.131               23.841              344528.972 
  memory_coord_b2      memory_dual_port_ADDR_W11_DATA_W16_3464                      2            344438.464                0.722              344439.187 
