============================================================
  Generated by:           Genus(TM) Synthesis Solution 21.18-s082_1
  Generated on:           Aug 24 2026  04:02:56 pm
  Module:                 clusterization
  Library domain:         worst
    Domain index:         0
    Technology libraries: slow_vdd1v0 1.0
                          RAM_4096X32 1.1
                          RAM2P_1024X32 1.1
  Library domain:         best
    Domain index:         1
    Technology libraries: fast_vdd1v2 1.0
                          RAM_4096X32 1.1
                          RAM2P_1024X32 1.1
  Operating conditions:   PVT_0P9V_125C 
  Operating conditions:   PVT_1P32V_0C 
  Interconnect mode:      global
  Area mode:              physical library
============================================================

       Instance                              Module                        Cell Count   Cell Area  Net Area   Total Area 
-------------------------------------------------------------------------------------------------------------------------
clusterization                                                                  23230 1957901.325 30036.355  1987937.680 
  bloc_exp             dist_mat_arg_exp_NB_POINTS1250_COORD_W16_ADDR_W11_        2737    9537.012  3168.090    12705.102 
  bloc_grad            norm_entropy_grad_NB_POINTS1250_COORD_W16_ADDR_W11        4943   16731.324  6405.341    23136.665 
  dut_cluster_assign   cluster_assign_NB_POINTS1250_COORD_W16_ADDR_W11_TO        1635    5152.230  1941.925     7094.155 
  dut_compute          act_coord_NB_POINTS1250_COORD_W16_ADDR_W11_ACT_W16         371     926.820   336.062     1262.882 
  exp_LUT              exp_LUT                                                   4562    8306.496  6025.623    14332.119 
  inv_LUT              inv_LUT                                                   2349    4209.336  3061.086     7270.422 
  mem_cluster          memory_cluster_ADDR_W11                                   6029  376101.638  7582.337   383683.976 
  memory_P_ij          memory_single_port_ADDR_W11_DATA_W16_2374                   91  237794.840   100.959   237895.800 
  memory_P_ij_A        memory_single_port_ADDR_W11_DATA_W16                        88  237788.685    98.736   237887.420 
  memory_P_ij_arbitrer ping_pong_arbiter_ADDR_W11_P_IJ_W16_ADDR_P_IJ_W11          132     402.876    79.483      482.359 
  memory_act           memory_dual_port_ADDR_W11_DATA_W16_3463                     10  353407.544     6.671   353414.215 
  memory_coord_b1      memory_dual_port_ADDR_W11_DATA_W16                          34  353462.264    24.461   353486.725 
  memory_coord_b2      memory_dual_port_ADDR_W11_DATA_W16_3464                      2  353393.864     0.741   353394.606 
