============================================================
  Generated by:           Genus(TM) Synthesis Solution 21.18-s082_1
  Generated on:           Aug 24 2026  04:02:56 pm
  Module:                 clusterization
  Operating conditions:   PVT_0P9V_125C 
  Operating conditions:   PVT_1P32V_0C 
  Interconnect mode:      global
  Area mode:              physical library
============================================================

Timing
--------

Clock Period 
-------------
clk   5000.0 


  Cost    Critical         Violating 
 Group   Path Slack  TNS     Paths   
-------------------------------------
clk             0.1   0.0          0 
default    No paths   0.0            
-------------------------------------
Total                 0.0          0 

Instance Count
--------------
Leaf Instance Count             23230 
Physical Instance count             0 
Sequential Instance Count        3488 
Combinational Instance Count    19742 
Hierarchical Instance Count        13 

Area
----
Cell Area                          1957901.325
Physical Cell Area                 0.000
Total Cell Area (Cell+Physical)    1957901.325
Net Area                           30036.355
Total Area (Cell+Physical+Net)     1987937.680

Max Fanout                         3490 (clk)
Min Fanout                         0 (done_b1)
Average Fanout                     2.4
Terms to net ratio                 3.5388
Terms to instance ratio            3.8167
Runtime                            1167.431203 seconds
Elapsed Runtime                    1192 seconds
Genus peak memory usage            2908.83 
Innovus peak memory usage          no_value 
Hostname                           gmicro02
