============================================================
  Generated by:           Genus(TM) Synthesis Solution 21.18-s082_1
  Generated on:           Aug 24 2026  04:02:56 pm
  Module:                 clusterization
  Operating conditions:   PVT_0P9V_125C 
  Operating conditions:   PVT_1P32V_0C 
  Interconnect mode:      global
  Area mode:              physical library
============================================================


Path 1: MET (0 ps) Setup Check with Pin bloc_grad/entropy_reg[29]/CK->D
          Group: clk
     Startpoint: (R) bloc_grad/P_ij_norm_reg[14]/CK
          Clock: (R) clk
       Endpoint: (R) bloc_grad/entropy_reg[29]/D
          Clock: (R) clk

                     Capture       Launch     
        Clock Edge:+    5000            0     
       Src Latency:+       0            0     
       Net Latency:+     100 (I)      100 (I) 
           Arrival:=    5100          100     
                                              
             Setup:-     151                  
       Uncertainty:-      50                  
     Required Time:=    4899                  
      Launch Clock:-     100                  
         Data Path:-    4799                  
             Slack:=       0                  

#----------------------------------------------------------------------------------------------------------------------------------
#                       Timing Point                        Flags   Arc   Edge   Cell     Fanout Load Trans Delay Arrival Instance 
#                                                                                                (fF)  (ps)  (ps)   (ps)  Location 
#----------------------------------------------------------------------------------------------------------------------------------
  bloc_grad/P_ij_norm_reg[14]/CK                            -       -     R     (arrival)   3490    -     0     0     100    (-,-) 
  bloc_grad/P_ij_norm_reg[14]/Q                             -       CK->Q R     MDFFHQX8      25 44.8   133   296     396    (-,-) 
  bloc_grad/csa_tree_add_430_39_pad_groupi_g2638/Y          -       A->Y  F     CLKINVX4      15 27.2   202   171     567    (-,-) 
  bloc_grad/csa_tree_add_430_39_pad_groupi_g2581/Y          -       B->Y  R     NOR2X1         1  3.7   206   223     790    (-,-) 
  bloc_grad/csa_tree_add_430_39_pad_groupi_cdnfadd_019_1/S  -       CI->S F     ADDFHX1        1  3.6   113   363    1153    (-,-) 
  bloc_grad/csa_tree_add_430_39_pad_groupi_cdnfadd_019_3/CO -       B->CO F     ADDFX1         1  3.7   118   249    1402    (-,-) 
  bloc_grad/csa_tree_add_430_39_pad_groupi_cdnfadd_020_4/S  -       CI->S R     ADDFHX1        1  3.7   100   330    1731    (-,-) 
  bloc_grad/csa_tree_add_430_39_pad_groupi_cdnfadd_020_5/S  -       B->S  F     ADDFX1         2  5.6   166   395    2126    (-,-) 
  bloc_grad/csa_tree_add_430_39_pad_groupi_g2415/Y          -       B->Y  F     CLKAND2X3      3  8.9    94   185    2311    (-,-) 
  bloc_grad/csa_tree_add_430_39_pad_groupi_g2377/Y          -       A1->Y R     AOI21X4        2  5.6   106   112    2423    (-,-) 
  bloc_grad/csa_tree_add_430_39_pad_groupi_g2365/Y          -       A1->Y F     OAI21X2        1  4.4   176   163    2586    (-,-) 
  bloc_grad/csa_tree_add_430_39_pad_groupi_g2352/Y          -       A1->Y R     AOI221X4       1  3.9   141   214    2800    (-,-) 
  bloc_grad/csa_tree_add_430_39_pad_groupi_g2344/Y          -       B->Y  R     CLKAND2X6      5 13.6    66   160    2960    (-,-) 
  bloc_grad/csa_tree_add_430_39_pad_groupi_g2337/Y          -       A1->Y F     OAI21X4        1  3.3   109    99    3059    (-,-) 
  bloc_grad/csa_tree_add_430_39_pad_groupi_g2733/Y          -       B->Y  F     XOR2X2         3  7.6   125   228    3287    (-,-) 
  bloc_grad/sub_441_48_g913/Y                               -       B->Y  R     NOR2X4         2  4.8    88   105    3392    (-,-) 
  bloc_grad/sub_441_48_g953/Y                               -       AN->Y R     NOR2BX2        2  6.2   174   212    3604    (-,-) 
  bloc_grad/sub_441_48_g954/Y                               -       B->Y  F     NAND2BX4       3  7.8   163   172    3776    (-,-) 
  bloc_grad/sub_441_48_g860/Y                               -       B->Y  R     NOR2X4         3  7.4   120   138    3914    (-,-) 
  bloc_grad/sub_441_48_g859/Y                               -       A->Y  R     CLKAND2X6      3 10.0    54   156    4069    (-,-) 
  bloc_grad/sub_441_48_g851/Y                               -       A->Y  R     CLKAND2X6      2  7.2    44   119    4189    (-,-) 
  bloc_grad/sub_441_48_g845/Y                               -       A->Y  F     CLKINVX6       5 10.0    60    56    4244    (-,-) 
  bloc_grad/g14825/Y                                        -       A0->Y F     AO21X1         1  3.1    95   180    4425    (-,-) 
  bloc_grad/g14824/Y                                        -       A->Y  R     CLKXOR2X1      1  3.1    84   252    4677    (-,-) 
  bloc_grad/g14469/Y                                        -       B->Y  R     MX2X1          1  3.2    85   222    4899    (-,-) 
  bloc_grad/entropy_reg[29]/D                               <<<     -     R     DFFRHQX1       1    -     -     0    4899    (-,-) 
#----------------------------------------------------------------------------------------------------------------------------------

