============================================================
  Generated by:           Genus(TM) Synthesis Solution 21.18-s082_1
  Generated on:           Aug 24 2026  04:02:56 pm
  Module:                 clusterization
  Library domain:         worst
    Domain index:         0
    Technology libraries: slow_vdd1v0 1.0
                          RAM_4096X32 1.1
                          RAM2P_1024X32 1.1
  Library domain:         best
    Domain index:         1
    Technology libraries: fast_vdd1v2 1.0
                          RAM_4096X32 1.1
                          RAM2P_1024X32 1.1
  Operating conditions:   PVT_0P9V_125C 
  Operating conditions:   PVT_1P32V_0C 
  Interconnect mode:      global
  Area mode:              physical library
============================================================

Max_transition design rule: no violations.


Max_capacitance design rule: no violations.


Max_fanout design rule: no constraints.



