============================================================
  Generated by:           Genus(TM) Synthesis Solution 21.18-s082_1
  Generated on:           Aug 24 2026  04:02:56 pm
  Module:                 clusterization
  Operating conditions:   PVT_0P9V_125C 
  Operating conditions:   PVT_1P32V_0C 
  Interconnect mode:      global
  Area mode:              physical library
============================================================

                                                       Library 
     Gate      Instances     Area          Library      Domain 
---------------------------------------------------------------
ACHCONX2               1       12.654    slow_vdd1v0     worst 
ADDFHX1               55      413.820    slow_vdd1v0     worst 
ADDFHX2               58      476.064    slow_vdd1v0     worst 
ADDFX1              1049     5381.370    slow_vdd1v0     worst 
ADDHX1               187      703.494    slow_vdd1v0     worst 
ADDHX2                 1        5.130    slow_vdd1v0     worst 
AND2X1              1660     2270.880    slow_vdd1v0     worst 
AND2X2               126      215.460    slow_vdd1v0     worst 
AND2X4               177      484.272    slow_vdd1v0     worst 
AND2X6                 9       33.858    slow_vdd1v0     worst 
AND2X8                11       48.906    slow_vdd1v0     worst 
AND3X1                 3        7.182    slow_vdd1v0     worst 
AND3X4                 4       12.312    slow_vdd1v0     worst 
AND3X6                 1        4.446    slow_vdd1v0     worst 
AND3XL                43       88.236    slow_vdd1v0     worst 
AND4X1                49      117.306    slow_vdd1v0     worst 
AO21X1              2204     5276.376    slow_vdd1v0     worst 
AO21X2                 3        8.208    slow_vdd1v0     worst 
AO21X4                 6       20.520    slow_vdd1v0     worst 
AO22X1               408     1116.288    slow_vdd1v0     worst 
AO22X2                 3        9.234    slow_vdd1v0     worst 
AO22X4                 1        3.762    slow_vdd1v0     worst 
AOI211X1              29       69.426    slow_vdd1v0     worst 
AOI211X2              57      194.940    slow_vdd1v0     worst 
AOI211X4               6       38.988    slow_vdd1v0     worst 
AOI21X1              921     1574.910    slow_vdd1v0     worst 
AOI21X2               55      150.480    slow_vdd1v0     worst 
AOI21X4               54      277.020    slow_vdd1v0     worst 
AOI221X2             119      529.074    slow_vdd1v0     worst 
AOI221X4               5       39.330    slow_vdd1v0     worst 
AOI222X2             260     1422.720    slow_vdd1v0     worst 
AOI22X1              706     1448.712    slow_vdd1v0     worst 
AOI22X2               64      240.768    slow_vdd1v0     worst 
AOI22X4               52      320.112    slow_vdd1v0     worst 
AOI2BB1X1            163      334.476    slow_vdd1v0     worst 
AOI2BB1X2             33      101.574    slow_vdd1v0     worst 
AOI2BB1X4             70      287.280    slow_vdd1v0     worst 
AOI2BB2X2              2       10.260    slow_vdd1v0     worst 
AOI2BB2X4              5       37.620    slow_vdd1v0     worst 
AOI31X2               78      266.760    slow_vdd1v0     worst 
AOI32X2               12       53.352    slow_vdd1v0     worst 
AOI32X4                1        7.866    slow_vdd1v0     worst 
AOI33X4                4       36.936    slow_vdd1v0     worst 
BUFX12                 6       30.780    slow_vdd1v0     worst 
BUFX16                 5       34.200    slow_vdd1v0     worst 
BUFX2                 35       59.850    slow_vdd1v0     worst 
BUFX20                 3       24.624    slow_vdd1v0     worst 
BUFX3                 17       34.884    slow_vdd1v0     worst 
BUFX4                  3        7.182    slow_vdd1v0     worst 
BUFX6                 26       80.028    slow_vdd1v0     worst 
BUFX8                  5       18.810    slow_vdd1v0     worst 
CLKAND2X12            28      210.672    slow_vdd1v0     worst 
CLKAND2X2             14       28.728    slow_vdd1v0     worst 
CLKAND2X3             11       33.858    slow_vdd1v0     worst 
CLKAND2X4              1        3.420    slow_vdd1v0     worst 
CLKAND2X6             23      110.124    slow_vdd1v0     worst 
CLKAND2X8              1        5.814    slow_vdd1v0     worst 
CLKBUFX12              1        5.130    slow_vdd1v0     worst 
CLKBUFX16              1        6.840    slow_vdd1v0     worst 
CLKINVX12             41      168.264    slow_vdd1v0     worst 
CLKINVX16             27      147.744    slow_vdd1v0     worst 
CLKINVX20             18      116.964    slow_vdd1v0     worst 
CLKINVX4              64      109.440    slow_vdd1v0     worst 
CLKINVX6              49      117.306    slow_vdd1v0     worst 
CLKINVX8              31       95.418    slow_vdd1v0     worst 
CLKMX2X2              13       40.014    slow_vdd1v0     worst 
CLKMX2X3              22       90.288    slow_vdd1v0     worst 
CLKMX2X6               1        4.446    slow_vdd1v0     worst 
CLKXOR2X1            152      415.872    slow_vdd1v0     worst 
CLKXOR2X2              7       23.940    slow_vdd1v0     worst 
DFFHQX1               89      487.008    slow_vdd1v0     worst 
DFFHQX8                1        9.234    slow_vdd1v0     worst 
DFFQX2                12       77.976    slow_vdd1v0     worst 
DFFQX4                 1        7.182    slow_vdd1v0     worst 
DFFRHQX1            2411    14842.116    slow_vdd1v0     worst 
DFFRHQX4               5       47.880    slow_vdd1v0     worst 
DFFRX1                49      335.160    slow_vdd1v0     worst 
DFFRX2                34      255.816    slow_vdd1v0     worst 
DFFRX4                 1        9.576    slow_vdd1v0     worst 
DFFSHQX1              17      110.466    slow_vdd1v0     worst 
DFFSHQX8               1       10.602    slow_vdd1v0     worst 
DFFX1                  1        7.182    slow_vdd1v0     worst 
EDFFHQX1             636     5437.800    slow_vdd1v0     worst 
EDFFHQX2              31      275.652    slow_vdd1v0     worst 
EDFFHQX4              11      116.622    slow_vdd1v0     worst 
EDFFHQX8              10      116.280    slow_vdd1v0     worst 
EDFFX2                64      590.976    slow_vdd1v0     worst 
EDFFX4                25      273.600    slow_vdd1v0     worst 
INVX1                950      649.800    slow_vdd1v0     worst 
INVX12                 1        4.104    slow_vdd1v0     worst 
INVX2                232      238.032    slow_vdd1v0     worst 
INVX20                 3       19.494    slow_vdd1v0     worst 
INVX3                 86      117.648    slow_vdd1v0     worst 
INVX4                  4        6.840    slow_vdd1v0     worst 
INVX6                 12       28.728    slow_vdd1v0     worst 
INVX8                  3        9.234    slow_vdd1v0     worst 
INVXL                  9        6.156    slow_vdd1v0     worst 
MDFFHQX1              13      111.150    slow_vdd1v0     worst 
MDFFHQX4              45      415.530    slow_vdd1v0     worst 
MDFFHQX8              25      282.150    slow_vdd1v0     worst 
MX2X1                631     1510.614    slow_vdd1v0     worst 
MX3XL                 11       52.668    slow_vdd1v0     worst 
MXI2X1                 8       21.888    slow_vdd1v0     worst 
MXI2X2                24      106.704    slow_vdd1v0     worst 
MXI2X4                 2       10.260    slow_vdd1v0     worst 
MXI2X6                 2       10.260    slow_vdd1v0     worst 
NAND2BX1             215      294.120    slow_vdd1v0     worst 
NAND2BX2              90      215.460    slow_vdd1v0     worst 
NAND2BX4              12       45.144    slow_vdd1v0     worst 
NAND2X1              631      647.406    slow_vdd1v0     worst 
NAND2X2              386      660.060    slow_vdd1v0     worst 
NAND2X4               65      222.300    slow_vdd1v0     worst 
NAND2X6               13       62.244    slow_vdd1v0     worst 
NAND2X8               21      114.912    slow_vdd1v0     worst 
NAND3BX2              25       76.950    slow_vdd1v0     worst 
NAND3X2               19       51.984    slow_vdd1v0     worst 
NAND3X4                1        4.788    slow_vdd1v0     worst 
NAND3X8                2       16.416    slow_vdd1v0     worst 
NOR2BX1              302      413.136    slow_vdd1v0     worst 
NOR2BX2              100      273.600    slow_vdd1v0     worst 
NOR2BX4                6       22.572    slow_vdd1v0     worst 
NOR2X1               695      713.070    slow_vdd1v0     worst 
NOR2X2               383      654.930    slow_vdd1v0     worst 
NOR2X4               134      412.452    slow_vdd1v0     worst 
NOR2X6                68      279.072    slow_vdd1v0     worst 
NOR2X8                11       60.192    slow_vdd1v0     worst 
NOR3BX1                2        4.104    slow_vdd1v0     worst 
NOR3BX2                4       13.680    slow_vdd1v0     worst 
NOR3BX4                3       17.442    slow_vdd1v0     worst 
NOR3X1                22       37.620    slow_vdd1v0     worst 
NOR3X2                 3        8.208    slow_vdd1v0     worst 
NOR3X4                 7       35.910    slow_vdd1v0     worst 
NOR3X6                 1        7.182    slow_vdd1v0     worst 
NOR3X8                 3       26.676    slow_vdd1v0     worst 
NOR4BBX2               2       10.260    slow_vdd1v0     worst 
NOR4X2                65      222.300    slow_vdd1v0     worst 
OA21X1               316      648.432    slow_vdd1v0     worst 
OA21X2                19       58.482    slow_vdd1v0     worst 
OA21X4                 3       11.286    slow_vdd1v0     worst 
OA22X1               561     1343.034    slow_vdd1v0     worst 
OA22X2                 5       17.100    slow_vdd1v0     worst 
OA22X4                10       41.040    slow_vdd1v0     worst 
OAI211X2               5       20.520    slow_vdd1v0     worst 
OAI211X4               3       19.494    slow_vdd1v0     worst 
OAI21X1              405      692.550    slow_vdd1v0     worst 
OAI21X2               69      212.382    slow_vdd1v0     worst 
OAI21X4               90      430.920    slow_vdd1v0     worst 
OAI221X4               1        7.866    slow_vdd1v0     worst 
OAI22X1              431      884.412    slow_vdd1v0     worst 
OAI22X2               91      311.220    slow_vdd1v0     worst 
OAI22X4               58      376.884    slow_vdd1v0     worst 
OAI2BB1X1            865     1479.150    slow_vdd1v0     worst 
OAI2BB1X2             13       40.014    slow_vdd1v0     worst 
OAI2BB1X4              2        8.892    slow_vdd1v0     worst 
OAI2BB2X1              3       12.312    slow_vdd1v0     worst 
OAI2BB2X2              4       21.888    slow_vdd1v0     worst 
OAI31X1               20       41.040    slow_vdd1v0     worst 
OAI31X2               38      142.956    slow_vdd1v0     worst 
OAI31X4                7       47.880    slow_vdd1v0     worst 
OAI32X2               25      111.150    slow_vdd1v0     worst 
OR2X1                909     1243.512    slow_vdd1v0     worst 
OR2X2                130      222.300    slow_vdd1v0     worst 
OR2X4                 61      166.896    slow_vdd1v0     worst 
OR2X6                 35      131.670    slow_vdd1v0     worst 
OR2X8                  8       35.568    slow_vdd1v0     worst 
OR3X1                141      289.332    slow_vdd1v0     worst 
OR3X2                  1        2.394    slow_vdd1v0     worst 
OR3X4                  5       15.390    slow_vdd1v0     worst 
OR3X8                  4       21.888    slow_vdd1v0     worst 
OR4X1                229      469.908    slow_vdd1v0     worst 
RAM2P_1024X32          2   475015.121    RAM2P_1024X32   worst 
RAM_4096X32            4  1413572.722    RAM_4096X32     worst 
XNOR2X1              529     1266.426    slow_vdd1v0     worst 
XNOR2X2               10       30.780    slow_vdd1v0     worst 
XNOR2X4                1        3.762    slow_vdd1v0     worst 
XOR2X1                 3        8.208    slow_vdd1v0     worst 
XOR2X2                 2        6.840    slow_vdd1v0     worst 
XOR2X4                 1        4.104    slow_vdd1v0     worst 
---------------------------------------------------------------
total              23230  1957901.325                  


   Library    Instances     Area    Instances % 
------------------------------------------------
RAM2P_1024X32         2  475015.121         0.0 
RAM_4096X32           4 1413572.722         0.0 
slow_vdd1v0       23224   69313.482       100.0 

                                            
     Type      Instances     Area    Area % 
--------------------------------------------
timing_model           6 1888587.843   96.5 
sequential          3482   23819.958    1.2 
inverter            1530    1835.172    0.1 
buffer               102     302.328    0.0 
logic              18110   43356.024    2.2 
physical_cells         0       0.000    0.0 
--------------------------------------------
total              23230 1957901.325  100.0 

