============================================================
  Generated by:           Genus(TM) Synthesis Solution 21.18-s082_1
  Generated on:           Aug 31 2026  02:37:04 pm
  Module:                 clusterization
  Operating conditions:   PVT_0P9V_125C 
  Operating conditions:   PVT_1P32V_0C 
  Interconnect mode:      global
  Area mode:              physical library
============================================================


Path 1: MET (1 ps) Setup Check with Pin grad_block/entropy_reg[31]/CK->D
          Group: clk
     Startpoint: (R) grad_block/P_ij_norm_reg[7]/CK
          Clock: (R) clk
       Endpoint: (R) grad_block/entropy_reg[31]/D
          Clock: (R) clk

                     Capture       Launch     
        Clock Edge:+   10000            0     
       Src Latency:+       0            0     
       Net Latency:+     100 (I)      100 (I) 
           Arrival:=   10100          100     
                                              
             Setup:-     151                  
       Uncertainty:-      50                  
     Required Time:=    9899                  
      Launch Clock:-     100                  
         Data Path:-    9799                  
             Slack:=       1                  

#------------------------------------------------------------------------------------------------------------------------------------
#                       Timing Point                         Flags    Arc   Edge   Cell     Fanout Load Trans Delay Arrival Instance 
#                                                                                                  (fF)  (ps)  (ps)   (ps)  Location 
#------------------------------------------------------------------------------------------------------------------------------------
  grad_block/P_ij_norm_reg[7]/CK                             -       -      R     (arrival)   3431    -     0     0     100    (-,-) 
  grad_block/P_ij_norm_reg[7]/Q                              -       CK->Q  R     EDFFHQX1       2  5.8   130   250     350    (-,-) 
  grad_block/csa_tree_add_430_39_pad_groupi_g2270/Y          -       A->Y   F     INVX3         12 23.0   221   182     532    (-,-) 
  grad_block/csa_tree_add_430_39_pad_groupi_g2157/Y          -       A->Y   R     NOR2X1         1  3.3   184   228     759    (-,-) 
  grad_block/csa_tree_add_430_39_pad_groupi_g2098/S          -       A->S   R     ADDHX1         1  3.7    95   280    1039    (-,-) 
  grad_block/csa_tree_add_430_39_pad_groupi_cdnfadd_013_1/CO -       B->CO  R     ADDFX1         1  3.5   100   261    1300    (-,-) 
  grad_block/csa_tree_add_430_39_pad_groupi_cdnfadd_014_3/S  -       CI->S  F     ADDFX1         1  3.6   117   341    1641    (-,-) 
  grad_block/csa_tree_add_430_39_pad_groupi_cdnfadd_014_4/S  -       B->S   R     ADDFX1         1  3.3    97   361    2002    (-,-) 
  grad_block/csa_tree_add_430_39_pad_groupi_g2046/Y          -       A->Y   F     INVX1          2  5.4   159   141    2142    (-,-) 
  grad_block/csa_tree_add_430_39_pad_groupi_g2039/Y          -       B->Y   R     NOR2X1         2  5.0   258   233    2375    (-,-) 
  grad_block/g12431/Y                                        -       A1->Y  R     AO21X1         1  3.3    88   288    2663    (-,-) 
  grad_block/csa_tree_add_430_39_pad_groupi_g2317/Y          -       B0->Y  F     OAI21X1        1  3.3   229   194    2856    (-,-) 
  grad_block/csa_tree_add_430_39_pad_groupi_g1985/Y          -       B0->Y  R     OAI2BB1X1      1  3.1   117   181    3038    (-,-) 
  grad_block/g12434/Y                                        -       B->Y   R     OR3X1          2  5.6   130   189    3227    (-,-) 
  grad_block/csa_tree_add_430_39_pad_groupi_g1981/Y          -       B->Y   F     NAND2X2        2  4.9   178   169    3396    (-,-) 
  grad_block/g3/Y                                            -       A0->Y  F     AO21X1         1  3.6   108   242    3638    (-,-) 
  grad_block/g12196/Y                                        -       A->Y   R     NAND2X2        2  5.0    92    99    3737    (-,-) 
  grad_block/csa_tree_add_430_39_pad_groupi_g12436/Y         -       A1N->Y R     OAI2BB1X2      2  6.4   109   230    3967    (-,-) 
  grad_block/csa_tree_add_430_39_pad_groupi_g1971/Y          -       A1->Y  F     AOI21X4        2  5.4   131   141    4108    (-,-) 
  grad_block/csa_tree_add_430_39_pad_groupi_g1969/Y          -       B->Y   R     NOR2X2         2  5.0   148   148    4256    (-,-) 
  grad_block/csa_tree_add_430_39_pad_groupi_g1966/Y          -       B->Y   R     AND2X1         1  3.7    92   228    4485    (-,-) 
  grad_block/csa_tree_add_430_39_pad_groupi_g1960/Y          -       A1->Y  F     OAI21X2        1  4.4   180   156    4640    (-,-) 
  grad_block/csa_tree_add_430_39_pad_groupi_g1958/Y          -       A1->Y  R     AOI21X4        1  4.5    91   145    4786    (-,-) 
  grad_block/csa_tree_add_430_39_pad_groupi_g1957/Y          -       B->Y   F     NOR2X4         2  5.0    71    75    4861    (-,-) 
  grad_block/g12428/Y                                        -       A1N->Y F     AOI2BB1X2      2  5.0   102   189    5050    (-,-) 
  grad_block/g12427/Y                                        -       A1N->Y F     AOI2BB1X2      2  5.1   102   204    5253    (-,-) 
  grad_block/csa_tree_add_430_39_pad_groupi_g1948/Y          -       A1N->Y F     AOI2BB1X4      2  5.0    71   195    5448    (-,-) 
  grad_block/g12426/Y                                        -       A1N->Y F     AOI2BB1X2      2  5.0   101   189    5637    (-,-) 
  grad_block/g12425/Y                                        -       A1N->Y F     AOI2BB1X2      2  5.0   101   203    5839    (-,-) 
  grad_block/g12424/Y                                        -       A1N->Y F     AOI2BB1X2      2  5.0   101   203    6042    (-,-) 
  grad_block/g12423/Y                                        -       A1N->Y F     AOI2BB1X1      2  5.0   162   198    6240    (-,-) 
  grad_block/g12422/Y                                        -       A1N->Y F     AOI2BB1X2      2  5.4   107   233    6473    (-,-) 
  grad_block/csa_tree_add_430_39_pad_groupi_g2318/Y          -       B->Y   R     NOR2BX2        3  8.4   220   180    6653    (-,-) 
  grad_block/csa_tree_add_430_39_pad_groupi_g1924/Y          -       B->Y   F     NAND2X4        3  7.0   156   187    6839    (-,-) 
  grad_block/csa_tree_add_430_39_pad_groupi_g1921/Y          -       B->Y   R     NOR2BX2        3  7.3   202   190    7030    (-,-) 
  grad_block/csa_tree_add_430_39_pad_groupi_g1919/Y          -       B->Y   R     CLKAND2X3      3  7.2    66   189    7219    (-,-) 
  grad_block/csa_tree_add_430_39_pad_groupi_g1917/Y          -       B->Y   R     AND2X1         2  5.1   121   203    7422    (-,-) 
  grad_block/csa_tree_add_430_39_pad_groupi_g1915/Y          -       B->Y   R     CLKAND2X3      3  7.3    66   154    7576    (-,-) 
  grad_block/csa_tree_add_430_39_pad_groupi_g1913/Y          -       B->Y   R     CLKAND2X3      3  7.8    70   132    7708    (-,-) 
  grad_block/csa_tree_add_430_39_pad_groupi_g1911/Y          -       B->Y   R     CLKAND2X6      3  7.2    45   117    7825    (-,-) 
  grad_block/csa_tree_add_430_39_pad_groupi_g1909/Y          -       B->Y   R     AND2X1         2  5.1   121   192    8018    (-,-) 
  grad_block/csa_tree_add_430_39_pad_groupi_g1907/Y          -       B->Y   R     CLKAND2X3      3  7.3    66   154    8172    (-,-) 
  grad_block/csa_tree_add_430_39_pad_groupi_g1905/Y          -       B->Y   R     CLKAND2X3      3  7.1    65   129    8301    (-,-) 
  grad_block/csa_tree_add_430_39_pad_groupi_g1903/Y          -       B->Y   R     CLKAND2X2      2  5.8    77   143    8444    (-,-) 
  grad_block/csa_tree_add_430_39_pad_groupi_g1901/CO         -       B->CO  R     ADDHX1         1  3.5    88   180    8624    (-,-) 
  grad_block/csa_tree_add_430_39_pad_groupi_g1900/S          -       B->S   F     ADDHX1         3  6.5   179   255    8879    (-,-) 
  grad_block/sub_441_48_g868/Y                               -       B->Y   R     NOR2X1         1  3.1   178   195    9074    (-,-) 
  grad_block/sub_441_48_g823/Y                               -       B->Y   R     AND2X1         1  3.5    88   241    9315    (-,-) 
  grad_block/sub_441_48_g815/CO                              -       B->CO  R     ADDHX1         1  3.3    84   183    9497    (-,-) 
  grad_block/sub_441_48_g812/Y                               -       B->Y   R     XNOR2X1        1  3.1    82   180    9677    (-,-) 
  grad_block/g11824/Y                                        -       B->Y   R     MX2X1          1  3.2    85   222    9899    (-,-) 
  grad_block/entropy_reg[31]/D                               <<<     -      R     DFFRHQX1       1    -     -     0    9899    (-,-) 
#------------------------------------------------------------------------------------------------------------------------------------

