###############################################################
#  Generated by:      Cadence Innovus 25.10-p002_1
#  OS:                Linux x86_64(Host ID gmicro02)
#  Generated on:      Thu Aug 20 16:09:56 2026
#  Design:            clusterization
#  Command:           report_gates -out_file /home/epiphane/projets/clusterization/backend/layout/reports/clusterization_worst_87_0/clusterization_gates_layout.rpt
###############################################################
Library cell information:
 ----------------------------------------
| Cell       |  Instance  |  Area(um^2)  |
|----------------------------------------|
| ADDFX1     |       1494 |     7664.220 | 
| ADDHX1     |        299 |     1124.838 | 
| ADDHX2     |          1 |        5.130 | 
| AND2X1     |      52262 |    71494.416 | 
| AND2X2     |       6240 |    10670.400 | 
| AND2X4     |       6769 |    18519.984 | 
| AND2X6     |       6194 |    23301.828 | 
| AND2X8     |         57 |      253.422 | 
| AND2XL     |         15 |       20.520 | 
| AND3X1     |         66 |      158.004 | 
| AND3X2     |         25 |       68.400 | 
| AND3X4     |         14 |       43.092 | 
| AND3X6     |          8 |       35.568 | 
| AND3XL     |       3832 |     7863.264 | 
| AND4X1     |       2223 |     5321.862 | 
| AND4X2     |        157 |      483.246 | 
| AND4X4     |         81 |      304.722 | 
| AND4X6     |          5 |       29.070 | 
| AND4X8     |          2 |       12.312 | 
| AND4XL     |         11 |       26.334 | 
| AO21X1     |        160 |      383.040 | 
| AO21X2     |         22 |       60.192 | 
| AO21X4     |          4 |       13.680 | 
| AO21XL     |          1 |        2.394 | 
| AO22X1     |       5765 |    15773.040 | 
| AO22X2     |         37 |      113.886 | 
| AO22X4     |         15 |       56.430 | 
| AO22XL     |         10 |       27.360 | 
| AOI211X1   |         16 |       38.304 | 
| AOI211X2   |          5 |       17.100 | 
| AOI211XL   |         61 |      125.172 | 
| AOI21X1    |       6741 |    11527.110 | 
| AOI21X2    |        141 |      385.776 | 
| AOI21X4    |          2 |       10.260 | 
| AOI21XL    |          7 |       11.970 | 
| AOI221X1   |       1280 |     3064.320 | 
| AOI221X2   |         43 |      191.178 | 
| AOI222X1   |        115 |      353.970 | 
| AOI222X2   |         21 |      114.912 | 
| AOI22X1    |     129119 |   264952.188 | 
| AOI22X2    |          1 |        3.762 | 
| AOI22XL    |         61 |      125.172 | 
| AOI2BB1X1  |         59 |      121.068 | 
| AOI2BB1X2  |          3 |        9.234 | 
| AOI31X1    |         30 |       61.560 | 
| AOI31X2    |          8 |       27.360 | 
| AOI32X1    |         21 |       50.274 | 
| AOI32X2    |          3 |       13.338 | 
| AOI33X1    |          2 |        5.472 | 
| BUFX12     |       1270 |     6515.100 | 
| BUFX2      |       7969 |    13626.990 | 
| BUFX3      |       1547 |     3174.444 | 
| BUFX4      |        839 |     2008.566 | 
| BUFX6      |          2 |        6.156 | 
| BUFX8      |          2 |        7.524 | 
| CLKAND2X12 |          1 |        7.524 | 
| CLKAND2X6  |          1 |        4.788 | 
| CLKBUFX12  |       1970 |    10106.100 | 
| CLKBUFX16  |       1445 |     9883.800 | 
| CLKBUFX2   |       2633 |     4502.430 | 
| CLKBUFX20  |        286 |     2347.488 | 
| CLKBUFX3   |          8 |       16.416 | 
| CLKBUFX4   |         17 |       40.698 | 
| CLKBUFX6   |       2907 |     8947.746 | 
| CLKBUFX8   |       1346 |     5063.652 | 
| CLKINVX12  |         10 |       41.040 | 
| CLKINVX20  |         59 |      383.382 | 
| CLKINVX4   |       3224 |     5513.040 | 
| CLKINVX6   |       3989 |     9549.666 | 
| CLKINVX8   |        497 |     1529.766 | 
| CLKMX2X12  |          2 |       12.996 | 
| CLKMX2X2   |         27 |       83.106 | 
| CLKMX2X4   |         14 |       57.456 | 
| CLKMX2X6   |          5 |       22.230 | 
| CLKXOR2X1  |         13 |       35.568 | 
| CLKXOR2X2  |          4 |       13.680 | 
| DFFHQX1    |        148 |      809.856 | 
| DFFHQX4    |          1 |        8.208 | 
| DFFQX2     |          3 |       19.494 | 
| DFFQX4     |          2 |       14.364 | 
| DFFQXL     |         78 |      426.816 | 
| DFFRHQX1   |       2388 |    14700.528 | 
| DFFRX1     |         81 |      554.040 | 
| DFFRX2     |         10 |       75.240 | 
| DFFSHQX1   |         18 |      116.964 | 
| DLY1X1     |       1791 |     5512.698 | 
| DLY1X4     |         12 |       45.144 | 
| DLY2X1     |        333 |     1936.062 | 
| DLY2X4     |         29 |      198.360 | 
| DLY3X1     |        840 |     6894.720 | 
| DLY3X4     |          5 |       44.460 | 
| DLY4X1     |       1821 |    18060.678 | 
| DLY4X4     |          2 |       21.204 | 
| EDFFHQX1   |     285345 |  2439699.750 | 
| EDFFHQX2   |         31 |      275.652 | 
| EDFFHQX4   |         13 |      137.826 | 
| EDFFHQX8   |         14 |      162.792 | 
| EDFFX2     |         68 |      627.912 | 
| EDFFX4     |          2 |       21.888 | 
| FILL1      |     260153 |    88972.326 | 
| FILL16     |      37826 |   206983.872 | 
| FILL2      |     246910 |   168886.440 | 
| FILL32     |       7536 |    82473.984 | 
| FILL4      |     210272 |   287652.096 | 
| FILL64     |       8551 |   187164.288 | 
| FILL8      |      89461 |   244765.296 | 
| INVX1      |       2991 |     2045.844 | 
| INVX2      |       2820 |     2893.320 | 
| INVX3      |       2095 |     2865.960 | 
| INVX4      |         10 |       17.100 | 
| INVX6      |        236 |      564.984 | 
| INVXL      |        548 |      374.832 | 
| MDFFHQX1   |         51 |      436.050 | 
| MDFFHQX2   |          8 |       73.872 | 
| MX2X1      |        370 |      885.780 | 
| MX2XL      |          6 |       14.364 | 
| MX3XL      |         22 |      105.336 | 
| MXI2X1     |          1 |        2.736 | 
| MXI2X6     |          1 |        5.130 | 
| MXI2XL     |         18 |       43.092 | 
| NAND2BX1   |       1021 |     1396.728 | 
| NAND2BX2   |        391 |      936.054 | 
| NAND2BX4   |         35 |      131.670 | 
| NAND2BXL   |         13 |       17.784 | 
| NAND2X1    |      21076 |    21623.976 | 
| NAND2X2    |       8713 |    14899.230 | 
| NAND2X4    |          4 |       13.680 | 
| NAND2XL    |         24 |       24.624 | 
| NAND3BX1   |        198 |      406.296 | 
| NAND3BX2   |        293 |      901.854 | 
| NAND3BXL   |       1000 |     1710.000 | 
| NAND3X1    |       3689 |     6308.190 | 
| NAND3X2    |       1714 |     4689.504 | 
| NOR2BX1    |       3096 |     4235.328 | 
| NOR2BX2    |         13 |       35.568 | 
| NOR2BX4    |          6 |       22.572 | 
| NOR2BXL    |          1 |        1.710 | 
| NOR2X1     |        745 |      764.370 | 
| NOR2X2     |         81 |      138.510 | 
| NOR2X4     |          9 |       27.702 | 
| NOR2X6     |          1 |        4.104 | 
| NOR2XL     |         15 |       15.390 | 
| NOR3BX1    |         26 |       53.352 | 
| NOR3BX2    |          4 |       13.680 | 
| NOR3BXL    |          1 |        2.052 | 
| NOR3X1     |        204 |      348.840 | 
| NOR3X2     |         45 |      123.120 | 
| NOR4BBX1   |         40 |      109.440 | 
| NOR4BBX2   |          5 |       25.650 | 
| NOR4BX1    |         24 |       57.456 | 
| NOR4BX2    |          1 |        4.788 | 
| NOR4X1     |        372 |      636.120 | 
| NOR4X2     |         14 |       47.880 | 
| OA21X1     |        164 |      336.528 | 
| OA21X2     |          4 |       12.312 | 
| OA22X1     |        555 |     1328.670 | 
| OA22X2     |          1 |        3.420 | 
| OAI211X1   |          1 |        1.710 | 
| OAI211X2   |          1 |        4.104 | 
| OAI21X1    |        255 |      436.050 | 
| OAI21X2    |         16 |       49.248 | 
| OAI21XL    |          1 |        1.710 | 
| OAI221X1   |          2 |        4.788 | 
| OAI22X1    |        786 |     1612.872 | 
| OAI22X2    |         33 |      112.860 | 
| OAI22XL    |          2 |        4.104 | 
| OAI2BB1X1  |       4675 |     7994.250 | 
| OAI2BB1X2  |        251 |      772.578 | 
| OAI2BB1X4  |          5 |       22.230 | 
| OAI2BB1XL  |         10 |       20.520 | 
| OAI2BB2XL  |          1 |        3.762 | 
| OAI31X1    |         55 |      112.860 | 
| OAI31X2    |          4 |       15.048 | 
| OAI31XL    |          1 |        2.394 | 
| OAI32X1    |         11 |       26.334 | 
| OAI32X2    |          2 |        8.892 | 
| OR2X1      |       8269 |    11311.992 | 
| OR2X2      |        673 |     1150.830 | 
| OR2X4      |         95 |      259.920 | 
| OR2X6      |         60 |      225.720 | 
| OR2X8      |         10 |       44.460 | 
| OR2XL      |        449 |      614.232 | 
| OR3X1      |        255 |      523.260 | 
| OR3X2      |         63 |      150.822 | 
| OR3X4      |          9 |       27.702 | 
| OR3XL      |          6 |       12.312 | 
| OR4X1      |       6776 |    13904.352 | 
| OR4X2      |       2812 |     9617.040 | 
| OR4X4      |        687 |     2584.494 | 
| OR4XL      |         14 |       38.304 | 
| XNOR2X1    |        549 |     1314.306 | 
| XNOR2X2    |         18 |       55.404 | 
| XNOR2XL    |          1 |        2.736 | 
| XOR2X1     |          1 |        2.736 | 
|----------------------------------------|
| Total      |    1486973 |  4410587.952 |
 ----------------------------------------
Library cell type information:
 -------------------------------------------------------
| Cell Type        |   Instance   |        Area         |
|                  |              |       um^2  |   %   |
|-------------------------------------------------------|
| Buffer           |        27074 |   98960.436 |   2.2 | 
| Inverter         |        16479 |   25778.934 |   0.6 | 
| Combinational    |       294450 |  560789.028 |  12.7 | 
| Flop             |       288261 | 2458161.252 |  55.7 | 
| Multi-Bit Flop   |            0 |       0.000 |   0.0 | 
| Latch            |            0 |       0.000 |   0.0 | 
| Clock Gater      |            0 |       0.000 |   0.0 | 
| Macro            |            0 |       0.000 |   0.0 | 
| Physical Cell    |       860709 | 1266898.302 |  28.7 | 
|-------------------------------------------------------|
| Total            |      1486973 | 4410587.952 | 100.0 | 
 -------------------------------------------------------
