###############################################################
#  Generated by:      Cadence Innovus 25.10-p002_1
#  OS:                Linux x86_64(Host ID gmicro02)
#  Generated on:      Thu Aug 20 16:00:50 2026
#  Design:            clusterization
#  Command:           report_timing > ${OUT_RPT}/setup_timing.rpt 
###############################################################
Path 1: MET (3.060 ns) Setup Check with Pin bloc_grad/entropy_reg[31]/CK->D
               View: analysis_normal_slow_max
              Group: clk
         Startpoint: (R) bloc_grad/P_ij_norm_reg[7]/CK
              Clock: (R) clk
           Endpoint: (R) bloc_grad/entropy_reg[31]/D
              Clock: (R) clk

                       Capture       Launch
         Clock Edge:+   11.494        0.000
        Src Latency:+    0.000       -0.835
        Net Latency:+    0.957 (P)    0.951 (P)
            Arrival:=   12.451        0.116

              Setup:-    0.161
        Uncertainty:-    0.050
      Required Time:=   12.240
       Launch Clock:=    0.116
          Data Path:+    9.064
              Slack:=    3.060

#-----------------------------------------------------------------------------------------------------------------------------
# Timing Point                                                  Flags  Arc     Edge  Cell       Fanout  Trans   Delay  Arrival  
#                                                                                                        (ns)    (ns)     (ns)  
#-----------------------------------------------------------------------------------------------------------------------------
  bloc_grad/P_ij_norm_reg[7]/CK                                 -      CK      R     (arrival)     100  0.098       -    0.116  
  bloc_grad/P_ij_norm_reg[7]/Q                                  -      CK->Q   F     EDFFHQX2       11  0.098   0.365    0.481  
  bloc_grad/FE_OFC17085_P_ij_norm_7/Y                           -      A->Y    F     BUFX2          12  0.199   0.274    0.755  
  bloc_grad/FE_DBTC44_P_ij_norm_7/Y                             -      A->Y    R     INVX2          11  0.216   0.177    0.933  
  bloc_grad/csa_tree_add_443_39_pad_groupi_g9459/Y              -      A->Y    F     NOR2X1          1  0.142   0.116    1.049  
  bloc_grad/csa_tree_add_443_39_pad_groupi_g9349/S              -      CI->S   R     ADDFX1          1  0.064   0.314    1.363  
  bloc_grad/csa_tree_add_443_39_pad_groupi_g9312/S              -      CI->S   F     ADDFX1          1  0.062   0.284    1.648  
  bloc_grad/csa_tree_add_443_39_pad_groupi_g9290/S              -      CI->S   R     ADDFX1          2  0.047   0.294    1.941  
  bloc_grad/csa_tree_add_443_39_pad_groupi_g9288/Y              -      A->Y    R     AND2X1          2  0.046   0.138    2.079  
  bloc_grad/csa_tree_add_443_39_pad_groupi_g9276/Y              -      A1->Y   F     AOI21X1         1  0.039   0.089    2.167  
  bloc_grad/csa_tree_add_443_39_pad_groupi_g9270/Y              -      B0->Y   R     AOI2BB1X1       1  0.084   0.089    2.257  
  bloc_grad/csa_tree_add_443_39_pad_groupi_g9261/Y              -      A0->Y   F     AOI21X1         1  0.056   0.106    2.363  
  bloc_grad/csa_tree_add_443_39_pad_groupi_g9258/Y              -      C0->Y   R     OAI221X1        1  0.088   0.071    2.434  
  bloc_grad/FE_OFC17100_csa_tree_add_443_39_pad_groupi_n_377/Y  -      A->Y    R     BUFX2           1  0.110   0.129    2.563  
  bloc_grad/csa_tree_add_443_39_pad_groupi_g9257/CO             -      CI->CO  R     ADDFX1          1  0.027   0.198    2.761  
  bloc_grad/csa_tree_add_443_39_pad_groupi_g9256/CO             -      CI->CO  R     ADDFX1          1  0.061   0.208    2.969  
  bloc_grad/csa_tree_add_443_39_pad_groupi_g9255/CO             -      CI->CO  R     ADDFX1          1  0.060   0.199    3.169  
  bloc_grad/csa_tree_add_443_39_pad_groupi_g9254/CO             -      CI->CO  R     ADDFX1          1  0.043   0.190    3.359  
  bloc_grad/csa_tree_add_443_39_pad_groupi_g9253/CO             -      CI->CO  R     ADDFX1          1  0.042   0.191    3.550  
  bloc_grad/csa_tree_add_443_39_pad_groupi_g9252/CO             -      CI->CO  R     ADDFX1          1  0.045   0.193    3.742  
  bloc_grad/csa_tree_add_443_39_pad_groupi_g9251/CO             -      CI->CO  R     ADDFX1          1  0.045   0.192    3.935  
  bloc_grad/csa_tree_add_443_39_pad_groupi_g9250/CO             -      CI->CO  R     ADDFX1          1  0.045   0.192    4.127  
  bloc_grad/csa_tree_add_443_39_pad_groupi_g9249/CO             -      CI->CO  R     ADDFX1          1  0.044   0.191    4.318  
  bloc_grad/csa_tree_add_443_39_pad_groupi_g9248/CO             -      CI->CO  R     ADDFX1          1  0.043   0.190    4.508  
  bloc_grad/csa_tree_add_443_39_pad_groupi_g9247/CO             -      CI->CO  R     ADDFX1          1  0.042   0.190    4.697  
  bloc_grad/csa_tree_add_443_39_pad_groupi_g9246/CO             -      CI->CO  R     ADDFX1          1  0.042   0.190    4.887  
  bloc_grad/csa_tree_add_443_39_pad_groupi_g9245/CO             -      CI->CO  R     ADDFX1          1  0.043   0.191    5.078  
  bloc_grad/csa_tree_add_443_39_pad_groupi_g9244/CO             -      CI->CO  R     ADDFX1          1  0.043   0.192    5.270  
  bloc_grad/csa_tree_add_443_39_pad_groupi_g9243/CO             -      CI->CO  R     ADDFX1          1  0.045   0.192    5.462  
  bloc_grad/csa_tree_add_443_39_pad_groupi_g9242/CO             -      CI->CO  R     ADDFX1          1  0.044   0.190    5.653  
  bloc_grad/FE_PHC48605_csa_tree_add_443_39_pad_groupi_n_408/Y  -      A->Y    R     DLY1X1          1  0.042   0.171    5.824  
  bloc_grad/csa_tree_add_443_39_pad_groupi_g9241/CO             -      B->CO   R     ADDHX1          1  0.030   0.130    5.954  
  bloc_grad/csa_tree_add_443_39_pad_groupi_g9240/CO             -      B->CO   R     ADDHX1          1  0.038   0.134    6.088  
  bloc_grad/csa_tree_add_443_39_pad_groupi_g9239/CO             -      B->CO   R     ADDHX1          1  0.039   0.135    6.223  
  bloc_grad/csa_tree_add_443_39_pad_groupi_g9238/CO             -      B->CO   R     ADDHX1          1  0.040   0.136    6.359  
  bloc_grad/csa_tree_add_443_39_pad_groupi_g9237/CO             -      B->CO   R     ADDHX1          1  0.041   0.132    6.491  
  bloc_grad/csa_tree_add_443_39_pad_groupi_g9236/CO             -      B->CO   R     ADDHX1          1  0.033   0.133    6.624  
  bloc_grad/csa_tree_add_443_39_pad_groupi_g9235/CO             -      B->CO   R     ADDHX1          1  0.042   0.138    6.762  
  bloc_grad/csa_tree_add_443_39_pad_groupi_g9234/CO             -      B->CO   R     ADDHX1          1  0.040   0.134    6.896  
  bloc_grad/csa_tree_add_443_39_pad_groupi_g9233/CO             -      B->CO   R     ADDHX1          1  0.037   0.135    7.031  
  bloc_grad/csa_tree_add_443_39_pad_groupi_g9232/CO             -      B->CO   R     ADDHX1          1  0.042   0.132    7.163  
  bloc_grad/csa_tree_add_443_39_pad_groupi_g9231/CO             -      B->CO   R     ADDHX1          1  0.032   0.129    7.292  
  bloc_grad/csa_tree_add_443_39_pad_groupi_g9230/CO             -      B->CO   R     ADDHX1          1  0.035   0.131    7.423  
  bloc_grad/csa_tree_add_443_39_pad_groupi_g9229/CO             -      B->CO   R     ADDHX1          1  0.035   0.129    7.552  
  bloc_grad/csa_tree_add_443_39_pad_groupi_g9228/CO             -      B->CO   R     ADDHX1          1  0.033   0.129    7.682  
  bloc_grad/csa_tree_add_443_39_pad_groupi_g9227/CO             -      B->CO   R     ADDHX1          1  0.035   0.128    7.809  
  bloc_grad/csa_tree_add_443_39_pad_groupi_g9226/Y              -      B->Y    F     CLKXOR2X1       2  0.030   0.153    7.963  
  bloc_grad/g15651/Y                                            -      A->Y    R     XNOR2X1         1  0.041   0.201    8.164  
  bloc_grad/g15648/Y                                            -      B->Y    R     MX2X1           1  0.031   0.234    8.398  
  bloc_grad/FE_PHC48930_n_529/Y                                 -      A->Y    R     DLY4X1          1  0.143   0.782    9.181  
  bloc_grad/entropy_reg[31]/D                                   -      D       R     DFFRHQX1        1  0.171   0.000    9.181  
#-----------------------------------------------------------------------------------------------------------------------------

