============================================================
  Generated by:           Genus(TM) Synthesis Solution 21.18-s082_1
  Generated on:           Aug 21 2026  04:22:43 pm
  Module:                 clusterization
  Operating conditions:   PVT_0P9V_125C 
  Operating conditions:   PVT_1P32V_0C 
  Interconnect mode:      global
  Area mode:              physical library
============================================================


Path 1: MET (0 ps) Setup Check with Pin bloc_grad/entropy_reg[31]/CK->D
          Group: clk
     Startpoint: (R) bloc_grad/P_ij_norm_reg[0]/CK
          Clock: (R) clk
       Endpoint: (R) bloc_grad/entropy_reg[31]/D
          Clock: (R) clk

                     Capture       Launch     
        Clock Edge:+    8333            0     
       Src Latency:+       0            0     
       Net Latency:+     100 (I)      100 (I) 
           Arrival:=    8433          100     
                                              
             Setup:-     151                  
       Uncertainty:-      50                  
     Required Time:=    8233                  
      Launch Clock:-     100                  
         Data Path:-    8132                  
             Slack:=       0                  

#-----------------------------------------------------------------------------------------------------------------------------------
#                       Timing Point                        Flags    Arc   Edge   Cell     Fanout Load Trans Delay Arrival Instance 
#                                                                                                 (fF)  (ps)  (ps)   (ps)  Location 
#-----------------------------------------------------------------------------------------------------------------------------------
  bloc_grad/P_ij_norm_reg[0]/CK                             -       -      R     (arrival)   3490    -     0     0     100    (-,-) 
  bloc_grad/P_ij_norm_reg[0]/Q                              -       CK->Q  R     MDFFHQX8      33 64.4   182   323     423    (-,-) 
  bloc_grad/mul_369_34_g4487/Y                              -       A->Y   F     CLKINVX8      35 63.3   250   212     635    (-,-) 
  bloc_grad/csa_tree_add_430_39_pad_groupi_g2216/Y          -       A->Y   R     NOR2X1         1  3.3   183   242     877    (-,-) 
  bloc_grad/csa_tree_add_430_39_pad_groupi_g2085/S          -       A->S   R     ADDHX1         1  3.7    95   279    1157    (-,-) 
  bloc_grad/csa_tree_add_430_39_pad_groupi_cdnfadd_013_1/CO -       B->CO  R     ADDFX1         1  3.5    99   261    1418    (-,-) 
  bloc_grad/csa_tree_add_430_39_pad_groupi_cdnfadd_014_3/S  -       CI->S  F     ADDFX1         1  3.6   117   340    1758    (-,-) 
  bloc_grad/csa_tree_add_430_39_pad_groupi_cdnfadd_014_4/S  -       B->S   R     ADDFX1         2  4.9   130   379    2137    (-,-) 
  bloc_grad/csa_tree_add_430_39_pad_groupi_g2036/Y          -       B->Y   R     CLKAND2X2      2  4.8    67   166    2303    (-,-) 
  bloc_grad/csa_tree_add_430_39_pad_groupi_g2317/Y          -       A1->Y  R     AO21X1         1  3.1    83   193    2496    (-,-) 
  bloc_grad/csa_tree_add_430_39_pad_groupi_g1999/Y          -       A1N->Y R     OAI2BB1X2      1  4.5    82   215    2710    (-,-) 
  bloc_grad/csa_tree_add_430_39_pad_groupi_g1980/Y          -       C0->Y  F     AOI221X4       2  7.0   181    80    2790    (-,-) 
  bloc_grad/csa_tree_add_430_39_pad_groupi_g1977/Y          -       B->Y   R     NOR2X6         3  7.0    95   126    2916    (-,-) 
  bloc_grad/g12320/Y                                        -       A1N->Y R     OAI2BB1X4      3  8.6    85   216    3132    (-,-) 
  bloc_grad/csa_tree_add_430_39_pad_groupi_g1964/Y          -       B1->Y  F     AOI221X4       2  5.5   170   135    3267    (-,-) 
  bloc_grad/csa_tree_add_430_39_pad_groupi_g1959/Y          -       A1->Y  R     OAI21X2        2  5.0   165   182    3449    (-,-) 
  bloc_grad/csa_tree_add_430_39_pad_groupi_g2314/Y          -       AN->Y  R     NOR2BX1        1  3.7   202   241    3690    (-,-) 
  bloc_grad/csa_tree_add_430_39_pad_groupi_g1951/Y          -       B->Y   F     NOR2X2         2  6.2   123   164    3854    (-,-) 
  bloc_grad/csa_tree_add_430_39_pad_groupi_g1948/Y          -       B->Y   R     NOR2X4         1  4.5    85   103    3957    (-,-) 
  bloc_grad/csa_tree_add_430_39_pad_groupi_g1946/Y          -       B->Y   F     NOR2X4         2  5.1    71    72    4029    (-,-) 
  bloc_grad/g12297/Y                                        -       A1N->Y F     AOI2BB1X4      2  5.0    71   180    4209    (-,-) 
  bloc_grad/g12296/Y                                        -       A1N->Y F     AOI2BB1X2      1  3.7    85   180    4389    (-,-) 
  bloc_grad/g12322/CO                                       -       CI->CO F     ADDFHX2        2  5.0   101   229    4618    (-,-) 
  bloc_grad/g12294/Y                                        -       A1N->Y F     AOI2BB1X2      2  5.0   101   202    4821    (-,-) 
  bloc_grad/g12293/Y                                        -       A1N->Y F     AOI2BB1X2      2  6.1   116   210    5031    (-,-) 
  bloc_grad/csa_tree_add_430_39_pad_groupi_g2324/Y          -       B->Y   R     NOR2BX4        3  8.4   126   123    5154    (-,-) 
  bloc_grad/csa_tree_add_430_39_pad_groupi_g1924/Y          -       B->Y   F     NAND2X4        2  5.4   122   130    5284    (-,-) 
  bloc_grad/csa_tree_add_430_39_pad_groupi_g2321/Y          -       B->Y   R     NOR2BX2        2  5.8   166   154    5439    (-,-) 
  bloc_grad/csa_tree_add_430_39_pad_groupi_g1916/CO         -       B->CO  R     ADDHX1         2  5.3   125   242    5680    (-,-) 
  bloc_grad/csa_tree_add_430_39_pad_groupi_g1914/Y          -       B->Y   R     CLKAND2X3      2  5.1    52   148    5828    (-,-) 
  bloc_grad/csa_tree_add_430_39_pad_groupi_g1911/Y          -       B->Y   R     CLKAND2X3      3  8.4    74   128    5956    (-,-) 
  bloc_grad/csa_tree_add_430_39_pad_groupi_g1907/Y          -       B->Y   F     NAND2X4        2  5.4   122   106    6062    (-,-) 
  bloc_grad/csa_tree_add_430_39_pad_groupi_g1906/Y          -       A->Y   R     INVX2          2  6.2    88   106    6168    (-,-) 
  bloc_grad/csa_tree_add_430_39_pad_groupi_g1902/Y          -       B->Y   R     CLKAND2X6      3  7.5    46   126    6294    (-,-) 
  bloc_grad/csa_tree_add_430_39_pad_groupi_g1898/Y          -       B->Y   R     CLKAND2X3      2  6.2    59   117    6411    (-,-) 
  bloc_grad/csa_tree_add_430_39_pad_groupi_g1895/Y          -       B->Y   F     NAND2X4        3  7.0   143   111    6522    (-,-) 
  bloc_grad/csa_tree_add_430_39_pad_groupi_g2322/Y          -       B->Y   R     NOR2BX2        3  7.1   196   181    6703    (-,-) 
  bloc_grad/csa_tree_add_430_39_pad_groupi_g1887/Y          -       B->Y   R     CLKAND2X2      3  7.5    95   211    6915    (-,-) 
  bloc_grad/g12288/Y                                        -       B0->Y  F     AOI2BB1X2      3  6.5   114   115    7030    (-,-) 
  bloc_grad/sub_441_48_g874/Y                               -       B->Y   R     NOR2X1         1  3.1   171   160    7190    (-,-) 
  bloc_grad/sub_441_48_g824/Y                               -       B->Y   R     AND2X1         2  5.2   123   257    7447    (-,-) 
  bloc_grad/sub_441_48_g823/Y                               -       A->Y   R     AND2X1         1  3.5    88   201    7648    (-,-) 
  bloc_grad/sub_441_48_g815/CO                              -       B->CO  R     ADDHX1         1  3.3    84   183    7831    (-,-) 
  bloc_grad/sub_441_48_g812/Y                               -       B->Y   R     XNOR2X1        1  3.1    82   180    8011    (-,-) 
  bloc_grad/g11736/Y                                        -       B->Y   R     MX2X1          1  3.2    85   222    8232    (-,-) 
  bloc_grad/entropy_reg[31]/D                               <<<     -      R     DFFRHQX1       1    -     -     0    8232    (-,-) 
#-----------------------------------------------------------------------------------------------------------------------------------

