============================================================
  Generated by:           Genus(TM) Synthesis Solution 21.18-s082_1
  Generated on:           Sep 10 2026  11:14:03 am
  Module:                 clusterization_v2
  Operating conditions:   PVT_0P9V_125C 
  Operating conditions:   PVT_1P32V_0C 
  Interconnect mode:      global
  Area mode:              physical library
============================================================


Path 1: MET (0 ps) Setup Check with Pin upd_block/coord_Y_act_reg[15]/CK->D
          Group: clk
     Startpoint: (R) upd_memory/u_ram/CLK
          Clock: (R) clk
       Endpoint: (R) upd_block/coord_Y_act_reg[15]/D
          Clock: (R) clk

                     Capture       Launch     
        Clock Edge:+    6897            0     
       Src Latency:+       0            0     
       Net Latency:+     100 (I)      100 (I) 
           Arrival:=    6997          100     
                                              
             Setup:-     151                  
       Uncertainty:-      50                  
     Required Time:=    6796                  
      Launch Clock:-     100                  
         Data Path:-    6696                  
             Slack:=       0                  

#-----------------------------------------------------------------------------------------------------------------
#           Timing Point             Flags     Arc     Edge    Cell      Fanout Load Trans Delay Arrival Instance 
#                                                                               (fF)  (ps)  (ps)   (ps)  Location 
#-----------------------------------------------------------------------------------------------------------------
  upd_memory/u_ram/CLK               -       -         R     (arrival)     5759    -     0     0     100    (-,-) 
  upd_memory/u_ram/Q[0]              (P)     CLK->Q[0] R     RAM_4096X32      1  3.3   204  2604    2704    (-,-) 
  upd_block/add_128_54_drc_bufs468/Y -       A->Y      F     INVX1            1  3.6   134   181    2884    (-,-) 
  upd_block/add_128_54_drc_bufs466/Y -       A->Y      R     INVX2            2  4.9    77   105    2990    (-,-) 
  upd_block/add_128_54_g416/Y        -       A->Y      R     CLKAND2X2        2  5.4    72   156    3146    (-,-) 
  upd_block/add_128_54_g393/CO       -       CI->CO    R     ADDFX1           1  3.7   102   239    3384    (-,-) 
  upd_block/add_128_54_g392/CO       -       CI->CO    R     ADDFHX2          1  4.1    80   241    3626    (-,-) 
  upd_block/add_128_54_g391/Y        -       A->Y      F     INVX3            2  5.0    63    74    3699    (-,-) 
  upd_block/add_128_54_g487/Y        -       A1->Y     F     OA21X2           2  5.0    93   201    3901    (-,-) 
  upd_block/add_128_54_g486/Y        -       A1->Y     F     OA21X2           2  5.0    93   215    4116    (-,-) 
  upd_block/add_128_54_g485/Y        -       A1->Y     F     OA21X2           2  5.5    99   219    4335    (-,-) 
  upd_block/g1455/Y                  -       B1->Y     R     OAI2BB2X2        2  6.4   197   157    4492    (-,-) 
  upd_block/add_128_54_g378/Y        -       A1->Y     F     AOI22X4          2  5.0   160   203    4695    (-,-) 
  upd_block/add_128_54_g2/Y          -       A1->Y     F     OA21X2           2  5.5    99   250    4946    (-,-) 
  upd_block/add_128_54_g373/Y        -       A1->Y     R     OAI21X2          1  3.7   128   129    5075    (-,-) 
  upd_block/add_128_54_g372/CO       -       CI->CO    R     ADDFHX2          1  3.7    76   252    5327    (-,-) 
  upd_block/add_128_54_g371/CO       -       A->CO     R     ADDFX1           1  3.7   102   257    5584    (-,-) 
  upd_block/add_128_54_g370/CO       -       A->CO     R     ADDFX1           1  3.7   102   271    5856    (-,-) 
  upd_block/add_128_54_g369/CO       -       A->CO     R     ADDFX1           1  3.7   102   271    6127    (-,-) 
  upd_block/add_128_54_g368/CO       -       B->CO     R     ADDFX1           1  3.3    94   262    6390    (-,-) 
  upd_block/add_128_54_g367/Y        -       B->Y      R     XNOR2X1          1  3.1    82   185    6574    (-,-) 
  upd_block/g1395/Y                  -       B->Y      R     MX2X1            1  3.2    85   222    6796    (-,-) 
  upd_block/coord_Y_act_reg[15]/D    <<<     -         R     DFFRHQX1         1    -     -     0    6796    (-,-) 
#-----------------------------------------------------------------------------------------------------------------

(P) : Instance is preserved

