============================================================
  Generated by:           Genus(TM) Synthesis Solution 21.18-s082_1
  Generated on:           Sep 10 2026  11:14:03 am
  Module:                 clusterization_v2
  Operating conditions:   PVT_0P9V_125C 
  Operating conditions:   PVT_1P32V_0C 
  Interconnect mode:      global
  Area mode:              physical library
============================================================

Timing
--------

Clock Period 
-------------
clk   6897.0 


  Cost    Critical         Violating 
 Group   Path Slack  TNS     Paths   
-------------------------------------
clk             0.1   0.0          0 
default    No paths   0.0            
-------------------------------------
Total                 0.0          0 

Instance Count
--------------
Leaf Instance Count             32940 
Physical Instance count             0 
Sequential Instance Count        5759 
Combinational Instance Count    27181 
Hierarchical Instance Count        10 

Area
----
Cell Area                          1510418.230
Physical Cell Area                 0.000
Total Cell Area (Cell+Physical)    1510418.230
Net Area                           42180.920
Total Area (Cell+Physical+Net)     1552599.150

Max Fanout                         5759 (clk)
Min Fanout                         0 (done_b1)
Average Fanout                     2.5
Terms to net ratio                 3.6419
Terms to instance ratio            3.8302
Runtime                            2433.414778 seconds
Elapsed Runtime                    2459 seconds
Genus peak memory usage            3167.54 
Innovus peak memory usage          no_value 
Hostname                           gmicro02
