============================================================
  Generated by:           Genus(TM) Synthesis Solution 21.18-s082_1
  Generated on:           Sep 09 2026  07:04:19 pm
  Module:                 clusterization_v2
  Operating conditions:   PVT_0P9V_125C 
  Operating conditions:   PVT_1P32V_0C 
  Interconnect mode:      global
  Area mode:              physical library
============================================================


Path 1: MET (0 ps) Setup Check with Pin cluster_assign/dx_reg[15]/CK->D
          Group: clk
     Startpoint: (R) coord_memory_b1/u_ram/CLK
          Clock: (R) clk
       Endpoint: (R) cluster_assign/dx_reg[15]/D
          Clock: (R) clk

                     Capture       Launch     
        Clock Edge:+    7143            0     
       Src Latency:+       0            0     
       Net Latency:+     100 (I)      100 (I) 
           Arrival:=    7243          100     
                                              
             Setup:-     256                  
       Uncertainty:-      50                  
     Required Time:=    6936                  
      Launch Clock:-     100                  
         Data Path:-    6836                  
             Slack:=       0                  

#-----------------------------------------------------------------------------------------------------------------
#           Timing Point            Flags      Arc     Edge    Cell      Fanout Load Trans Delay Arrival Instance 
#                                                                               (fF)  (ps)  (ps)   (ps)  Location 
#-----------------------------------------------------------------------------------------------------------------
  coord_memory_b1/u_ram/CLK         -       -          R     (arrival)     5759    -     0     0     100    (-,-) 
  coord_memory_b1/u_ram/Q[16]       (P)     CLK->Q[16] R     RAM_4096X32      1  3.7   225  2613    2713    (-,-) 
  coord_memory_b1/g8/Y              -       A->Y       R     BUFX6           10 19.4    84   203    2916    (-,-) 
  cluster_assign/sub_266_45_g2/Y    -       AN->Y      R     NOR2BX2          3  6.4   181   212    3129    (-,-) 
  cluster_assign/sub_266_45_g468/Y  -       A1N->Y     R     AOI2BB1X2        2  5.6   155   240    3369    (-,-) 
  cluster_assign/sub_266_45_g466/Y  -       A1->Y      F     OAI22X2          2  6.3   240   244    3612    (-,-) 
  cluster_assign/sub_266_45_g464/Y  -       A1->Y      R     AOI21X4          2  5.6   100   180    3792    (-,-) 
  cluster_assign/g5410/Y            -       A1->Y      F     OAI22X2          1  3.4   164   170    3963    (-,-) 
  cluster_assign/sub_266_45_g461/CO -       CI->CO     F     ADDFX1           2  5.5   163   296    4258    (-,-) 
  cluster_assign/sub_266_45_g459/Y  -       A1->Y      R     AOI22X2          2  5.6   190   207    4466    (-,-) 
  cluster_assign/g5409/Y            -       A1->Y      F     OAI22X2          1  3.4   169   219    4685    (-,-) 
  cluster_assign/sub_266_45_g456/CO -       CI->CO     F     ADDFX1           1  3.4   111   270    4954    (-,-) 
  cluster_assign/sub_266_45_g455/CO -       CI->CO     F     ADDFX1           1  3.4   111   243    5197    (-,-) 
  cluster_assign/sub_266_45_g454/CO -       CI->CO     F     ADDFX1           1  3.4   111   242    5440    (-,-) 
  cluster_assign/sub_266_45_g453/CO -       CI->CO     F     ADDFX1           1  3.4   111   242    5682    (-,-) 
  cluster_assign/sub_266_45_g452/CO -       CI->CO     F     ADDFX1           1  3.4   111   242    5924    (-,-) 
  cluster_assign/sub_266_45_g451/CO -       CI->CO     F     ADDFX1           1  3.4   111   242    6167    (-,-) 
  cluster_assign/sub_266_45_g450/CO -       CI->CO     F     ADDFX1           1  3.6   116   245    6412    (-,-) 
  cluster_assign/sub_266_45_g449/Y  -       A->Y       R     INVX2            1  3.7    62    89    6501    (-,-) 
  cluster_assign/sub_266_45_g448/S  -       B->S       F     ADDFX1           1  3.6   116   349    6850    (-,-) 
  cluster_assign/sub_266_45_g447/Y  -       A->Y       R     INVX2            1  3.1    56    86    6936    (-,-) 
  cluster_assign/dx_reg[15]/D       <<<     -          R     EDFFX4           1    -     -     0    6936    (-,-) 
#-----------------------------------------------------------------------------------------------------------------

(P) : Instance is preserved

