============================================================
  Generated by:           Genus(TM) Synthesis Solution 21.18-s082_1
  Generated on:           Sep 09 2026  07:04:20 pm
  Module:                 clusterization_v2
  Operating conditions:   PVT_0P9V_125C 
  Operating conditions:   PVT_1P32V_0C 
  Interconnect mode:      global
  Area mode:              physical library
============================================================

                                                   Library 
    Gate     Instances     Area         Library     Domain 
-----------------------------------------------------------
ACHCONX2             1       12.654    slow_vdd1v0   worst 
ADDFHX1              2       15.048    slow_vdd1v0   worst 
ADDFHX2              8       65.664    slow_vdd1v0   worst 
ADDFX1            1109     5689.170    slow_vdd1v0   worst 
ADDFX2               5       39.330    slow_vdd1v0   worst 
ADDHX1             241      906.642    slow_vdd1v0   worst 
ADDHX2               3       15.390    slow_vdd1v0   worst 
AND2X1            1892     2588.256    slow_vdd1v0   worst 
AND2X2             202      345.420    slow_vdd1v0   worst 
AND2X4             353      965.808    slow_vdd1v0   worst 
AND2X6              29      109.098    slow_vdd1v0   worst 
AND2X8              12       53.352    slow_vdd1v0   worst 
AND3X1               1        2.394    slow_vdd1v0   worst 
AND3X2               1        2.736    slow_vdd1v0   worst 
AND3X4               1        3.078    slow_vdd1v0   worst 
AND3X6               2        8.892    slow_vdd1v0   worst 
AND3XL             102      209.304    slow_vdd1v0   worst 
AND4X1             100      239.400    slow_vdd1v0   worst 
AND4XL               1        2.394    slow_vdd1v0   worst 
AO21X1            4291    10272.654    slow_vdd1v0   worst 
AO21X2               2        5.472    slow_vdd1v0   worst 
AO21X4               1        3.420    slow_vdd1v0   worst 
AO22X1             629     1720.944    slow_vdd1v0   worst 
AO22X2               1        3.078    slow_vdd1v0   worst 
AO22X4               4       15.048    slow_vdd1v0   worst 
AOI211X1            47      112.518    slow_vdd1v0   worst 
AOI211X2           106      362.520    slow_vdd1v0   worst 
AOI211X4             1        6.498    slow_vdd1v0   worst 
AOI21X1           2132     3645.720    slow_vdd1v0   worst 
AOI21X2             31       84.816    slow_vdd1v0   worst 
AOI21X4              8       41.040    slow_vdd1v0   worst 
AOI221X2           225     1000.350    slow_vdd1v0   worst 
AOI22X1            514     1054.728    slow_vdd1v0   worst 
AOI22X2             25       94.050    slow_vdd1v0   worst 
AOI2BB1X1          213      437.076    slow_vdd1v0   worst 
AOI2BB1X2           26       80.028    slow_vdd1v0   worst 
AOI2BB1X4            2        8.208    slow_vdd1v0   worst 
AOI31X2             83      283.860    slow_vdd1v0   worst 
AOI32X2             26      115.596    slow_vdd1v0   worst 
AOI33X4              7       64.638    slow_vdd1v0   worst 
BUFX12               3       15.390    slow_vdd1v0   worst 
BUFX16               3       20.520    slow_vdd1v0   worst 
BUFX2               25       42.750    slow_vdd1v0   worst 
BUFX20               5       41.040    slow_vdd1v0   worst 
BUFX3               12       24.624    slow_vdd1v0   worst 
BUFX4                1        2.394    slow_vdd1v0   worst 
BUFX6               19       58.482    slow_vdd1v0   worst 
BUFX8                1        3.762    slow_vdd1v0   worst 
CLKAND2X12          29      218.196    slow_vdd1v0   worst 
CLKAND2X2            7       14.364    slow_vdd1v0   worst 
CLKAND2X3            1        3.078    slow_vdd1v0   worst 
CLKAND2X6            1        4.788    slow_vdd1v0   worst 
CLKBUFX16            1        6.840    slow_vdd1v0   worst 
CLKBUFX20            3       24.624    slow_vdd1v0   worst 
CLKBUFX6             1        3.078    slow_vdd1v0   worst 
CLKINVX12           80      328.320    slow_vdd1v0   worst 
CLKINVX16           26      142.272    slow_vdd1v0   worst 
CLKINVX20           31      201.438    slow_vdd1v0   worst 
CLKINVX4            61      104.310    slow_vdd1v0   worst 
CLKINVX6            22       52.668    slow_vdd1v0   worst 
CLKINVX8            27       83.106    slow_vdd1v0   worst 
CLKMX2X2             7       21.546    slow_vdd1v0   worst 
CLKMX2X3             1        4.104    slow_vdd1v0   worst 
CLKMX2X4             1        4.104    slow_vdd1v0   worst 
CLKXOR2X1           48      131.328    slow_vdd1v0   worst 
DFFHQX1             81      443.232    slow_vdd1v0   worst 
DFFHQX4              3       24.624    slow_vdd1v0   worst 
DFFHQX8             15      138.510    slow_vdd1v0   worst 
DFFQX2              10       64.980    slow_vdd1v0   worst 
DFFQX4               6       43.092    slow_vdd1v0   worst 
DFFRHQX1          4479    27572.724    slow_vdd1v0   worst 
DFFRX1              53      362.520    slow_vdd1v0   worst 
DFFRX2              27      203.148    slow_vdd1v0   worst 
DFFRX4               3       28.728    slow_vdd1v0   worst 
DFFSHQX1            16      103.968    slow_vdd1v0   worst 
DFFSHQX8             1       10.602    slow_vdd1v0   worst 
DFFX1                2       14.364    slow_vdd1v0   worst 
DFFX2                9       73.872    slow_vdd1v0   worst 
DFFX4               13      120.042    slow_vdd1v0   worst 
EDFFHQX1           818     6993.900    slow_vdd1v0   worst 
EDFFHQX2             3       26.676    slow_vdd1v0   worst 
EDFFHQX4            10      106.020    slow_vdd1v0   worst 
EDFFHQX8             1       11.628    slow_vdd1v0   worst 
EDFFX2              80      738.720    slow_vdd1v0   worst 
EDFFX4              29      317.376    slow_vdd1v0   worst 
INVX1             1022      699.048    slow_vdd1v0   worst 
INVX2              273      280.098    slow_vdd1v0   worst 
INVX3               81      110.808    slow_vdd1v0   worst 
INVX4                1        1.710    slow_vdd1v0   worst 
INVX6               16       38.304    slow_vdd1v0   worst 
INVX8               11       33.858    slow_vdd1v0   worst 
INVXL                7        4.788    slow_vdd1v0   worst 
MDFFHQX1            12      102.600    slow_vdd1v0   worst 
MDFFHQX4            84      775.656    slow_vdd1v0   worst 
MX2X1              891     2133.054    slow_vdd1v0   worst 
MX3XL               13       62.244    slow_vdd1v0   worst 
MX4XL              119      854.658    slow_vdd1v0   worst 
MXI2X1             678     1855.008    slow_vdd1v0   worst 
MXI2X2               2        8.892    slow_vdd1v0   worst 
MXI2X6               2       10.260    slow_vdd1v0   worst 
MXI4X1               4       28.728    slow_vdd1v0   worst 
NAND2BX1           194      265.392    slow_vdd1v0   worst 
NAND2BX2            50      119.700    slow_vdd1v0   worst 
NAND2BX4            34      127.908    slow_vdd1v0   worst 
NAND2X1            847      869.022    slow_vdd1v0   worst 
NAND2X2            379      648.090    slow_vdd1v0   worst 
NAND2X4             13       44.460    slow_vdd1v0   worst 
NAND2X6              1        4.788    slow_vdd1v0   worst 
NAND3BX2            19       58.482    slow_vdd1v0   worst 
NAND3X2             49      134.064    slow_vdd1v0   worst 
NOR2BX1            298      407.664    slow_vdd1v0   worst 
NOR2BX2             34       93.024    slow_vdd1v0   worst 
NOR2BX4             23       86.526    slow_vdd1v0   worst 
NOR2X1             906      929.556    slow_vdd1v0   worst 
NOR2X2             222      379.620    slow_vdd1v0   worst 
NOR2X4              25       76.950    slow_vdd1v0   worst 
NOR2X6               5       20.520    slow_vdd1v0   worst 
NOR2X8               1        5.472    slow_vdd1v0   worst 
NOR3BX1              2        4.104    slow_vdd1v0   worst 
NOR3BX2              3       10.260    slow_vdd1v0   worst 
NOR3X1              20       34.200    slow_vdd1v0   worst 
NOR3X2               8       21.888    slow_vdd1v0   worst 
NOR3X6               1        7.182    slow_vdd1v0   worst 
NOR4BX2              5       23.940    slow_vdd1v0   worst 
NOR4X2              39      133.380    slow_vdd1v0   worst 
OA21X1             478      980.856    slow_vdd1v0   worst 
OA21X2               9       27.702    slow_vdd1v0   worst 
OA22X1             790     1891.260    slow_vdd1v0   worst 
OA22X2               1        3.420    slow_vdd1v0   worst 
OA22X4               1        4.104    slow_vdd1v0   worst 
OAI211X2             1        4.104    slow_vdd1v0   worst 
OAI21X1            785     1342.350    slow_vdd1v0   worst 
OAI21X2             31       95.418    slow_vdd1v0   worst 
OAI21X4              2        9.576    slow_vdd1v0   worst 
OAI221X2             6       28.728    slow_vdd1v0   worst 
OAI22X1            644     1321.488    slow_vdd1v0   worst 
OAI22X2             37      126.540    slow_vdd1v0   worst 
OAI22X4              4       25.992    slow_vdd1v0   worst 
OAI2BB1X1         2185     3736.350    slow_vdd1v0   worst 
OAI2BB1X2            9       27.702    slow_vdd1v0   worst 
OAI2BB1X4            3       13.338    slow_vdd1v0   worst 
OAI31X1             17       34.884    slow_vdd1v0   worst 
OAI31X2             47      176.814    slow_vdd1v0   worst 
OAI32X2             17       75.582    slow_vdd1v0   worst 
OR2X1             1137     1555.416    slow_vdd1v0   worst 
OR2X2              200      342.000    slow_vdd1v0   worst 
OR2X4              117      320.112    slow_vdd1v0   worst 
OR2X6               28      105.336    slow_vdd1v0   worst 
OR2X8                7       31.122    slow_vdd1v0   worst 
OR3X1              231      474.012    slow_vdd1v0   worst 
OR3X6                1        4.788    slow_vdd1v0   worst 
OR4X1              305      625.860    slow_vdd1v0   worst 
RAM_4096X32          4  1413572.722    RAM_4096X32   worst 
XNOR2X1            653     1563.282    slow_vdd1v0   worst 
XNOR2X2              3        9.234    slow_vdd1v0   worst 
XNOR2X4              5       18.810    slow_vdd1v0   worst 
XOR2X1               1        2.736    slow_vdd1v0   worst 
XOR2X2               1        3.420    slow_vdd1v0   worst 
-----------------------------------------------------------
total            32668  1509703.108                


  Library   Instances     Area    Instances % 
----------------------------------------------
RAM_4096X32         4 1413572.722         0.0 
slow_vdd1v0     32664   96130.386       100.0 

                                            
     Type      Instances     Area    Area % 
--------------------------------------------
timing_model           4 1413572.722   93.6 
sequential          5755   38276.982    2.5 
inverter            1658    2080.728    0.1 
buffer                74     243.504    0.0 
logic              25177   55529.172    3.7 
physical_cells         0       0.000    0.0 
--------------------------------------------
total              32668 1509703.108  100.0 

