============================================================
  Generated by:           Genus(TM) Synthesis Solution 21.18-s082_1
  Generated on:           Sep 09 2026  07:04:19 pm
  Module:                 clusterization_v2
  Library domain:         worst
    Domain index:         0
    Technology libraries: slow_vdd1v0 1.0
                          RAM_4096X32 1.1
                          RAM2P_1024X32 1.1
  Library domain:         best
    Domain index:         1
    Technology libraries: fast_vdd1v2 1.0
                          RAM_4096X32 1.1
                          RAM2P_1024X32 1.1
  Operating conditions:   PVT_0P9V_125C 
  Operating conditions:   PVT_1P32V_0C 
  Interconnect mode:      global
  Area mode:              physical library
============================================================

     Instance                           Module                        Cell Count   Cell Area  Net Area   Total Area 
--------------------------------------------------------------------------------------------------------------------
clusterization_v2                                                          32668 1509703.108 41904.099  1551607.207 
  cluster_assign  cluster_assign_NB_POINTS1250_COORD_W16_ADDR_W12_TO        1457    4763.034  1786.438     6549.472 
  coord_memory_b1 memory_dual_port_ADDR_W12_DATA_W16                          34  353459.528    24.461   353483.989 
  coord_memory_b2 memory_dual_port_ADDR_W12_DATA_W16_5592                      2  353393.864     0.741   353394.606 
  exp_LUT         exp_LUT_v2                                                9064   16373.592 11668.088    28041.680 
  exp_block       dist_mat_arg_exp_v2_NB_POINTS1250_COORD_W16_ADDR_W        3214   12137.238  3791.159    15928.397 
  grad_block      norm_entropy_grad_v2_NB_POINTS1250_COORD_W16_ADDR_        3231   11381.760  4200.584    15582.344 
  inv_LUT         inv_LUT                                                   2337    4166.928  3050.025     7216.953 
  memory_cluster  memory_cluster_ADDR_W12                                  12849  399237.596 15882.108   415119.705 
  upd_block       act_coord_NB_POINTS1250_COORD_W16_ADDR_W12_ACT_W16         272     752.742   250.707     1003.449 
  upd_memory      memory_dual_port_ADDR_W12_DATA_W16_5591                      2  353393.864     0.741   353394.606 
