###############################################################
#  Generated by:      Cadence Innovus 25.10-p002_1
#  OS:                Linux x86_64(Host ID gmicro02)
#  Generated on:      Tue Aug 25 19:22:27 2026
#  Design:            clusterization
#  Command:           report_gates -out_file /home/epiphane/projets/clusterization/backend/layout/reports/clusterization_worst_100_0/clusterization_gates_layout.rpt
###############################################################
Library cell information:
 -------------------------------------------
| Cell          |  Instance  |  Area(um^2)  |
|-------------------------------------------|
| ADDFX1        |       1391 |     7135.830 | 
| ADDHX1        |        300 |     1128.600 | 
| ADDHX2        |          2 |       10.260 | 
| AND2X1        |       1521 |     2080.728 | 
| AND2X2        |        217 |      371.070 | 
| AND2X4        |         87 |      238.032 | 
| AND2X6        |         68 |      255.816 | 
| AND2X8        |          9 |       40.014 | 
| AND2XL        |          3 |        4.104 | 
| AND3X1        |          4 |        9.576 | 
| AND3X2        |          1 |        2.736 | 
| AND3X4        |          2 |        6.156 | 
| AND3X6        |          1 |        4.446 | 
| AND3X8        |          2 |       10.260 | 
| AND3XL        |         46 |       94.392 | 
| AND4X1        |         68 |      162.792 | 
| AND4X2        |          1 |        3.078 | 
| AND4X4        |          1 |        3.762 | 
| AO21X1        |       2207 |     5283.558 | 
| AO21X2        |          3 |        8.208 | 
| AO22X1        |        675 |     1846.800 | 
| AO22X2        |         13 |       40.014 | 
| AO22X4        |         14 |       52.668 | 
| AO22XL        |         46 |      125.856 | 
| AOI211X1      |         16 |       38.304 | 
| AOI211X2      |          4 |       13.680 | 
| AOI211XL      |         68 |      139.536 | 
| AOI21X1       |       1056 |     1805.760 | 
| AOI21X2       |        119 |      325.584 | 
| AOI21XL       |          9 |       15.390 | 
| AOI221X1      |        130 |      311.220 | 
| AOI221X2      |         13 |       57.798 | 
| AOI222X1      |          2 |        6.156 | 
| AOI22X1       |        734 |     1506.168 | 
| AOI22XL       |          6 |       12.312 | 
| AOI2BB1X1     |        119 |      244.188 | 
| AOI2BB1X2     |          2 |        6.156 | 
| AOI31X1       |         35 |       71.820 | 
| AOI31X2       |          6 |       20.520 | 
| AOI32X1       |         15 |       35.910 | 
| AOI33X1       |          1 |        2.736 | 
| AOI33X2       |          2 |       10.260 | 
| BUFX12        |         11 |       56.430 | 
| BUFX2         |        345 |      589.950 | 
| BUFX3         |         93 |      190.836 | 
| BUFX4         |         17 |       40.698 | 
| CLKAND2X12    |          1 |        7.524 | 
| CLKAND2X3     |         14 |       43.092 | 
| CLKBUFX12     |          7 |       35.910 | 
| CLKBUFX16     |         29 |      198.360 | 
| CLKBUFX2      |        168 |      287.280 | 
| CLKBUFX20     |          9 |       73.872 | 
| CLKBUFX3      |         11 |       22.572 | 
| CLKBUFX4      |          7 |       16.758 | 
| CLKBUFX6      |         28 |       86.184 | 
| CLKBUFX8      |         25 |       94.050 | 
| CLKINVX4      |         31 |       53.010 | 
| CLKINVX6      |         47 |      112.518 | 
| CLKINVX8      |          9 |       27.702 | 
| CLKMX2X2      |         23 |       70.794 | 
| CLKMX2X3      |          1 |        4.104 | 
| CLKMX2X4      |          4 |       16.416 | 
| CLKXOR2X1     |         25 |       68.400 | 
| CLKXOR2X2     |          2 |        6.840 | 
| DFFHQX1       |         80 |      437.760 | 
| DFFHQX8       |          5 |       46.170 | 
| DFFQX2        |          1 |        6.498 | 
| DFFQX4        |          3 |       21.546 | 
| DFFQXL        |         15 |       82.080 | 
| DFFRHQX1      |       2430 |    14959.080 | 
| DFFRX1        |         67 |      458.280 | 
| DFFRX2        |          2 |       15.048 | 
| DFFRXL        |          1 |        8.550 | 
| DFFSHQX1      |         18 |      116.964 | 
| DLY1X1        |        167 |      514.026 | 
| DLY1X4        |         11 |       41.382 | 
| DLY2X1        |         47 |      273.258 | 
| DLY2X4        |         16 |      109.440 | 
| DLY3X1        |         58 |      476.064 | 
| DLY3X4        |          8 |       71.136 | 
| DLY4X1        |        811 |     8043.498 | 
| DLY4X4        |         13 |      137.826 | 
| EDFFHQX1      |        679 |     5805.450 | 
| EDFFHQX2      |         13 |      115.596 | 
| EDFFHQX4      |          9 |       95.418 | 
| EDFFHQX8      |         24 |      279.072 | 
| EDFFX2        |         46 |      424.764 | 
| FILL1         |      10290 |     3519.180 | 
| FILL16        |       1108 |     6062.976 | 
| FILL2         |       9727 |     6653.268 | 
| FILL32        |        524 |     5734.656 | 
| FILL4         |       4909 |     6715.512 | 
| FILL64        |       2557 |    55967.616 | 
| FILL8         |       2127 |     5819.472 | 
| INVX1         |        978 |      668.952 | 
| INVX2         |        504 |      517.104 | 
| INVX3         |        184 |      251.712 | 
| INVX4         |          7 |       11.970 | 
| INVX6         |          8 |       19.152 | 
| INVXL         |        114 |       77.976 | 
| MDFFHQX1      |         11 |       94.050 | 
| MDFFHQX4      |         78 |      720.252 | 
| MX2X1         |        649 |     1553.706 | 
| MX2XL         |         21 |       50.274 | 
| MX3XL         |         11 |       52.668 | 
| MXI2X2        |          1 |        4.446 | 
| MXI2XL        |         15 |       35.910 | 
| NAND2BX1      |        148 |      202.464 | 
| NAND2BX2      |         10 |       23.940 | 
| NAND2BX4      |          2 |        7.524 | 
| NAND2BXL      |          1 |        1.368 | 
| NAND2X1       |        621 |      637.146 | 
| NAND2X2       |         50 |       85.500 | 
| NAND2X4       |          4 |       13.680 | 
| NAND2XL       |          3 |        3.078 | 
| NAND3BX1      |          5 |       10.260 | 
| NAND3BX2      |          1 |        3.078 | 
| NAND3BXL      |         19 |       32.490 | 
| NAND3X1       |         35 |       59.850 | 
| NAND3X2       |          3 |        8.208 | 
| NOR2BX1       |        154 |      210.672 | 
| NOR2BX2       |          4 |       10.944 | 
| NOR2BX4       |          4 |       15.048 | 
| NOR2X1        |        693 |      711.018 | 
| NOR2X2        |         36 |       61.560 | 
| NOR2X4        |          5 |       15.390 | 
| NOR2XL        |          2 |        2.052 | 
| NOR3BX1       |          4 |        8.208 | 
| NOR3X1        |         23 |       39.330 | 
| NOR3X2        |          3 |        8.208 | 
| NOR4BBX1      |          1 |        2.736 | 
| NOR4BX1       |          5 |       11.970 | 
| NOR4BX2       |          1 |        4.788 | 
| NOR4X1        |         63 |      107.730 | 
| NOR4X2        |          8 |       27.360 | 
| OA21X1        |        239 |      490.428 | 
| OA21X2        |          4 |       12.312 | 
| OA22X1        |        454 |     1086.876 | 
| OA22X2        |          3 |       10.260 | 
| OAI211X1      |          2 |        3.420 | 
| OAI21X1       |        364 |      622.440 | 
| OAI21X2       |         31 |       95.418 | 
| OAI22X1       |        589 |     1208.628 | 
| OAI22X2       |         33 |      112.860 | 
| OAI22X4       |          1 |        6.498 | 
| OAI22XL       |          2 |        4.104 | 
| OAI2BB1X1     |        814 |     1391.940 | 
| OAI2BB1X2     |         38 |      116.964 | 
| OAI2BB1X4     |          2 |        8.892 | 
| OAI2BB1XL     |          6 |       12.312 | 
| OAI2BB2XL     |          1 |        3.762 | 
| OAI31X1       |         55 |      112.860 | 
| OAI31X2       |          3 |       11.286 | 
| OAI32X1       |         20 |       47.880 | 
| OAI32X2       |          2 |        8.892 | 
| OR2X1         |        775 |     1060.200 | 
| OR2X2         |        150 |      256.500 | 
| OR2X4         |         56 |      153.216 | 
| OR2X6         |         22 |       82.764 | 
| OR2X8         |          2 |        8.892 | 
| OR3X1         |        130 |      266.760 | 
| OR4X1         |        215 |      441.180 | 
| OR4X2         |          8 |       27.360 | 
| OR4X4         |          2 |        7.524 | 
| RAM2P_1024X32 |          2 |   475015.121 | 
| RAM_4096X32   |          4 |  1413572.722 | 
| XNOR2X1       |        595 |     1424.430 | 
| XNOR2X2       |         27 |       83.106 | 
| XNOR2X4       |         11 |       41.382 | 
| XOR2X1        |          2 |        5.472 | 
|-------------------------------------------|
| Total         |      54845 |  2052855.573 |
 -------------------------------------------
Library cell type information:
 -------------------------------------------------------
| Cell Type        |   Instance   |        Area         |
|                  |              |       um^2  |   %   |
|-------------------------------------------------------|
| Buffer           |         1881 |   11359.530 |   0.6 | 
| Inverter         |         1882 |    1740.096 |   0.1 | 
| Combinational    |        16352 |   37008.846 |   1.8 | 
| Flop             |         3482 |   23686.578 |   1.2 | 
| Multi-Bit Flop   |            0 |       0.000 |   0.0 | 
| Latch            |            0 |       0.000 |   0.0 | 
| Clock Gater      |            0 |       0.000 |   0.0 | 
| Macro            |            6 | 1888587.843 |  92.0 | 
| Physical Cell    |        31242 |   90472.680 |   4.4 | 
|-------------------------------------------------------|
| Total            |        54845 | 2052855.573 | 100.0 | 
 -------------------------------------------------------
