###############################################################
#  Generated by:      Cadence Innovus 25.10-p002_1
#  OS:                Linux x86_64(Host ID gmicro02)
#  Generated on:      Tue Aug 25 19:21:43 2026
#  Design:            clusterization
#  Command:           report_timing > ${OUT_RPT}/hold_timing.rpt 
###############################################################
Path 1: VIOLATED (-0.105 ns) Hold Check with Pin mem_cluster/u_ram/CLK->A[10]
               View: analysis_normal_fast_min
              Group: clk
         Startpoint: (R) addr_cluster_read[10]
              Clock: (R) clk
           Endpoint: (R) mem_cluster/u_ram/A[10]
              Clock: (R) clk

                       Capture       Launch
         Clock Edge:+    0.000        0.000
        Src Latency:+    0.000        0.000
        Net Latency:+    0.086 (P)    0.000 (I)
            Arrival:=    0.086        0.000

               Hold:+    0.546
        Uncertainty:+    0.050
      Required Time:=    0.682
       Launch Clock:=    0.000
        Input Delay:+    0.300
          Data Path:+    0.277
              Slack:=   -0.105

#--------------------------------------------------------------------------------------------------------------------------
# Timing Point                              Flags  Arc                    Edge  Cell         Fanout  Trans   Delay  Arrival  
#                                                                                                     (ns)    (ns)     (ns)  
#--------------------------------------------------------------------------------------------------------------------------
  addr_cluster_read[10]                     -      addr_cluster_read[10]  R     (arrival)         1  0.146   0.000    0.300  
  FE_PHC4502_addr_cluster_read_10/Y         -      A->Y                   R     CLKBUFX2          1  0.146   0.031    0.331  
  FE_PHC4216_addr_cluster_read_10/Y         -      A->Y                   R     DLY1X1            1  0.006   0.031    0.362  
  FE_PHC4627_addr_cluster_read_10/Y         -      A->Y                   R     DLY1X1            1  0.006   0.030    0.392  
  FE_PHC4811_addr_cluster_read_10/Y         -      A->Y                   R     DLY1X1            1  0.004   0.031    0.423  
  FE_PHC4532_addr_cluster_read_10/Y         -      A->Y                   R     CLKBUFX2          1  0.006   0.035    0.458  
  FE_PHC3849_addr_cluster_read_10/Y         -      A->Y                   R     CLKBUFX2          1  0.039   0.045    0.503  
  g4424/Y                                   -      A->Y                   R     CLKMX2X2          5  0.048   0.041    0.544  
  mem_cluster/FE_PHC4128_addr_cluster_10/Y  -      A->Y                   R     CLKBUFX2          1  0.017   0.033    0.577  
  mem_cluster/u_ram/A[10]                   -      A[10]                  R     RAM_4096X32       1  0.049   0.000    0.577  
#--------------------------------------------------------------------------------------------------------------------------

