###############################################################
#  Generated by:      Cadence Innovus 25.10-p002_1
#  OS:                Linux x86_64(Host ID gmicro02)
#  Generated on:      Tue Aug 25 19:21:40 2026
#  Design:            clusterization
#  Command:           report_timing > ${OUT_RPT}/setup_timing.rpt 
###############################################################
Path 1: MET (0.022 ns) Setup Check with Pin bloc_grad/P_ij_norm_reg[15]/CK->D
               View: analysis_normal_slow_max
              Group: clk
         Startpoint: (R) bloc_exp/out_i_reg[0]/CK
              Clock: (R) clk
           Endpoint: (R) bloc_grad/P_ij_norm_reg[15]/D
              Clock: (R) clk

                       Capture       Launch
         Clock Edge:+   10.000        0.000
        Src Latency:+    0.000       -0.164
        Net Latency:+    0.273 (P)    0.255 (P)
            Arrival:=   10.273        0.091

              Setup:-    0.219
        Uncertainty:-    0.050
      Required Time:=   10.004
       Launch Clock:=    0.091
          Data Path:+    9.891
              Slack:=    0.022

#-----------------------------------------------------------------------------------------------------------------------
# Timing Point                                            Flags  Arc     Edge  Cell       Fanout  Trans   Delay  Arrival  
#                                                                                                  (ns)    (ns)     (ns)  
#-----------------------------------------------------------------------------------------------------------------------
  bloc_exp/out_i_reg[0]/CK                                -      CK      R     (arrival)     100  0.111       -    0.091  
  bloc_exp/out_i_reg[0]/Q                                 -      CK->Q   R     EDFFHQX1        5  0.111   0.339    0.431  
  FE_PHC4404_out_i_b1_0/Y                                 -      A->Y    R     DLY1X4          1  0.188   0.269    0.700  
  FE_PHC4162_out_i_b1_0/Y                                 -      A->Y    R     DLY1X1          1  0.022   0.158    0.857  
  FE_PHC3817_out_i_b1_0/Y                                 -      A->Y    R     DLY4X1          1  0.021   0.618    1.476  
  memory_P_ij_arbitrer/FE_PHC3500_out_i_b1_0/Y            -      A->Y    R     DLY4X1          1  0.038   0.626    2.101  
  memory_P_ij_arbitrer/FE_OFC3191_out_i_b1_0/Y            -      A->Y    F     INVX2           1  0.037   0.034    2.135  
  memory_P_ij_arbitrer/FE_PHC4056_FE_OFN383_out_i_b1_0/Y  -      A->Y    F     DLY3X4          3  0.021   0.527    2.662  
  memory_P_ij_arbitrer/FE_PHC4724_FE_OFN383_out_i_b1_0/Y  -      A->Y    F     CLKBUFX3        1  0.061   0.104    2.766  
  memory_P_ij_arbitrer/FE_PHC4720_FE_OFN383_out_i_b1_0/Y  -      A->Y    F     CLKBUFX2        1  0.056   0.091    2.857  
  memory_P_ij_arbitrer/FE_OFC3192_out_i_b1_0/Y            -      A->Y    R     INVX2           2  0.027   0.078    2.935  
  memory_P_ij_arbitrer/g1058/Y                            -      B->Y    F     NAND2XL         3  0.098   0.212    3.147  
  memory_P_ij_arbitrer/g1514/Y                            -      S0->Y   R     CLKMX2X4        4  0.257   0.383    3.530  
  memory_P_ij/FE_OFC1083_addr_P_ij_B_0/Y                  -      A->Y    R     BUFX2           8  0.164   0.226    3.756  
  memory_P_ij/g335/Y                                      -      A->Y    F     INVX2           3  0.151   0.166    3.921  
  memory_P_ij/g320/Y                                      -      B1->Y   R     OAI22X1         1  0.154   0.150    4.071  
  memory_P_ij_arbitrer/FE_OFC1524_P_ij_B_0/Y              -      A->Y    F     INVX3           1  0.149   0.166    4.237  
  memory_P_ij_arbitrer/FE_OFC1525_P_ij_B_0/Y              -      A->Y    R     CLKINVX4        1  0.175   0.160    4.397  
  memory_P_ij_arbitrer/g1515/Y                            -      B1->Y   R     AO22X1          6  0.155   0.266    4.662  
  bloc_grad/FE_OFC1938_P_ij_b2_0/Y                        -      A->Y    R     BUFX2          12  0.137   0.215    4.877  
  bloc_grad/FE_OFC1939_P_ij_b2_0/Y                        -      A->Y    F     INVX2          13  0.154   0.174    5.051  
  bloc_grad/mul_361_32_g4772/Y                            -      A1->Y   R     OAI21X1         1  0.181   0.148    5.199  
  bloc_grad/mul_361_32_g4749/Y                            -      B0->Y   F     OAI31X1         1  0.085   0.155    5.354  
  bloc_grad/mul_361_32_g4630/S                            -      A->S    R     ADDHX1          1  0.151   0.259    5.613  
  bloc_grad/mul_361_32_g4628/CO                           -      B->CO   R     ADDFX1          1  0.051   0.210    5.823  
  bloc_grad/mul_361_32_g4624/CO                           -      CI->CO  R     ADDFX1          2  0.047   0.194    6.017  
  bloc_grad/mul_361_32_g4623/Y                            -      A->Y    F     INVX1           1  0.046   0.046    6.062  
  bloc_grad/mul_361_32_g4622/Y                            -      A0->Y   R     OAI21X1         1  0.032   0.084    6.146  
  bloc_grad/mul_361_32_g4616/CO                           -      CI->CO  R     ADDFX1          1  0.083   0.212    6.358  
  bloc_grad/mul_361_32_g4607/CO                           -      CI->CO  R     ADDFX1          1  0.045   0.189    6.547  
  bloc_grad/mul_361_32_g4606/Y                            -      A->Y    F     INVX1           3  0.039   0.043    6.590  
  bloc_grad/mul_361_32_g4598/Y                            -      C->Y    F     OR3X1           1  0.061   0.168    6.758  
  bloc_grad/g12594/Y                                      -      C0->Y   R     OAI211X1        1  0.039   0.050    6.808  
  bloc_grad/mul_361_32_g4581/CO                           -      CI->CO  R     ADDFX1          1  0.116   0.228    7.036  
  bloc_grad/mul_361_32_g4548/CO                           -      CI->CO  R     ADDFX1          2  0.043   0.195    7.230  
  bloc_grad/mul_361_32_g4547/Y                            -      A->Y    F     INVX1           2  0.050   0.060    7.290  
  bloc_grad/mul_361_32_g4544/Y                            -      A2->Y   R     OAI31X1         1  0.054   0.111    7.401  
  bloc_grad/mul_361_32_g4529/CO                           -      CI->CO  R     ADDFX1          1  0.118   0.229    7.631  
  bloc_grad/mul_361_32_g4519/CO                           -      CI->CO  R     ADDFX1          5  0.045   0.225    7.856  
  bloc_grad/mul_361_32_g4505/Y                            -      A1->Y   R     AO21X1          4  0.103   0.211    8.066  
  bloc_grad/mul_361_32_g4501/Y                            -      D->Y    R     AND4X1          1  0.083   0.311    8.377  
  bloc_grad/mul_361_32_g4498/Y                            -      C->Y    R     OR3X1           3  0.051   0.095    8.472  
  bloc_grad/mul_361_32_g4494/Y                            -      C->Y    F     NAND3X1         1  0.056   0.112    8.584  
  bloc_grad/mul_361_32_g4490/Y                            -      B->Y    R     NAND2X1         1  0.126   0.094    8.678  
  bloc_grad/mul_361_32_g4485/CO                           -      CI->CO  R     ADDFX1          1  0.055   0.195    8.874  
  bloc_grad/mul_361_32_g4484/Y                            -      B->Y    R     XNOR2X1         1  0.041   0.146    9.020  
  bloc_grad/srl_361_49_g1206/Y                            -      B->Y    R     MX2X1           2  0.058   0.186    9.206  
  bloc_grad/srl_361_49_g1178/Y                            -      A1->Y   R     AO22X1          2  0.045   0.203    9.409  
  bloc_grad/srl_361_49_g1173/Y                            -      A->Y    R     MX2X1           2  0.065   0.193    9.602  
  bloc_grad/srl_361_49_g1149/Y                            -      A->Y    R     MX2X1           2  0.047   0.181    9.783  
  bloc_grad/srl_361_49_g1141/Y                            -      C->Y    R     MX3XL           1  0.041   0.200    9.982  
  bloc_grad/P_ij_norm_reg[15]/D                           -      D       R     EDFFHQX2        1  0.116   0.000    9.982  
#-----------------------------------------------------------------------------------------------------------------------

