============================================================
  Generated by:           Genus(TM) Synthesis Solution 21.18-s082_1
  Generated on:           Sep 10 2026  06:30:30 pm
  Module:                 clusterization_v2
  Library domain:         worst
    Domain index:         0
    Technology libraries: slow_vdd1v0 1.0
                          RAM_4096X32 1.1
                          RAM2P_1024X32 1.1
  Library domain:         best
    Domain index:         1
    Technology libraries: fast_vdd1v2 1.0
                          RAM_4096X32 1.1
                          RAM2P_1024X32 1.1
  Operating conditions:   PVT_0P9V_125C 
  Operating conditions:   PVT_1P32V_0C 
  Interconnect mode:      global
  Area mode:              physical library
============================================================

Max_transition design rule (violation total = 78)
Pin                            Slew           Max     Violation
-----------------------------------------------------------------
exp_LUT/g381773/AN              289           280             9
  --> Other violations on net           9
exp_LUT/g383676/Y               289           280             9
  --> Other violations on net           9
exp_LUT/g380821/B0              289           280             9
  --> Other violations on net           9
exp_LUT/g381135/Y               289           280             9
  --> Other violations on net           9
exp_LUT/g380795/B0              289           280             9
  --> Other violations on net           9
exp_LUT/g381147/Y               289           280             9
  --> Other violations on net           9
exp_LUT/g381006/B0              287           280             7
  --> Other violations on net           7
exp_LUT/g381517/Y               287           280             7
  --> Other violations on net           7
exp_LUT/g382297/B               286           280             6
  --> Other violations on net           6
exp_LUT/g384953/Y               286           280             6
  --> Other violations on net           6


Max_capacitance design rule: no violations.


Max_fanout design rule: no constraints.



