============================================================
  Generated by:           Genus(TM) Synthesis Solution 21.18-s082_1
  Generated on:           Sep 14 2026  11:11:03 am
  Module:                 clusterization_v2
  Library domain:         worst
    Domain index:         0
    Technology libraries: slow_vdd1v0 1.0
                          RAM_4096X32 1.1
                          RAM2P_1024X32 1.1
  Library domain:         best
    Domain index:         1
    Technology libraries: fast_vdd1v2 1.0
                          RAM_4096X32 1.1
                          RAM2P_1024X32 1.1
  Operating conditions:   PVT_0P9V_125C 
  Operating conditions:   PVT_1P32V_0C 
  Interconnect mode:      global
  Area mode:              physical library
============================================================

     Instance                            Module                        Cell Count  Normalized Cell Area  Normalized Net Area   Normalized Total Area 
-----------------------------------------------------------------------------------------------------------------------------------------------------
clusterization_v2                                                           30819           1469298.857            39080.454             1508379.311 
  NB_POINTS_LOADER NB_POINTS_LOADER                                            25               139.667               16.450                 156.116 
  cluster_assign   cluster_assign_v3_COORD_W16_ADDR_W12_TOL170459136         1140              4321.333             1414.011                5735.345 
  coord_memory_b1  memory_dual_port_ADDR_W12_DATA_W16                          35            344492.464               24.563              344517.027 
  coord_memory_b2  memory_dual_port_ADDR_W12_DATA_W16_5594                      3            344439.131                1.445              344440.576 
  exp_LUT          exp_LUT_v2                                                9058             16033.667            11661.791               27695.458 
  exp_block        dist_mat_arg_exp_v2_COORD_W16_ADDR_W12_ADDR_P_IJ_W        2546             11111.000             3002.984               14113.984 
  grad_block       norm_entropy_grad_v2_COORD_W16_ADDR_W12_P_IJ_W16_A        3220             11084.333             4026.430               15110.763 
  inv_LUT          inv_LUT                                                   2311              4071.000             2957.470                7028.470 
  memory_cluster   memory_cluster_ADDR_W12                                  12040            387790.798            14771.641              402562.439 
  upd_block        act_coord_v3_COORD_W16_ADDR_W12_ACT_W16                    199               702.333              174.091                 876.424 
  upd_memory       memory_dual_port_ADDR_W12_DATA_W16_5593                      3            344439.131                1.445              344440.576 
