============================================================
  Generated by:           Genus(TM) Synthesis Solution 21.18-s082_1
  Generated on:           Sep 10 2026  06:30:31 pm
  Module:                 clusterization_v2
  Library domain:         worst
    Domain index:         0
    Technology libraries: slow_vdd1v0 1.0
                          RAM_4096X32 1.1
                          RAM2P_1024X32 1.1
  Library domain:         best
    Domain index:         1
    Technology libraries: fast_vdd1v2 1.0
                          RAM_4096X32 1.1
                          RAM2P_1024X32 1.1
  Operating conditions:   PVT_0P9V_125C 
  Operating conditions:   PVT_1P32V_0C 
  Interconnect mode:      global
  Area mode:              physical library
============================================================

     Instance                           Module                        Cell Count   Cell Area  Net Area   Total Area 
--------------------------------------------------------------------------------------------------------------------
clusterization_v2                                                          30464 1506497.884 39671.080  1546168.964 
  cluster_assign  cluster_assign_NB_POINTS1250_COORD_W16_ADDR_W12_TO        1100    4340.322  1411.433     5751.755 
  coord_memory_b1 memory_dual_port_ADDR_W12_DATA_W16                          35  353449.268    25.202   353474.470 
  coord_memory_b2 memory_dual_port_ADDR_W12_DATA_W16_5595                      3  353394.548     1.482   353396.031 
  exp_LUT         exp_LUT_v2                                                9058   16450.542 11964.997    28415.539 
  exp_block       dist_mat_arg_exp_v2_NB_POINTS1250_COORD_W16_ADDR_W        2474   11241.540  3007.756    14249.296 
  grad_block      norm_entropy_grad_v2_NB_POINTS1250_COORD_W16_ADDR_        3074   10922.112  3968.256    14890.368 
  inv_LUT         inv_LUT                                                   2311    4176.846  3034.364     7211.210 
  memory_cluster  memory_cluster_ADDR_W12                                  12040  397873.358 15155.704   413029.062 
  upd_block       act_coord_NB_POINTS1250_COORD_W16_ADDR_W12_ACT_W16         157     648.090   141.271      789.361 
  upd_memory      memory_dual_port_ADDR_W12_DATA_W16_5594                      3  353394.548     1.482   353396.031 
