============================================================
  Generated by:           Genus(TM) Synthesis Solution 21.18-s082_1
  Generated on:           Sep 10 2026  06:30:31 pm
  Module:                 clusterization_v2
  Operating conditions:   PVT_0P9V_125C 
  Operating conditions:   PVT_1P32V_0C 
  Interconnect mode:      global
  Area mode:              physical library
============================================================

Timing
--------

Clock  Period 
--------------
clk   10000.0 


  Cost    Critical         Violating 
 Group   Path Slack  TNS     Paths   
-------------------------------------
clk            17.5   0.0          0 
default    No paths   0.0            
-------------------------------------
Total                 0.0          0 

Instance Count
--------------
Leaf Instance Count             30464 
Physical Instance count             0 
Sequential Instance Count        5762 
Combinational Instance Count    24702 
Hierarchical Instance Count        10 

Area
----
Cell Area                          1506497.884
Physical Cell Area                 0.000
Total Cell Area (Cell+Physical)    1506497.884
Net Area                           39671.080
Total Area (Cell+Physical+Net)     1546168.964

Max Fanout                         5762 (clk)
Min Fanout                         0 (done_b1)
Average Fanout                     2.5
Terms to net ratio                 3.6722
Terms to instance ratio            3.9169
Runtime                            2282.4128659999997 seconds
Elapsed Runtime                    2311 seconds
Genus peak memory usage            3163.35 
Innovus peak memory usage          no_value 
Hostname                           gmicro02
