###############################################################
#  Generated by:      Cadence Innovus 25.10-p002_1
#  OS:                Linux x86_64(Host ID gmicro02)
#  Generated on:      Mon Aug 24 15:12:09 2026
#  Design:            clusterization
#  Command:           report_gates -out_file /home/epiphane/projets/clusterization/backend/layout/reports/clusterization_worst_120_0/clusterization_gates_layout.rpt
###############################################################
Library cell information:
 -------------------------------------------
| Cell          |  Instance  |  Area(um^2)  |
|-------------------------------------------|
| ADDFX1        |       1289 |     6612.570 | 
| ADDHX1        |        262 |      985.644 | 
| ADDHX2        |          1 |        5.130 | 
| AND2X1        |       1603 |     2192.904 | 
| AND2X2        |        188 |      321.480 | 
| AND2X4        |         89 |      243.504 | 
| AND2X6        |         64 |      240.768 | 
| AND2X8        |          4 |       17.784 | 
| AND2XL        |          6 |        8.208 | 
| AND3X1        |          4 |        9.576 | 
| AND3X2        |          1 |        2.736 | 
| AND3X6        |          2 |        8.892 | 
| AND3XL        |         50 |      102.600 | 
| AND4X1        |         68 |      162.792 | 
| AND4X2        |          1 |        3.078 | 
| AND4XL        |          2 |        4.788 | 
| AO21X1        |       2204 |     5276.376 | 
| AO21X2        |          4 |       10.944 | 
| AO21X4        |          2 |        6.840 | 
| AO22X1        |        767 |     2098.512 | 
| AO22X2        |         26 |       80.028 | 
| AO22X4        |         28 |      105.336 | 
| AO22XL        |         16 |       43.776 | 
| AOI211X1      |         12 |       28.728 | 
| AOI211X2      |         11 |       37.620 | 
| AOI211XL      |         61 |      125.172 | 
| AOI21X1       |       1183 |     2022.930 | 
| AOI21X2       |         51 |      139.536 | 
| AOI21XL       |          8 |       13.680 | 
| AOI221X1      |        113 |      270.522 | 
| AOI221X2      |         17 |       75.582 | 
| AOI222X1      |          1 |        3.078 | 
| AOI222X2      |          1 |        5.472 | 
| AOI22X1       |        720 |     1477.440 | 
| AOI2BB1X1     |        148 |      303.696 | 
| AOI2BB1X2     |          1 |        3.078 | 
| AOI2BB1X4     |          1 |        4.104 | 
| AOI2BB1XL     |          1 |        2.052 | 
| AOI2BB2X1     |          2 |        6.840 | 
| AOI31X1       |         29 |       59.508 | 
| AOI31X2       |         10 |       34.200 | 
| AOI32X1       |         12 |       28.728 | 
| AOI32X2       |          1 |        4.446 | 
| AOI33X1       |          1 |        2.736 | 
| BUFX12        |         27 |      138.510 | 
| BUFX2         |        220 |      376.200 | 
| BUFX3         |         76 |      155.952 | 
| BUFX4         |         11 |       26.334 | 
| CLKAND2X12    |          1 |        7.524 | 
| CLKAND2X2     |          1 |        2.052 | 
| CLKAND2X3     |          1 |        3.078 | 
| CLKBUFX12     |         22 |      112.860 | 
| CLKBUFX16     |         23 |      157.320 | 
| CLKBUFX2      |        433 |      740.430 | 
| CLKBUFX20     |          9 |       73.872 | 
| CLKBUFX3      |         25 |       51.300 | 
| CLKBUFX4      |          1 |        2.394 | 
| CLKBUFX6      |         33 |      101.574 | 
| CLKBUFX8      |         43 |      161.766 | 
| CLKINVX4      |         36 |       61.560 | 
| CLKINVX6      |         32 |       76.608 | 
| CLKINVX8      |          3 |        9.234 | 
| CLKMX2X2      |         24 |       73.872 | 
| CLKMX2X3      |          3 |       12.312 | 
| CLKMX2X4      |         14 |       57.456 | 
| CLKMX2X6      |          5 |       22.230 | 
| CLKXOR2X1     |         43 |      117.648 | 
| CLKXOR2X2     |          1 |        3.420 | 
| DFFHQX1       |         81 |      443.232 | 
| DFFHQX8       |          2 |       18.468 | 
| DFFQX2        |          1 |        6.498 | 
| DFFQX4        |          6 |       43.092 | 
| DFFQXL        |         11 |       60.192 | 
| DFFRHQX1      |       2422 |    14909.832 | 
| DFFRHQX4      |          1 |        9.576 | 
| DFFRX1        |         77 |      526.680 | 
| DFFSHQX1      |         17 |      110.466 | 
| DFFSX1        |          1 |        7.524 | 
| DFFX1         |          3 |       21.546 | 
| DLY1X1        |        292 |      898.776 | 
| DLY1X4        |          8 |       30.096 | 
| DLY2X1        |         17 |       98.838 | 
| DLY2X4        |          3 |       20.520 | 
| DLY3X1        |         68 |      558.144 | 
| DLY3X4        |          8 |       71.136 | 
| DLY4X1        |        893 |     8856.774 | 
| DLY4X4        |          7 |       74.214 | 
| EDFFHQX1      |        659 |     5634.450 | 
| EDFFHQX2      |          1 |        8.892 | 
| EDFFHQX4      |          2 |       21.204 | 
| EDFFHQX8      |         12 |      139.536 | 
| EDFFX2        |         78 |      720.252 | 
| EDFFX4        |         38 |      415.872 | 
| FILL1         |      11410 |     3902.220 | 
| FILL16        |       1477 |     8082.144 | 
| FILL2         |      11783 |     8059.572 | 
| FILL32        |       1996 |    21844.224 | 
| FILL4         |       4951 |     6772.968 | 
| FILL64        |      35142 |   769188.096 | 
| FILL8         |       2769 |     7575.984 | 
| INVX1         |       1108 |      757.872 | 
| INVX2         |        471 |      483.246 | 
| INVX3         |        164 |      224.352 | 
| INVX4         |          3 |        5.130 | 
| INVX6         |          2 |        4.788 | 
| INVXL         |         96 |       65.664 | 
| MDFFHQX1      |         21 |      179.550 | 
| MDFFHQX4      |         46 |      424.764 | 
| MDFFHQX8      |          3 |       33.858 | 
| MX2X1         |        614 |     1469.916 | 
| MX2XL         |         22 |       52.668 | 
| MX3XL         |         11 |       52.668 | 
| MXI2X1        |          1 |        2.736 | 
| MXI2X2        |          2 |        8.892 | 
| MXI2XL        |         14 |       33.516 | 
| NAND2BX1      |        193 |      264.024 | 
| NAND2BX2      |          8 |       19.152 | 
| NAND2BX4      |          5 |       18.810 | 
| NAND2X1       |        772 |      792.072 | 
| NAND2X2       |         41 |       70.110 | 
| NAND2X4       |          1 |        3.420 | 
| NAND2X8       |          1 |        5.472 | 
| NAND2XL       |          2 |        2.052 | 
| NAND3BX1      |          4 |        8.208 | 
| NAND3BX2      |          2 |        6.156 | 
| NAND3BXL      |         11 |       18.810 | 
| NAND3X1       |         35 |       59.850 | 
| NAND3X2       |          2 |        5.472 | 
| NOR2BX1       |        219 |      299.592 | 
| NOR2BX2       |          7 |       19.152 | 
| NOR2BX4       |          3 |       11.286 | 
| NOR2X1        |        819 |      840.294 | 
| NOR2X2        |         42 |       71.820 | 
| NOR2X4        |          6 |       18.468 | 
| NOR2XL        |          6 |        6.156 | 
| NOR3BX1       |          8 |       16.416 | 
| NOR3X1        |         28 |       47.880 | 
| NOR3X2        |          3 |        8.208 | 
| NOR4BX1       |          2 |        4.788 | 
| NOR4X1        |         57 |       97.470 | 
| NOR4X2        |         15 |       51.300 | 
| NOR4X4        |          1 |        6.498 | 
| OA21X1        |        245 |      502.740 | 
| OA21X2        |          4 |       12.312 | 
| OA22X1        |        505 |     1208.970 | 
| OA22X2        |          4 |       13.680 | 
| OAI211X1      |          4 |        6.840 | 
| OAI211X2      |          2 |        8.208 | 
| OAI21X1       |        419 |      716.490 | 
| OAI21X2       |         27 |       83.106 | 
| OAI21X4       |          1 |        4.788 | 
| OAI221X1      |          1 |        2.394 | 
| OAI221X2      |          2 |        9.576 | 
| OAI221X4      |          1 |        7.866 | 
| OAI22X1       |        586 |     1202.472 | 
| OAI22X2       |         31 |      106.020 | 
| OAI2BB1X1     |        778 |     1330.380 | 
| OAI2BB1X2     |         45 |      138.510 | 
| OAI2BB1X4     |          3 |       13.338 | 
| OAI2BB1XL     |          5 |       10.260 | 
| OAI2BB2XL     |          4 |       15.048 | 
| OAI31X1       |         60 |      123.120 | 
| OAI31X2       |          2 |        7.524 | 
| OAI32X1       |         21 |       50.274 | 
| OAI32X2       |          5 |       22.230 | 
| OR2X1         |        874 |     1195.632 | 
| OR2X2         |        126 |      215.460 | 
| OR2X4         |         65 |      177.840 | 
| OR2X6         |         19 |       71.478 | 
| OR2X8         |          3 |       13.338 | 
| OR2XL         |          3 |        4.104 | 
| OR3X1         |        160 |      328.320 | 
| OR3X2         |          2 |        4.788 | 
| OR3X4         |          1 |        3.078 | 
| OR3X6         |          1 |        4.788 | 
| OR4X1         |        238 |      488.376 | 
| OR4X2         |          6 |       20.520 | 
| OR4X4         |          4 |       15.048 | 
| RAM2P_1024X32 |          2 |   475015.121 | 
| RAM_4096X32   |          4 |  1413572.722 | 
| XNOR2X1       |        693 |     1659.042 | 
| XNOR2X2       |          4 |       12.312 | 
| XOR2X1        |          3 |        8.208 | 
|-------------------------------------------|
| Total         |      94222 |  2789848.815 |
 -------------------------------------------
Library cell type information:
 -------------------------------------------------------
| Cell Type        |   Instance   |        Area         |
|                  |              |       um^2  |   %   |
|-------------------------------------------------------|
| Buffer           |         2219 |   12707.010 |   0.5 | 
| Inverter         |         1915 |    1688.454 |   0.1 | 
| Combinational    |        17072 |   37704.816 |   1.4 | 
| Flop             |         3482 |   23735.484 |   0.9 | 
| Multi-Bit Flop   |            0 |       0.000 |   0.0 | 
| Latch            |            0 |       0.000 |   0.0 | 
| Clock Gater      |            0 |       0.000 |   0.0 | 
| Macro            |            6 | 1888587.843 |  67.7 | 
| Physical Cell    |        69528 |  825425.208 |  29.6 | 
|-------------------------------------------------------|
| Total            |        94222 | 2789848.815 | 100.0 | 
 -------------------------------------------------------
