###############################################################
#  Generated by:      Cadence Innovus 25.10-p002_1
#  OS:                Linux x86_64(Host ID gmicro02)
#  Generated on:      Mon Aug 24 15:11:29 2026
#  Design:            clusterization
#  Command:           report_timing > ${OUT_RPT}/hold_timing.rpt 
###############################################################
Path 1: VIOLATED (-0.099 ns) Hold Check with Pin mem_cluster/u_ram/CLK->A[1]
               View: analysis_normal_fast_min
              Group: clk
         Startpoint: (R) addr_cluster_read[1]
              Clock: (R) clk
           Endpoint: (R) mem_cluster/u_ram/A[1]
              Clock: (R) clk

                       Capture       Launch
         Clock Edge:+    0.000        0.000
        Src Latency:+    0.000        0.000
        Net Latency:+    0.111 (P)    0.000 (I)
            Arrival:=    0.111        0.000

               Hold:+    0.511
        Uncertainty:+    0.050
      Required Time:=    0.672
       Launch Clock:=    0.000
        Input Delay:+    0.300
          Data Path:+    0.273
              Slack:=   -0.099

#-----------------------------------------------------------------------------------------------------------------
# Timing Point                      Flags  Arc                   Edge  Cell         Fanout  Trans   Delay  Arrival  
#                                                                                            (ns)    (ns)     (ns)  
#-----------------------------------------------------------------------------------------------------------------
  addr_cluster_read[1]              -      addr_cluster_read[1]  R     (arrival)         1  0.146  -0.005    0.295  
  FE_PHC3440_addr_cluster_read_1/Y  -      A->Y                  R     DLY4X1            1  0.146   0.116    0.412  
  FE_PHC4058_addr_cluster_read_1/Y  -      A->Y                  R     CLKBUFX2          1  0.011   0.016    0.427  
  FE_PHC3745_addr_cluster_read_1/Y  -      A->Y                  R     DLY3X1            1  0.005   0.086    0.513  
  g4422/Y                           -      A->Y                  R     CLKMX2X3          6  0.018   0.060    0.573  
  mem_cluster/u_ram/A[1]            -      A[1]                  R     RAM_4096X32       6  0.075   0.000    0.573  
#-----------------------------------------------------------------------------------------------------------------

