###############################################################
#  Generated by:      Cadence Innovus 25.10-p002_1
#  OS:                Linux x86_64(Host ID gmicro02)
#  Generated on:      Mon Aug 24 15:11:26 2026
#  Design:            clusterization
#  Command:           report_timing > ${OUT_RPT}/setup_timing.rpt 
###############################################################
Path 1: MET (0.008 ns) Setup Check with Pin memory_P_ij/u_ram/CLKA->WENA
               View: analysis_normal_slow_max
              Group: clk
         Startpoint: (R) bloc_exp/out_i_reg[0]/CK
              Clock: (R) clk
           Endpoint: (F) memory_P_ij/u_ram/WENA
              Clock: (R) clk

                       Capture       Launch
         Clock Edge:+    8.333        0.000
        Src Latency:+    0.000       -0.225
        Net Latency:+    0.328 (P)    0.326 (P)
            Arrival:=    8.661        0.101

              Setup:-    0.620
        Uncertainty:-    0.050
      Required Time:=    7.991
       Launch Clock:=    0.101
          Data Path:+    7.882
              Slack:=    0.008

#--------------------------------------------------------------------------------------------------------------------------
# Timing Point                                            Flags  Arc    Edge  Cell           Fanout  Trans   Delay  Arrival  
#                                                                                                     (ns)    (ns)     (ns)  
#--------------------------------------------------------------------------------------------------------------------------
  bloc_exp/out_i_reg[0]/CK                                -      CK     R     (arrival)         100  0.098       -    0.101  
  bloc_exp/out_i_reg[0]/Q                                 -      CK->Q  R     EDFFHQX4            5  0.098   0.276    0.377  
  FE_PHC4690_out_i_b1_0/Y                                 -      A->Y   R     CLKBUFX2            1  0.052   0.116    0.493  
  FE_PHC4677_out_i_b1_0/Y                                 -      A->Y   R     CLKBUFX2            1  0.062   0.119    0.611  
  FE_PHC4624_out_i_b1_0/Y                                 -      A->Y   R     DLY1X1              1  0.056   0.172    0.783  
  FE_PHC4987_out_i_b1_0/Y                                 -      A->Y   R     DLY1X1              1  0.019   0.157    0.940  
  memory_P_ij_arbitrer/FE_PHC4610_out_i_b1_0/Y            -      A->Y   R     DLY1X1              1  0.023   0.171    1.112  
  memory_P_ij_arbitrer/FE_OFC2937_out_i_b1_0/Y            -      A->Y   F     INVX3               1  0.045   0.046    1.158  
  memory_P_ij_arbitrer/FE_PHC4684_FE_OFN378_out_i_b1_0/Y  -      A->Y   F     CLKBUFX6            1  0.039   0.113    1.272  
  memory_P_ij_arbitrer/FE_OFC2938_out_i_b1_0/Y            -      A->Y   R     INVXL               1  0.092   0.073    1.344  
  memory_P_ij_arbitrer/FE_PHC4617_FE_OFN379_out_i_b1_0/Y  -      A->Y   R     CLKBUFX2            2  0.038   0.097    1.441  
  memory_P_ij_arbitrer/FE_PHC4612_FE_OFN379_out_i_b1_0/Y  -      A->Y   R     CLKBUFX8            2  0.041   0.091    1.532  
  memory_P_ij_arbitrer/g1066/Y                            -      B->Y   F     NAND2X1             1  0.027   0.076    1.608  
  memory_P_ij_arbitrer/FE_OFC1015_we_P_ij_B/Y             -      A->Y   F     CLKBUFX6            2  0.093   0.104    1.712  
  memory_P_ij_arbitrer/FE_PHC4138_we_P_ij_B/Y             -      A->Y   F     CLKBUFX16           1  0.031   0.078    1.790  
  memory_P_ij_arbitrer/FE_PHC4314_we_P_ij_B/Y             -      A->Y   F     CLKBUFX2            1  0.026   0.089    1.878  
  memory_P_ij_arbitrer/FE_PHC4493_we_P_ij_B/Y             -      A->Y   F     CLKBUFX20           2  0.048   0.105    1.983  
  memory_P_ij_arbitrer/FE_PHC3845_we_P_ij_B/Y             -      A->Y   F     DLY4X1              1  0.061   0.645    2.628  
  memory_P_ij_arbitrer/FE_PHC4142_we_P_ij_B/Y             -      A->Y   F     DLY4X4              1  0.066   0.675    3.303  
  memory_P_ij_arbitrer/FE_PHC3496_we_P_ij_B/Y             -      A->Y   F     CLKBUFX8            1  0.030   0.079    3.382  
  memory_P_ij_arbitrer/FE_PHC4145_we_P_ij_B/Y             -      A->Y   F     DLY4X1              1  0.025   0.627    4.009  
  memory_P_ij_arbitrer/FE_PHC3868_we_P_ij_B/Y             -      A->Y   F     CLKBUFX6            2  0.041   0.077    4.086  
  memory_P_ij_arbitrer/FE_PHC4410_we_P_ij_B/Y             -      A->Y   F     DLY3X4              1  0.026   0.516    4.602  
  memory_P_ij_arbitrer/FE_PHC4153_we_P_ij_B/Y             -      A->Y   F     CLKBUFX20           2  0.038   0.082    4.684  
  FE_PHC4473_we_P_ij_B/Y                                  -      A->Y   F     DLY4X1              1  0.028   0.631    5.315  
  FE_PHC4420_we_P_ij_B/Y                                  -      A->Y   F     DLY4X4              1  0.047   0.668    5.983  
  FE_PHC5006_we_P_ij_B/Y                                  -      A->Y   F     DLY1X1              1  0.024   0.167    6.150  
  FE_PHC4476_we_P_ij_B/Y                                  -      A->Y   F     DLY4X4              1  0.050   0.666    6.816  
  FE_PHC5010_we_P_ij_B/Y                                  -      A->Y   F     DLY1X1              1  0.026   0.167    6.982  
  FE_PHC4688_we_P_ij_B/Y                                  -      A->Y   F     DLY3X1              1  0.024   0.470    7.452  
  FE_PHC4488_we_P_ij_B/Y                                  -      A->Y   F     DLY2X1              1  0.029   0.320    7.772  
  FE_PHC4479_we_P_ij_B/Y                                  -      A->Y   F     BUFX3               1  0.050   0.082    7.854  
  FE_PHC4324_we_P_ij_B/Y                                  -      A->Y   F     BUFX12              1  0.032   0.128    7.982  
  memory_P_ij/u_ram/WENA                                  -      WENA   F     RAM2P_1024X32       1  0.134   0.000    7.982  
#--------------------------------------------------------------------------------------------------------------------------

