###############################################################
#  Generated by:      Cadence Innovus 25.10-p002_1
#  OS:                Linux x86_64(Host ID gmicro02)
#  Generated on:      Wed Aug 26 15:45:58 2026
#  Design:            clusterization
#  Command:           report_gates -out_file /home/epiphane/projets/clusterization/backend/layout/reports/clusterization_worst_120_0/clusterization_gates_layout.rpt
###############################################################
Library cell information:
 -------------------------------------------
| Cell          |  Instance  |  Area(um^2)  |
|-------------------------------------------|
| ADDFX1        |       1289 |     6612.570 | 
| ADDHX1        |        262 |      985.644 | 
| ADDHX2        |          1 |        5.130 | 
| AND2X1        |       1571 |     2149.128 | 
| AND2X2        |        219 |      374.490 | 
| AND2X4        |         91 |      248.976 | 
| AND2X6        |         41 |      154.242 | 
| AND2X8        |         17 |       75.582 | 
| AND2XL        |          4 |        5.472 | 
| AND3X1        |          2 |        4.788 | 
| AND3X2        |          2 |        5.472 | 
| AND3X4        |          2 |        6.156 | 
| AND3XL        |         51 |      104.652 | 
| AND4X1        |         70 |      167.580 | 
| AND4X2        |          1 |        3.078 | 
| AO21X1        |       2205 |     5278.770 | 
| AO21X2        |          3 |        8.208 | 
| AO21X4        |          2 |        6.840 | 
| AO22X1        |        760 |     2079.360 | 
| AO22X2        |         19 |       58.482 | 
| AO22X4        |         25 |       94.050 | 
| AO22XL        |         33 |       90.288 | 
| AOI211X1      |         16 |       38.304 | 
| AOI211X2      |          8 |       27.360 | 
| AOI211XL      |         60 |      123.120 | 
| AOI21X1       |       1082 |     1850.220 | 
| AOI21X2       |        152 |      415.872 | 
| AOI21XL       |          8 |       13.680 | 
| AOI221X1      |        119 |      284.886 | 
| AOI221X2      |         11 |       48.906 | 
| AOI222X1      |          2 |        6.156 | 
| AOI22X1       |        716 |     1469.232 | 
| AOI22XL       |          4 |        8.208 | 
| AOI2BB1X1     |        150 |      307.800 | 
| AOI2BB1X2     |          1 |        3.078 | 
| AOI2BB2X1     |          2 |        6.840 | 
| AOI31X1       |         29 |       59.508 | 
| AOI31X2       |         10 |       34.200 | 
| AOI32X1       |         13 |       31.122 | 
| AOI33X2       |          1 |        5.130 | 
| BUFX12        |         36 |      184.680 | 
| BUFX2         |        306 |      523.260 | 
| BUFX3         |        104 |      213.408 | 
| BUFX4         |         34 |       81.396 | 
| CLKAND2X12    |          2 |       15.048 | 
| CLKAND2X2     |          2 |        4.104 | 
| CLKAND2X3     |         10 |       30.780 | 
| CLKBUFX12     |         43 |      220.590 | 
| CLKBUFX16     |         23 |      157.320 | 
| CLKBUFX2      |        960 |     1641.600 | 
| CLKBUFX20     |          6 |       49.248 | 
| CLKBUFX3      |         30 |       61.560 | 
| CLKBUFX4      |         29 |       69.426 | 
| CLKBUFX6      |         69 |      212.382 | 
| CLKBUFX8      |         55 |      206.910 | 
| CLKINVX20     |          1 |        6.498 | 
| CLKINVX4      |         42 |       71.820 | 
| CLKINVX6      |         61 |      146.034 | 
| CLKINVX8      |         10 |       30.780 | 
| CLKMX2X2      |         16 |       49.248 | 
| CLKMX2X3      |          7 |       28.728 | 
| CLKMX2X4      |          2 |        8.208 | 
| CLKXOR2X1     |         41 |      112.176 | 
| CLKXOR2X2     |          3 |       10.260 | 
| DFFHQX1       |         69 |      377.568 | 
| DFFHQX8       |          4 |       36.936 | 
| DFFQX2        |          3 |       19.494 | 
| DFFQX4        |          1 |        7.182 | 
| DFFQXL        |         24 |      131.328 | 
| DFFRHQX1      |       2422 |    14909.832 | 
| DFFRHQX4      |          1 |        9.576 | 
| DFFRX1        |         76 |      519.840 | 
| DFFRX2        |          1 |        7.524 | 
| DFFSHQX1      |         17 |      110.466 | 
| DFFSX1        |          1 |        7.524 | 
| DFFX1         |          3 |       21.546 | 
| DLY1X1        |        775 |     2385.450 | 
| DLY1X4        |         21 |       79.002 | 
| DLY2X1        |        244 |     1418.616 | 
| DLY2X4        |         28 |      191.520 | 
| DLY3X1        |        106 |      870.048 | 
| DLY3X4        |          7 |       62.244 | 
| DLY4X1        |        262 |     2598.516 | 
| DLY4X4        |          6 |       63.612 | 
| EDFFHQX1      |        659 |     5634.450 | 
| EDFFHQX2      |          2 |       17.784 | 
| EDFFHQX8      |         13 |      151.164 | 
| EDFFX2        |         78 |      720.252 | 
| EDFFX4        |         38 |      415.872 | 
| FILL1         |      10006 |     3422.052 | 
| FILL16        |        282 |     1543.104 | 
| FILL2         |       9621 |     6580.764 | 
| FILL32        |         93 |     1017.792 | 
| FILL4         |       3624 |     4957.632 | 
| FILL64        |        218 |     4771.584 | 
| FILL8         |        738 |     2019.168 | 
| INVX1         |       1116 |      763.344 | 
| INVX2         |        472 |      484.272 | 
| INVX3         |        183 |      250.344 | 
| INVX4         |         15 |       25.650 | 
| INVX6         |         31 |       74.214 | 
| INVXL         |        136 |       93.024 | 
| MDFFHQX1      |         22 |      188.100 | 
| MDFFHQX4      |         45 |      415.530 | 
| MDFFHQX8      |          3 |       33.858 | 
| MX2X1         |        628 |     1503.432 | 
| MX2X2         |          1 |        3.078 | 
| MX2XL         |         28 |       67.032 | 
| MX3XL         |         11 |       52.668 | 
| MXI2X1        |          1 |        2.736 | 
| MXI2X2        |          4 |       17.784 | 
| MXI2XL        |         12 |       28.728 | 
| NAND2BX1      |        188 |      257.184 | 
| NAND2BX2      |         13 |       31.122 | 
| NAND2BX4      |          5 |       18.810 | 
| NAND2X1       |        767 |      786.942 | 
| NAND2X2       |         43 |       73.530 | 
| NAND2X4       |          1 |        3.420 | 
| NAND2X6       |          1 |        4.788 | 
| NAND2XL       |          5 |        5.130 | 
| NAND3BX1      |          3 |        6.156 | 
| NAND3BX2      |          2 |        6.156 | 
| NAND3BXL      |         12 |       20.520 | 
| NAND3X1       |         34 |       58.140 | 
| NAND3X2       |          3 |        8.208 | 
| NOR2BX1       |        221 |      302.328 | 
| NOR2BX2       |          7 |       19.152 | 
| NOR2BX4       |          1 |        3.762 | 
| NOR2X1        |        814 |      835.164 | 
| NOR2X2        |         52 |       88.920 | 
| NOR2X4        |          1 |        3.078 | 
| NOR2X6        |          1 |        4.104 | 
| NOR2XL        |          5 |        5.130 | 
| NOR3BX1       |          8 |       16.416 | 
| NOR3X1        |         26 |       44.460 | 
| NOR3X2        |          5 |       13.680 | 
| NOR4BX1       |          2 |        4.788 | 
| NOR4X1        |         64 |      109.440 | 
| NOR4X2        |          9 |       30.780 | 
| OA21X1        |        245 |      502.740 | 
| OA21X2        |          4 |       12.312 | 
| OA22X1        |        509 |     1218.546 | 
| OAI211X1      |          4 |        6.840 | 
| OAI211X2      |          2 |        8.208 | 
| OAI21X1       |        419 |      716.490 | 
| OAI21X2       |         28 |       86.184 | 
| OAI221X1      |          3 |        7.182 | 
| OAI221X4      |          1 |        7.866 | 
| OAI22X1       |        585 |     1200.420 | 
| OAI22X2       |         32 |      109.440 | 
| OAI2BB1X1     |        784 |     1340.640 | 
| OAI2BB1X2     |         44 |      135.432 | 
| OAI2BB1XL     |          3 |        6.156 | 
| OAI2BB2X1     |          1 |        4.104 | 
| OAI2BB2XL     |          3 |       11.286 | 
| OAI31X1       |         61 |      125.172 | 
| OAI31X2       |          1 |        3.762 | 
| OAI32X1       |         20 |       47.880 | 
| OAI32X2       |          6 |       26.676 | 
| OR2X1         |        836 |     1143.648 | 
| OR2X2         |        152 |      259.920 | 
| OR2X4         |         61 |      166.896 | 
| OR2X6         |         33 |      124.146 | 
| OR2X8         |          3 |       13.338 | 
| OR2XL         |          5 |        6.840 | 
| OR3X1         |        158 |      324.216 | 
| OR3X2         |          4 |        9.576 | 
| OR3X4         |          1 |        3.078 | 
| OR3X6         |          1 |        4.788 | 
| OR4X1         |        234 |      480.168 | 
| OR4X2         |          8 |       27.360 | 
| OR4X4         |          6 |       22.572 | 
| RAM2P_1024X32 |          2 |   475015.121 | 
| RAM_4096X32   |          4 |  1413572.722 | 
| XNOR2X1       |        671 |     1606.374 | 
| XNOR2X2       |         26 |       80.028 | 
| XOR2X1        |          3 |        8.208 | 
|-------------------------------------------|
| Total         |      50353 |  1987678.923 |
 -------------------------------------------
Library cell type information:
 -------------------------------------------------------
| Cell Type        |   Instance   |        Area         |
|                  |              |       um^2  |   %   |
|-------------------------------------------------------|
| Buffer           |         3144 |   11290.788 |   0.6 | 
| Inverter         |         2067 |    1945.980 |   0.1 | 
| Combinational    |        17072 |   37806.390 |   1.9 | 
| Flop             |         3482 |   23735.826 |   1.2 | 
| Multi-Bit Flop   |            0 |       0.000 |   0.0 | 
| Latch            |            0 |       0.000 |   0.0 | 
| Clock Gater      |            0 |       0.000 |   0.0 | 
| Macro            |            6 | 1888587.843 |  95.0 | 
| Physical Cell    |        24582 |   24312.096 |   1.2 | 
|-------------------------------------------------------|
| Total            |        50353 | 1987678.923 | 100.0 | 
 -------------------------------------------------------
