============================================================
  Generated by:           Genus(TM) Synthesis Solution 21.18-s082_1
  Generated on:           Sep 09 2026  01:06:54 pm
  Module:                 clusterization_v2
  Operating conditions:   PVT_0P9V_125C 
  Operating conditions:   PVT_1P32V_0C 
  Interconnect mode:      global
  Area mode:              physical library
============================================================

                                                   Library 
    Gate     Instances     Area         Library     Domain 
-----------------------------------------------------------
ADDFX1            1370     7028.100    slow_vdd1v0   worst 
ADDHX1             273     1027.026    slow_vdd1v0   worst 
ADDHX2               6       30.780    slow_vdd1v0   worst 
ADDHX4               1        7.182    slow_vdd1v0   worst 
AND2X1            2488     3403.584    slow_vdd1v0   worst 
AND2X2             241      412.110    slow_vdd1v0   worst 
AND2X4             348      952.128    slow_vdd1v0   worst 
AND2X6              23       86.526    slow_vdd1v0   worst 
AND2X8              16       71.136    slow_vdd1v0   worst 
AND3X1               1        2.394    slow_vdd1v0   worst 
AND3X6               1        4.446    slow_vdd1v0   worst 
AND3X8               1        5.130    slow_vdd1v0   worst 
AND3XL              82      168.264    slow_vdd1v0   worst 
AND4X1              91      217.854    slow_vdd1v0   worst 
AO21X1            4243    10157.742    slow_vdd1v0   worst 
AO21X2               6       16.416    slow_vdd1v0   worst 
AO21X4               1        3.420    slow_vdd1v0   worst 
AO22X1             406     1110.816    slow_vdd1v0   worst 
AOI211X1            43      102.942    slow_vdd1v0   worst 
AOI211X2           102      348.840    slow_vdd1v0   worst 
AOI21X1           1029     1759.590    slow_vdd1v0   worst 
AOI21X2             18       49.248    slow_vdd1v0   worst 
AOI21X4              1        5.130    slow_vdd1v0   worst 
AOI221X1             5       11.970    slow_vdd1v0   worst 
AOI221X2           246     1093.716    slow_vdd1v0   worst 
AOI222X2           272     1488.384    slow_vdd1v0   worst 
AOI22X1           2142     4395.384    slow_vdd1v0   worst 
AOI22X2             13       48.906    slow_vdd1v0   worst 
AOI2BB1X1          213      437.076    slow_vdd1v0   worst 
AOI2BB1X2           23       70.794    slow_vdd1v0   worst 
AOI2BB1X4            1        4.104    slow_vdd1v0   worst 
AOI31X2            195      666.900    slow_vdd1v0   worst 
AOI32X2             28      124.488    slow_vdd1v0   worst 
AOI33X4              1        9.234    slow_vdd1v0   worst 
BUFX12               7       35.910    slow_vdd1v0   worst 
BUFX16               1        6.840    slow_vdd1v0   worst 
BUFX2               40       68.400    slow_vdd1v0   worst 
BUFX20              12       98.496    slow_vdd1v0   worst 
BUFX3                4        8.208    slow_vdd1v0   worst 
BUFX4                9       21.546    slow_vdd1v0   worst 
BUFX6               27       83.106    slow_vdd1v0   worst 
BUFX8                1        3.762    slow_vdd1v0   worst 
CLKAND2X12          37      278.388    slow_vdd1v0   worst 
CLKAND2X2            3        6.156    slow_vdd1v0   worst 
CLKAND2X3            4       12.312    slow_vdd1v0   worst 
CLKAND2X6            1        4.788    slow_vdd1v0   worst 
CLKAND2X8            4       23.256    slow_vdd1v0   worst 
CLKBUFX16            1        6.840    slow_vdd1v0   worst 
CLKBUFX20            1        8.208    slow_vdd1v0   worst 
CLKBUFX6            10       30.780    slow_vdd1v0   worst 
CLKINVX12           33      135.432    slow_vdd1v0   worst 
CLKINVX16           27      147.744    slow_vdd1v0   worst 
CLKINVX20           26      168.948    slow_vdd1v0   worst 
CLKINVX4            42       71.820    slow_vdd1v0   worst 
CLKINVX6            18       43.092    slow_vdd1v0   worst 
CLKINVX8            23       70.794    slow_vdd1v0   worst 
CLKMX2X2            10       30.780    slow_vdd1v0   worst 
CLKMX2X4             2        8.208    slow_vdd1v0   worst 
CLKMX2X6             2        8.892    slow_vdd1v0   worst 
CLKXOR2X1           20       54.720    slow_vdd1v0   worst 
DFFHQX1             82      448.704    slow_vdd1v0   worst 
DFFHQX8             16      147.744    slow_vdd1v0   worst 
DFFQX2              20      129.960    slow_vdd1v0   worst 
DFFQX4              17      122.094    slow_vdd1v0   worst 
DFFRHQX1          4487    27621.972    slow_vdd1v0   worst 
DFFRHQX4             1        9.576    slow_vdd1v0   worst 
DFFRX1              55      376.200    slow_vdd1v0   worst 
DFFRX2              16      120.384    slow_vdd1v0   worst 
DFFRX4               3       28.728    slow_vdd1v0   worst 
DFFSHQX1            16      103.968    slow_vdd1v0   worst 
DFFSHQX8             1       10.602    slow_vdd1v0   worst 
DFFX2                1        8.208    slow_vdd1v0   worst 
DFFX4                3       27.702    slow_vdd1v0   worst 
EDFFHQX1           841     7190.550    slow_vdd1v0   worst 
EDFFHQX2             2       17.784    slow_vdd1v0   worst 
EDFFHQX8             2       23.256    slow_vdd1v0   worst 
EDFFX2              56      517.104    slow_vdd1v0   worst 
EDFFX4              16      175.104    slow_vdd1v0   worst 
INVX1              906      619.704    slow_vdd1v0   worst 
INVX12               2        8.208    slow_vdd1v0   worst 
INVX2              276      283.176    slow_vdd1v0   worst 
INVX20              17      110.466    slow_vdd1v0   worst 
INVX3               82      112.176    slow_vdd1v0   worst 
INVX4                1        1.710    slow_vdd1v0   worst 
INVX6               17       40.698    slow_vdd1v0   worst 
INVX8                6       18.468    slow_vdd1v0   worst 
INVXL                1        0.684    slow_vdd1v0   worst 
MDFFHQX1             8       68.400    slow_vdd1v0   worst 
MDFFHQX4           112     1034.208    slow_vdd1v0   worst 
MX2X1              447     1070.118    slow_vdd1v0   worst 
MX3XL               24      114.912    slow_vdd1v0   worst 
MXI2X1              17       46.512    slow_vdd1v0   worst 
NAND2BX1           102      139.536    slow_vdd1v0   worst 
NAND2BX2            51      122.094    slow_vdd1v0   worst 
NAND2BX4            18       67.716    slow_vdd1v0   worst 
NAND2X1           1074     1101.924    slow_vdd1v0   worst 
NAND2X2            213      364.230    slow_vdd1v0   worst 
NAND2X4              3       10.260    slow_vdd1v0   worst 
NAND3BX2            27       83.106    slow_vdd1v0   worst 
NAND3X2            168      459.648    slow_vdd1v0   worst 
NOR2BX1            164      224.352    slow_vdd1v0   worst 
NOR2BX2             35       95.760    slow_vdd1v0   worst 
NOR2BX4             14       52.668    slow_vdd1v0   worst 
NOR2X1             800      820.800    slow_vdd1v0   worst 
NOR2X2             168      287.280    slow_vdd1v0   worst 
NOR2X4              10       30.780    slow_vdd1v0   worst 
NOR2X6               2        8.208    slow_vdd1v0   worst 
NOR3BX1              7       14.364    slow_vdd1v0   worst 
NOR3BX2              3       10.260    slow_vdd1v0   worst 
NOR3X1              32       54.720    slow_vdd1v0   worst 
NOR3X2              18       49.248    slow_vdd1v0   worst 
NOR4BX2              3       14.364    slow_vdd1v0   worst 
NOR4X2              48      164.160    slow_vdd1v0   worst 
OA21X1             404      829.008    slow_vdd1v0   worst 
OA21X2               5       15.390    slow_vdd1v0   worst 
OA21X4               1        3.762    slow_vdd1v0   worst 
OA22X1             643     1539.342    slow_vdd1v0   worst 
OAI21X1            573      979.830    slow_vdd1v0   worst 
OAI21X2             20       61.560    slow_vdd1v0   worst 
OAI22X1            611     1253.772    slow_vdd1v0   worst 
OAI22X2              9       30.780    slow_vdd1v0   worst 
OAI2BB1X1         1255     2146.050    slow_vdd1v0   worst 
OAI2BB1X2           13       40.014    slow_vdd1v0   worst 
OAI31X1             14       28.728    slow_vdd1v0   worst 
OAI31X2             49      184.338    slow_vdd1v0   worst 
OAI32X2             25      111.150    slow_vdd1v0   worst 
OR2X1              964     1318.752    slow_vdd1v0   worst 
OR2X2              209      357.390    slow_vdd1v0   worst 
OR2X4               86      235.296    slow_vdd1v0   worst 
OR2X6               22       82.764    slow_vdd1v0   worst 
OR2X8               11       48.906    slow_vdd1v0   worst 
OR3X1              197      404.244    slow_vdd1v0   worst 
OR4X1              248      508.896    slow_vdd1v0   worst 
OR4X2                1        3.420    slow_vdd1v0   worst 
RAM_4096X32          4  1413572.722    RAM_4096X32   worst 
XNOR2X1            435     1041.390    slow_vdd1v0   worst 
XNOR2X2              5       15.390    slow_vdd1v0   worst 
XNOR2X4              8       30.096    slow_vdd1v0   worst 
XOR2X1               1        2.736    slow_vdd1v0   worst 
-----------------------------------------------------------
total            30619  1506389.470                


  Library   Instances     Area    Instances % 
----------------------------------------------
RAM_4096X32         4 1413572.722         0.0 
slow_vdd1v0     30615   92816.748       100.0 

                                            
     Type      Instances     Area    Area % 
--------------------------------------------
timing_model           4 1413572.722   93.8 
sequential          5755   38182.248    2.5 
inverter            1477    1833.120    0.1 
buffer               113     372.096    0.0 
logic              23270   52429.284    3.5 
physical_cells         0       0.000    0.0 
--------------------------------------------
total              30619 1506389.470  100.0 

