============================================================
  Generated by:           Genus(TM) Synthesis Solution 21.18-s082_1
  Generated on:           Sep 09 2026  01:06:53 pm
  Module:                 clusterization_v2
  Library domain:         worst
    Domain index:         0
    Technology libraries: slow_vdd1v0 1.0
                          RAM_4096X32 1.1
                          RAM2P_1024X32 1.1
  Library domain:         best
    Domain index:         1
    Technology libraries: fast_vdd1v2 1.0
                          RAM_4096X32 1.1
                          RAM2P_1024X32 1.1
  Operating conditions:   PVT_0P9V_125C 
  Operating conditions:   PVT_1P32V_0C 
  Interconnect mode:      global
  Area mode:              physical library
============================================================

     Instance                           Module                        Cell Count  Normalized Cell Area  Normalized Net Area   Normalized Total Area 
----------------------------------------------------------------------------------------------------------------------------------------------------
clusterization_v2                                                          30619           1468215.857            38769.950             1506985.808 
  cluster_assign  cluster_assign_NB_POINTS1250_COORD_W16_ADDR_W12_TO        1100              4230.333             1375.666                5605.999 
  coord_memory_b1 memory_dual_port_ADDR_W12_DATA_W16                          34            344491.798               23.841              344515.638 
  coord_memory_b2 memory_dual_port_ADDR_W12_DATA_W16_5592                      2            344438.464                0.722              344439.187 
  exp_LUT         exp_LUT_v2                                                9058             16033.667            11661.791               27695.458 
  exp_block       dist_mat_arg_exp_v2_NB_POINTS1250_COORD_W16_ADDR_W        2473             10956.333             2930.814               13887.147 
  grad_block      norm_entropy_grad_v2_NB_POINTS1250_COORD_W16_ADDR_        3075             10641.000             3866.603               14507.603 
  inv_LUT         inv_LUT                                                   2311              4071.000             2957.470                7028.470 
  memory_cluster  memory_cluster_ADDR_W12                                  12211            387725.798            14893.772              402619.569 
  upd_block       act_coord_NB_POINTS1250_COORD_W16_ADDR_W12_ACT_W16         157               631.667              137.691                 769.357 
  upd_memory      memory_dual_port_ADDR_W12_DATA_W16_5591                      2            344438.464                0.722              344439.187 
