============================================================
  Generated by:           Genus(TM) Synthesis Solution 21.18-s082_1
  Generated on:           Sep 09 2026  01:06:54 pm
  Module:                 clusterization_v2
  Operating conditions:   PVT_0P9V_125C 
  Operating conditions:   PVT_1P32V_0C 
  Interconnect mode:      global
  Area mode:              physical library
============================================================

Timing
--------

Clock  Period 
--------------
clk   10000.0 


  Cost    Critical         Violating 
 Group   Path Slack  TNS     Paths   
-------------------------------------
clk            17.5   0.0          0 
default    No paths   0.0            
-------------------------------------
Total                 0.0          0 

Instance Count
--------------
Leaf Instance Count             30619 
Physical Instance count             0 
Sequential Instance Count        5759 
Combinational Instance Count    24860 
Hierarchical Instance Count        10 

Area
----
Cell Area                          1506389.470
Physical Cell Area                 0.000
Total Cell Area (Cell+Physical)    1506389.470
Net Area                           39777.969
Total Area (Cell+Physical+Net)     1546167.439

Max Fanout                         5759 (clk)
Min Fanout                         0 (done_b1)
Average Fanout                     2.5
Terms to net ratio                 3.6638
Terms to instance ratio            3.9064
Runtime                            2354.0080869999997 seconds
Elapsed Runtime                    2385 seconds
Genus peak memory usage            3167.48 
Innovus peak memory usage          no_value 
Hostname                           gmicro02
