============================================================
  Generated by:           Genus(TM) Synthesis Solution 21.18-s082_1
  Generated on:           Sep 09 2026  01:06:54 pm
  Module:                 clusterization_v2
  Operating conditions:   PVT_0P9V_125C 
  Operating conditions:   PVT_1P32V_0C 
  Interconnect mode:      global
  Area mode:              physical library
============================================================


Path 1: MET (18 ps) Setup Check with Pin grad_block/entropy_reg[31]/CK->D
          Group: clk
     Startpoint: (R) grad_block/P_ij_norm_reg[7]/CK
          Clock: (R) clk
       Endpoint: (R) grad_block/entropy_reg[31]/D
          Clock: (R) clk

                     Capture       Launch     
        Clock Edge:+   10000            0     
       Src Latency:+       0            0     
       Net Latency:+     100 (I)      100 (I) 
           Arrival:=   10100          100     
                                              
             Setup:-     151                  
       Uncertainty:-      50                  
     Required Time:=    9899                  
      Launch Clock:-     100                  
         Data Path:-    9782                  
             Slack:=      18                  

#------------------------------------------------------------------------------------------------------------------------------------
#                       Timing Point                         Flags    Arc   Edge   Cell     Fanout Load Trans Delay Arrival Instance 
#                                                                                                  (fF)  (ps)  (ps)   (ps)  Location 
#------------------------------------------------------------------------------------------------------------------------------------
  grad_block/P_ij_norm_reg[7]/CK                             -       -      R     (arrival)   5759    -     0     0     100    (-,-) 
  grad_block/P_ij_norm_reg[7]/Q                              -       CK->Q  R     EDFFHQX1       2  5.8   130   250     350    (-,-) 
  grad_block/csa_tree_add_352_39_pad_groupi_g2259/Y          -       A->Y   F     INVX3         12 23.0   221   182     532    (-,-) 
  grad_block/csa_tree_add_352_39_pad_groupi_g2258/Y          -       A->Y   R     INVX1          5  9.6   240   244     776    (-,-) 
  grad_block/csa_tree_add_352_39_pad_groupi_g2202/Y          -       A->Y   R     AND2X1         1  3.7    93   259    1034    (-,-) 
  grad_block/csa_tree_add_352_39_pad_groupi_cdnfadd_010_0/CO -       A->CO  R     ADDFX1         1  3.5    99   264    1298    (-,-) 
  grad_block/csa_tree_add_352_39_pad_groupi_cdnfadd_011_1/S  -       CI->S  F     ADDFX1         1  3.4   112   338    1636    (-,-) 
  grad_block/csa_tree_add_352_39_pad_groupi_cdnfadd_011_2/S  -       CI->S  R     ADDFX1         2  5.6   144   378    2014    (-,-) 
  grad_block/csa_tree_add_352_39_pad_groupi_g2048/Y          -       B->Y   F     NOR2X1         2  5.1   169   167    2182    (-,-) 
  grad_block/csa_tree_add_352_39_pad_groupi_g2047/Y          -       A->Y   R     INVX1          1  3.7   111   146    2328    (-,-) 
  grad_block/csa_tree_add_352_39_pad_groupi_g2039/Y          -       A2->Y  F     AOI32X2        1  3.3   264   246    2574    (-,-) 
  grad_block/csa_tree_add_352_39_pad_groupi_g2036/Y          -       B0->Y  R     OAI2BB1X1      1  3.7   135   208    2782    (-,-) 
  grad_block/csa_tree_add_352_39_pad_groupi_g1982/Y          -       B0->Y  F     AOI221X2       1  3.6   185   176    2958    (-,-) 
  grad_block/csa_tree_add_352_39_pad_groupi_g1981/Y          -       B0->Y  R     OAI2BB1X2      2  5.6    99   143    3101    (-,-) 
  grad_block/csa_tree_add_352_39_pad_groupi_g1980/Y          -       B->Y   F     NAND2X2        2  4.9   174   154    3255    (-,-) 
  grad_block/g3/Y                                            -       A0->Y  F     AO21X1         1  3.6   108   240    3495    (-,-) 
  grad_block/g9383/Y                                         -       A->Y   R     NAND2X2        3  6.6   108   108    3603    (-,-) 
  grad_block/csa_tree_add_352_39_pad_groupi_g1975/Y          -       B->Y   R     AND2X1         1  3.1    80   202    3804    (-,-) 
  grad_block/csa_tree_add_352_39_pad_groupi_g1972/Y          -       A1N->Y R     AOI2BB1X2      1  4.5   136   174    3978    (-,-) 
  grad_block/csa_tree_add_352_39_pad_groupi_g1970/Y          -       B->Y   F     NOR2X4         3  7.1    84   105    4083    (-,-) 
  grad_block/csa_tree_add_352_39_pad_groupi_g1969/Y          -       B->Y   R     NOR2X2         2  5.2   147   128    4210    (-,-) 
  grad_block/csa_tree_add_352_39_pad_groupi_g1966/Y          -       B->Y   F     NAND2X1        1  3.1   209   202    4413    (-,-) 
  grad_block/csa_tree_add_352_39_pad_groupi_g1960/Y          -       A1N->Y F     OAI2BB1X2      1  4.4   166   244    4656    (-,-) 
  grad_block/csa_tree_add_352_39_pad_groupi_g1958/Y          -       A1->Y  R     AOI21X4        1  3.7    83   134    4790    (-,-) 
  grad_block/csa_tree_add_352_39_pad_groupi_g1957/Y          -       B->Y   F     NOR2X2         2  5.0   102    91    4882    (-,-) 
  grad_block/csa_tree_add_352_39_pad_groupi_g1955/Y          -       A1N->Y F     AOI2BB1X2      2  5.0   102   203    5084    (-,-) 
  grad_block/g9576/Y                                         -       A1N->Y F     AOI2BB1X2      2  5.0   101   203    5287    (-,-) 
  grad_block/g9575/Y                                         -       A1N->Y F     AOI2BB1X2      2  5.0   101   203    5490    (-,-) 
  grad_block/g9574/Y                                         -       A1N->Y F     AOI2BB1X2      2  5.0   101   203    5692    (-,-) 
  grad_block/g9573/Y                                         -       A1N->Y F     AOI2BB1X2      2  5.1   102   203    5896    (-,-) 
  grad_block/csa_tree_add_352_39_pad_groupi_g1937/Y          -       A1N->Y F     AOI2BB1X4      2  5.0    71   195    6090    (-,-) 
  grad_block/g9572/Y                                         -       A1N->Y F     AOI2BB1X2      2  5.0   101   189    6279    (-,-) 
  grad_block/g9571/Y                                         -       A1N->Y F     AOI2BB1X2      2  5.4   107   205    6485    (-,-) 
  grad_block/csa_tree_add_352_39_pad_groupi_g2309/Y          -       B->Y   R     NOR2BX2        3  8.4   220   180    6664    (-,-) 
  grad_block/csa_tree_add_352_39_pad_groupi_g1925/Y          -       B->Y   F     NAND2X4        3  7.0   156   187    6851    (-,-) 
  grad_block/csa_tree_add_352_39_pad_groupi_g1922/Y          -       B->Y   R     NOR2BX2        3  7.3   202   190    7041    (-,-) 
  grad_block/csa_tree_add_352_39_pad_groupi_g1920/Y          -       B->Y   R     CLKAND2X3      3  7.3    67   190    7231    (-,-) 
  grad_block/csa_tree_add_352_39_pad_groupi_g1918/Y          -       B->Y   R     CLKAND2X2      2  5.1    70   140    7371    (-,-) 
  grad_block/csa_tree_add_352_39_pad_groupi_g1916/Y          -       B->Y   R     CLKAND2X3      3  7.3    66   132    7502    (-,-) 
  grad_block/csa_tree_add_352_39_pad_groupi_g1914/Y          -       B->Y   R     CLKAND2X3      3  7.8    70   132    7634    (-,-) 
  grad_block/csa_tree_add_352_39_pad_groupi_g1912/Y          -       B->Y   R     CLKAND2X6      3  7.2    45   117    7751    (-,-) 
  grad_block/csa_tree_add_352_39_pad_groupi_g1910/Y          -       B->Y   R     AND2X1         2  5.1   121   192    7944    (-,-) 
  grad_block/csa_tree_add_352_39_pad_groupi_g1908/Y          -       B->Y   R     CLKAND2X3      3  7.1    65   153    8097    (-,-) 
  grad_block/csa_tree_add_352_39_pad_groupi_g1906/Y          -       B->Y   R     CLKAND2X2      3  7.1    90   150    8248    (-,-) 
  grad_block/csa_tree_add_352_39_pad_groupi_g1904/Y          -       B->Y   R     CLKAND2X2      3  7.2    91   162    8410    (-,-) 
  grad_block/csa_tree_add_352_39_pad_groupi_g1902/Y          -       B->Y   R     AND2X1         1  3.5    88   198    8607    (-,-) 
  grad_block/csa_tree_add_352_39_pad_groupi_g1900/S          -       B->S   F     ADDHX1         3  6.5   179   255    8862    (-,-) 
  grad_block/sub_363_48_g868/Y                               -       B->Y   R     NOR2X1         1  3.1   178   195    9057    (-,-) 
  grad_block/sub_363_48_g823/Y                               -       B->Y   R     AND2X1         1  3.5    88   241    9298    (-,-) 
  grad_block/sub_363_48_g815/CO                              -       B->CO  R     ADDHX1         1  3.3    84   183    9480    (-,-) 
  grad_block/sub_363_48_g812/Y                               -       B->Y   R     XNOR2X1        1  3.1    82   180    9660    (-,-) 
  grad_block/g9047/Y                                         -       B->Y   R     MX2X1          1  3.2    85   222    9882    (-,-) 
  grad_block/entropy_reg[31]/D                               <<<     -      R     DFFRHQX1       1    -     -     0    9882    (-,-) 
#------------------------------------------------------------------------------------------------------------------------------------

