============================================================
  Generated by:           Genus(TM) Synthesis Solution 21.18-s082_1
  Generated on:           Sep 10 2026  11:14:03 am
  Module:                 clusterization_v2
  Operating conditions:   PVT_0P9V_125C 
  Operating conditions:   PVT_1P32V_0C 
  Interconnect mode:      global
  Area mode:              physical library
============================================================

                                                   Library 
    Gate     Instances     Area         Library     Domain 
-----------------------------------------------------------
ADDFHX1             10       75.240    slow_vdd1v0   worst 
ADDFHX2              8       65.664    slow_vdd1v0   worst 
ADDFX1            1058     5427.540    slow_vdd1v0   worst 
ADDHX1             224      842.688    slow_vdd1v0   worst 
ADDHX2               4       20.520    slow_vdd1v0   worst 
AND2X1            1978     2705.904    slow_vdd1v0   worst 
AND2X2             197      336.870    slow_vdd1v0   worst 
AND2X4             363      993.168    slow_vdd1v0   worst 
AND2X6              30      112.860    slow_vdd1v0   worst 
AND2X8               6       26.676    slow_vdd1v0   worst 
AND3X1               2        4.788    slow_vdd1v0   worst 
AND3X2               1        2.736    slow_vdd1v0   worst 
AND3X4               1        3.078    slow_vdd1v0   worst 
AND3X6               1        4.446    slow_vdd1v0   worst 
AND3XL              88      180.576    slow_vdd1v0   worst 
AND4X1              98      234.612    slow_vdd1v0   worst 
AO21X1            4276    10236.744    slow_vdd1v0   worst 
AO21X2               4       10.944    slow_vdd1v0   worst 
AO21X4               2        6.840    slow_vdd1v0   worst 
AO22X1             619     1693.584    slow_vdd1v0   worst 
AO22X2               2        6.156    slow_vdd1v0   worst 
AO22X4               5       18.810    slow_vdd1v0   worst 
AOI211X1            35       83.790    slow_vdd1v0   worst 
AOI211X2           120      410.400    slow_vdd1v0   worst 
AOI21X1           2118     3621.780    slow_vdd1v0   worst 
AOI21X2             57      155.952    slow_vdd1v0   worst 
AOI21X4              8       41.040    slow_vdd1v0   worst 
AOI221X2           257     1142.622    slow_vdd1v0   worst 
AOI221X4             1        7.866    slow_vdd1v0   worst 
AOI222X2             2       10.944    slow_vdd1v0   worst 
AOI22X1            541     1110.132    slow_vdd1v0   worst 
AOI22X2             14       52.668    slow_vdd1v0   worst 
AOI22X4              2       12.312    slow_vdd1v0   worst 
AOI2BB1X1          241      494.532    slow_vdd1v0   worst 
AOI2BB1X2           12       36.936    slow_vdd1v0   worst 
AOI2BB1X4            3       12.312    slow_vdd1v0   worst 
AOI2BB2X1            1        3.420    slow_vdd1v0   worst 
AOI2BB2X2            1        5.130    slow_vdd1v0   worst 
AOI2BB2X4            1        7.524    slow_vdd1v0   worst 
AOI31X2             78      266.760    slow_vdd1v0   worst 
AOI32X2             23      102.258    slow_vdd1v0   worst 
AOI33X4              1        9.234    slow_vdd1v0   worst 
BUFX12              31      159.030    slow_vdd1v0   worst 
BUFX16               2       13.680    slow_vdd1v0   worst 
BUFX2               19       32.490    slow_vdd1v0   worst 
BUFX20              14      114.912    slow_vdd1v0   worst 
BUFX3               23       47.196    slow_vdd1v0   worst 
BUFX6               31       95.418    slow_vdd1v0   worst 
BUFX8                1        3.762    slow_vdd1v0   worst 
CLKAND2X12          23      173.052    slow_vdd1v0   worst 
CLKAND2X2            8       16.416    slow_vdd1v0   worst 
CLKAND2X3            6       18.468    slow_vdd1v0   worst 
CLKAND2X6            7       33.516    slow_vdd1v0   worst 
CLKBUFX16            1        6.840    slow_vdd1v0   worst 
CLKBUFX20           11       90.288    slow_vdd1v0   worst 
CLKINVX12           28      114.912    slow_vdd1v0   worst 
CLKINVX16           30      164.160    slow_vdd1v0   worst 
CLKINVX20           33      214.434    slow_vdd1v0   worst 
CLKINVX4            44       75.240    slow_vdd1v0   worst 
CLKINVX6            21       50.274    slow_vdd1v0   worst 
CLKINVX8            27       83.106    slow_vdd1v0   worst 
CLKMX2X12            1        6.498    slow_vdd1v0   worst 
CLKMX2X2             7       21.546    slow_vdd1v0   worst 
CLKMX2X3             1        4.104    slow_vdd1v0   worst 
CLKMX2X4             2        8.208    slow_vdd1v0   worst 
CLKXOR2X1           58      158.688    slow_vdd1v0   worst 
CLKXOR2X2            1        3.420    slow_vdd1v0   worst 
DFFHQX1             76      415.872    slow_vdd1v0   worst 
DFFHQX4              3       24.624    slow_vdd1v0   worst 
DFFHQX8             17      156.978    slow_vdd1v0   worst 
DFFQX2               9       58.482    slow_vdd1v0   worst 
DFFQX4               9       64.638    slow_vdd1v0   worst 
DFFRHQX1          4478    27566.568    slow_vdd1v0   worst 
DFFRHQX4             1        9.576    slow_vdd1v0   worst 
DFFRX1              56      383.040    slow_vdd1v0   worst 
DFFRX2              26      195.624    slow_vdd1v0   worst 
DFFRX4               3       28.728    slow_vdd1v0   worst 
DFFSHQX1            16      103.968    slow_vdd1v0   worst 
DFFSHQX8             1       10.602    slow_vdd1v0   worst 
DFFX1                2       14.364    slow_vdd1v0   worst 
DFFX2               14      114.912    slow_vdd1v0   worst 
DFFX4                7       64.638    slow_vdd1v0   worst 
EDFFHQX1           842     7199.100    slow_vdd1v0   worst 
EDFFHQX2             4       35.568    slow_vdd1v0   worst 
EDFFHQX4             7       74.214    slow_vdd1v0   worst 
EDFFHQX8             2       23.256    slow_vdd1v0   worst 
EDFFX2              59      544.806    slow_vdd1v0   worst 
EDFFX4              21      229.824    slow_vdd1v0   worst 
INVX1             1022      699.048    slow_vdd1v0   worst 
INVX12               3       12.312    slow_vdd1v0   worst 
INVX2              269      275.994    slow_vdd1v0   worst 
INVX3               64       87.552    slow_vdd1v0   worst 
INVX4                4        6.840    slow_vdd1v0   worst 
INVX6               26       62.244    slow_vdd1v0   worst 
INVX8                6       18.468    slow_vdd1v0   worst 
INVXL                7        4.788    slow_vdd1v0   worst 
MDFFHQX1            10       85.500    slow_vdd1v0   worst 
MDFFHQX4            92      849.528    slow_vdd1v0   worst 
MX2X1              901     2156.994    slow_vdd1v0   worst 
MX3XL               13       62.244    slow_vdd1v0   worst 
MX4XL              119      854.658    slow_vdd1v0   worst 
MXI2X1             675     1846.800    slow_vdd1v0   worst 
MXI2X2               2        8.892    slow_vdd1v0   worst 
MXI4X1               4       28.728    slow_vdd1v0   worst 
NAND2BX1           239      326.952    slow_vdd1v0   worst 
NAND2BX2           117      280.098    slow_vdd1v0   worst 
NAND2BX4            29      109.098    slow_vdd1v0   worst 
NAND2X1            865      887.490    slow_vdd1v0   worst 
NAND2X2            384      656.640    slow_vdd1v0   worst 
NAND2X4             19       64.980    slow_vdd1v0   worst 
NAND2X6              6       28.728    slow_vdd1v0   worst 
NAND3BX2            19       58.482    slow_vdd1v0   worst 
NAND3X2             53      145.008    slow_vdd1v0   worst 
NAND3X4              2        9.576    slow_vdd1v0   worst 
NOR2BX1            318      435.024    slow_vdd1v0   worst 
NOR2BX2             57      155.952    slow_vdd1v0   worst 
NOR2BX4             18       67.716    slow_vdd1v0   worst 
NOR2X1             834      855.684    slow_vdd1v0   worst 
NOR2X2             274      468.540    slow_vdd1v0   worst 
NOR2X4              35      107.730    slow_vdd1v0   worst 
NOR2X6              10       41.040    slow_vdd1v0   worst 
NOR2X8               1        5.472    slow_vdd1v0   worst 
NOR3BX1              7       14.364    slow_vdd1v0   worst 
NOR3BX2              2        6.840    slow_vdd1v0   worst 
NOR3X1              31       53.010    slow_vdd1v0   worst 
NOR3X2               6       16.416    slow_vdd1v0   worst 
NOR3X4               1        5.130    slow_vdd1v0   worst 
NOR4BBX2             1        5.130    slow_vdd1v0   worst 
NOR4BX2              7       33.516    slow_vdd1v0   worst 
NOR4X2              45      153.900    slow_vdd1v0   worst 
NOR4X4               1        6.498    slow_vdd1v0   worst 
OA21X1             522     1071.144    slow_vdd1v0   worst 
OA21X2              12       36.936    slow_vdd1v0   worst 
OA22X1             800     1915.200    slow_vdd1v0   worst 
OA22X2               2        6.840    slow_vdd1v0   worst 
OA22X4               1        4.104    slow_vdd1v0   worst 
OAI211X2             1        4.104    slow_vdd1v0   worst 
OAI211X4             1        6.498    slow_vdd1v0   worst 
OAI21X1            827     1414.170    slow_vdd1v0   worst 
OAI21X2             54      166.212    slow_vdd1v0   worst 
OAI21X4             14       67.032    slow_vdd1v0   worst 
OAI221X2             2        9.576    slow_vdd1v0   worst 
OAI22X1            617     1266.084    slow_vdd1v0   worst 
OAI22X2             37      126.540    slow_vdd1v0   worst 
OAI22X4              5       32.490    slow_vdd1v0   worst 
OAI2BB1X1         2035     3479.850    slow_vdd1v0   worst 
OAI2BB1X2           12       36.936    slow_vdd1v0   worst 
OAI2BB1X4            3       13.338    slow_vdd1v0   worst 
OAI2BB2X2            2       10.944    slow_vdd1v0   worst 
OAI31X1             17       34.884    slow_vdd1v0   worst 
OAI31X2             70      263.340    slow_vdd1v0   worst 
OAI32X2             13       57.798    slow_vdd1v0   worst 
OR2X1             1145     1566.360    slow_vdd1v0   worst 
OR2X2              209      357.390    slow_vdd1v0   worst 
OR2X4              106      290.016    slow_vdd1v0   worst 
OR2X6               32      120.384    slow_vdd1v0   worst 
OR2X8               14       62.244    slow_vdd1v0   worst 
OR3X1              203      416.556    slow_vdd1v0   worst 
OR4X1              293      601.236    slow_vdd1v0   worst 
OR4X4                1        3.762    slow_vdd1v0   worst 
RAM_4096X32          4  1413572.722    RAM_4096X32   worst 
XNOR2X1            699     1673.406    slow_vdd1v0   worst 
XNOR2X2              5       15.390    slow_vdd1v0   worst 
XNOR2X4              4       15.048    slow_vdd1v0   worst 
XOR2X1               2        5.472    slow_vdd1v0   worst 
XOR2X2               1        3.420    slow_vdd1v0   worst 
XOR2X4               1        4.104    slow_vdd1v0   worst 
-----------------------------------------------------------
total            32940  1510418.230                


  Library   Instances     Area    Instances % 
----------------------------------------------
RAM_4096X32         4 1413572.722         0.0 
slow_vdd1v0     32936   96845.508       100.0 

                                            
     Type      Instances     Area    Area % 
--------------------------------------------
timing_model           4 1413572.722   93.6 
sequential          5755   38254.410    2.5 
inverter            1584    1869.372    0.1 
buffer               133     563.616    0.0 
logic              25464   56158.110    3.7 
physical_cells         0       0.000    0.0 
--------------------------------------------
total              32940 1510418.230  100.0 

