============================================================
  Generated by:           Genus(TM) Synthesis Solution 21.18-s082_1
  Generated on:           Sep 10 2026  11:14:02 am
  Module:                 clusterization_v2
  Library domain:         worst
    Domain index:         0
    Technology libraries: slow_vdd1v0 1.0
                          RAM_4096X32 1.1
                          RAM2P_1024X32 1.1
  Library domain:         best
    Domain index:         1
    Technology libraries: fast_vdd1v2 1.0
                          RAM_4096X32 1.1
                          RAM2P_1024X32 1.1
  Operating conditions:   PVT_0P9V_125C 
  Operating conditions:   PVT_1P32V_0C 
  Interconnect mode:      global
  Area mode:              physical library
============================================================

     Instance                           Module                        Cell Count   Cell Area  Net Area   Total Area 
--------------------------------------------------------------------------------------------------------------------
clusterization_v2                                                          32940 1510418.230 42180.920  1552599.150 
  cluster_assign  cluster_assign_NB_POINTS1250_COORD_W16_ADDR_W12_TO        1514    4818.438  1841.251     6659.689 
  coord_memory_b1 memory_dual_port_ADDR_W12_DATA_W16                          34  353465.684    24.461   353490.145 
  coord_memory_b2 memory_dual_port_ADDR_W12_DATA_W16_5592                      2  353393.864     0.741   353394.606 
  exp_LUT         exp_LUT_v2                                                9035   16408.818 11659.668    28068.486 
  exp_block       dist_mat_arg_exp_v2_NB_POINTS1250_COORD_W16_ADDR_W        3370   12293.190  3932.335    16225.525 
  grad_block      norm_entropy_grad_v2_NB_POINTS1250_COORD_W16_ADDR_        3354   11772.324  4309.316    16081.640 
  inv_LUT         inv_LUT                                                   2337    4166.928  3050.025     7216.953 
  memory_cluster  memory_cluster_ADDR_W12                                  12815  399273.164 15852.212   415125.377 
  upd_block       act_coord_NB_POINTS1250_COORD_W16_ADDR_W12_ACT_W16         270     780.102   241.242     1021.344 
  upd_memory      memory_dual_port_ADDR_W12_DATA_W16_5591                      2  353393.864     0.741   353394.606 
