============================================================
  Generated by:           Genus(TM) Synthesis Solution 21.18-s082_1
  Generated on:           Sep 10 2026  11:14:02 am
  Module:                 clusterization_v2
  Library domain:         worst
    Domain index:         0
    Technology libraries: slow_vdd1v0 1.0
                          RAM_4096X32 1.1
                          RAM2P_1024X32 1.1
  Library domain:         best
    Domain index:         1
    Technology libraries: fast_vdd1v2 1.0
                          RAM_4096X32 1.1
                          RAM2P_1024X32 1.1
  Operating conditions:   PVT_0P9V_125C 
  Operating conditions:   PVT_1P32V_0C 
  Interconnect mode:      global
  Area mode:              physical library
============================================================

     Instance                           Module                        Cell Count  Normalized Cell Area  Normalized Net Area   Normalized Total Area 
----------------------------------------------------------------------------------------------------------------------------------------------------
clusterization_v2                                                          32940           1472142.524            41112.008             1513254.532 
  cluster_assign  cluster_assign_NB_POINTS1250_COORD_W16_ADDR_W12_TO        1514              4696.333             1794.592                6490.925 
  coord_memory_b1 memory_dual_port_ADDR_W12_DATA_W16                          34            344508.464               23.841              344532.305 
  coord_memory_b2 memory_dual_port_ADDR_W12_DATA_W16_5592                      2            344438.464                0.722              344439.187 
  exp_LUT         exp_LUT_v2                                                9035             15993.000            11364.199               27357.199 
  exp_block       dist_mat_arg_exp_v2_NB_POINTS1250_COORD_W16_ADDR_W        3370             11981.667             3832.685               15814.352 
  grad_block      norm_entropy_grad_v2_NB_POINTS1250_COORD_W16_ADDR_        3354             11474.000             4200.113               15674.113 
  inv_LUT         inv_LUT                                                   2337              4061.333             2972.734                7034.067 
  memory_cluster  memory_cluster_ADDR_W12                                  12815            389155.131            15450.499              404605.630 
  upd_block       act_coord_NB_POINTS1250_COORD_W16_ADDR_W12_ACT_W16         270               760.333              235.128                 995.462 
  upd_memory      memory_dual_port_ADDR_W12_DATA_W16_5591                      2            344438.464                0.722              344439.187 
