###############################################################
#  Generated by:      Cadence Innovus 25.10-p002_1
#  OS:                Linux x86_64(Host ID gmicro02)
#  Generated on:      Thu Sep 10 10:08:00 2026
#  Design:            clusterization_v2
#  Command:           report_timing > ${OUT_RPT}/setup_timing.rpt 
###############################################################
Path 1: MET (0.034 ns) Setup Check with Pin coord_memory_b1/u_ram/CLK->A[7]
               View: analysis_normal_slow_max
              Group: clk
         Startpoint: (R) upd_block/cnt_i_reg[7]/CK
              Clock: (R) clk
           Endpoint: (F) coord_memory_b1/u_ram/A[7]
              Clock: (R) clk

                       Capture       Launch
         Clock Edge:+    7.143        0.000
        Src Latency:+    0.000       -0.203
        Net Latency:+    0.298 (P)    0.298 (P)
            Arrival:=    7.441        0.096

              Setup:-    0.947
        Uncertainty:-    0.050
      Required Time:=    6.444
       Launch Clock:=    0.096
          Data Path:+    6.314
              Slack:=    0.034

#-----------------------------------------------------------------------------------------------------------
# Timing Point                               Flags  Arc    Edge  Cell         Fanout  Trans   Delay  Arrival  
#                                                                                      (ns)    (ns)     (ns)  
#-----------------------------------------------------------------------------------------------------------
  upd_block/cnt_i_reg[7]/CK                  -      CK     R     (arrival)       100  0.096       -    0.096  
  upd_block/cnt_i_reg[7]/Q                   -      CK->Q  F     DFFRX1            1  0.096   0.261    0.357  
  upd_block/FE_PHC3739_port_act_b1_addr_7/Y  -      A->Y   F     CLKBUFX2          1  0.029   0.102    0.458  
  upd_block/FE_PHC3669_port_act_b1_addr_7/Y  -      A->Y   F     CLKBUFX2          1  0.069   0.102    0.561  
  upd_block/FE_PHC3516_port_act_b1_addr_7/Y  -      A->Y   F     DLY1X1            1  0.036   0.196    0.757  
  upd_block/FE_PHC3408_port_act_b1_addr_7/Y  -      A->Y   F     DLY3X1            1  0.071   0.495    1.252  
  upd_block/FE_PHC3949_port_act_b1_addr_7/Y  -      A->Y   F     CLKBUFX2          1  0.065   0.091    1.343  
  upd_block/FE_PHC3619_port_act_b1_addr_7/Y  -      A->Y   F     DLY2X1            1  0.025   0.409    1.752  
  upd_block/FE_PHC3328_port_act_b1_addr_7/Y  -      A->Y   F     DLY3X1            5  0.191   0.626    2.378  
  FE_PHC3226_port_act_b1_addr_7/Y            -      A->Y   F     DLY4X1            1  0.201   0.757    3.135  
  FE_PHC3101_port_act_b1_addr_7/Y            -      A->Y   F     DLY4X1            1  0.146   0.692    3.828  
  g3491/Y                                    -      A1->Y  R     AOI22XL           1  0.073   0.142    3.970  
  FE_OFC2076_n_80/Y                          -      A->Y   R     BUFX2             2  0.148   0.175    4.145  
  g3448/Y                                    -      B0->Y  F     OAI2BB1X2         1  0.073   0.121    4.265  
  FE_PHC3492_n_89/Y                          -      A->Y   F     DLY2X1            1  0.123   0.472    4.737  
  FE_PHC3644_n_89/Y                          -      A->Y   F     DLY1X1            1  0.220   0.245    4.983  
  FE_PHC3165_n_89/Y                          -      A->Y   F     DLY4X1            1  0.056   0.713    5.696  
  g3421/Y                                    -      B0->Y  F     AO21X1            1  0.185   0.186    5.882  
  coord_memory_b1/FE_PHC3648_n_123/Y         -      A->Y   F     DLY1X1            1  0.039   0.179    6.060  
  coord_memory_b1/FE_OFC1222_n_123/Y         -      A->Y   R     INVX1             1  0.037   0.127    6.188  
  coord_memory_b1/FE_OFC1223_n_123/Y         -      A->Y   F     INVX2             1  0.188   0.222    6.410  
  coord_memory_b1/u_ram/A[7]                 -      A[7]   F     RAM_4096X32       1  0.268   0.000    6.410  
#-----------------------------------------------------------------------------------------------------------

