###############################################################
#  Generated by:      Cadence Innovus 25.10-p002_1
#  OS:                Linux x86_64(Host ID gmicro02)
#  Generated on:      Wed Sep  9 15:58:50 2026
#  Design:            clusterization_v2
#  Command:           report_area -out_file backend/layout/reports/clusterization_v2_worst_100_0_v2_0/area.rpt
###############################################################
    Hinst Name       Module Name                                                                                            Inst Count           Total Area
--------------------------------------------------------------------------------------------------------------------------------------------------------
clusterization_v2                                                                                                                32465          1510207.558
  cluster_assign     cluster_assign_NB_POINTS1250_COORD_W16_ADDR_W12_TOL170459136                                                 1249             5390.946
  coord_memory_b1    memory_dual_port_ADDR_W12_DATA_W16                                                                             71           353587.436
  coord_memory_b2    memory_dual_port_ADDR_W12_DATA_W16_5592                                                                        65           353654.126
  exp_LUT            exp_LUT_v2                                                                                                   9579            16233.372
  exp_block          dist_mat_arg_exp_v2_NB_POINTS1250_COORD_W16_ADDR_W12_ADDR_P_IJ_W12_ADDR_LUT_EXP14_STEP_W6_K_W16_D2_W32       2511            11263.086
  grad_block         norm_entropy_grad_v2_NB_POINTS1250_COORD_W16_ADDR_W12_P_IJ_W16_ADDR_P_IJ_W12_ACT_W16_ADDR_LUT_INV10          3093            11029.158
  inv_LUT            inv_LUT                                                                                                      2439             4121.100
  memory_cluster     memory_cluster_ADDR_W12                                                                                     12504           397066.580
  upd_block          act_coord_NB_POINTS1250_COORD_W16_ADDR_W12_ACT_W16                                                            283             1321.488
  upd_memory         memory_dual_port_ADDR_W12_DATA_W16_5591                                                                         1           353393.180
