###############################################################
#  Generated by:      Cadence Innovus 25.10-p002_1
#  OS:                Linux x86_64(Host ID gmicro02)
#  Generated on:      Wed Sep  9 15:40:59 2026
#  Design:            clusterization_v2
#  Command:           report_timing > ${OUT_RPT}/hold_timing.rpt 
###############################################################
Path 1: VIOLATED (-0.098 ns) Hold Check with Pin coord_memory_b2/u_ram/CLK->D[14]
               View: analysis_normal_fast_min
              Group: clk
         Startpoint: (R) data_in2_coord_load[14]
              Clock: (R) clk
           Endpoint: (R) coord_memory_b2/u_ram/D[14]
              Clock: (R) clk

                       Capture       Launch
         Clock Edge:+    0.000        0.000
        Src Latency:+    0.000        0.000
        Net Latency:+    0.096 (P)    0.000 (I)
            Arrival:=    0.096        0.000

               Hold:+    0.317
        Uncertainty:+    0.050
      Required Time:=    0.463
       Launch Clock:=    0.000
        Input Delay:+    0.300
          Data Path:+    0.066
              Slack:=   -0.098

#---------------------------------------------------------------------------------------------------------------
# Timing Point                 Flags  Arc                      Edge  Cell         Fanout  Trans   Delay  Arrival  
#                                                                                          (ns)    (ns)     (ns)  
#---------------------------------------------------------------------------------------------------------------
  data_in2_coord_load[14]      -      data_in2_coord_load[14]  R     (arrival)         1  0.146   0.002    0.302  
  g3490/Y                      -      B0->Y                    R     AO22X2            2  0.146   0.064    0.366  
  coord_memory_b2/u_ram/D[14]  -      D[14]                    R     RAM_4096X32       2  0.048   0.000    0.366  
#---------------------------------------------------------------------------------------------------------------

