*----------------------------------------------------------------------------------------
*	Innovus 25.10-p002_1 (64bit) 04/23/2025 12:43 (Linux 4.18.0-305.el8.x86_64)
*	
*
* 	Date & Time:	2026-Sep-09 16:00:47 (2026-Sep-09 19:00:47 GMT)
*
*----------------------------------------------------------------------------------------
*
*	Design: clusterization_v2
*
*	Liberty Libraries used: 
*	        analysis_normal_slow_max: /home/epiphane/projets/clusterization/backend/layout/deliverables/clusterization_v2_worst_100_0/final.enc/libs/mmmc/slow_vdd1v0_basicCells.lib
*	        analysis_normal_slow_max: /home/epiphane/projets/clusterization/backend/layout/deliverables/clusterization_v2_worst_100_0/final.enc/libs/mmmc/RAM_4096x32.lib
*	        analysis_normal_slow_max: /home/epiphane/projets/clusterization/backend/layout/deliverables/clusterization_v2_worst_100_0/final.enc/libs/mmmc/RAM2P_1024x32.lib
*
*	Power Domain used: 
*              Rail:        VDD      Voltage:        0.9 
*
*       Power View : analysis_normal_slow_max
*
*       User-Defined Activity : N.A.
*
*       Activity File: N.A.
*
*       Hierarchical Global Activity: N.A.
*
*       Global Activity: N.A.
*
*       Sequential Element Activity: 0.200000
*
*       Primary Input Activity: 0.200000
*
*       Default icg ratio: N.A.
*
*       Global Comb ClockGate Ratio: N.A.
*
*	Power Units = 1mW
*
*	Time Units = 1e-09 secs 
*
*       report_power -outfile backend/layout/reports/clusterization_v2_worst_100_0_v2_0/power.rpt
*
-----------------------------------------------------------------------------------------


Total Power 
-----------------------------------------------------------------------------------------
Total Internal Power:        9.55165672 	   89.6656%
Total Switching Power:       1.09875559 	   10.3145%
Total Leakage Power:         0.00212581 	    0.0200%
Total Power:                10.65253812 
-----------------------------------------------------------------------------------------


Group                           Internal   Switching     Leakage       Total  Percentage 
                                Power      Power         Power         Power  (%)        
-----------------------------------------------------------------------------------------
Sequential                         1.765     0.08851   0.0007894       1.854        17.4 
Macro                              7.086    0.004683           0        7.09       66.56 
IO                                     0           0           0           0           0 
Combinational                      0.618      0.7314    0.001308       1.351       12.68 
Clock (Combinational)            0.08345      0.2742   2.799e-05      0.3577       3.357 
Clock (Sequential)                     0           0           0           0           0 
-----------------------------------------------------------------------------------------
Total                              9.552       1.099    0.002126       10.65         100 
-----------------------------------------------------------------------------------------


Rail                  Voltage   Internal   Switching     Leakage       Total  Percentage 
                                Power      Power         Power         Power  (%)        
-----------------------------------------------------------------------------------------
VDD                       0.9      9.552       1.099    0.002126       10.65         100 


Clock                           Internal   Switching     Leakage       Total  Percentage 
                                Power      Power         Power         Power  (%)        
-----------------------------------------------------------------------------------------
clk                              0.08345      0.2742   2.799e-05      0.3577       3.357 
-----------------------------------------------------------------------------------------
Total (excluding duplicates)     0.08345      0.2742   2.799e-05      0.3577       3.357 
-----------------------------------------------------------------------------------------
Clock: clk
Clock Period: 0.010000 usec 
Clock Toggle Rate:   200.0000 Mhz 
Clock Static Probability:  0.5000



-----------------------------------------------------------------------------------------
*	Power Distribution Summary: 
*                Highest Average Power:          upd_memory/u_ram (RAM_4096X32):            2.353 
*                Highest Leakage Power:           FE_OFC2242_done (CLKBUFX20):         6.25e-07 
*          Total Cap:      9.67364e-11 F
*          Total instances in design: 32465
*          Total instances in design with no power:     0
*          Total instances in design with no activity:     0
*          Total Fillers and Decap:     0
-----------------------------------------------------------------------------------------

