###############################################################
#  Generated by:      Cadence Innovus 25.10-p002_1
#  OS:                Linux x86_64(Host ID gmicro02)
#  Generated on:      Wed Sep  9 15:40:55 2026
#  Design:            clusterization_v2
#  Command:           report_timing > ${OUT_RPT}/setup_timing.rpt 
###############################################################
Path 1: MET (1.159 ns) Setup Check with Pin memory_cluster/valid_cluster_reg/CK->D
               View: analysis_normal_slow_max
              Group: clk
         Startpoint: (R) cluster_assign/current_state_reg[3]/CK
              Clock: (R) clk
           Endpoint: (F) memory_cluster/valid_cluster_reg/D
              Clock: (R) clk

                       Capture       Launch
         Clock Edge:+   10.000        0.000
        Src Latency:+    0.000       -0.203
        Net Latency:+    0.305 (P)    0.309 (P)
            Arrival:=   10.305        0.106

              Setup:-    0.063
        Uncertainty:-    0.050
      Required Time:=   10.193
       Launch Clock:=    0.106
          Data Path:+    8.928
              Slack:=    1.159

#-----------------------------------------------------------------------------------------------------------
# Timing Point                                 Flags  Arc    Edge  Cell       Fanout  Trans   Delay  Arrival  
#                                                                                      (ns)    (ns)     (ns)  
#-----------------------------------------------------------------------------------------------------------
  cluster_assign/current_state_reg[3]/CK       -      CK     R     (arrival)     100  0.113       -    0.106  
  cluster_assign/current_state_reg[3]/Q        -      CK->Q  R     DFFRHQX1        3  0.113   0.324    0.429  
  cluster_assign/FE_PHC3350_current_state_3/Y  -      A->Y   R     DLY4X1          2  0.076   0.650    1.079  
  cluster_assign/g4029__2398/Y                 -      A->Y   R     OR2X1           3  0.046   0.144    1.224  
  cluster_assign/FE_PHC3463_n_247/Y            -      A->Y   R     DLY4X1          2  0.112   0.690    1.914  
  cluster_assign/g4008__5122/Y                 -      A->Y   R     OR2X1           6  0.092   0.163    2.076  
  cluster_assign/g4002__6783/Y                 -      B->Y   F     NAND2X1         1  0.107   0.211    2.287  
  cluster_assign/FE_PHC3778_n_233/Y            -      A->Y   F     DLY2X1          1  0.208   0.413    2.701  
  cluster_assign/FE_PHC3720_n_233/Y            -      A->Y   F     DLY3X1          1  0.062   0.550    3.251  
  cluster_assign/g3992__7410/Y                 -      B->Y   F     OR2X2           1  0.127   0.185    3.436  
  cluster_assign/FE_PHC3481_n_236/Y            -      A->Y   F     CLKBUFX2       13  0.041   0.165    3.601  
  cluster_assign/g3976__8246/Y                 -      S0->Y  F     MX2XL           1  0.175   0.310    3.911  
  FE_PHC3764_port_cluster_b1_addr_5/Y          -      A->Y   F     DLY1X1          1  0.263   0.256    4.167  
  FE_PHC4111_port_cluster_b1_addr_5/Y          -      A->Y   F     CLKBUFX2        1  0.040   0.084    4.251  
  FE_PHC3497_port_cluster_b1_addr_5/Y          -      A->Y   F     DLY4X1          1  0.024   0.668    4.919  
  FE_PHC3644_port_cluster_b1_addr_5/Y          -      A->Y   F     DLY4X1          2  0.103   0.791    5.710  
  g3556/Y                                      -      B->Y   F     MX2X1           5  0.211   0.340    6.050  
  memory_cluster/g213642/Y                     -      AN->Y  F     NOR2BX1         3  0.244   0.189    6.239  
  memory_cluster/g213631/Y                     -      B->Y   F     AND2X4          7  0.109   0.184    6.423  
  memory_cluster/FE_OFC1346_n_151/Y            -      A->Y   F     BUFX12         32  0.135   0.209    6.632  
  memory_cluster/FE_OFC3379_n_151/Y            -      A->Y   F     BUFX3           9  0.173   0.222    6.854  
  memory_cluster/FE_OFC2608_n_151/Y            -      A->Y   F     BUFX2           6  0.165   0.237    7.091  
  memory_cluster/g200837/Y                     -      B0->Y  R     AOI22X1         1  0.186   0.151    7.242  
  memory_cluster/g200560/Y                     -      A->Y   R     AND2X1          1  0.080   0.162    7.404  
  memory_cluster/g213743/Y                     -      C->Y   F     NAND3X1         1  0.054   0.141    7.546  
  memory_cluster/FE_OFC1525_n_8312/Y           -      A->Y   F     BUFX2           1  0.178   0.185    7.731  
  memory_cluster/g200416/Y                     -      A1->Y  R     AOI22X1         1  0.094   0.152    7.882  
  memory_cluster/FE_OFC1601_n_8185/Y           -      A->Y   R     BUFX2           1  0.136   0.148    8.031  
  memory_cluster/g200397/Y                     -      B->Y   R     AND2X1          1  0.037   0.137    8.168  
  memory_cluster/g213725/Y                     -      C->Y   F     NAND3X1         1  0.028   0.102    8.270  
  memory_cluster/FE_OFC1631_n_8294/Y           -      A->Y   F     BUFX2           1  0.132   0.155    8.425  
  memory_cluster/g200373/Y                     -      B1->Y  R     AOI22X1         1  0.078   0.095    8.520  
  memory_cluster/g200368/Y                     -      A->Y   R     AND2X1          1  0.090   0.184    8.704  
  memory_cluster/g213720/Y                     -      C->Y   F     NAND3X1         1  0.081   0.118    8.823  
  memory_cluster/FE_OFC1639_n_8289/Y           -      A->Y   F     BUFX2           1  0.114   0.211    9.034  
  memory_cluster/valid_cluster_reg/D           -      D      F     DFFRHQX1        1  0.153   0.000    9.034  
#-----------------------------------------------------------------------------------------------------------

