
Power Net Detected:
        Voltage	    Name
             0V	    VSS
          1.32V	    VDD
             0V	    VSS
          1.32V	    VDD
Using Power View: analysis_normal_fast_min.
AAE_INFO: opIsDesignInPostRouteState() is 1
AAE_INFO: resetNetProps viewIdx 1 
Starting SI iteration 1 using Infinite Timing Windows
#################################################################################
# Design Stage: PostRoute
# Design Name: clusterization_v2
# Design Mode: 45nm
# Analysis Mode: MMMC OCV 
# Parasitics Mode: No SPEF/RCDB 
# Signoff Settings: SI On 
#################################################################################
**WARN: (IMPEXT-3518):	The lower process node is set (using command 'set_design_mode') but the technology file for TQuantus extraction not specified. Therefore, going for post_route (extract_rc_effort_level low) extraction instead of recommended extractor 'TQuantus' for lower nodes. Use command 'set_analysis_view/update_rc_corner' to specify the technology file for TQuantus extraction to take place.
Extraction called for design 'clusterization_v2' of instances=62979 and nets=35315 using extraction engine 'post_route' at effort level 'low' .
post_route (extract_rc_effort_level low) RC Extraction called for design clusterization_v2.
RC Extraction called in multi-corner(2) mode.
Process corner(s) are loaded.
 Corner: rc_worst
 Corner: rc_best
extractDetailRC Option : -outfile /home/epiphane/projets/clusterization/backend/layout/work/innovus_temp_2744790_7ecbfea9-bf5e-4c8e-a3ed-d0fa353772d3_gmicro02_epiphane_63IpAg/clusterization_v2_2744790_7ecbfea9-bf5e-4c8e-a3ed-d0fa353772d3_8L3d6V.rcdb.d  -basic
RC Mode: PostRoute extract_rc_effort_level low [Basic CapTable, RC Table Resistances]
      RC Corner Indexes            0       1   
Capacitance Scaling Factor   : 1.00000 1.00000 
Coupling Cap. Scaling Factor : 1.00000 1.00000 
Resistance Scaling Factor    : 1.00000 1.00000 
Clock Cap. Scaling Factor    : 1.00000 1.00000 
Clock Res. Scaling Factor    : 1.00000 1.00000 
Shrink Factor                : 1.00000
Initializing multi-corner resistance tables ...
Checking LVS Completed (CPU Time= 0:00:00.1  MEM= 2755.6M)
Extracted 10.0003% (CPU Time= 0:00:01.0  MEM= 2760.7M)
Extracted 20.0004% (CPU Time= 0:00:01.1  MEM= 2760.7M)
Extracted 30.0003% (CPU Time= 0:00:01.3  MEM= 2760.7M)
Extracted 40.0004% (CPU Time= 0:00:01.5  MEM= 2760.7M)
Extracted 50.0005% (CPU Time= 0:00:01.8  MEM= 2760.7M)
Extracted 60.0003% (CPU Time= 0:00:02.3  MEM= 2761.0M)
Extracted 70.0004% (CPU Time= 0:00:03.0  MEM= 2761.0M)
Extracted 80.0003% (CPU Time= 0:00:03.1  MEM= 2761.0M)
Extracted 90.0004% (CPU Time= 0:00:03.3  MEM= 2761.0M)
Extracted 100% (CPU Time= 0:00:04.0  MEM= 2761.8M)
Number of Extracted Resistors     : 740490
Number of Extracted Ground Cap.   : 731495
Number of Extracted Coupling Cap. : 1398180
Filtering XCap in 'relativeAndCoupling' mode using values coupling_c_threshold=0.1fF, relative_c_threshold=1, and total_c_threshold=0fF.
 Corner: rc_worst
 Corner: rc_best
Checking LVS Completed (CPU Time= 0:00:00.1  MEM= 2760.0M)
PostRoute (extract_rc_effort_level low) RC Extraction DONE (CPU Time: 0:00:05.2  Real Time: 0:00:05.0  MEM: 2769.289M)
AAE_INFO: 1 threads acquired from CTE.
Start delay calculation (fullDC) (1 T). (MEM=2790.41)
*** Calculating scaling factor for fast libraries using the default operating condition of each library.
Initializing multi-corner resistance tables ...
Total number of fetched objects 34451
AAE_INFO: Total number of nets for which stage creation was skipped for all views 0
AAE_INFO-618: Total number of nets in the design is 35315,  97.9 percent of the nets selected for SI analysis
End delay calculation. (MEM=2882.82 CPU=0:00:10.7 REAL=0:00:11.0)
End delay calculation (fullDC). (MEM=2865.49 CPU=0:00:12.1 REAL=0:00:12.0)
Save waveform /home/epiphane/projets/clusterization/backend/layout/work/innovus_temp_2744790_7ecbfea9-bf5e-4c8e-a3ed-d0fa353772d3_gmicro02_epiphane_63IpAg/.AAE_rlqJ4k/.AAE_2744790_7ecbfea9-bf5e-4c8e-a3ed-d0fa353772d3/waveform.data...
Loading CTE timing window with TwFlowType 0...(CPU = 0:00:00.0, REAL = 0:00:00.0, MEM = 2876.7M)
Add other clocks and setupCteToAAEClockMapping during iter 1
Loading CTE timing window is completed (CPU = 0:00:00.4, REAL = 0:00:00.0, MEM = 2877.0M)
Starting SI iteration 2
Start delay calculation (fullDC) (1 T). (MEM=2824.9)
Glitch Analysis: View analysis_normal_fast_min -- Total Number of Nets Skipped = 224. 
Glitch Analysis: View analysis_normal_fast_min -- Total Number of Nets Analyzed = 34451. 
Total number of fetched objects 34451
AAE_INFO: Total number of nets for which stage creation was skipped for all views 0
AAE_INFO-618: Total number of nets in the design is 35315,  17.0 percent of the nets selected for SI analysis
End delay calculation. (MEM=2829.39 CPU=0:00:02.0 REAL=0:00:02.0)
End delay calculation (fullDC). (MEM=2829.39 CPU=0:00:02.1 REAL=0:00:02.0)
Load RC corner of view analysis_normal_fast_min

Begin Power Analysis

             0V	    VSS
          1.32V	    VDD

Begin Processing Timing Library for Power Calculation

Ended Processing Timing Library for Power Calculation: (cpu=0:00:00, real=0:00:00, mem(process/total/peak)=2813.53MB/9786.26MB/2882.37MB)



Begin Processing Power Net/Grid for Power Calculation

Ended Processing Power Net/Grid for Power Calculation: (cpu=0:00:00, real=0:00:00, mem(process/total/peak)=2813.53MB/9786.26MB/2882.37MB)

Begin Processing Timing Window Data for Power Calculation

clk(100MHz) CK: assigning clock clk to net clk
Ended Processing Timing Window Data for Power Calculation: (cpu=0:00:00, real=0:00:00, mem(process/total/peak)=2827.32MB/9786.26MB/2882.37MB)

Begin Processing User Attributes

Ended Processing User Attributes: (cpu=0:00:00, real=0:00:00, mem(process/total/peak)=2829.12MB/9786.26MB/2882.37MB)

Begin Processing Signal Activity


Starting Levelizing
2026-Sep-10 15:00:57 (2026-Sep-10 18:00:57 GMT)
2026-Sep-10 15:00:57 (2026-Sep-10 18:00:57 GMT): 10%
2026-Sep-10 15:00:57 (2026-Sep-10 18:00:57 GMT): 20%
2026-Sep-10 15:00:57 (2026-Sep-10 18:00:57 GMT): 30%
2026-Sep-10 15:00:57 (2026-Sep-10 18:00:57 GMT): 40%
2026-Sep-10 15:00:57 (2026-Sep-10 18:00:57 GMT): 50%
2026-Sep-10 15:00:57 (2026-Sep-10 18:00:57 GMT): 60%
2026-Sep-10 15:00:57 (2026-Sep-10 18:00:57 GMT): 70%
2026-Sep-10 15:00:57 (2026-Sep-10 18:00:57 GMT): 80%
2026-Sep-10 15:00:57 (2026-Sep-10 18:00:57 GMT): 90%

Finished Levelizing
2026-Sep-10 15:00:57 (2026-Sep-10 18:00:57 GMT)

Starting Activity Propagation
2026-Sep-10 15:00:57 (2026-Sep-10 18:00:57 GMT)
** INFO:  (VOLTUS_POWR-1356): No default input activity has been set. Defaulting to 0.2.
Use 'set_default_switching_activity -input_activity' command to change the default activity value.


Finished Activity Propagation
2026-Sep-10 15:00:58 (2026-Sep-10 18:00:58 GMT)

Activity annotation summary:
        Primary Inputs : 62/62 = 100%
          Flop outputs : 5905/5905 = 100%
  Memory/Macro outputs : 128/128 = 100%
      Tristate outputs : 0/0 = 0%
            Total Nets : 33887/34451 = 98.3629%

Ended Processing Signal Activity: (cpu=0:00:01, real=0:00:01, mem(process/total/peak)=2831.55MB/9786.26MB/2882.37MB)

Begin Power Computation

      ----------------------------------------------------------
      # of cell(s) missing both power/leakage table: 0
      # of cell(s) missing power table: 0
      # of cell(s) missing leakage table: 1
      ----------------------------------------------------------
CellName                                  Missing Table(s)
RAM_4096X32                               leakage power, 



Starting Calculating power
2026-Sep-10 15:00:58 (2026-Sep-10 18:00:58 GMT)
 ... Calculating switching power
2026-Sep-10 15:00:58 (2026-Sep-10 18:00:58 GMT): 10%
2026-Sep-10 15:00:58 (2026-Sep-10 18:00:58 GMT): 20%
2026-Sep-10 15:00:58 (2026-Sep-10 18:00:58 GMT): 30%
2026-Sep-10 15:00:59 (2026-Sep-10 18:00:59 GMT): 40%
2026-Sep-10 15:00:59 (2026-Sep-10 18:00:59 GMT): 50%
 ... Calculating internal and leakage power
2026-Sep-10 15:00:59 (2026-Sep-10 18:00:59 GMT): 60%
2026-Sep-10 15:01:00 (2026-Sep-10 18:01:00 GMT): 70%
2026-Sep-10 15:01:00 (2026-Sep-10 18:01:00 GMT): 80%
2026-Sep-10 15:01:01 (2026-Sep-10 18:01:01 GMT): 90%

Finished Calculating power
2026-Sep-10 15:01:01 (2026-Sep-10 18:01:01 GMT)
      # of MSMV cell(s) missing power_level: 0
Ended Power Computation: (cpu=0:00:02, real=0:00:02, mem(process/total/peak)=2832.32MB/9786.26MB/2882.37MB)

Begin Processing User Attributes

Begin Processing set_power
Ended Processing set_power: (cpu=0:00:00, real=0:00:00,
mem(process/total/peak)=2832.32MB/9786.26MB/2882.37MB)
Ended Processing User Attributes: (cpu=0:00:00, real=0:00:00, mem(process/total/peak)=2832.32MB/9786.26MB/2882.37MB)

Ended Power Analysis: (cpu=0:00:05, real=0:00:05, mem(process/total/peak)=2832.32MB/9786.26MB/2882.37MB)

Begin Boundary Leakage Calculation
Ended Boundary Leakage Calculation: (cpu=0:00:00, real=0:00:00,
mem(process/total/peak)=2832.54MB/9786.26MB/2882.37MB)
Begin Static Power Report Generation
*----------------------------------------------------------------------------------------
*	Innovus 25.10-p002_1 (64bit) 04/23/2025 12:43 (Linux 4.18.0-305.el8.x86_64)
*	
*
* 	Date & Time:	2026-Sep-10 15:01:01 (2026-Sep-10 18:01:01 GMT)
*
*----------------------------------------------------------------------------------------
*
*	Design: clusterization_v2
*
*	Liberty Libraries used:
*	        analysis_normal_fast_min: /home/epiphane/projets/clusterization/backend/layout/deliverables/clusterization_v2_worst_100_0/final.enc/libs/mmmc/fast_vdd1v2_basicCells.lib
*	        analysis_normal_fast_min: /home/epiphane/projets/clusterization/backend/layout/deliverables/clusterization_v2_worst_100_0/final.enc/libs/mmmc/RAM_4096x32.lib
*	        analysis_normal_fast_min: /home/epiphane/projets/clusterization/backend/layout/deliverables/clusterization_v2_worst_100_0/final.enc/libs/mmmc/RAM2P_1024x32.lib
*
*	Parasitic Files used:
*
*       Power View : analysis_normal_fast_min
*
*       User-Defined Activity : N.A.
*
*	Switching Activity File used:
*	        /home/epiphane/projets/clusterization/frontend/VCDs/clusterization_v2_worst_100_801490580000.vcd
*                  Vcd Window used(Start Time, Stop Time):  
*                Vcd Scale Factor: 1
*
*       Hierarchical Global Activity: N.A.
*
*       Global Activity: N.A.
*
*       Sequential Element Activity: 0.200000
*
*       Primary Input Activity: 0.200000
*
*       Default icg ratio: N.A.
*
*       Global Comb ClockGate Ratio: N.A.
*
*	Power Units = 1uW
*
*	Time Units = 1e-09 secs
*
*       report_power -view analysis_normal_fast_min
*
-----------------------------------------------------------------------------------------
*



Total Power
-----------------------------------------------------------------------------------------
Total Internal Power:     6245.05723126 	   86.6660%
Total Switching Power:     948.31231637 	   13.1602%
Total Leakage Power:        12.51930561 	    0.1737%
Total Power:              7205.88885323
-----------------------------------------------------------------------------------------


Group                           Internal   Switching     Leakage       Total  Percentage 
                                Power      Power         Power         Power  (%)        
-----------------------------------------------------------------------------------------
Sequential                          3568       12.98       4.806        3585       49.76
Macro                               2302      0.8245           0        2303       31.96
IO                                     0           0           0           0           0
Combinational                      184.9       303.4       7.612         496       6.883
Clock (Combinational)              190.6       631.1      0.1013       821.8        11.4
Clock (Sequential)                     0           0           0           0           0
-----------------------------------------------------------------------------------------
Total                               6245       948.3       12.52        7206         100
-----------------------------------------------------------------------------------------


Rail                  Voltage   Internal   Switching     Leakage       Total  Percentage 
                                Power      Power         Power         Power  (%)        
-----------------------------------------------------------------------------------------
VDD                      1.32       6245       948.3       12.52        7206         100


Clock                           Internal   Switching     Leakage       Total  Percentage 
                                Power      Power         Power         Power  (%)        
-----------------------------------------------------------------------------------------
clk                                190.6       631.1      0.1013       821.8        11.4
-----------------------------------------------------------------------------------------
Total                              190.6       631.1      0.1013       821.8        11.4
-----------------------------------------------------------------------------------------
Clock: clk
Clock Period: 0.010000 usec 
Clock Toggle Rate:   200.0000 Mhz 
Clock Static Probability:  0.5000
  
 
 
-----------------------------------------------------------------------------------------
*	Power Distribution Summary: 
*              Highest Average Power:     coord_memory_b1/u_ram (RAM_4096X32):             1138
*              Highest Leakage Power:       CTS_ccl_a_buf_00056 (CLKBUFX20):          0.00221
*                Total Cap:      9.88394e-11 F
*                Total instances in design: 32465
*                Total instances in design with no power:     0
*                Total instances in design with no activty:     0

*                Total Fillers and Decap:     0
-----------------------------------------------------------------------------------------
 
** INFO:  (VOLTUS_POWR-3465): There are 0 decaps and 0 fillers in the design

Ended Static Power Report Generation: (cpu=0:00:00, real=0:00:00,
mem(process/total/peak)=2841.74MB/9786.26MB/2882.37MB)

