============================================================
  Generated by:           Genus(TM) Synthesis Solution 21.18-s082_1
  Generated on:           Aug 25 2026  02:11:44 pm
  Module:                 clusterization
  Library domain:         worst
    Domain index:         0
    Technology libraries: slow_vdd1v0 1.0
                          RAM_4096X32 1.1
                          RAM2P_1024X32 1.1
  Library domain:         best
    Domain index:         1
    Technology libraries: fast_vdd1v2 1.0
                          RAM_4096X32 1.1
                          RAM2P_1024X32 1.1
  Operating conditions:   PVT_0P9V_125C 
  Operating conditions:   PVT_1P32V_0C 
  Interconnect mode:      global
  Area mode:              physical library
============================================================

       Instance                             Module                        Cell Count  Normalized Cell Area  Normalized Net Area   Normalized Total Area 
--------------------------------------------------------------------------------------------------------------------------------------------------------
clusterization                                                                 20877           1900105.891            26346.442             1926452.334 
  bloc_exp            dist_mat_arg_exp_NB_POINTS1250_COORD_W16_ADDR_W11_        2437              8620.667             2823.003               11443.669 
  bloc_grad           norm_entropy_grad_NB_POINTS1250_COORD_W16_ADDR_W11        3280             10540.667             4031.654               14572.321 
  dut_cluster_assign  cluster_assign_NB_POINTS1250_COORD_W16_ADDR_W11_TO        1300              4411.667             1575.487                5987.154 
  dut_compute         act_coord_NB_POINTS1250_COORD_W16_ADDR_W11_ACT_W16         175               634.000              159.753                 793.753 
  exp_LUT             exp_LUT                                                   4524              7997.000             5830.395               13827.395 
  inv_LUT             inv_LUT                                                   2336              4057.667             2959.693                7017.360 
  mem_cluster         memory_cluster_ADDR_W11                                   6321            366244.464             7603.258              373847.723 
  memory_P_ij         memory_single_port_ADDR_W11_DATA_W16_2374                   64            231676.184               70.096              231746.279 
  memory_P_ij_A       memory_single_port_ADDR_W11_DATA_W16                        62            231671.517               68.299              231739.816 
  memory_P_ij_arbiter ping_pong_arbiter_ADDR_W11_P_IJ_W16_ADDR_P_IJ_W11          105               246.000               53.035                 299.035 
  memory_act          memory_dual_port_ADDR_W11_DATA_W16_3266                      2            344438.464                0.722              344439.187 
  memory_coord_b1     memory_dual_port_ADDR_W11_DATA_W16                          34            344492.464               23.841              344516.305 
  memory_coord_b2     memory_dual_port_ADDR_W11_DATA_W16_3267                      2            344438.464                0.722              344439.187 
