============================================================
  Generated by:           Genus(TM) Synthesis Solution 21.18-s082_1
  Generated on:           Aug 25 2026  02:11:45 pm
  Module:                 clusterization
  Operating conditions:   PVT_0P9V_125C 
  Operating conditions:   PVT_1P32V_0C 
  Interconnect mode:      global
  Area mode:              physical library
============================================================

                                                       Library 
     Gate      Instances     Area          Library      Domain 
---------------------------------------------------------------
ADDFHX2                2       16.416    slow_vdd1v0     worst 
ADDFHXL                1        7.524    slow_vdd1v0     worst 
ADDFX1              1025     5258.250    slow_vdd1v0     worst 
ADDHX1               230      865.260    slow_vdd1v0     worst 
ADDHX2                 2       10.260    slow_vdd1v0     worst 
AND2X1              1554     2125.872    slow_vdd1v0     worst 
AND2X2               140      239.400    slow_vdd1v0     worst 
AND2X4               181      495.216    slow_vdd1v0     worst 
AND2X6                 8       30.096    slow_vdd1v0     worst 
AND2X8                 9       40.014    slow_vdd1v0     worst 
AND3X1                 1        2.394    slow_vdd1v0     worst 
AND3X2                 1        2.736    slow_vdd1v0     worst 
AND3X4                 3        9.234    slow_vdd1v0     worst 
AND3X6                 1        4.446    slow_vdd1v0     worst 
AND3XL                45       92.340    slow_vdd1v0     worst 
AND4X1                68      162.792    slow_vdd1v0     worst 
AO21X1              2173     5202.162    slow_vdd1v0     worst 
AO21X2                 3        8.208    slow_vdd1v0     worst 
AO21X4                 1        3.420    slow_vdd1v0     worst 
AO22X1               656     1794.816    slow_vdd1v0     worst 
AO22X4                 4       15.048    slow_vdd1v0     worst 
AOI211X1              35       83.790    slow_vdd1v0     worst 
AOI211X2              58      198.360    slow_vdd1v0     worst 
AOI21X1             1188     2031.480    slow_vdd1v0     worst 
AOI21X2               16       43.776    slow_vdd1v0     worst 
AOI21X4                4       20.520    slow_vdd1v0     worst 
AOI221X2             132      586.872    slow_vdd1v0     worst 
AOI22X1              732     1502.064    slow_vdd1v0     worst 
AOI22X2                3       11.286    slow_vdd1v0     worst 
AOI2BB1X1            127      260.604    slow_vdd1v0     worst 
AOI2BB1X2             15       46.170    slow_vdd1v0     worst 
AOI2BB2X1              1        3.420    slow_vdd1v0     worst 
AOI31X2               36      123.120    slow_vdd1v0     worst 
AOI32X2               12       53.352    slow_vdd1v0     worst 
AOI33X4                1        9.234    slow_vdd1v0     worst 
BUFX2                 42       71.820    slow_vdd1v0     worst 
BUFX20                 1        8.208    slow_vdd1v0     worst 
BUFX3                 25       51.300    slow_vdd1v0     worst 
BUFX4                  1        2.394    slow_vdd1v0     worst 
BUFX6                 28       86.184    slow_vdd1v0     worst 
BUFX8                  5       18.810    slow_vdd1v0     worst 
CLKAND2X12            21      158.004    slow_vdd1v0     worst 
CLKAND2X2              5       10.260    slow_vdd1v0     worst 
CLKAND2X3              3        9.234    slow_vdd1v0     worst 
CLKAND2X6              2        9.576    slow_vdd1v0     worst 
CLKBUFX6              16       49.248    slow_vdd1v0     worst 
CLKINVX12             23       94.392    slow_vdd1v0     worst 
CLKINVX16             12       65.664    slow_vdd1v0     worst 
CLKINVX20             14       90.972    slow_vdd1v0     worst 
CLKINVX4              34       58.140    slow_vdd1v0     worst 
CLKINVX6              15       35.910    slow_vdd1v0     worst 
CLKINVX8              13       40.014    slow_vdd1v0     worst 
CLKMX2X2              20       61.560    slow_vdd1v0     worst 
CLKMX2X4               1        4.104    slow_vdd1v0     worst 
CLKMX2X6               1        4.446    slow_vdd1v0     worst 
CLKXOR2X1             64      175.104    slow_vdd1v0     worst 
DFFHQX1               88      481.536    slow_vdd1v0     worst 
DFFHQX8                4       36.936    slow_vdd1v0     worst 
DFFQX2                 8       51.984    slow_vdd1v0     worst 
DFFQX4                 4       28.728    slow_vdd1v0     worst 
DFFRHQX1            2422    14909.832    slow_vdd1v0     worst 
DFFRHQX4               5       47.880    slow_vdd1v0     worst 
DFFRX1                50      342.000    slow_vdd1v0     worst 
DFFRX2                22      165.528    slow_vdd1v0     worst 
DFFRX4                 1        9.576    slow_vdd1v0     worst 
DFFSHQX1              17      110.466    slow_vdd1v0     worst 
DFFSHQX8               1       10.602    slow_vdd1v0     worst 
EDFFHQX1             631     5395.050    slow_vdd1v0     worst 
EDFFHQX2              12      106.704    slow_vdd1v0     worst 
EDFFHQX4              24      254.448    slow_vdd1v0     worst 
EDFFHQX8               9      104.652    slow_vdd1v0     worst 
EDFFX2                49      452.466    slow_vdd1v0     worst 
EDFFX4                22      240.768    slow_vdd1v0     worst 
INVX1                816      558.144    slow_vdd1v0     worst 
INVX12                 2        8.208    slow_vdd1v0     worst 
INVX2                191      195.966    slow_vdd1v0     worst 
INVX20                 4       25.992    slow_vdd1v0     worst 
INVX3                 68       93.024    slow_vdd1v0     worst 
INVX4                  1        1.710    slow_vdd1v0     worst 
INVX6                 12       28.728    slow_vdd1v0     worst 
INVX8                  4       12.312    slow_vdd1v0     worst 
INVXL                  2        1.368    slow_vdd1v0     worst 
MDFFHQX1               5       42.750    slow_vdd1v0     worst 
MDFFHQX4              48      443.232    slow_vdd1v0     worst 
MX2X1                692     1656.648    slow_vdd1v0     worst 
MX2XL                  3        7.182    slow_vdd1v0     worst 
MX3XL                 22      105.336    slow_vdd1v0     worst 
MXI2X1                 9       24.624    slow_vdd1v0     worst 
MXI2X2                 1        4.446    slow_vdd1v0     worst 
MXI2X4                 1        5.130    slow_vdd1v0     worst 
MXI2X6                 3       15.390    slow_vdd1v0     worst 
NAND2BX1             129      176.472    slow_vdd1v0     worst 
NAND2BX2              40       95.760    slow_vdd1v0     worst 
NAND2BX4              15       56.430    slow_vdd1v0     worst 
NAND2X1              522      535.572    slow_vdd1v0     worst 
NAND2X2              226      386.460    slow_vdd1v0     worst 
NAND2X4                9       30.780    slow_vdd1v0     worst 
NAND2X6                1        4.788    slow_vdd1v0     worst 
NAND3BX2              13       40.014    slow_vdd1v0     worst 
NAND3X2               38      103.968    slow_vdd1v0     worst 
NAND3X4                1        4.788    slow_vdd1v0     worst 
NOR2BX1              169      231.192    slow_vdd1v0     worst 
NOR2BX2               21       57.456    slow_vdd1v0     worst 
NOR2BX4                9       33.858    slow_vdd1v0     worst 
NOR2X1               659      676.134    slow_vdd1v0     worst 
NOR2X2               136      232.560    slow_vdd1v0     worst 
NOR2X4                11       33.858    slow_vdd1v0     worst 
NOR2X6                 9       36.936    slow_vdd1v0     worst 
NOR3BX1                3        6.156    slow_vdd1v0     worst 
NOR3BX2                1        3.420    slow_vdd1v0     worst 
NOR3BX4                1        5.814    slow_vdd1v0     worst 
NOR3X1                20       34.200    slow_vdd1v0     worst 
NOR3X2                 8       21.888    slow_vdd1v0     worst 
NOR3X4                 2       10.260    slow_vdd1v0     worst 
NOR4BX2                2        9.576    slow_vdd1v0     worst 
NOR4X2                76      259.920    slow_vdd1v0     worst 
NOR4X4                 1        6.498    slow_vdd1v0     worst 
OA21X1               222      455.544    slow_vdd1v0     worst 
OA21X2                 3        9.234    slow_vdd1v0     worst 
OA22X1               461     1103.634    slow_vdd1v0     worst 
OA22X2                 1        3.420    slow_vdd1v0     worst 
OAI21X1              421      719.910    slow_vdd1v0     worst 
OAI21X2               26       80.028    slow_vdd1v0     worst 
OAI21X4                6       28.728    slow_vdd1v0     worst 
OAI221X2               5       23.940    slow_vdd1v0     worst 
OAI22X1              577     1184.004    slow_vdd1v0     worst 
OAI22X2                4       13.680    slow_vdd1v0     worst 
OAI22X4                1        6.498    slow_vdd1v0     worst 
OAI2BB1X1            802     1371.420    slow_vdd1v0     worst 
OAI2BB1X2              7       21.546    slow_vdd1v0     worst 
OAI2BB1X4              1        4.446    slow_vdd1v0     worst 
OAI2BB2X1              1        4.104    slow_vdd1v0     worst 
OAI2BB2X2              3       16.416    slow_vdd1v0     worst 
OAI31X1               14       28.728    slow_vdd1v0     worst 
OAI31X2               50      188.100    slow_vdd1v0     worst 
OAI31X4                1        6.840    slow_vdd1v0     worst 
OAI32X2               19       84.474    slow_vdd1v0     worst 
OR2X1                768     1050.624    slow_vdd1v0     worst 
OR2X2                128      218.880    slow_vdd1v0     worst 
OR2X4                 85      232.560    slow_vdd1v0     worst 
OR2X6                 23       86.526    slow_vdd1v0     worst 
OR2X8                 17       75.582    slow_vdd1v0     worst 
OR3X1                138      283.176    slow_vdd1v0     worst 
OR3X4                  2        6.156    slow_vdd1v0     worst 
OR3X8                  1        5.472    slow_vdd1v0     worst 
OR4X1                250      513.000    slow_vdd1v0     worst 
RAM2P_1024X32          2   475015.121    RAM2P_1024X32   worst 
RAM_4096X32            4  1413572.722    RAM_4096X32     worst 
XNOR2X1              633     1515.402    slow_vdd1v0     worst 
XNOR2X2                7       21.546    slow_vdd1v0     worst 
XNOR2X4                4       15.048    slow_vdd1v0     worst 
XOR2X1                 1        2.736    slow_vdd1v0     worst 
---------------------------------------------------------------
total              20877  1949508.645                  


   Library    Instances     Area    Instances % 
------------------------------------------------
RAM2P_1024X32         2  475015.121         0.0 
RAM_4096X32           4 1413572.722         0.0 
slow_vdd1v0       20871   60920.802       100.0 

                                            
     Type      Instances     Area    Area % 
--------------------------------------------
timing_model           6 1888587.843   96.9 
sequential          3422   23235.138    1.2 
inverter            1211    1310.544    0.1 
buffer               118     287.964    0.0 
logic              16120   36087.156    1.9 
physical_cells         0       0.000    0.0 
--------------------------------------------
total              20877 1949508.645  100.0 

