============================================================
  Generated by:           Genus(TM) Synthesis Solution 21.18-s082_1
  Generated on:           Aug 18 2026  06:11:37 pm
  Module:                 clusterization
  Operating conditions:   PVT_0P9V_125C 
  Operating conditions:   PVT_1P32V_0C 
  Interconnect mode:      global
  Area mode:              physical library
============================================================

                                                  Library 
   Gate     Instances     Area         Library     Domain 
----------------------------------------------------------
ADDFX1           1486     7623.180    slow_vdd1v0   worst 
ADDHX1            304     1143.648    slow_vdd1v0   worst 
ADDHX2              2       10.260    slow_vdd1v0   worst 
AND2X1          51776    70829.568    slow_vdd1v0   worst 
AND2X2            208      355.680    slow_vdd1v0   worst 
AND2X4          15833    43319.088    slow_vdd1v0   worst 
AND2X6             88      331.056    slow_vdd1v0   worst 
AND2X8           3684    16379.064    slow_vdd1v0   worst 
AND3X1              2        4.788    slow_vdd1v0   worst 
AND3X2             12       32.832    slow_vdd1v0   worst 
AND3X4              1        3.078    slow_vdd1v0   worst 
AND3X8              4       20.520    slow_vdd1v0   worst 
AND3XL           1001     2054.052    slow_vdd1v0   worst 
AND4X1            683     1635.102    slow_vdd1v0   worst 
AND4X4              2        7.524    slow_vdd1v0   worst 
AND4X8             11       67.716    slow_vdd1v0   worst 
AO21X1            112      268.128    slow_vdd1v0   worst 
AO21X2             22       60.192    slow_vdd1v0   worst 
AO22X1           3856    10550.016    slow_vdd1v0   worst 
AO22X2             32       98.496    slow_vdd1v0   worst 
AO22X4             39      146.718    slow_vdd1v0   worst 
AOI211X1           14       33.516    slow_vdd1v0   worst 
AOI211X2           23       78.660    slow_vdd1v0   worst 
AOI21X1          3988     6819.480    slow_vdd1v0   worst 
AOI21X2            14       38.304    slow_vdd1v0   worst 
AOI221X2          527     2343.042    slow_vdd1v0   worst 
AOI222X2           22      120.384    slow_vdd1v0   worst 
AOI22X1        136116   279310.032    slow_vdd1v0   worst 
AOI22X2             5       18.810    slow_vdd1v0   worst 
AOI2BB1X1          56      114.912    slow_vdd1v0   worst 
AOI2BB1X2           1        3.078    slow_vdd1v0   worst 
AOI31X2            53      181.260    slow_vdd1v0   worst 
AOI32X2            38      168.948    slow_vdd1v0   worst 
AOI33X4             2       18.468    slow_vdd1v0   worst 
BUFX12             48      246.240    slow_vdd1v0   worst 
BUFX16              6       41.040    slow_vdd1v0   worst 
BUFX2              69      117.990    slow_vdd1v0   worst 
BUFX20              5       41.040    slow_vdd1v0   worst 
BUFX3              32       65.664    slow_vdd1v0   worst 
BUFX4            3104     7430.976    slow_vdd1v0   worst 
BUFX6              28       86.184    slow_vdd1v0   worst 
BUFX8               7       26.334    slow_vdd1v0   worst 
CLKAND2X12         65      489.060    slow_vdd1v0   worst 
CLKAND2X2          51      104.652    slow_vdd1v0   worst 
CLKAND2X3           3        9.234    slow_vdd1v0   worst 
CLKAND2X4           1        3.420    slow_vdd1v0   worst 
CLKAND2X8           2       11.628    slow_vdd1v0   worst 
CLKBUFX12          27      138.510    slow_vdd1v0   worst 
CLKBUFX20          22      180.576    slow_vdd1v0   worst 
CLKBUFX4           14       33.516    slow_vdd1v0   worst 
CLKBUFX6            2        6.156    slow_vdd1v0   worst 
CLKINVX1            1        1.026    slow_vdd1v0   worst 
CLKINVX12        1810     7428.240    slow_vdd1v0   worst 
CLKINVX16        2088    11425.536    slow_vdd1v0   worst 
CLKINVX2            4        5.472    slow_vdd1v0   worst 
CLKINVX20         245     1592.010    slow_vdd1v0   worst 
CLKINVX3            4        6.840    slow_vdd1v0   worst 
CLKINVX4          925     1581.750    slow_vdd1v0   worst 
CLKINVX6         3342     8000.748    slow_vdd1v0   worst 
CLKINVX8         5649    17387.622    slow_vdd1v0   worst 
CLKMX2X2           41      126.198    slow_vdd1v0   worst 
CLKMX2X4            1        4.104    slow_vdd1v0   worst 
CLKXOR2X1          14       38.304    slow_vdd1v0   worst 
DFFHQX1           199     1088.928    slow_vdd1v0   worst 
DFFHQX8             5       46.170    slow_vdd1v0   worst 
DFFQX2              9       58.482    slow_vdd1v0   worst 
DFFQX4              4       28.728    slow_vdd1v0   worst 
DFFQXL             15       82.080    slow_vdd1v0   worst 
DFFRHQX1         2392    14725.152    slow_vdd1v0   worst 
DFFRHQX4            1        9.576    slow_vdd1v0   worst 
DFFRHQX8            1       11.286    slow_vdd1v0   worst 
DFFRX1             38      259.920    slow_vdd1v0   worst 
DFFRX2             46      346.104    slow_vdd1v0   worst 
DFFRX4              1        9.576    slow_vdd1v0   worst 
DFFSHQX1           18      116.964    slow_vdd1v0   worst 
EDFFHQX1       285331  2439580.050    slow_vdd1v0   worst 
EDFFHQX2            4       35.568    slow_vdd1v0   worst 
EDFFHQX4           33      349.866    slow_vdd1v0   worst 
EDFFHQX8           11      127.908    slow_vdd1v0   worst 
EDFFX2             60      554.040    slow_vdd1v0   worst 
EDFFX4             31      339.264    slow_vdd1v0   worst 
INVX1             831      568.404    slow_vdd1v0   worst 
INVX12            397     1629.288    slow_vdd1v0   worst 
INVX2             753      772.578    slow_vdd1v0   worst 
INVX20              1        6.498    slow_vdd1v0   worst 
INVX3             520      711.360    slow_vdd1v0   worst 
INVX4               2        3.420    slow_vdd1v0   worst 
INVX6             409      979.146    slow_vdd1v0   worst 
INVX8               4       12.312    slow_vdd1v0   worst 
MDFFHQX1           14      119.700    slow_vdd1v0   worst 
MDFFHQX4           47      433.998    slow_vdd1v0   worst 
MDFFHQX8            1       11.286    slow_vdd1v0   worst 
MX2X1             391      936.054    slow_vdd1v0   worst 
MX3XL              22      105.336    slow_vdd1v0   worst 
MXI2X1             11       30.096    slow_vdd1v0   worst 
MXI2X6              1        5.130    slow_vdd1v0   worst 
NAND2BX1         1136     1554.048    slow_vdd1v0   worst 
NAND2BX2           67      160.398    slow_vdd1v0   worst 
NAND2BX4           11       41.382    slow_vdd1v0   worst 
NAND2X1         19926    20444.076    slow_vdd1v0   worst 
NAND2X2           132      225.720    slow_vdd1v0   worst 
NAND2X4             4       13.680    slow_vdd1v0   worst 
NAND3BX2         1537     4730.886    slow_vdd1v0   worst 
NAND3X2         14905    40780.080    slow_vdd1v0   worst 
NOR2BX1          2193     3000.024    slow_vdd1v0   worst 
NOR2BX2            38      103.968    slow_vdd1v0   worst 
NOR2BX4            12       45.144    slow_vdd1v0   worst 
NOR2X1            625      641.250    slow_vdd1v0   worst 
NOR2X2            118      201.780    slow_vdd1v0   worst 
NOR2X4             10       30.780    slow_vdd1v0   worst 
NOR2X6              4       16.416    slow_vdd1v0   worst 
NOR3BX1            19       38.988    slow_vdd1v0   worst 
NOR3BX2             4       13.680    slow_vdd1v0   worst 
NOR3X1            185      316.350    slow_vdd1v0   worst 
NOR3X2             21       57.456    slow_vdd1v0   worst 
NOR4BBX2           25      128.250    slow_vdd1v0   worst 
NOR4BX2             5       23.940    slow_vdd1v0   worst 
NOR4X2            529     1809.180    slow_vdd1v0   worst 
OA21X1            124      254.448    slow_vdd1v0   worst 
OA21X2              3        9.234    slow_vdd1v0   worst 
OA21X4              1        3.762    slow_vdd1v0   worst 
OA22X1            586     1402.884    slow_vdd1v0   worst 
OAI211X2            1        4.104    slow_vdd1v0   worst 
OAI21X1           263      449.730    slow_vdd1v0   worst 
OAI21X2            13       40.014    slow_vdd1v0   worst 
OAI221X2            1        4.788    slow_vdd1v0   worst 
OAI22X1           782     1604.664    slow_vdd1v0   worst 
OAI22X2             9       30.780    slow_vdd1v0   worst 
OAI2BB1X1        3187     5449.770    slow_vdd1v0   worst 
OAI2BB1X2           9       27.702    slow_vdd1v0   worst 
OAI2BB1X4           1        4.446    slow_vdd1v0   worst 
OAI2BB2X2           1        5.472    slow_vdd1v0   worst 
OAI31X1            29       59.508    slow_vdd1v0   worst 
OAI31X2            53      199.386    slow_vdd1v0   worst 
OAI32X2            11       48.906    slow_vdd1v0   worst 
OR2X1            8145    11142.360    slow_vdd1v0   worst 
OR2X2             170      290.700    slow_vdd1v0   worst 
OR2X4             298      815.328    slow_vdd1v0   worst 
OR2X6             155      583.110    slow_vdd1v0   worst 
OR2X8              69      306.774    slow_vdd1v0   worst 
OR3X1             210      430.920    slow_vdd1v0   worst 
OR3X2               3        7.182    slow_vdd1v0   worst 
OR3X4               3        9.234    slow_vdd1v0   worst 
OR4X1           10911    22389.372    slow_vdd1v0   worst 
OR4X2               1        3.420    slow_vdd1v0   worst 
XNOR2X1           556     1331.064    slow_vdd1v0   worst 
XNOR2X2             4       12.312    slow_vdd1v0   worst 
XNOR2X4            13       48.906    slow_vdd1v0   worst 
XOR2X1              2        5.472    slow_vdd1v0   worst 
XOR2X4              2        8.208    slow_vdd1v0   worst 
----------------------------------------------------------
total          596352  3086275.374                


                                            
     Type      Instances     Area    Area % 
--------------------------------------------
sequential        288261 2458334.646   79.7 
inverter           16985   52112.250    1.7 
buffer              3364    8414.226    0.3 
logic             287742  567414.252   18.4 
physical_cells         0       0.000    0.0 
--------------------------------------------
total             596352 3086275.374  100.0 

