============================================================
  Generated by:           Genus(TM) Synthesis Solution 21.18-s082_1
  Generated on:           Aug 18 2026  06:11:25 pm
  Module:                 clusterization
  Operating conditions:   PVT_0P9V_125C 
  Operating conditions:   PVT_1P32V_0C 
  Interconnect mode:      global
  Area mode:              physical library
============================================================


Path 1: MET (954 ps) Setup Check with Pin bloc_grad/entropy_reg[31]/CK->D
          Group: clk
     Startpoint: (R) bloc_grad/P_ij_norm_reg[6]/CK
          Clock: (R) clk
       Endpoint: (R) bloc_grad/entropy_reg[31]/D
          Clock: (R) clk

                     Capture       Launch     
        Clock Edge:+   12500            0     
       Src Latency:+       0            0     
       Net Latency:+     100 (I)      100 (I) 
           Arrival:=   12600          100     
                                              
             Setup:-     151                  
       Uncertainty:-      50                  
     Required Time:=   12399                  
      Launch Clock:-     100                  
         Data Path:-   11345                  
             Slack:=     954                  

#----------------------------------------------------------------------------------------------------------------------------
#                   Timing Point                    Flags    Arc   Edge   Cell      Fanout Load Trans Delay Arrival Instance 
#                                                                                          (fF)  (ps)  (ps)   (ps)  Location 
#----------------------------------------------------------------------------------------------------------------------------
  bloc_grad/P_ij_norm_reg[6]/CK                     -       -      R     (arrival)  288261    -     0     0     100    (-,-) 
  bloc_grad/P_ij_norm_reg[6]/Q                      -       CK->Q  R     EDFFHQX1        5 10.6   228   304     404    (-,-) 
  bloc_grad/csa_tree_add_443_39_pad_groupi_g4457/Y  -       A->Y   F     INVX3          13 25.0   252   242     646    (-,-) 
  bloc_grad/csa_tree_add_443_39_pad_groupi_g4356/Y  -       A->Y   R     NOR2X1          1  3.5   204   249     895    (-,-) 
  bloc_grad/csa_tree_add_443_39_pad_groupi_g4320/CO -       B->CO  R     ADDHX1          1  3.5    88   239    1134    (-,-) 
  bloc_grad/csa_tree_add_443_39_pad_groupi_g4284/CO -       CI->CO R     ADDFX1          1  3.7   102   247    1381    (-,-) 
  bloc_grad/csa_tree_add_443_39_pad_groupi_g4248/S  -       B->S   R     ADDFX1          1  3.5   101   334    1715    (-,-) 
  bloc_grad/csa_tree_add_443_39_pad_groupi_g4214/S  -       CI->S  F     ADDFX1          2  5.1   154   362    2076    (-,-) 
  bloc_grad/csa_tree_add_443_39_pad_groupi_g4210/Y  -       B->Y   R     NOR2X1          2  5.0   257   230    2306    (-,-) 
  bloc_grad/csa_tree_add_443_39_pad_groupi_g4205/Y  -       B->Y   F     NOR2X1          1  3.2   137   210    2516    (-,-) 
  bloc_grad/csa_tree_add_443_39_pad_groupi_g4204/Y  -       B0->Y  R     AOI21X1         1  3.1   180   181    2697    (-,-) 
  bloc_grad/csa_tree_add_443_39_pad_groupi_g4196/Y  -       A0->Y  R     OA22X1          1  3.7    97   312    3008    (-,-) 
  bloc_grad/csa_tree_add_443_39_pad_groupi_g4193/Y  -       C0->Y  F     OAI221X2        1  3.4   260   237    3245    (-,-) 
  bloc_grad/csa_tree_add_443_39_pad_groupi_g4192/CO -       CI->CO F     ADDFX1          1  3.4   112   313    3558    (-,-) 
  bloc_grad/csa_tree_add_443_39_pad_groupi_g4191/CO -       CI->CO F     ADDFX1          1  3.4   111   243    3801    (-,-) 
  bloc_grad/csa_tree_add_443_39_pad_groupi_g4190/CO -       CI->CO F     ADDFX1          1  3.4   111   242    4043    (-,-) 
  bloc_grad/csa_tree_add_443_39_pad_groupi_g4189/CO -       CI->CO F     ADDFX1          1  3.4   111   242    4286    (-,-) 
  bloc_grad/csa_tree_add_443_39_pad_groupi_g4188/CO -       CI->CO F     ADDFX1          1  3.4   111   242    4528    (-,-) 
  bloc_grad/csa_tree_add_443_39_pad_groupi_g4187/CO -       CI->CO F     ADDFX1          1  3.4   111   242    4771    (-,-) 
  bloc_grad/csa_tree_add_443_39_pad_groupi_g4186/CO -       CI->CO F     ADDFX1          1  3.4   111   242    5013    (-,-) 
  bloc_grad/csa_tree_add_443_39_pad_groupi_g4185/CO -       CI->CO F     ADDFX1          1  3.4   111   242    5256    (-,-) 
  bloc_grad/csa_tree_add_443_39_pad_groupi_g4184/CO -       CI->CO F     ADDFX1          1  3.4   111   242    5498    (-,-) 
  bloc_grad/csa_tree_add_443_39_pad_groupi_g4183/CO -       CI->CO F     ADDFX1          1  3.4   111   242    5741    (-,-) 
  bloc_grad/csa_tree_add_443_39_pad_groupi_g4182/CO -       CI->CO F     ADDFX1          1  3.4   111   242    5983    (-,-) 
  bloc_grad/csa_tree_add_443_39_pad_groupi_g4181/CO -       CI->CO F     ADDFX1          1  3.4   111   242    6226    (-,-) 
  bloc_grad/csa_tree_add_443_39_pad_groupi_g4180/CO -       CI->CO F     ADDFX1          1  3.4   111   242    6468    (-,-) 
  bloc_grad/csa_tree_add_443_39_pad_groupi_g4179/S  -       CI->S  F     ADDFX1          3  6.5   188   311    6779    (-,-) 
  bloc_grad/g14699/Y                                -       B->Y   R     NOR2X1          1  3.1   179   200    6979    (-,-) 
  bloc_grad/g13809/Y                                -       B->Y   R     AND2X1          1  3.5    88   241    7220    (-,-) 
  bloc_grad/g13800/CO                               -       B->CO  R     ADDHX1          2  5.6   131   209    7429    (-,-) 
  bloc_grad/g13797/Y                                -       B->Y   F     NAND2BX2        2  5.0   182   172    7602    (-,-) 
  bloc_grad/g13787/Y                                -       A->Y   F     AND2X1          2  5.1   140   199    7801    (-,-) 
  bloc_grad/g13778/Y                                -       B->Y   R     NOR2X1          2  5.4   273   232    8034    (-,-) 
  bloc_grad/g13764/CO                               -       B->CO  R     ADDHX1          1  3.5    89   272    8305    (-,-) 
  bloc_grad/g13759/CO                               -       B->CO  R     ADDHX1          2  5.6   131   209    8514    (-,-) 
  bloc_grad/g13758/Y                                -       B->Y   F     NAND2BX2        2  5.1   185   174    8688    (-,-) 
  bloc_grad/g13754/Y                                -       B->Y   R     NOR2X1          2  5.4   278   257    8945    (-,-) 
  bloc_grad/g13748/CO                               -       B->CO  R     ADDHX1          1  3.5    89   274    9219    (-,-) 
  bloc_grad/g13745/CO                               -       B->CO  R     ADDHX1          2  5.6   131   209    9428    (-,-) 
  bloc_grad/g13744/Y                                -       B->Y   F     NAND2BX2        2  5.1   185   174    9602    (-,-) 
  bloc_grad/g13740/Y                                -       B->Y   R     NOR2X1          2  5.4   278   257    9858    (-,-) 
  bloc_grad/g13734/CO                               -       B->CO  R     ADDHX1          1  3.5    89   274   10132    (-,-) 
  bloc_grad/g13731/CO                               -       B->CO  R     ADDHX1          2  5.6   131   209   10342    (-,-) 
  bloc_grad/g13730/Y                                -       B->Y   F     NAND2BX2        2  5.1   185   174   10515    (-,-) 
  bloc_grad/g13726/Y                                -       B->Y   R     NOR2X1          2  5.4   278   257   10772    (-,-) 
  bloc_grad/g13720/CO                               -       B->CO  R     ADDHX1          1  3.3    85   272   11044    (-,-) 
  bloc_grad/g13719/Y                                -       B->Y   R     XNOR2X1         1  3.1    82   180   11224    (-,-) 
  bloc_grad/g13716/Y                                -       B->Y   R     MX2X1           1  3.2    85   222   11445    (-,-) 
  bloc_grad/entropy_reg[31]/D                       <<<     -      R     DFFRHQX1        1    -     -     0   11445    (-,-) 
#----------------------------------------------------------------------------------------------------------------------------

