============================================================
  Generated by:           Genus(TM) Synthesis Solution 21.18-s082_1
  Generated on:           Aug 18 2026  06:11:19 pm
  Module:                 clusterization
  Library domain:         worst
    Domain index:         0
    Technology library:   slow_vdd1v0 1.0
  Library domain:         best
    Domain index:         1
    Technology library:   fast_vdd1v2 1.0
  Operating conditions:   PVT_0P9V_125C 
  Operating conditions:   PVT_1P32V_0C 
  Interconnect mode:      global
  Area mode:              physical library
============================================================

       Instance                              Module                        Cell Count   Cell Area   Net Area   Total Area 
--------------------------------------------------------------------------------------------------------------------------
clusterization                                                                 596352 3086275.374 770576.264  3856851.638 
  memory_act           memory_dual_port_ADDR_W11_DATA_W16                      126673  694056.852 166362.089   860418.941 
  memory_coord_b1      memory_dual_port_ADDR_W11_DATA_W16_2                    133695  695615.346 171546.417   867161.763 
  memory_coord_b2      memory_dual_port_ADDR_W11_DATA_W16_1                    130550  691536.996 169204.779   860741.775 
  memory_P_ij_A        memory_single_port_ADDR_W11_DATA_W16_1                   67856  347084.856  87324.933   434409.789 
  memory_P_ij          memory_single_port_ADDR_W11_DATA_W16                     70412  352856.790  89219.515   442076.305 
  bloc_grad            norm_entropy_grad_NB_POINTS1250_COORD_W16_ADDR_W11        3668   13321.242   4948.408    18269.650 
  memory_P_ij_arbitrer ping_pong_arbitrer_COORD_W16_ADDR_W11                      128     347.814     70.018      417.832 
  dut_cluster_assign   cluster_assign_NB_POINTS1250_COORD_W16_ADDR_W11_TO        1096    4372.470   1394.955     5767.425 
  mem_cluster          memory_cluster_ADDR_W11                                  52951  264692.610  67377.753   332070.363 
  inv_LUT              inv_LUT                                                   2303    4304.412   3059.851     7364.263 
  bloc_exp             dist_mat_arg_exp_NB_POINTS1250_COORD_W16_ADDR_W11_        2109    8529.138   2538.292    11067.430 
  dut_compute          act_coord_NB_POINTS1250_COORD_W16_ADDR_W11_ACT_W16         158     643.302    142.335      785.637 
  exp_LUT              exp_LUT                                                   4475    8100.954   5951.424    14052.378 
