============================================================
  Generated by:           Genus(TM) Synthesis Solution 21.18-s082_1
  Generated on:           Aug 18 2026  06:11:37 pm
  Module:                 clusterization
  Operating conditions:   PVT_0P9V_125C 
  Operating conditions:   PVT_1P32V_0C 
  Interconnect mode:      global
  Area mode:              physical library
============================================================

Timing
--------

Clock  Period 
--------------
clk   12500.0 


  Cost    Critical         Violating 
 Group   Path Slack  TNS     Paths   
-------------------------------------
clk           954.0   0.0          0 
default    No paths   0.0            
-------------------------------------
Total                 0.0          0 

Instance Count
--------------
Leaf Instance Count             596352 
Physical Instance count              0 
Sequential Instance Count       288261 
Combinational Instance Count    308091 
Hierarchical Instance Count         13 

Area
----
Cell Area                          3086275.374
Physical Cell Area                 0.000
Total Cell Area (Cell+Physical)    3086275.374
Net Area                           770576.264
Total Area (Cell+Physical+Net)     3856851.638

Max Fanout                         288261 (clk)
Min Fanout                         0 (bloc_grad/coord_X_d[2])
Average Fanout                     3.0
Terms to net ratio                 4.0041
Terms to instance ratio            4.0175
Runtime                            12236.679574 seconds
Elapsed Runtime                    11841 seconds
Genus peak memory usage            6891.74 
Innovus peak memory usage          no_value 
Hostname                           gmicro02
