============================================================
  Generated by:           Genus(TM) Synthesis Solution 21.18-s082_1
  Generated on:           Aug 18 2026  06:11:19 pm
  Module:                 clusterization
  Library domain:         worst
    Domain index:         0
    Technology library:   slow_vdd1v0 1.0
  Library domain:         best
    Domain index:         1
    Technology library:   fast_vdd1v2 1.0
  Operating conditions:   PVT_0P9V_125C 
  Operating conditions:   PVT_1P32V_0C 
  Interconnect mode:      global
  Area mode:              physical library
============================================================

       Instance                              Module                        Cell Count  Normalized Cell Area  Normalized Net Area   Normalized Total Area 
---------------------------------------------------------------------------------------------------------------------------------------------------------
clusterization                                                                 596352           3008065.667           751048.991             3759114.657 
  memory_act           memory_dual_port_ADDR_W11_DATA_W16                      126673            676468.667           162146.286              838614.952 
  memory_coord_b1      memory_dual_port_ADDR_W11_DATA_W16_2                    133695            677987.667           167199.237              845186.904 
  memory_coord_b2      memory_dual_port_ADDR_W11_DATA_W16_1                    130550            674012.667           164916.939              838929.605 
  memory_P_ij_A        memory_single_port_ADDR_W11_DATA_W16_1                   67856            338289.333            85112.021              423401.354 
  memory_P_ij          memory_single_port_ADDR_W11_DATA_W16                     70412            343915.000            86958.592              430873.592 
  bloc_grad            norm_entropy_grad_NB_POINTS1250_COORD_W16_ADDR_W11        3668             12983.667             4823.010               17806.676 
  memory_P_ij_arbitrer ping_pong_arbitrer_COORD_W16_ADDR_W11                      128               339.000               68.243                 407.243 
  dut_cluster_assign   cluster_assign_NB_POINTS1250_COORD_W16_ADDR_W11_TO        1096              4261.667             1359.606                5621.272 
  mem_cluster          memory_cluster_ADDR_W11                                  52951            257985.000            65670.324              323655.324 
  inv_LUT              inv_LUT                                                   2303              4195.333             2982.311                7177.644 
  bloc_exp             dist_mat_arg_exp_NB_POINTS1250_COORD_W16_ADDR_W11_        2109              8313.000             2473.969               10786.969 
  dut_compute          act_coord_NB_POINTS1250_COORD_W16_ADDR_W11_ACT_W16         158               627.000              138.728                 765.728 
  exp_LUT              exp_LUT                                                   4475              7895.667             5800.608               13696.275 
