###############################################################
#  Generated by:      Cadence Innovus 25.10-p002_1
#  OS:                Linux x86_64(Host ID gmicro02)
#  Generated on:      Tue Aug 25 14:49:57 2026
#  Design:            clusterization
#  Command:           report_gates -out_file /home/epiphane/projets/clusterization/backend/layout/reports/clusterization_worst_125_0/clusterization_gates_layout.rpt
###############################################################
Library cell information:
 -------------------------------------------
| Cell          |  Instance  |  Area(um^2)  |
|-------------------------------------------|
| ADDFX1        |       1028 |     5273.640 | 
| ADDHX1        |        230 |      865.260 | 
| ADDHX2        |          2 |       10.260 | 
| AND2X1        |       1561 |     2135.448 | 
| AND2X2        |        188 |      321.480 | 
| AND2X4        |         79 |      216.144 | 
| AND2X6        |         67 |      252.054 | 
| AND2X8        |          6 |       26.676 | 
| AND2XL        |          3 |        4.104 | 
| AND3X1        |          1 |        2.394 | 
| AND3X2        |          2 |        5.472 | 
| AND3X4        |          2 |        6.156 | 
| AND3X6        |          1 |        4.446 | 
| AND3XL        |         45 |       92.340 | 
| AND4X1        |         67 |      160.398 | 
| AND4X2        |          1 |        3.078 | 
| AO21X1        |        985 |     2358.090 | 
| AO21X2        |       1191 |     3258.576 | 
| AO21X4        |          1 |        3.420 | 
| AO22X1        |        619 |     1693.584 | 
| AO22X2        |         20 |       61.560 | 
| AO22X4        |         14 |       52.668 | 
| AO22XL        |          7 |       19.152 | 
| AOI211X1      |         20 |       47.880 | 
| AOI211X2      |          8 |       27.360 | 
| AOI211XL      |         65 |      133.380 | 
| AOI21X1       |       1147 |     1961.370 | 
| AOI21X2       |         47 |      128.592 | 
| AOI21X4       |          2 |       10.260 | 
| AOI21XL       |         12 |       20.520 | 
| AOI221X1      |        122 |      292.068 | 
| AOI221X2      |         10 |       44.460 | 
| AOI22X1       |        733 |     1504.116 | 
| AOI22XL       |          2 |        4.104 | 
| AOI2BB1X1     |        137 |      281.124 | 
| AOI2BB1X2     |          5 |       15.390 | 
| AOI2BB2X1     |          1 |        3.420 | 
| AOI31X1       |         32 |       65.664 | 
| AOI31X2       |          4 |       13.680 | 
| AOI32X1       |         11 |       26.334 | 
| AOI32X2       |          1 |        4.446 | 
| AOI33X1       |          1 |        2.736 | 
| BUFX12        |         22 |      112.860 | 
| BUFX2         |        246 |      420.660 | 
| BUFX3         |         69 |      141.588 | 
| BUFX4         |         10 |       23.940 | 
| CLKAND2X12    |          1 |        7.524 | 
| CLKAND2X2     |          2 |        4.104 | 
| CLKAND2X3     |         16 |       49.248 | 
| CLKBUFX12     |         28 |      143.640 | 
| CLKBUFX16     |         19 |      129.960 | 
| CLKBUFX2      |        525 |      897.750 | 
| CLKBUFX20     |         11 |       90.288 | 
| CLKBUFX3      |         20 |       41.040 | 
| CLKBUFX4      |          7 |       16.758 | 
| CLKBUFX6      |         43 |      132.354 | 
| CLKBUFX8      |         34 |      127.908 | 
| CLKINVX20     |          1 |        6.498 | 
| CLKINVX4      |         35 |       59.850 | 
| CLKINVX6      |         38 |       90.972 | 
| CLKINVX8      |          8 |       24.624 | 
| CLKMX2X2      |         19 |       58.482 | 
| CLKMX2X3      |          6 |       24.624 | 
| CLKMX2X4      |         16 |       65.664 | 
| CLKXOR2X1     |         64 |      175.104 | 
| DFFHQX1       |         65 |      355.680 | 
| DFFHQX8       |          4 |       36.936 | 
| DFFQX4        |          4 |       28.728 | 
| DFFQXL        |         31 |      169.632 | 
| DFFRHQX1      |       2427 |    14940.612 | 
| DFFRX1        |         71 |      485.640 | 
| DFFRX2        |          2 |       15.048 | 
| DFFSHQX1      |         17 |      110.466 | 
| DFFSHQX4      |          1 |        9.576 | 
| DLY1X1        |        236 |      726.408 | 
| DLY1X4        |         12 |       45.144 | 
| DLY2X1        |         17 |       98.838 | 
| DLY2X4        |          4 |       27.360 | 
| DLY3X1        |         52 |      426.816 | 
| DLY3X4        |          3 |       26.676 | 
| DLY4X1        |        797 |     7904.646 | 
| DLY4X4        |         12 |      127.224 | 
| EDFFHQX1      |        633 |     5412.150 | 
| EDFFHQX2      |         13 |      115.596 | 
| EDFFHQX4      |         21 |      222.642 | 
| EDFFHQX8      |          9 |      104.652 | 
| EDFFX2        |         48 |      443.232 | 
| EDFFX4        |         23 |      251.712 | 
| FILL1         |      11014 |     3766.788 | 
| FILL16        |       2302 |    12596.544 | 
| FILL2         |      10379 |     7099.236 | 
| FILL32        |       1463 |    16011.072 | 
| FILL4         |       5545 |     7585.560 | 
| FILL64        |      35225 |   771004.800 | 
| FILL8         |       2351 |     6432.336 | 
| INVX1         |       1005 |      687.420 | 
| INVX2         |        445 |      456.570 | 
| INVX3         |        155 |      212.040 | 
| INVX4         |          2 |        3.420 | 
| INVX6         |          5 |       11.970 | 
| INVXL         |        106 |       72.504 | 
| MDFFHQX1      |         12 |      102.600 | 
| MDFFHQX2      |         16 |      147.744 | 
| MDFFHQX4      |         25 |      230.850 | 
| MX2X1         |        646 |     1546.524 | 
| MX2XL         |         30 |       71.820 | 
| MX3X1         |          1 |        5.130 | 
| MX3X2         |          1 |        5.472 | 
| MX3XL         |         20 |       95.760 | 
| MXI2X1        |          1 |        2.736 | 
| MXI2X2        |          2 |        8.892 | 
| MXI2XL        |         11 |       26.334 | 
| NAND2BX1      |        170 |      232.560 | 
| NAND2BX2      |          7 |       16.758 | 
| NAND2BX4      |          5 |       18.810 | 
| NAND2BXL      |          2 |        2.736 | 
| NAND2X1       |        689 |      706.914 | 
| NAND2X2       |         65 |      111.150 | 
| NAND2X4       |          2 |        6.840 | 
| NAND2XL       |          2 |        2.052 | 
| NAND3BX2      |          2 |        6.156 | 
| NAND3BXL      |         11 |       18.810 | 
| NAND3X1       |         37 |       63.270 | 
| NAND3X2       |          2 |        5.472 | 
| NOR2BX1       |        184 |      251.712 | 
| NOR2BX2       |         12 |       32.832 | 
| NOR2BX4       |          3 |       11.286 | 
| NOR2X1        |        768 |      787.968 | 
| NOR2X2        |         39 |       66.690 | 
| NOR2X4        |          3 |        9.234 | 
| NOR2XL        |          5 |        5.130 | 
| NOR3BX1       |          3 |        6.156 | 
| NOR3BX2       |          1 |        3.420 | 
| NOR3BXL       |          1 |        2.052 | 
| NOR3X1        |         29 |       49.590 | 
| NOR3X2        |          1 |        2.736 | 
| NOR4BX1       |          2 |        4.788 | 
| NOR4X1        |         66 |      112.860 | 
| NOR4X2        |         11 |       37.620 | 
| OA21X1        |        222 |      455.544 | 
| OA21X2        |          2 |        6.156 | 
| OA21X4        |          1 |        3.762 | 
| OA22X1        |        460 |     1101.240 | 
| OA22X2        |          1 |        3.420 | 
| OA22X4        |          1 |        4.104 | 
| OAI21X1       |        422 |      721.620 | 
| OAI21X2       |         27 |       83.106 | 
| OAI21X4       |          4 |       19.152 | 
| OAI221X1      |          4 |        9.576 | 
| OAI221X2      |          1 |        4.788 | 
| OAI22X1       |        555 |     1138.860 | 
| OAI22X2       |         26 |       88.920 | 
| OAI22X4       |          1 |        6.498 | 
| OAI2BB1X1     |        749 |     1280.790 | 
| OAI2BB1X2     |         58 |      178.524 | 
| OAI2BB1X4     |          3 |       13.338 | 
| OAI2BB2X1     |          1 |        4.104 | 
| OAI2BB2XL     |          3 |       11.286 | 
| OAI31X1       |         59 |      121.068 | 
| OAI31X2       |          6 |       22.572 | 
| OAI32X1       |         16 |       38.304 | 
| OAI32X2       |          3 |       13.338 | 
| OR2X1         |        788 |     1077.984 | 
| OR2X2         |        141 |      241.110 | 
| OR2X4         |         61 |      166.896 | 
| OR2X6         |         29 |      109.098 | 
| OR2X8         |          1 |        4.446 | 
| OR2XL         |          1 |        1.368 | 
| OR3X1         |        139 |      285.228 | 
| OR3X4         |          1 |        3.078 | 
| OR3X6         |          1 |        4.788 | 
| OR4X1         |        242 |      496.584 | 
| OR4X2         |          8 |       27.360 | 
| RAM2P_1024X32 |          2 |   475015.121 | 
| RAM_4096X32   |          4 |  1413572.722 | 
| XNOR2X1       |        640 |     1532.160 | 
| XNOR2X2       |          2 |        6.156 | 
| XNOR2X4       |          2 |        7.524 | 
| XOR2X1        |          1 |        2.736 | 
|-------------------------------------------|
| Total         |      91794 |  2784988.311 |
 -------------------------------------------
Library cell type information:
 -------------------------------------------------------
| Cell Type        |   Instance   |        Area         |
|                  |              |       um^2  |   %   |
|-------------------------------------------------------|
| Buffer           |         2167 |   11661.858 |   0.4 | 
| Inverter         |         1800 |    1625.868 |   0.1 | 
| Combinational    |        16120 |   35432.910 |   1.3 | 
| Flop             |         3422 |   23183.496 |   0.8 | 
| Multi-Bit Flop   |            0 |       0.000 |   0.0 | 
| Latch            |            0 |       0.000 |   0.0 | 
| Clock Gater      |            0 |       0.000 |   0.0 | 
| Macro            |            6 | 1888587.843 |  67.8 | 
| Physical Cell    |        68279 |  824496.336 |  29.6 | 
|-------------------------------------------------------|
| Total            |        91794 | 2784988.311 | 100.0 | 
 -------------------------------------------------------
