###############################################################
#  Generated by:      Cadence Innovus 25.10-p002_1
#  OS:                Linux x86_64(Host ID gmicro02)
#  Generated on:      Tue Aug 25 14:49:10 2026
#  Design:            clusterization
#  Command:           report_timing > ${OUT_RPT}/hold_timing.rpt 
###############################################################
Path 1: VIOLATED (-0.127 ns) Hold Check with Pin memory_P_ij/u_ram/CLKA->WENA
               View: analysis_normal_fast_min
              Group: clk
         Startpoint: (R) bloc_exp/valid_out_reg/CK
              Clock: (R) clk
           Endpoint: (R) memory_P_ij/u_ram/WENA
              Clock: (R) clk

                       Capture       Launch
         Clock Edge:+    0.000        0.000
        Src Latency:+    0.000       -0.016
        Net Latency:+    0.120 (P)    0.113 (P)
            Arrival:=    0.120        0.097

               Hold:+    1.404
        Uncertainty:+    0.050
      Required Time:=    1.575
       Launch Clock:=    0.097
          Data Path:+    1.351
              Slack:=   -0.127

#-------------------------------------------------------------------------------------------------------------------
# Timing Point                                     Flags  Arc    Edge  Cell           Fanout  Trans   Delay  Arrival  
#                                                                                              (ns)    (ns)     (ns)  
#-------------------------------------------------------------------------------------------------------------------
  bloc_exp/valid_out_reg/CK                        -      CK     R     (arrival)          71  0.030       -    0.097  
  bloc_exp/valid_out_reg/Q                         -      CK->Q  F     DFFRX2              4  0.030   0.050    0.147  
  bloc_exp/FE_PHC4932_valid_out_b1/Y               -      A->Y   F     CLKBUFX2            2  0.015   0.018    0.165  
  memory_P_ij_arbiter/FE_PHC3586_valid_out_b1/Y    -      A->Y   F     DLY2X1              1  0.007   0.057    0.222  
  memory_P_ij_arbiter/FE_PHC4087_valid_out_b1/Y    -      A->Y   F     DLY1X1              1  0.007   0.030    0.252  
  memory_P_ij_arbiter/FE_PHC4934_valid_out_b1/Y    -      A->Y   F     DLY1X4              1  0.005   0.039    0.291  
  memory_P_ij_arbiter/g1065/Y                      -      A->Y   R     NAND2X1             1  0.006   0.009    0.300  
  memory_P_ij_arbiter/FE_OFC3224_we_P_ij_B/Y       -      A->Y   R     CLKBUFX3            2  0.008   0.025    0.326  
  memory_P_ij_arbiter/FE_PHC3837_FE_OFN3384_n/Y    -      A->Y   R     DLY4X4              1  0.023   0.116    0.442  
  memory_P_ij_arbiter/FE_PHC4004_FE_OFN3384_n/Y    -      A->Y   R     DLY4X4              1  0.006   0.115    0.557  
  memory_P_ij_arbiter/FE_PHC3468_FE_OFN3384_n/Y    -      A->Y   R     DLY4X1              1  0.005   0.108    0.664  
  memory_P_ij_arbiter/FE_PHC4048_FE_OFN3384_n/Y    -      A->Y   R     DLY4X1              1  0.013   0.108    0.772  
  memory_P_ij_arbiter/FE_PHC3842_FE_OFN3384_n/Y    -      A->Y   R     BUFX3               1  0.012   0.017    0.789  
  memory_P_ij_arbiter/FE_PHC4401_FE_OFN3384_n/Y    -      A->Y   R     CLKBUFX20           2  0.008   0.020    0.809  
  memory_P_ij_arbiter/FE_PHC4200_FE_OFN3384_n/Y    -      A->Y   R     CLKBUFX2            1  0.009   0.018    0.827  
  memory_P_ij_arbiter/FE_OFC2751_n/Y               -      A->Y   F     CLKINVX4            1  0.009   0.005    0.833  
  memory_P_ij_arbiter/FE_PHC4925_FE_DBTN30_n_31/Y  -      A->Y   F     DLY1X1              1  0.005   0.030    0.863  
  memory_P_ij_arbiter/FE_PHC3853_FE_DBTN30_n_31/Y  -      A->Y   F     CLKBUFX3           11  0.012   0.026    0.889  
  FE_PHC4863_FE_DBTN30_n_31/Y                      -      A->Y   F     BUFX12              2  0.022   0.028    0.917  
  memory_P_ij/FE_OFC3159_FE_DBTN30_n_31/Y          -      A->Y   R     CLKINVX20           1  0.020   0.011    0.928  
  memory_P_ij/FE_PHC4323_FE_OFN1573_n/Y            -      A->Y   R     DLY1X4              1  0.008   0.039    0.967  
  memory_P_ij/FE_PHC4204_FE_OFN1573_n/Y            -      A->Y   R     DLY4X1              1  0.005   0.108    1.075  
  memory_P_ij/FE_PHC4306_FE_OFN1573_n/Y            -      A->Y   R     DLY1X1              1  0.008   0.030    1.105  
  memory_P_ij/FE_PHC4248_FE_OFN1573_n/Y            -      A->Y   R     DLY4X4              1  0.005   0.116    1.221  
  memory_P_ij/FE_PHC3880_FE_OFN1573_n/Y            -      A->Y   R     CLKBUFX12           1  0.007   0.018    1.239  
  memory_P_ij/FE_PHC4374_FE_OFN1573_n/Y            -      A->Y   R     CLKBUFX6            1  0.007   0.019    1.258  
  memory_P_ij/FE_PHC4213_FE_OFN1573_n/Y            -      A->Y   R     DLY1X1              1  0.012   0.037    1.295  
  memory_P_ij/FE_PHC4363_FE_OFN1573_n/Y            -      A->Y   R     CLKBUFX20           1  0.020   0.022    1.317  
  memory_P_ij/FE_PHC4283_FE_OFN1573_n/Y            -      A->Y   R     DLY4X1              1  0.009   0.107    1.424  
  memory_P_ij/FE_PHC4891_FE_OFN1573_n/Y            -      A->Y   R     CLKBUFX2            1  0.011   0.024    1.448  
  memory_P_ij/u_ram/WENA                           -      WENA   R     RAM2P_1024X32       1  0.023   0.000    1.448  
#-------------------------------------------------------------------------------------------------------------------

