###############################################################
#  Generated by:      Cadence Innovus 25.10-p002_1
#  OS:                Linux x86_64(Host ID gmicro02)
#  Generated on:      Tue Aug 25 14:49:07 2026
#  Design:            clusterization
#  Command:           report_timing > ${OUT_RPT}/setup_timing.rpt 
###############################################################
Path 1: VIOLATED (-0.010 ns) Setup Check with Pin memory_P_ij/u_ram/CLKA->WENA
               View: analysis_normal_slow_max
              Group: clk
         Startpoint: (R) bloc_exp/out_i_reg[0]/CK
              Clock: (R) clk
           Endpoint: (F) memory_P_ij/u_ram/WENA
              Clock: (R) clk

                       Capture       Launch
         Clock Edge:+    8.000        0.000
        Src Latency:+    0.000       -0.237
        Net Latency:+    0.344 (P)    0.332 (P)
            Arrival:=    8.344        0.095

              Setup:-    0.620
        Uncertainty:-    0.050
      Required Time:=    7.674
       Launch Clock:=    0.095
          Data Path:+    7.589
              Slack:=   -0.010

#-------------------------------------------------------------------------------------------------------------------------
# Timing Point                                           Flags  Arc    Edge  Cell           Fanout  Trans   Delay  Arrival  
#                                                                                                    (ns)    (ns)     (ns)  
#-------------------------------------------------------------------------------------------------------------------------
  bloc_exp/out_i_reg[0]/CK                               -      CK     R     (arrival)         100  0.097       -    0.095  
  bloc_exp/out_i_reg[0]/Q                                -      CK->Q  R     EDFFHQX2            1  0.097   0.245    0.339  
  bloc_exp/FE_PHC4399_out_i_b1_0/Y                       -      A->Y   R     CLKBUFX4            5  0.028   0.095    0.434  
  memory_P_ij_arbiter/FE_PHC4911_out_i_b1_0/Y            -      A->Y   R     CLKBUFX2            1  0.041   0.094    0.527  
  memory_P_ij_arbiter/FE_OFC574_out_i_b1_0/Y             -      A->Y   F     INVX2               1  0.026   0.041    0.569  
  memory_P_ij_arbiter/FE_PHC4531_FE_OFN353_out_i_b1_0/Y  -      A->Y   F     CLKBUFX16           1  0.054   0.087    0.656  
  memory_P_ij_arbiter/FE_PHC4917_FE_OFN353_out_i_b1_0/Y  -      A->Y   F     CLKBUFX2            1  0.024   0.085    0.741  
  memory_P_ij_arbiter/FE_PHC4936_FE_OFN353_out_i_b1_0/Y  -      A->Y   F     CLKBUFX6            1  0.043   0.086    0.827  
  memory_P_ij_arbiter/FE_PHC3581_FE_OFN353_out_i_b1_0/Y  -      A->Y   F     CLKBUFX20           1  0.041   0.083    0.910  
  memory_P_ij_arbiter/FE_PHC4931_FE_OFN353_out_i_b1_0/Y  -      A->Y   F     CLKBUFX16           1  0.027   0.076    0.986  
  memory_P_ij_arbiter/FE_PHC4921_FE_OFN353_out_i_b1_0/Y  -      A->Y   F     CLKBUFX2            1  0.025   0.113    1.098  
  memory_P_ij_arbiter/FE_PHC3242_FE_OFN353_out_i_b1_0/Y  -      A->Y   F     CLKBUFX16           1  0.093   0.118    1.216  
  memory_P_ij_arbiter/FE_OFC575_out_i_b1_0/Y             -      A->Y   R     CLKINVX6            2  0.045   0.031    1.248  
  memory_P_ij_arbiter/g1065/Y                            -      B->Y   F     NAND2X1             1  0.020   0.062    1.310  
  memory_P_ij_arbiter/FE_OFC3224_we_P_ij_B/Y             -      A->Y   F     CLKBUFX3            2  0.074   0.138    1.448  
  memory_P_ij_arbiter/FE_PHC3837_FE_OFN3384_n/Y          -      A->Y   F     DLY4X4              1  0.106   0.694    2.142  
  memory_P_ij_arbiter/FE_PHC4004_FE_OFN3384_n/Y          -      A->Y   F     DLY4X4              1  0.030   0.662    2.804  
  memory_P_ij_arbiter/FE_PHC3468_FE_OFN3384_n/Y          -      A->Y   F     DLY4X1              1  0.027   0.625    3.429  
  memory_P_ij_arbiter/FE_PHC4048_FE_OFN3384_n/Y          -      A->Y   F     DLY4X1              1  0.055   0.635    4.064  
  memory_P_ij_arbiter/FE_PHC3842_FE_OFN3384_n/Y          -      A->Y   F     BUFX3               1  0.052   0.084    4.149  
  memory_P_ij_arbiter/FE_PHC4401_FE_OFN3384_n/Y          -      A->Y   F     CLKBUFX20           2  0.035   0.082    4.230  
  memory_P_ij_arbiter/FE_PHC4200_FE_OFN3384_n/Y          -      A->Y   F     CLKBUFX2            1  0.030   0.085    4.315  
  memory_P_ij_arbiter/FE_OFC2751_n/Y                     -      A->Y   R     CLKINVX4            1  0.038   0.027    4.341  
  memory_P_ij_arbiter/FE_PHC4925_FE_DBTN30_n_31/Y        -      A->Y   R     DLY1X1              1  0.016   0.168    4.509  
  memory_P_ij_arbiter/FE_PHC3853_FE_DBTN30_n_31/Y        -      A->Y   R     CLKBUFX3           11  0.047   0.113    4.622  
  FE_PHC4863_FE_DBTN30_n_31/Y                            -      A->Y   R     BUFX12              2  0.079   0.138    4.759  
  memory_P_ij/FE_OFC3159_FE_DBTN30_n_31/Y                -      A->Y   F     CLKINVX20           1  0.073   0.044    4.804  
  memory_P_ij/FE_PHC4323_FE_OFN1573_n/Y                  -      A->Y   F     DLY1X4              1  0.026   0.208    5.012  
  memory_P_ij/FE_PHC4204_FE_OFN1573_n/Y                  -      A->Y   F     DLY4X1              1  0.026   0.626    5.638  
  memory_P_ij/FE_PHC4306_FE_OFN1573_n/Y                  -      A->Y   F     DLY1X1              1  0.038   0.170    5.808  
  memory_P_ij/FE_PHC4248_FE_OFN1573_n/Y                  -      A->Y   F     DLY4X4              1  0.022   0.663    6.471  
  memory_P_ij/FE_PHC3880_FE_OFN1573_n/Y                  -      A->Y   F     CLKBUFX12           1  0.034   0.081    6.552  
  memory_P_ij/FE_PHC4374_FE_OFN1573_n/Y                  -      A->Y   F     CLKBUFX6            1  0.027   0.087    6.639  
  memory_P_ij/FE_PHC4213_FE_OFN1573_n/Y                  -      A->Y   F     DLY1X1              1  0.054   0.201    6.839  
  memory_P_ij/FE_PHC4363_FE_OFN1573_n/Y                  -      A->Y   F     CLKBUFX20           1  0.086   0.102    6.941  
  memory_P_ij/FE_PHC4283_FE_OFN1573_n/Y                  -      A->Y   F     DLY4X1              1  0.032   0.620    7.562  
  memory_P_ij/FE_PHC4891_FE_OFN1573_n/Y                  -      A->Y   F     CLKBUFX2            1  0.046   0.122    7.684  
  memory_P_ij/u_ram/WENA                                 -      WENA   F     RAM2P_1024X32       1  0.109   0.000    7.684  
#-------------------------------------------------------------------------------------------------------------------------

