============================================================
  Generated by:           Genus(TM) Synthesis Solution 21.18-s082_1
  Generated on:           Aug 21 2026  04:22:43 pm
  Module:                 clusterization
  Operating conditions:   PVT_0P9V_125C 
  Operating conditions:   PVT_1P32V_0C 
  Interconnect mode:      global
  Area mode:              physical library
============================================================

                                                       Library 
     Gate      Instances     Area          Library      Domain 
---------------------------------------------------------------
ADDFHX2                1        8.208    slow_vdd1v0     worst 
ADDFX1              1288     6607.440    slow_vdd1v0     worst 
ADDHX1               262      985.644    slow_vdd1v0     worst 
ADDHX2                 1        5.130    slow_vdd1v0     worst 
AND2X1              1605     2195.640    slow_vdd1v0     worst 
AND2X2               124      212.040    slow_vdd1v0     worst 
AND2X4               182      497.952    slow_vdd1v0     worst 
AND2X6                 7       26.334    slow_vdd1v0     worst 
AND2X8                 8       35.568    slow_vdd1v0     worst 
AND3X1                 2        4.788    slow_vdd1v0     worst 
AND3X2                 1        2.736    slow_vdd1v0     worst 
AND3X4                 3        9.234    slow_vdd1v0     worst 
AND3X6                 1        4.446    slow_vdd1v0     worst 
AND3XL                50      102.600    slow_vdd1v0     worst 
AND4X1                71      169.974    slow_vdd1v0     worst 
AO21X1              2208     5285.952    slow_vdd1v0     worst 
AO21X2                 2        5.472    slow_vdd1v0     worst 
AO22X1               834     2281.824    slow_vdd1v0     worst 
AO22X4                 3       11.286    slow_vdd1v0     worst 
AOI211X1              24       57.456    slow_vdd1v0     worst 
AOI211X2              60      205.200    slow_vdd1v0     worst 
AOI21X1             1225     2094.750    slow_vdd1v0     worst 
AOI21X2               17       46.512    slow_vdd1v0     worst 
AOI221X2             125      555.750    slow_vdd1v0     worst 
AOI221X4               5       39.330    slow_vdd1v0     worst 
AOI222X2               2       10.944    slow_vdd1v0     worst 
AOI22X1              715     1467.180    slow_vdd1v0     worst 
AOI22X2                4       15.048    slow_vdd1v0     worst 
AOI22X4                1        6.156    slow_vdd1v0     worst 
AOI2BB1X1            134      274.968    slow_vdd1v0     worst 
AOI2BB1X2             15       46.170    slow_vdd1v0     worst 
AOI2BB1X4              2        8.208    slow_vdd1v0     worst 
AOI2BB2X2              2       10.260    slow_vdd1v0     worst 
AOI31X2               39      133.380    slow_vdd1v0     worst 
AOI32X2               13       57.798    slow_vdd1v0     worst 
AOI33X4                1        9.234    slow_vdd1v0     worst 
BUFX16                16      109.440    slow_vdd1v0     worst 
BUFX2                 41       70.110    slow_vdd1v0     worst 
BUFX3                  7       14.364    slow_vdd1v0     worst 
BUFX6                 14       43.092    slow_vdd1v0     worst 
BUFX8                  5       18.810    slow_vdd1v0     worst 
CLKAND2X12            21      158.004    slow_vdd1v0     worst 
CLKAND2X2              2        4.104    slow_vdd1v0     worst 
CLKAND2X3              5       15.390    slow_vdd1v0     worst 
CLKAND2X4              1        3.420    slow_vdd1v0     worst 
CLKAND2X6              2        9.576    slow_vdd1v0     worst 
CLKINVX12             24       98.496    slow_vdd1v0     worst 
CLKINVX16              9       49.248    slow_vdd1v0     worst 
CLKINVX20             18      116.964    slow_vdd1v0     worst 
CLKINVX4              39       66.690    slow_vdd1v0     worst 
CLKINVX6              15       35.910    slow_vdd1v0     worst 
CLKINVX8              12       36.936    slow_vdd1v0     worst 
CLKMX2X2              22       67.716    slow_vdd1v0     worst 
CLKMX2X4               4       16.416    slow_vdd1v0     worst 
CLKXOR2X1             42      114.912    slow_vdd1v0     worst 
DFFHQX1               84      459.648    slow_vdd1v0     worst 
DFFHQX8                4       36.936    slow_vdd1v0     worst 
DFFQX2                 9       58.482    slow_vdd1v0     worst 
DFFQX4                 4       28.728    slow_vdd1v0     worst 
DFFRHQX1            2419    14891.364    slow_vdd1v0     worst 
DFFRHQX4               3       28.728    slow_vdd1v0     worst 
DFFRHQX8               1       11.286    slow_vdd1v0     worst 
DFFRX1                53      362.520    slow_vdd1v0     worst 
DFFRX2                23      173.052    slow_vdd1v0     worst 
DFFRX4                 1        9.576    slow_vdd1v0     worst 
DFFSHQX1              17      110.466    slow_vdd1v0     worst 
DFFSX1                 1        7.524    slow_vdd1v0     worst 
DFFX1                  3       21.546    slow_vdd1v0     worst 
EDFFHQX1             659     5634.450    slow_vdd1v0     worst 
EDFFHQX2               2       17.784    slow_vdd1v0     worst 
EDFFHQX8              13      151.164    slow_vdd1v0     worst 
EDFFX2                68      627.912    slow_vdd1v0     worst 
EDFFX4                48      525.312    slow_vdd1v0     worst 
INVX1                915      625.860    slow_vdd1v0     worst 
INVX12                 1        4.104    slow_vdd1v0     worst 
INVX2                189      193.914    slow_vdd1v0     worst 
INVX20                 2       12.996    slow_vdd1v0     worst 
INVX3                 70       95.760    slow_vdd1v0     worst 
INVX4                  1        1.710    slow_vdd1v0     worst 
INVX6                 12       28.728    slow_vdd1v0     worst 
INVX8                  3        9.234    slow_vdd1v0     worst 
INVXL                  1        0.684    slow_vdd1v0     worst 
MDFFHQX1              21      179.550    slow_vdd1v0     worst 
MDFFHQX4              46      424.764    slow_vdd1v0     worst 
MDFFHQX8               3       33.858    slow_vdd1v0     worst 
MX2X1                653     1563.282    slow_vdd1v0     worst 
MX2XL                  3        7.182    slow_vdd1v0     worst 
MX3XL                 11       52.668    slow_vdd1v0     worst 
MXI2X1                10       27.360    slow_vdd1v0     worst 
MXI2X6                 7       35.910    slow_vdd1v0     worst 
NAND2BX1             155      212.040    slow_vdd1v0     worst 
NAND2BX2              32       76.608    slow_vdd1v0     worst 
NAND2BX4              19       71.478    slow_vdd1v0     worst 
NAND2X1              553      567.378    slow_vdd1v0     worst 
NAND2X2              256      437.760    slow_vdd1v0     worst 
NAND2X4                6       20.520    slow_vdd1v0     worst 
NAND2X8                2       10.944    slow_vdd1v0     worst 
NAND3BX2              17       52.326    slow_vdd1v0     worst 
NAND3X2               36       98.496    slow_vdd1v0     worst 
NAND3X4                1        4.788    slow_vdd1v0     worst 
NOR2BX1              196      268.128    slow_vdd1v0     worst 
NOR2BX2               21       57.456    slow_vdd1v0     worst 
NOR2BX4               12       45.144    slow_vdd1v0     worst 
NOR2X1               664      681.264    slow_vdd1v0     worst 
NOR2X2               181      309.510    slow_vdd1v0     worst 
NOR2X4                15       46.170    slow_vdd1v0     worst 
NOR2X6                13       53.352    slow_vdd1v0     worst 
NOR3BX1                6       12.312    slow_vdd1v0     worst 
NOR3BX2                2        6.840    slow_vdd1v0     worst 
NOR3X1                22       37.620    slow_vdd1v0     worst 
NOR3X2                 9       24.624    slow_vdd1v0     worst 
NOR4BX2                2        9.576    slow_vdd1v0     worst 
NOR4X2                73      249.660    slow_vdd1v0     worst 
OA21X1               247      506.844    slow_vdd1v0     worst 
OA21X2                 2        6.156    slow_vdd1v0     worst 
OA22X1               508     1216.152    slow_vdd1v0     worst 
OA22X2                 1        3.420    slow_vdd1v0     worst 
OAI211X2               4       16.416    slow_vdd1v0     worst 
OAI211X4               2       12.996    slow_vdd1v0     worst 
OAI21X1              421      719.910    slow_vdd1v0     worst 
OAI21X2               23       70.794    slow_vdd1v0     worst 
OAI21X4                3       14.364    slow_vdd1v0     worst 
OAI221X2               2        9.576    slow_vdd1v0     worst 
OAI221X4               2       15.732    slow_vdd1v0     worst 
OAI22X1              608     1247.616    slow_vdd1v0     worst 
OAI22X2                9       30.780    slow_vdd1v0     worst 
OAI2BB1X1            824     1409.040    slow_vdd1v0     worst 
OAI2BB1X2              5       15.390    slow_vdd1v0     worst 
OAI2BB1X4              2        8.892    slow_vdd1v0     worst 
OAI2BB2X2              4       21.888    slow_vdd1v0     worst 
OAI31X1               17       34.884    slow_vdd1v0     worst 
OAI31X2               45      169.290    slow_vdd1v0     worst 
OAI32X2               26      115.596    slow_vdd1v0     worst 
OR2X1                835     1142.280    slow_vdd1v0     worst 
OR2X2                138      235.980    slow_vdd1v0     worst 
OR2X4                 77      210.672    slow_vdd1v0     worst 
OR2X6                 23       86.526    slow_vdd1v0     worst 
OR2X8                 17       75.582    slow_vdd1v0     worst 
OR3X1                161      330.372    slow_vdd1v0     worst 
OR3X4                  2        6.156    slow_vdd1v0     worst 
OR3X8                  1        5.472    slow_vdd1v0     worst 
OR4X1                248      508.896    slow_vdd1v0     worst 
RAM2P_1024X32          2   475015.121    RAM2P_1024X32   worst 
RAM_4096X32            4  1413572.722    RAM_4096X32     worst 
XNOR2X1              691     1654.254    slow_vdd1v0     worst 
XNOR2X2                2        6.156    slow_vdd1v0     worst 
XNOR2X4                4       15.048    slow_vdd1v0     worst 
XOR2X1                 3        8.208    slow_vdd1v0     worst 
XOR2X4                 2        8.208    slow_vdd1v0     worst 
---------------------------------------------------------------
total              21954  1952875.635                  


   Library    Instances     Area    Instances % 
------------------------------------------------
RAM2P_1024X32         2  475015.121         0.0 
RAM_4096X32           4 1413572.722         0.0 
slow_vdd1v0       21948   64287.792       100.0 

                                            
     Type      Instances     Area    Area % 
--------------------------------------------
timing_model           6 1888587.843   96.7 
sequential          3482   23794.650    1.2 
inverter            1311    1377.234    0.1 
buffer                83     255.816    0.0 
logic              17072   38860.092    2.0 
physical_cells         0       0.000    0.0 
--------------------------------------------
total              21954 1952875.635  100.0 

