============================================================
  Generated by:           Genus(TM) Synthesis Solution 21.18-s082_1
  Generated on:           Aug 21 2026  04:22:43 pm
  Module:                 clusterization
  Operating conditions:   PVT_0P9V_125C 
  Operating conditions:   PVT_1P32V_0C 
  Interconnect mode:      global
  Area mode:              physical library
============================================================

Timing
--------

Clock Period 
-------------
clk   8333.0 


  Cost    Critical         Violating 
 Group   Path Slack  TNS     Paths   
-------------------------------------
clk             0.2   0.0          0 
default    No paths   0.0            
-------------------------------------
Total                 0.0          0 

Instance Count
--------------
Leaf Instance Count             21954 
Physical Instance count             0 
Sequential Instance Count        3488 
Combinational Instance Count    18466 
Hierarchical Instance Count        13 

Area
----
Cell Area                          1952875.635
Physical Cell Area                 0.000
Total Cell Area (Cell+Physical)    1952875.635
Net Area                           28624.123
Total Area (Cell+Physical+Net)     1981499.758

Max Fanout                         3490 (clk)
Min Fanout                         0 (done_b1)
Average Fanout                     2.4
Terms to net ratio                 3.5337
Terms to instance ratio            3.8633
Runtime                            1258.3091519999998 seconds
Elapsed Runtime                    1281 seconds
Genus peak memory usage            2935.68 
Innovus peak memory usage          no_value 
Hostname                           gmicro02
