============================================================
  Generated by:           Genus(TM) Synthesis Solution 21.18-s082_1
  Generated on:           Aug 21 2026  12:49:08 pm
  Module:                 clusterization
  Library domain:         worst
    Domain index:         0
    Technology libraries: slow_vdd1v0 1.0
                          RAM_4096X32 1.1
                          RAM2P_1024X32 1.1
  Library domain:         best
    Domain index:         1
    Technology libraries: fast_vdd1v2 1.0
                          RAM_4096X32 1.1
                          RAM2P_1024X32 1.1
  Operating conditions:   PVT_0P9V_125C 
  Operating conditions:   PVT_1P32V_0C 
  Interconnect mode:      global
  Area mode:              physical library
============================================================

       Instance                              Module                        Cell Count  Normalized Cell Area  Normalized Net Area   Normalized Total Area 
---------------------------------------------------------------------------------------------------------------------------------------------------------
clusterization                                                                  21213             61677.333            27036.471               88713.804 
  bloc_exp             dist_mat_arg_exp_NB_POINTS1250_COORD_W16_ADDR_W11_        2105              8283.667             2472.487               10756.153 
  bloc_grad            norm_entropy_grad_NB_POINTS1250_COORD_W16_ADDR_W11        4197             13424.667             5314.606               18739.273 
  dut_cluster_assign   cluster_assign_NB_POINTS1250_COORD_W16_ADDR_W11_TO        1077              4166.000             1347.343                5513.343 
  dut_compute          act_coord_NB_POINTS1250_COORD_W16_ADDR_W11_ACT_W16         152               624.000              133.023                 757.023 
  exp_LUT              exp_LUT                                                   4536              8042.333             5828.172               13870.506 
  inv_LUT              inv_LUT                                                   2336              4057.667             2959.693                7017.360 
  mem_cluster          memory_cluster_ADDR_W11                                   6324             21806.333             7607.185               29413.519 
  memory_P_ij          memory_single_port_ADDR_W11_DATA_W16_2374                   56               176.667               62.908                 239.575 
  memory_P_ij_A        memory_single_port_ADDR_W11_DATA_W16                        58               181.667               69.281                 250.947 
  memory_P_ij_arbitrer ping_pong_arbiter_ADDR_W11_P_IJ_W16_ADDR_P_IJ_W11           99               222.667               48.348                 271.015 
  memory_act           memory_dual_port_ADDR_W11_DATA_W16_3463                      2                 0.667                0.722                   1.389 
  memory_coord_b1      memory_dual_port_ADDR_W11_DATA_W16                          34                54.000               23.841                  77.841 
  memory_coord_b2      memory_dual_port_ADDR_W11_DATA_W16_3464                      2                 0.667                0.722                   1.389 
