============================================================
  Generated by:           Genus(TM) Synthesis Solution 21.18-s082_1
  Generated on:           Aug 21 2026  12:49:08 pm
  Module:                 clusterization
  Library domain:         worst
    Domain index:         0
    Technology libraries: slow_vdd1v0 1.0
                          RAM_4096X32 1.1
                          RAM2P_1024X32 1.1
  Library domain:         best
    Domain index:         1
    Technology libraries: fast_vdd1v2 1.0
                          RAM_4096X32 1.1
                          RAM2P_1024X32 1.1
  Operating conditions:   PVT_0P9V_125C 
  Operating conditions:   PVT_1P32V_0C 
  Interconnect mode:      global
  Area mode:              physical library
============================================================

       Instance                              Module                        Cell Count  Cell Area  Net Area   Total Area 
------------------------------------------------------------------------------------------------------------------------
clusterization                                                                  21213  63280.944 27739.419    91020.363 
  bloc_exp             dist_mat_arg_exp_NB_POINTS1250_COORD_W16_ADDR_W11_        2105   8499.042  2536.771    11035.813 
  bloc_grad            norm_entropy_grad_NB_POINTS1250_COORD_W16_ADDR_W11        4197  13773.708  5452.786    19226.494 
  dut_cluster_assign   cluster_assign_NB_POINTS1250_COORD_W16_ADDR_W11_TO        1077   4274.316  1382.373     5656.689 
  dut_compute          act_coord_NB_POINTS1250_COORD_W16_ADDR_W11_ACT_W16         152    640.224   136.481      776.705 
  exp_LUT              exp_LUT                                                   4536   8251.434  5979.705    14231.139 
  inv_LUT              inv_LUT                                                   2336   4163.166  3036.645     7199.811 
  mem_cluster          memory_cluster_ADDR_W11                                   6324  22373.298  7804.972    30178.270 
  memory_P_ij          memory_single_port_ADDR_W11_DATA_W16_2374                   56    181.260    64.544      245.804 
  memory_P_ij_A        memory_single_port_ADDR_W11_DATA_W16                        58    186.390    71.082      257.472 
  memory_P_ij_arbitrer ping_pong_arbiter_ADDR_W11_P_IJ_W16_ADDR_P_IJ_W11           99    228.456    49.605      278.061 
  memory_act           memory_dual_port_ADDR_W11_DATA_W16_3463                      2      0.684     0.741        1.425 
  memory_coord_b1      memory_dual_port_ADDR_W11_DATA_W16                          34     55.404    24.461       79.865 
  memory_coord_b2      memory_dual_port_ADDR_W11_DATA_W16_3464                      2      0.684     0.741        1.425 
