============================================================
  Generated by:           Genus(TM) Synthesis Solution 21.18-s082_1
  Generated on:           Aug 31 2026  02:37:05 pm
  Module:                 clusterization
  Operating conditions:   PVT_0P9V_125C 
  Operating conditions:   PVT_1P32V_0C 
  Interconnect mode:      global
  Area mode:              physical library
============================================================

Timing
--------

Clock  Period 
--------------
clk   10000.0 


  Cost    Critical         Violating 
 Group   Path Slack  TNS     Paths   
-------------------------------------
clk             0.7   0.0          0 
default    No paths   0.0            
-------------------------------------
Total                 0.0          0 

Instance Count
--------------
Leaf Instance Count             20116 
Physical Instance count             0 
Sequential Instance Count        3429 
Combinational Instance Count    16687 
Hierarchical Instance Count        13 

Area
----
Cell Area                          1948622.181
Physical Cell Area                 0.000
Total Cell Area (Cell+Physical)    1948622.181
Net Area                           26208.172
Total Area (Cell+Physical+Net)     1974830.353

Max Fanout                         3431 (clk)
Min Fanout                         0 (done_b1)
Average Fanout                     2.5
Terms to net ratio                 3.5653
Terms to instance ratio            3.8869
Runtime                            1142.463811 seconds
Elapsed Runtime                    1161 seconds
Genus peak memory usage            2901.90 
Innovus peak memory usage          no_value 
Hostname                           gmicro02
