============================================================
  Generated by:           Genus(TM) Synthesis Solution 21.18-s082_1
  Generated on:           Aug 21 2026  12:49:08 pm
  Module:                 clusterization
  Operating conditions:   PVT_0P9V_125C 
  Operating conditions:   PVT_1P32V_0C 
  Interconnect mode:      global
  Area mode:              physical library
============================================================


Path 1: MET (6 ps) Setup Check with Pin bloc_grad/P_ij_norm_reg[0]/CK->D
          Group: clk
     Startpoint: (R) bloc_exp/out_i_reg[0]/CK
          Clock: (R) clk
       Endpoint: (F) bloc_grad/P_ij_norm_reg[0]/D
          Clock: (R) clk

                     Capture       Launch     
        Clock Edge:+   10000            0     
       Src Latency:+       0            0     
       Net Latency:+     100 (I)      100 (I) 
           Arrival:=   10100          100     
                                              
             Setup:-     214                  
       Uncertainty:-      50                  
     Required Time:=    9836                  
      Launch Clock:-     100                  
         Data Path:-    9730                  
             Slack:=       6                  

#-------------------------------------------------------------------------------------------------------
#         Timing Point          Flags    Arc   Edge   Cell     Fanout Load Trans Delay Arrival Instance 
#                                                                     (fF)  (ps)  (ps)   (ps)  Location 
#-------------------------------------------------------------------------------------------------------
  bloc_exp/out_i_reg[0]/CK      -       -      R     (arrival)   3490    -     0     0     100    (-,-) 
  bloc_exp/out_i_reg[0]/Q       -       CK->Q  F     EDFFHQX2       6 13.3   180   304     404    (-,-) 
  memory_P_ij_arbitrer/g1508/Y  -       A->Y   R     INVX4         18 32.4   196   184     587    (-,-) 
  memory_P_ij_arbitrer/g1503/Y  -       B->Y   R     AND2X6        14 26.3   121   261     848    (-,-) 
  memory_P_ij_arbitrer/g2/Y     -       S0->Y  F     CLKMX2X2       3  7.2   121   265    1113    (-,-) 
  memory_P_ij_A/fopt343/Y       -       A->Y   F     BUFX6         16 31.0   154   184    1297    (-,-) 
  memory_P_ij_A/g335/Y          -       A->Y   R     INVX1          2  5.6   148   160    1456    (-,-) 
  memory_P_ij_A/g320/Y          -       B1->Y  F     OAI22X2        1  3.3   158   176    1633    (-,-) 
  memory_P_ij_arbitrer/g1515/Y  -       A1->Y  F     AO22X4        17 34.0   257   366    1999    (-,-) 
  bloc_grad/mul_361_32_g4973/Y  -       A->Y   R     INVX3         13 25.1   212   229    2228    (-,-) 
  bloc_grad/mul_361_32_g4949/Y  -       B->Y   F     NOR2X1         2  4.8   168   204    2432    (-,-) 
  bloc_grad/mul_361_32_g4849/Y  -       B->Y   F     OR2X1          2  5.2   146   227    2659    (-,-) 
  bloc_grad/mul_361_32_g4750/Y  -       A->Y   R     NOR2X1         2  5.4   274   242    2901    (-,-) 
  bloc_grad/mul_361_32_g4629/CO -       CI->CO R     ADDFX1         1  3.5   100   339    3240    (-,-) 
  bloc_grad/mul_361_32_g4628/CO -       CI->CO R     ADDFX1         1  3.5    98   250    3490    (-,-) 
  bloc_grad/mul_361_32_g4624/CO -       CI->CO R     ADDFX1         2  5.0   129   267    3757    (-,-) 
  bloc_grad/mul_361_32_g4623/Y  -       A->Y   F     INVX1          1  3.3   113   132    3889    (-,-) 
  bloc_grad/mul_361_32_g4622/Y  -       A0->Y  R     OAI21X1        1  3.5   206   191    4080    (-,-) 
  bloc_grad/mul_361_32_g4616/CO -       CI->CO R     ADDFX1         1  3.5    99   305    4384    (-,-) 
  bloc_grad/mul_361_32_g4607/CO -       CI->CO R     ADDFX1         1  3.3    94   248    4632    (-,-) 
  bloc_grad/mul_361_32_g4606/Y  -       A->Y   F     INVX1          3  6.6   188   155    4787    (-,-) 
  bloc_grad/mul_361_32_g4598/Y  -       C->Y   F     OR3X1          1  3.6   112   264    5051    (-,-) 
  bloc_grad/g12594/Y            -       C0->Y  R     OAI211X2       1  3.5   143    92    5143    (-,-) 
  bloc_grad/mul_361_32_g4581/CO -       CI->CO R     ADDFX1         1  3.5    99   272    5416    (-,-) 
  bloc_grad/mul_361_32_g4548/CO -       CI->CO R     ADDFX1         2  5.6   141   274    5690    (-,-) 
  bloc_grad/mul_361_32_g4547/Y  -       A->Y   F     INVX2          2  5.5   100   124    5814    (-,-) 
  bloc_grad/mul_361_32_g4544/Y  -       A2->Y  R     OAI31X2        1  3.5   186   169    5983    (-,-) 
  bloc_grad/mul_361_32_g4529/CO -       CI->CO R     ADDFX1         1  3.5    99   294    6277    (-,-) 
  bloc_grad/mul_361_32_g4519/CO -       CI->CO R     ADDFX1         5 10.0   232   324    6601    (-,-) 
  bloc_grad/mul_361_32_g4505/Y  -       A1->Y  R     AO21X1         4  8.2   188   331    6933    (-,-) 
  bloc_grad/mul_361_32_g4501/Y  -       D->Y   R     AND4X1         1  3.1   104   385    7318    (-,-) 
  bloc_grad/mul_361_32_g4498/Y  -       C->Y   R     OR3X1          3  7.4   167   192    7509    (-,-) 
  bloc_grad/mul_361_32_g4494/Y  -       C->Y   F     NAND3X2        1  3.2   214   211    7720    (-,-) 
  bloc_grad/mul_361_32_g4490/Y  -       B->Y   R     NAND2X1        1  3.5   126   173    7894    (-,-) 
  bloc_grad/mul_361_32_g4485/CO -       CI->CO R     ADDFX1         1  3.3    94   261    8155    (-,-) 
  bloc_grad/mul_361_32_g4484/Y  -       B->Y   F     XNOR2X1        1  3.1    95   193    8348    (-,-) 
  bloc_grad/srl_361_49_g1206/Y  -       B->Y   F     MX2X1          2  4.8   138   229    8576    (-,-) 
  bloc_grad/srl_361_49_g1179/Y  -       C->Y   F     MX3XL          2  4.8   240   289    8865    (-,-) 
  bloc_grad/srl_361_49_g1161/Y  -       C->Y   F     MX3XL          2  4.8   240   335    9200    (-,-) 
  bloc_grad/srl_361_49_g1148/Y  -       C->Y   F     MX3XL          2  4.8   240   335    9535    (-,-) 
  bloc_grad/srl_361_49_g1142/Y  -       C->Y   F     MX3XL          1  3.2   166   295    9830    (-,-) 
  bloc_grad/P_ij_norm_reg[0]/D  <<<     -      F     EDFFHQX2       1    -     -     0    9830    (-,-) 
#-------------------------------------------------------------------------------------------------------

