============================================================
  Generated by:           Genus(TM) Synthesis Solution 21.18-s082_1
  Generated on:           Aug 21 2026  12:49:08 pm
  Module:                 clusterization
  Operating conditions:   PVT_0P9V_125C 
  Operating conditions:   PVT_1P32V_0C 
  Interconnect mode:      global
  Area mode:              physical library
============================================================

                                                     Library 
     Gate      Instances    Area         Library      Domain 
-------------------------------------------------------------
ADDFX1              1391   7135.830    slow_vdd1v0     worst 
ADDHX1               300   1128.600    slow_vdd1v0     worst 
ADDHX2                 2     10.260    slow_vdd1v0     worst 
AND2X1              1566   2142.288    slow_vdd1v0     worst 
AND2X2               118    201.780    slow_vdd1v0     worst 
AND2X4               192    525.312    slow_vdd1v0     worst 
AND2X6                10     37.620    slow_vdd1v0     worst 
AND2X8                 9     40.014    slow_vdd1v0     worst 
AND3X2                 2      5.472    slow_vdd1v0     worst 
AND3X4                 3      9.234    slow_vdd1v0     worst 
AND3X6                 2      8.892    slow_vdd1v0     worst 
AND3X8                 3     15.390    slow_vdd1v0     worst 
AND3XL                46     94.392    slow_vdd1v0     worst 
AND4X1                70    167.580    slow_vdd1v0     worst 
AO21X1              2205   5278.770    slow_vdd1v0     worst 
AO21X2                 3      8.208    slow_vdd1v0     worst 
AO21X4                 2      6.840    slow_vdd1v0     worst 
AO22X1               744   2035.584    slow_vdd1v0     worst 
AO22X2                 3      9.234    slow_vdd1v0     worst 
AO22X4                 1      3.762    slow_vdd1v0     worst 
AOI211X1              23     55.062    slow_vdd1v0     worst 
AOI211X2              65    222.300    slow_vdd1v0     worst 
AOI21X1             1177   2012.670    slow_vdd1v0     worst 
AOI21X2                7     19.152    slow_vdd1v0     worst 
AOI221X2             142    631.332    slow_vdd1v0     worst 
AOI221X4               1      7.866    slow_vdd1v0     worst 
AOI222X2               2     10.944    slow_vdd1v0     worst 
AOI22X1              737   1512.324    slow_vdd1v0     worst 
AOI22X2                3     11.286    slow_vdd1v0     worst 
AOI2BB1X1            102    209.304    slow_vdd1v0     worst 
AOI2BB1X2             19     58.482    slow_vdd1v0     worst 
AOI31X2               41    140.220    slow_vdd1v0     worst 
AOI32X2               15     66.690    slow_vdd1v0     worst 
AOI33X4                3     27.702    slow_vdd1v0     worst 
BUFX12                 3     15.390    slow_vdd1v0     worst 
BUFX16                 5     34.200    slow_vdd1v0     worst 
BUFX2                 66    112.860    slow_vdd1v0     worst 
BUFX20                 2     16.416    slow_vdd1v0     worst 
BUFX3                  8     16.416    slow_vdd1v0     worst 
BUFX4                 10     23.940    slow_vdd1v0     worst 
BUFX6                 28     86.184    slow_vdd1v0     worst 
BUFX8                  6     22.572    slow_vdd1v0     worst 
CLKAND2X12            19    142.956    slow_vdd1v0     worst 
CLKAND2X2              4      8.208    slow_vdd1v0     worst 
CLKAND2X3              2      6.156    slow_vdd1v0     worst 
CLKBUFX20              1      8.208    slow_vdd1v0     worst 
CLKBUFX6               8     24.624    slow_vdd1v0     worst 
CLKINVX12             10     41.040    slow_vdd1v0     worst 
CLKINVX16             26    142.272    slow_vdd1v0     worst 
CLKINVX20              9     58.482    slow_vdd1v0     worst 
CLKINVX4              37     63.270    slow_vdd1v0     worst 
CLKINVX6              12     28.728    slow_vdd1v0     worst 
CLKINVX8              13     40.014    slow_vdd1v0     worst 
CLKMX2X2              20     61.560    slow_vdd1v0     worst 
CLKMX2X4               2      8.208    slow_vdd1v0     worst 
CLKXOR2X1             26     71.136    slow_vdd1v0     worst 
DFFHQX1               86    470.592    slow_vdd1v0     worst 
DFFHQX8                7     64.638    slow_vdd1v0     worst 
DFFQX2                10     64.980    slow_vdd1v0     worst 
DFFQX4                 1      7.182    slow_vdd1v0     worst 
DFFRHQX1            2427  14940.612    slow_vdd1v0     worst 
DFFRHQX4               3     28.728    slow_vdd1v0     worst 
DFFRX1                37    253.080    slow_vdd1v0     worst 
DFFRX2                32    240.768    slow_vdd1v0     worst 
DFFRX4                 1      9.576    slow_vdd1v0     worst 
DFFSHQX1              18    116.964    slow_vdd1v0     worst 
EDFFHQX1             676   5779.800    slow_vdd1v0     worst 
EDFFHQX2              15    133.380    slow_vdd1v0     worst 
EDFFHQX4              11    116.622    slow_vdd1v0     worst 
EDFFHQX8              23    267.444    slow_vdd1v0     worst 
EDFFX2                46    424.764    slow_vdd1v0     worst 
INVX1                841    575.244    slow_vdd1v0     worst 
INVX12                 1      4.104    slow_vdd1v0     worst 
INVX2                202    207.252    slow_vdd1v0     worst 
INVX3                 61     83.448    slow_vdd1v0     worst 
INVX4                  3      5.130    slow_vdd1v0     worst 
INVX6                 11     26.334    slow_vdd1v0     worst 
INVX8                  6     18.468    slow_vdd1v0     worst 
INVXL                  4      2.736    slow_vdd1v0     worst 
MDFFHQX1               2     17.100    slow_vdd1v0     worst 
MDFFHQX4              87    803.358    slow_vdd1v0     worst 
MX2X1                676   1618.344    slow_vdd1v0     worst 
MX3XL                 11     52.668    slow_vdd1v0     worst 
MXI2X1                10     27.360    slow_vdd1v0     worst 
MXI2X6                 6     30.780    slow_vdd1v0     worst 
NAND2BX1             104    142.272    slow_vdd1v0     worst 
NAND2BX2              40     95.760    slow_vdd1v0     worst 
NAND2BX4              17     63.954    slow_vdd1v0     worst 
NAND2X1              499    511.974    slow_vdd1v0     worst 
NAND2X2              175    299.250    slow_vdd1v0     worst 
NAND2X4                4     13.680    slow_vdd1v0     worst 
NAND3BX2              24     73.872    slow_vdd1v0     worst 
NAND3BX4               1      5.130    slow_vdd1v0     worst 
NAND3X2               37    101.232    slow_vdd1v0     worst 
NAND3X4                1      4.788    slow_vdd1v0     worst 
NOR2BX1              140    191.520    slow_vdd1v0     worst 
NOR2BX2               13     35.568    slow_vdd1v0     worst 
NOR2BX4                9     33.858    slow_vdd1v0     worst 
NOR2X1               640    656.640    slow_vdd1v0     worst 
NOR2X2                87    148.770    slow_vdd1v0     worst 
NOR2X4                 8     24.624    slow_vdd1v0     worst 
NOR2X6                 1      4.104    slow_vdd1v0     worst 
NOR3BX1                2      4.104    slow_vdd1v0     worst 
NOR3BX2                2      6.840    slow_vdd1v0     worst 
NOR3X1                17     29.070    slow_vdd1v0     worst 
NOR3X2                 9     24.624    slow_vdd1v0     worst 
NOR4BBX2               1      5.130    slow_vdd1v0     worst 
NOR4BX2                6     28.728    slow_vdd1v0     worst 
NOR4X2                71    242.820    slow_vdd1v0     worst 
OA21X1               241    494.532    slow_vdd1v0     worst 
OA21X2                 2      6.156    slow_vdd1v0     worst 
OA22X1               457   1094.058    slow_vdd1v0     worst 
OAI211X2               2      8.208    slow_vdd1v0     worst 
OAI21X1              383    654.930    slow_vdd1v0     worst 
OAI21X2               12     36.936    slow_vdd1v0     worst 
OAI22X1              614   1259.928    slow_vdd1v0     worst 
OAI22X2               11     37.620    slow_vdd1v0     worst 
OAI2BB1X1            853   1458.630    slow_vdd1v0     worst 
OAI2BB1X2              7     21.546    slow_vdd1v0     worst 
OAI2BB2X2              1      5.472    slow_vdd1v0     worst 
OAI31X1               13     26.676    slow_vdd1v0     worst 
OAI31X2               45    169.290    slow_vdd1v0     worst 
OAI32X2               22     97.812    slow_vdd1v0     worst 
OR2X1                754   1031.472    slow_vdd1v0     worst 
OR2X2                142    242.820    slow_vdd1v0     worst 
OR2X4                 77    210.672    slow_vdd1v0     worst 
OR2X6                 17     63.954    slow_vdd1v0     worst 
OR2X8                 15     66.690    slow_vdd1v0     worst 
OR3X1                130    266.760    slow_vdd1v0     worst 
OR4X1                224    459.648    slow_vdd1v0     worst 
OR4X2                  1      3.420    slow_vdd1v0     worst 
RAM2P_1024X32          2      0.000    RAM2P_1024X32   worst 
RAM_4096X32            4      0.000    RAM_4096X32     worst 
XNOR2X1              621   1486.674    slow_vdd1v0     worst 
XNOR2X2                1      3.078    slow_vdd1v0     worst 
XNOR2X4               11     41.382    slow_vdd1v0     worst 
XOR2X1                 2      5.472    slow_vdd1v0     worst 
XOR2X4                 1      4.104    slow_vdd1v0     worst 
-------------------------------------------------------------
total              21213  63280.944                  


   Library    Instances    Area   Instances % 
----------------------------------------------
RAM2P_1024X32         2     0.000         0.0 
RAM_4096X32           4     0.000         0.0 
slow_vdd1v0       21207 63280.944       100.0 

                                          
     Type      Instances    Area   Area % 
------------------------------------------
timing_model           6     0.000    0.0 
sequential          3482 23739.588   37.5 
inverter            1236  1296.522    2.0 
buffer               137   360.810    0.6 
logic              16352 37884.024   59.9 
physical_cells         0     0.000    0.0 
------------------------------------------
total              21213 63280.944  100.0 

