============================================================
  Generated by:           Genus(TM) Synthesis Solution 21.18-s082_1
  Generated on:           Sep 14 2026  11:11:03 am
  Module:                 clusterization_v2
  Operating conditions:   PVT_0P9V_125C 
  Operating conditions:   PVT_1P32V_0C 
  Interconnect mode:      global
  Area mode:              physical library
============================================================

Timing
--------

Clock  Period 
--------------
clk   10000.0 


  Cost    Critical         Violating 
 Group   Path Slack  TNS     Paths   
-------------------------------------
clk            17.5   0.0          0 
default    No paths   0.0            
-------------------------------------
Total                 0.0          0 

Instance Count
--------------
Leaf Instance Count             30819 
Physical Instance count             0 
Sequential Instance Count        5800 
Combinational Instance Count    25019 
Hierarchical Instance Count        11 

Area
----
Cell Area                          1507500.628
Physical Cell Area                 0.000
Total Cell Area (Cell+Physical)    1507500.628
Net Area                           40096.545
Total Area (Cell+Physical+Net)     1547597.173

Max Fanout                         5800 (clk)
Min Fanout                         0 (done_b1)
Average Fanout                     2.5
Terms to net ratio                 3.6659
Terms to instance ratio            3.9105
Runtime                            2283.660384 seconds
Elapsed Runtime                    2311 seconds
Genus peak memory usage            3208.38 
Innovus peak memory usage          no_value 
Hostname                           gmicro02
