============================================================
  Generated by:           Genus(TM) Synthesis Solution 21.18-s082_1
  Generated on:           Sep 14 2026  11:11:03 am
  Module:                 clusterization_v2
  Library domain:         worst
    Domain index:         0
    Technology libraries: slow_vdd1v0 1.0
                          RAM_4096X32 1.1
                          RAM2P_1024X32 1.1
  Library domain:         best
    Domain index:         1
    Technology libraries: fast_vdd1v2 1.0
                          RAM_4096X32 1.1
                          RAM2P_1024X32 1.1
  Operating conditions:   PVT_0P9V_125C 
  Operating conditions:   PVT_1P32V_0C 
  Interconnect mode:      global
  Area mode:              physical library
============================================================

     Instance                            Module                        Cell Count   Cell Area  Net Area   Total Area 
---------------------------------------------------------------------------------------------------------------------
clusterization_v2                                                           30819 1507500.628 40096.545  1547597.173 
  NB_POINTS_LOADER NB_POINTS_LOADER                                            25     143.298    16.877      160.175 
  cluster_assign   cluster_assign_v3_COORD_W16_ADDR_W12_TOL170459136         1140    4433.688  1450.776     5884.464 
  coord_memory_b1  memory_dual_port_ADDR_W12_DATA_W16                          35  353449.268    25.202   353474.470 
  coord_memory_b2  memory_dual_port_ADDR_W12_DATA_W16_5594                      3  353394.548     1.482   353396.031 
  exp_LUT          exp_LUT_v2                                                9058   16450.542 11964.997    28415.539 
  exp_block        dist_mat_arg_exp_v2_COORD_W16_ADDR_W12_ADDR_P_IJ_W        2546   11399.886  3081.062    14480.948 
  grad_block       norm_entropy_grad_v2_COORD_W16_ADDR_W12_P_IJ_W16_A        3220   11372.526  4131.117    15503.643 
  inv_LUT          inv_LUT                                                   2311    4176.846  3034.364     7211.210 
  memory_cluster   memory_cluster_ADDR_W12                                  12040  397873.358 15155.704   413029.062 
  upd_block        act_coord_v3_COORD_W16_ADDR_W12_ACT_W16                    199     720.594   178.617      899.211 
  upd_memory       memory_dual_port_ADDR_W12_DATA_W16_5593                      3  353394.548     1.482   353396.031 
