============================================================
  Generated by:           Genus(TM) Synthesis Solution 21.18-s082_1
  Generated on:           Sep 14 2026  11:11:03 am
  Module:                 clusterization_v2
  Operating conditions:   PVT_0P9V_125C 
  Operating conditions:   PVT_1P32V_0C 
  Interconnect mode:      global
  Area mode:              physical library
============================================================

                                                   Library 
    Gate     Instances     Area         Library     Domain 
-----------------------------------------------------------
ADDFX1            1370     7028.100    slow_vdd1v0   worst 
ADDHX1             314     1181.268    slow_vdd1v0   worst 
ADDHX2               7       35.910    slow_vdd1v0   worst 
ADDHX4               1        7.182    slow_vdd1v0   worst 
AND2X1            2320     3173.760    slow_vdd1v0   worst 
AND2X2             246      420.660    slow_vdd1v0   worst 
AND2X4             359      982.224    slow_vdd1v0   worst 
AND2X6              10       37.620    slow_vdd1v0   worst 
AND2X8               6       26.676    slow_vdd1v0   worst 
AND3X1               4        9.576    slow_vdd1v0   worst 
AND3X4               1        3.078    slow_vdd1v0   worst 
AND3X6               1        4.446    slow_vdd1v0   worst 
AND3XL              82      168.264    slow_vdd1v0   worst 
AND4X1              97      232.218    slow_vdd1v0   worst 
AND4X2               1        3.078    slow_vdd1v0   worst 
AO21X1            4238    10145.772    slow_vdd1v0   worst 
AO21X2               9       24.624    slow_vdd1v0   worst 
AO21X4               1        3.420    slow_vdd1v0   worst 
AO22X1             428     1171.008    slow_vdd1v0   worst 
AOI211X1            44      105.336    slow_vdd1v0   worst 
AOI211X2           102      348.840    slow_vdd1v0   worst 
AOI21X1           1022     1747.620    slow_vdd1v0   worst 
AOI21X2             17       46.512    slow_vdd1v0   worst 
AOI21X4              1        5.130    slow_vdd1v0   worst 
AOI221X1             5       11.970    slow_vdd1v0   worst 
AOI221X2           246     1093.716    slow_vdd1v0   worst 
AOI222X2           260     1422.720    slow_vdd1v0   worst 
AOI22X1           2172     4456.944    slow_vdd1v0   worst 
AOI22X2             13       48.906    slow_vdd1v0   worst 
AOI2BB1X1          216      443.232    slow_vdd1v0   worst 
AOI2BB1X2           24       73.872    slow_vdd1v0   worst 
AOI2BB1X4            1        4.104    slow_vdd1v0   worst 
AOI31X2            188      642.960    slow_vdd1v0   worst 
AOI32X2             28      124.488    slow_vdd1v0   worst 
AOI33X4              1        9.234    slow_vdd1v0   worst 
BUFX12               5       25.650    slow_vdd1v0   worst 
BUFX16               4       27.360    slow_vdd1v0   worst 
BUFX2               41       70.110    slow_vdd1v0   worst 
BUFX20               9       73.872    slow_vdd1v0   worst 
BUFX3                4        8.208    slow_vdd1v0   worst 
BUFX4                7       16.758    slow_vdd1v0   worst 
BUFX6               30       92.340    slow_vdd1v0   worst 
BUFX8                1        3.762    slow_vdd1v0   worst 
CLKAND2X12          49      368.676    slow_vdd1v0   worst 
CLKAND2X2            3        6.156    slow_vdd1v0   worst 
CLKAND2X3            4       12.312    slow_vdd1v0   worst 
CLKAND2X6            1        4.788    slow_vdd1v0   worst 
CLKBUFX16            8       54.720    slow_vdd1v0   worst 
CLKBUFX20            5       41.040    slow_vdd1v0   worst 
CLKBUFX6             2        6.156    slow_vdd1v0   worst 
CLKINVX12           32      131.328    slow_vdd1v0   worst 
CLKINVX16           27      147.744    slow_vdd1v0   worst 
CLKINVX20           24      155.952    slow_vdd1v0   worst 
CLKINVX4            43       73.530    slow_vdd1v0   worst 
CLKINVX6            22       52.668    slow_vdd1v0   worst 
CLKINVX8            17       52.326    slow_vdd1v0   worst 
CLKMX2X2             9       27.702    slow_vdd1v0   worst 
CLKMX2X6             3       13.338    slow_vdd1v0   worst 
CLKXOR2X1           54      147.744    slow_vdd1v0   worst 
DFFHQX1             81      443.232    slow_vdd1v0   worst 
DFFHQX8             16      147.744    slow_vdd1v0   worst 
DFFQX2              21      136.458    slow_vdd1v0   worst 
DFFQX4              16      114.912    slow_vdd1v0   worst 
DFFRHQX1          4507    27745.092    slow_vdd1v0   worst 
DFFRHQX4             1        9.576    slow_vdd1v0   worst 
DFFRX1              35      239.400    slow_vdd1v0   worst 
DFFRX2              23      173.052    slow_vdd1v0   worst 
DFFRX4               3       28.728    slow_vdd1v0   worst 
DFFSHQX1            16      103.968    slow_vdd1v0   worst 
DFFSHQX8             1       10.602    slow_vdd1v0   worst 
DFFX4                3       27.702    slow_vdd1v0   worst 
EDFFHQX1           867     7412.850    slow_vdd1v0   worst 
EDFFHQX2             2       17.784    slow_vdd1v0   worst 
EDFFHQX8             2       23.256    slow_vdd1v0   worst 
EDFFX2              54      498.636    slow_vdd1v0   worst 
EDFFX4              16      175.104    slow_vdd1v0   worst 
INVX1              963      658.692    slow_vdd1v0   worst 
INVX12               3       12.312    slow_vdd1v0   worst 
INVX2              278      285.228    slow_vdd1v0   worst 
INVX20              16      103.968    slow_vdd1v0   worst 
INVX3               86      117.648    slow_vdd1v0   worst 
INVX4                1        1.710    slow_vdd1v0   worst 
INVX6               17       40.698    slow_vdd1v0   worst 
INVX8                6       18.468    slow_vdd1v0   worst 
INVXL                1        0.684    slow_vdd1v0   worst 
MDFFHQX1             8       68.400    slow_vdd1v0   worst 
MDFFHQX4           124     1145.016    slow_vdd1v0   worst 
MX2X1              454     1086.876    slow_vdd1v0   worst 
MX3XL               24      114.912    slow_vdd1v0   worst 
MXI2X1              15       41.040    slow_vdd1v0   worst 
NAND2BX1           107      146.376    slow_vdd1v0   worst 
NAND2BX2            61      146.034    slow_vdd1v0   worst 
NAND2BX4            18       67.716    slow_vdd1v0   worst 
NAND2X1            883      905.958    slow_vdd1v0   worst 
NAND2X2            206      352.260    slow_vdd1v0   worst 
NAND2X4              5       17.100    slow_vdd1v0   worst 
NAND3BX2            27       83.106    slow_vdd1v0   worst 
NAND3X2            363      993.168    slow_vdd1v0   worst 
NOR2BX1            181      247.608    slow_vdd1v0   worst 
NOR2BX2             35       95.760    slow_vdd1v0   worst 
NOR2BX4             12       45.144    slow_vdd1v0   worst 
NOR2X1             826      847.476    slow_vdd1v0   worst 
NOR2X2             171      292.410    slow_vdd1v0   worst 
NOR2X4               8       24.624    slow_vdd1v0   worst 
NOR2X6               3       12.312    slow_vdd1v0   worst 
NOR3BX1              6       12.312    slow_vdd1v0   worst 
NOR3BX2              2        6.840    slow_vdd1v0   worst 
NOR3X1              25       42.750    slow_vdd1v0   worst 
NOR3X2              17       46.512    slow_vdd1v0   worst 
NOR3X4               1        5.130    slow_vdd1v0   worst 
NOR4BX2              1        4.788    slow_vdd1v0   worst 
NOR4X2              46      157.320    slow_vdd1v0   worst 
OA21X1             406      833.112    slow_vdd1v0   worst 
OA21X2               5       15.390    slow_vdd1v0   worst 
OA21X4               4       15.048    slow_vdd1v0   worst 
OA22X1             649     1553.706    slow_vdd1v0   worst 
OAI21X1            574      981.540    slow_vdd1v0   worst 
OAI21X2             18       55.404    slow_vdd1v0   worst 
OAI22X1            611     1253.772    slow_vdd1v0   worst 
OAI22X2              9       30.780    slow_vdd1v0   worst 
OAI2BB1X1         1266     2164.860    slow_vdd1v0   worst 
OAI2BB1X2           13       40.014    slow_vdd1v0   worst 
OAI31X1             18       36.936    slow_vdd1v0   worst 
OAI31X2             50      188.100    slow_vdd1v0   worst 
OAI32X2             25      111.150    slow_vdd1v0   worst 
OR2X1              966     1321.488    slow_vdd1v0   worst 
OR2X2              207      353.970    slow_vdd1v0   worst 
OR2X4               87      238.032    slow_vdd1v0   worst 
OR2X6               23       86.526    slow_vdd1v0   worst 
OR2X8                7       31.122    slow_vdd1v0   worst 
OR3X1              187      383.724    slow_vdd1v0   worst 
OR3X4                1        3.078    slow_vdd1v0   worst 
OR3X8                2       10.944    slow_vdd1v0   worst 
OR4X1              259      531.468    slow_vdd1v0   worst 
OR4X2                1        3.420    slow_vdd1v0   worst 
RAM_4096X32          4  1413572.722    RAM_4096X32   worst 
XNOR2X1            510     1220.940    slow_vdd1v0   worst 
XNOR2X2              5       15.390    slow_vdd1v0   worst 
XNOR2X4              8       30.096    slow_vdd1v0   worst 
XOR2X1               1        2.736    slow_vdd1v0   worst 
-----------------------------------------------------------
total            30819  1507500.628                


  Library   Instances     Area    Instances % 
----------------------------------------------
RAM_4096X32         4 1413572.722         0.0 
slow_vdd1v0     30815   93927.906       100.0 

                                            
     Type      Instances     Area    Area % 
--------------------------------------------
timing_model           4 1413572.722   93.8 
sequential          5796   38521.512    2.6 
inverter            1536    1852.956    0.1 
buffer               116     419.976    0.0 
logic              23367   53133.462    3.5 
physical_cells         0       0.000    0.0 
--------------------------------------------
total              30819 1507500.628  100.0 

