============================================================
  Generated by:           Genus(TM) Synthesis Solution 21.18-s082_1
  Generated on:           Aug 25 2026  02:11:44 pm
  Module:                 clusterization
  Operating conditions:   PVT_0P9V_125C 
  Operating conditions:   PVT_1P32V_0C 
  Interconnect mode:      global
  Area mode:              physical library
============================================================


Path 1: MET (1 ps) Setup Check with Pin bloc_grad/P_ij_norm_reg[1]/CK->D
          Group: clk
     Startpoint: (R) bloc_exp/valid_out_reg/CK
          Clock: (R) clk
       Endpoint: (R) bloc_grad/P_ij_norm_reg[1]/D
          Clock: (R) clk

                     Capture       Launch     
        Clock Edge:+    8000            0     
       Src Latency:+       0            0     
       Net Latency:+     100 (I)      100 (I) 
           Arrival:=    8100          100     
                                              
             Setup:-     236                  
       Uncertainty:-      50                  
     Required Time:=    7814                  
      Launch Clock:-     100                  
         Data Path:-    7714                  
             Slack:=       1                  

#--------------------------------------------------------------------------------------------------------------
#            Timing Point              Flags    Arc   Edge   Cell     Fanout Load Trans Delay Arrival Instance 
#                                                                            (fF)  (ps)  (ps)   (ps)  Location 
#--------------------------------------------------------------------------------------------------------------
  bloc_exp/valid_out_reg/CK            -       -      R     (arrival)   3430    -     0     0     100    (-,-) 
  bloc_exp/valid_out_reg/Q             -       CK->Q  R     DFFRX2         6 16.7   200   362     462    (-,-) 
  memory_P_ij_arbiter/g1065/Y          -       A->Y   F     NAND2X4        2  5.1   127   176     638    (-,-) 
  memory_P_ij_arbiter/g1519/Y          -       S0->Y  R     CLKMX2X6      17 35.8   186   376    1014    (-,-) 
  memory_P_ij/g343/Y                   -       A->Y   F     CLKINVX6       7 14.7   105   133    1146    (-,-) 
  memory_P_ij/g329/Y                   -       B1->Y  R     OAI22X1        1  3.1   217   162    1308    (-,-) 
  memory_P_ij_arbiter/g1226/Y          -       B->Y   R     CLKMX2X2       8 16.5   203   393    1702    (-,-) 
  bloc_grad/mul_361_32_g4995/Y         -       A->Y   F     INVX2          5 10.2   169   190    1891    (-,-) 
  bloc_grad/mul_361_32_g4927/Y         -       B->Y   R     XNOR2X1        2  5.2   125   273    2164    (-,-) 
  bloc_grad/mul_361_32_g4745/Y         -       B1->Y  F     OAI22X1        1  3.6   274   228    2392    (-,-) 
  bloc_grad/mul_361_32_cdnfadd_005_0/S -       B->S   R     ADDFX1         2  6.8   169   475    2866    (-,-) 
  bloc_grad/mul_361_32_g4641/Y         -       B->Y   F     NOR2X2         2  5.3   111   140    3006    (-,-) 
  bloc_grad/mul_361_32_g4636/Y         -       A1->Y  R     OAI21X2        1  3.7   130   135    3142    (-,-) 
  bloc_grad/mul_361_32_g4618/CO        -       CI->CO R     ADDFHX2        2  6.0    99   266    3408    (-,-) 
  bloc_grad/mul_361_32_g4617/Y         -       A->Y   F     INVX3          1  4.4    61    81    3489    (-,-) 
  bloc_grad/mul_361_32_g4616/Y         -       A1->Y  R     OAI21X4        2  5.6   101    93    3582    (-,-) 
  bloc_grad/mul_361_32_g4598/Y         -       B->Y   R     AND2X6         2  6.2    53   178    3760    (-,-) 
  bloc_grad/mul_361_32_g4590/Y         -       A1->Y  F     AOI21X4        2  6.3   142   121    3881    (-,-) 
  bloc_grad/mul_361_32_g4583/Y         -       A1->Y  R     OAI21X4        2  6.0   113   133    4015    (-,-) 
  bloc_grad/mul_361_32_g4579/Y         -       A->Y   F     INVX3          1  4.4    63    88    4102    (-,-) 
  bloc_grad/mul_361_32_g4567/Y         -       A1->Y  R     OAI21X4        2  5.0    94    90    4193    (-,-) 
  bloc_grad/mul_361_32_g5053/Y         -       AN->Y  R     NOR2BX2        2  6.2   181   215    4408    (-,-) 
  bloc_grad/mul_361_32_g4531/Y         -       A1->Y  F     AOI21X4        2  5.0   134   173    4581    (-,-) 
  bloc_grad/mul_361_32_g2/Y            -       A1->Y  F     OA21X2         2  6.3   109   244    4824    (-,-) 
  bloc_grad/mul_361_32_g4497/Y         -       A1->Y  R     OAI21X4        2  6.4   114   120    4945    (-,-) 
  bloc_grad/mul_361_32_g4495/Y         -       A->Y   F     CLKINVX4       3  7.9    77    94    5038    (-,-) 
  bloc_grad/mul_361_32_g4491/Y         -       A2->Y  R     OAI31X4        2  5.8   159   138    5176    (-,-) 
  bloc_grad/mul_361_32_g4487/Y         -       B->Y   R     CLKAND2X6      2  6.2    42   154    5330    (-,-) 
  bloc_grad/mul_361_32_g4483/Y         -       A1->Y  F     AOI21X4        2  6.3   144   116    5446    (-,-) 
  bloc_grad/mul_361_32_g4480/Y         -       A1->Y  R     OAI21X4        2  5.0   103   128    5574    (-,-) 
  bloc_grad/mul_361_32_g5049/Y         -       AN->Y  R     NOR2BX2        1  5.3   161   208    5782    (-,-) 
  bloc_grad/mul_361_32_g4476/Y         -       B->Y   F     NOR2X6         4 10.4    86   114    5896    (-,-) 
  bloc_grad/mul_361_32_g4474/Y         -       B->Y   R     NOR2X6         1  5.3    70    78    5974    (-,-) 
  bloc_grad/mul_361_32_g4471/Y         -       B->Y   F     NOR2X6         3  8.8    75    67    6041    (-,-) 
  bloc_grad/mul_361_32_g4466/Y         -       B->Y   R     NOR2X6         1  5.3    69    73    6115    (-,-) 
  bloc_grad/mul_361_32_g4462/Y         -       B->Y   F     NOR2X6         2  6.3    70    61    6175    (-,-) 
  bloc_grad/mul_361_32_g4457/Y         -       A1->Y  R     OAI21X4        1  3.3    80    83    6259    (-,-) 
  bloc_grad/g11991/Y                   -       B->Y   R     XNOR2X1        1  3.1    82   178    6436    (-,-) 
  bloc_grad/srl_361_49_g1206/Y         -       B->Y   R     MX2X1          2  4.8   118   240    6676    (-,-) 
  bloc_grad/srl_361_49_g1183/Y         -       C->Y   R     MX3XL          2  4.8   191   280    6956    (-,-) 
  bloc_grad/srl_361_49_g1163/Y         -       B->Y   R     MX2X1          2  4.8   118   297    7253    (-,-) 
  bloc_grad/srl_361_49_g1149/Y         -       C->Y   R     MX3XL          2  4.8   191   280    7533    (-,-) 
  bloc_grad/srl_361_49_g1136/Y         -       A->Y   R     MX2X1          1  3.3    87   281    7814    (-,-) 
  bloc_grad/P_ij_norm_reg[1]/D         <<<     -      R     EDFFHQX4       1    -     -     0    7814    (-,-) 
#--------------------------------------------------------------------------------------------------------------

