============================================================
  Generated by:           Genus(TM) Synthesis Solution 21.18-s082_1
  Generated on:           Aug 25 2026  02:11:44 pm
  Module:                 clusterization
  Library domain:         worst
    Domain index:         0
    Technology libraries: slow_vdd1v0 1.0
                          RAM_4096X32 1.1
                          RAM2P_1024X32 1.1
  Library domain:         best
    Domain index:         1
    Technology libraries: fast_vdd1v2 1.0
                          RAM_4096X32 1.1
                          RAM2P_1024X32 1.1
  Operating conditions:   PVT_0P9V_125C 
  Operating conditions:   PVT_1P32V_0C 
  Interconnect mode:      global
  Area mode:              physical library
============================================================

       Instance                             Module                        Cell Count   Cell Area  Net Area   Total Area 
------------------------------------------------------------------------------------------------------------------------
clusterization                                                                 20877 1949508.645 27031.450  1976540.095 
  bloc_exp            dist_mat_arg_exp_NB_POINTS1250_COORD_W16_ADDR_W11_        2437    8844.804  2896.401    11741.205 
  bloc_grad           norm_entropy_grad_NB_POINTS1250_COORD_W16_ADDR_W11        3280   10814.724  4136.477    14951.201 
  dut_cluster_assign  cluster_assign_NB_POINTS1250_COORD_W16_ADDR_W11_TO        1300    4526.370  1616.450     6142.820 
  dut_compute         act_coord_NB_POINTS1250_COORD_W16_ADDR_W11_ACT_W16         175     650.484   163.907      814.391 
  exp_LUT             exp_LUT                                                   4524    8204.922  5981.986    14186.908 
  inv_LUT             inv_LUT                                                   2336    4163.166  3036.645     7199.811 
  mem_cluster         memory_cluster_ADDR_W11                                   6321  375766.820  7800.943   383567.763 
  memory_P_ij         memory_single_port_ADDR_W11_DATA_W16_2374                   64  237699.764    71.918   237771.683 
  memory_P_ij_A       memory_single_port_ADDR_W11_DATA_W16                        62  237694.976    70.075   237765.051 
  memory_P_ij_arbiter ping_pong_arbiter_ADDR_W11_P_IJ_W16_ADDR_P_IJ_W11          105     252.396    54.414      306.810 
  memory_act          memory_dual_port_ADDR_W11_DATA_W16_3266                      2  353393.864     0.741   353394.606 
  memory_coord_b1     memory_dual_port_ADDR_W11_DATA_W16                          34  353449.268    24.461   353473.729 
  memory_coord_b2     memory_dual_port_ADDR_W11_DATA_W16_3267                      2  353393.864     0.741   353394.606 
