###############################################################
#  Generated by:      Cadence Innovus 25.10-p002_1
#  OS:                Linux x86_64(Host ID gmicro02)
#  Generated on:      Mon Sep 14 11:41:31 2026
#  Design:            clusterization_v2
#  Command:           report_gates -out_file /home/epiphane/projets/clusterization/backend/layout/reports/clusterization_v2_worst_100_0/clusterization_v2_gates_layout.rpt
###############################################################
Library cell information:
 -----------------------------------------
| Cell        |  Instance  |  Area(um^2)  |
|-----------------------------------------|
| ADDFX1      |       1370 |     7028.100 | 
| ADDHX1      |        315 |     1185.030 | 
| ADDHX2      |          6 |       30.780 | 
| ADDHX4      |          1 |        7.182 | 
| AND2X1      |       2394 |     3274.992 | 
| AND2X2      |        413 |      706.230 | 
| AND2X4      |         85 |      232.560 | 
| AND2X6      |         82 |      308.484 | 
| AND2X8      |         13 |       57.798 | 
| AND2XL      |          2 |        2.736 | 
| AND3X1      |          3 |        7.182 | 
| AND3X2      |          2 |        5.472 | 
| AND3XL      |         83 |      170.316 | 
| AND4X1      |         98 |      234.612 | 
| AO21X1      |       4234 |    10136.196 | 
| AO21X2      |         11 |       30.096 | 
| AO21X4      |          1 |        3.420 | 
| AO21XL      |          2 |        4.788 | 
| AO22X1      |        405 |     1108.080 | 
| AO22X2      |         13 |       40.014 | 
| AO22X4      |          5 |       18.810 | 
| AO22XL      |          5 |       13.680 | 
| AOI211X1    |         24 |       57.456 | 
| AOI211X2    |         12 |       41.040 | 
| AOI211XL    |        110 |      225.720 | 
| AOI21X1     |        974 |     1665.540 | 
| AOI21X2     |         62 |      169.632 | 
| AOI21X4     |          3 |       15.390 | 
| AOI21XL     |          1 |        1.710 | 
| AOI221X1    |        224 |      536.256 | 
| AOI221X2    |         27 |      120.042 | 
| AOI222X1    |        170 |      523.260 | 
| AOI222X2    |         90 |      492.480 | 
| AOI22X1     |       2178 |     4469.256 | 
| AOI22X2     |          6 |       22.572 | 
| AOI22XL     |          1 |        2.052 | 
| AOI2BB1X1   |        234 |      480.168 | 
| AOI2BB1X2   |          6 |       18.468 | 
| AOI2BB1X4   |          1 |        4.104 | 
| AOI31X1     |        119 |      244.188 | 
| AOI31X2     |         69 |      235.980 | 
| AOI32X1     |         21 |       50.274 | 
| AOI32X2     |          7 |       31.122 | 
| AOI33X1     |          1 |        2.736 | 
| BUFX12      |         31 |      159.030 | 
| BUFX2       |        535 |      914.850 | 
| BUFX3       |        117 |      240.084 | 
| BUFX4       |         29 |       69.426 | 
| CLKAND2X12  |          9 |       67.716 | 
| CLKBUFX12   |         47 |      241.110 | 
| CLKBUFX16   |         25 |      171.000 | 
| CLKBUFX2    |        605 |     1034.550 | 
| CLKBUFX20   |          7 |       57.456 | 
| CLKBUFX3    |         11 |       22.572 | 
| CLKBUFX4    |          7 |       16.758 | 
| CLKBUFX6    |         71 |      218.538 | 
| CLKBUFX8    |         25 |       94.050 | 
| CLKINVX4    |         25 |       42.750 | 
| CLKINVX6    |         50 |      119.700 | 
| CLKINVX8    |         10 |       30.780 | 
| CLKMX2X2    |         19 |       58.482 | 
| CLKMX2X3    |          2 |        8.208 | 
| CLKMX2X4    |          1 |        4.104 | 
| CLKXOR2X1   |         53 |      145.008 | 
| CLKXOR2X2   |          1 |        3.420 | 
| DFFHQX1     |         92 |      503.424 | 
| DFFHQX8     |         14 |      129.276 | 
| DFFQX2      |         18 |      116.964 | 
| DFFQX4      |          9 |       64.638 | 
| DFFQXL      |          1 |        5.472 | 
| DFFRHQX1    |       4508 |    27751.248 | 
| DFFRX1      |         57 |      389.880 | 
| DFFRX2      |          2 |       15.048 | 
| DFFRX4      |          2 |       19.152 | 
| DFFSHQX1    |         16 |      103.968 | 
| DFFSHQX8    |          1 |       10.602 | 
| DFFX2       |          3 |       24.624 | 
| DLY1X1      |        329 |     1012.662 | 
| DLY1X4      |          5 |       18.810 | 
| DLY2X1      |        102 |      593.028 | 
| DLY2X4      |         14 |       95.760 | 
| DLY3X1      |         40 |      328.320 | 
| DLY3X4      |          3 |       26.676 | 
| DLY4X1      |         92 |      912.456 | 
| EDFFHQX1    |        869 |     7429.950 | 
| EDFFHQX8    |          2 |       23.256 | 
| EDFFX2      |         54 |      498.636 | 
| EDFFX4      |         16 |      175.104 | 
| FILL1       |       6523 |     2230.866 | 
| FILL16      |        150 |      820.800 | 
| FILL2       |       4700 |     3214.800 | 
| FILL32      |         42 |      459.648 | 
| FILL4       |       1477 |     2020.536 | 
| FILL64      |         14 |      306.432 | 
| FILL8       |        402 |     1099.872 | 
| INVX1       |       1111 |      759.924 | 
| INVX2       |        464 |      476.064 | 
| INVX3       |        194 |      265.392 | 
| INVX4       |         15 |       25.650 | 
| INVX6       |          8 |       19.152 | 
| INVXL       |         83 |       56.772 | 
| MDFFHQX1    |         25 |      213.750 | 
| MDFFHQX4    |        107 |      988.038 | 
| MX2X1       |        418 |     1000.692 | 
| MX2X2       |          1 |        3.078 | 
| MX2XL       |         25 |       59.850 | 
| MX3XL       |         24 |      114.912 | 
| MXI2X1      |          2 |        5.472 | 
| MXI2XL      |         13 |       31.122 | 
| NAND2BX1    |        167 |      228.456 | 
| NAND2BX2    |         15 |       35.910 | 
| NAND2BX4    |          3 |       11.286 | 
| NAND2BXL    |          1 |        1.368 | 
| NAND2X1     |       1009 |     1035.234 | 
| NAND2X2     |         74 |      126.540 | 
| NAND2X4     |          7 |       23.940 | 
| NAND2X6     |          1 |        4.788 | 
| NAND2XL     |          3 |        3.078 | 
| NAND3BX1    |          5 |       10.260 | 
| NAND3BX2    |          3 |        9.234 | 
| NAND3BXL    |         19 |       32.490 | 
| NAND3X1     |        237 |      405.270 | 
| NAND3X2     |        126 |      344.736 | 
| NOR2BX1     |        211 |      288.648 | 
| NOR2BX2     |         13 |       35.568 | 
| NOR2BX4     |          4 |       15.048 | 
| NOR2X1      |        928 |      952.128 | 
| NOR2X2      |         72 |      123.120 | 
| NOR2X4      |          2 |        6.156 | 
| NOR2XL      |          6 |        6.156 | 
| NOR3BX1     |          8 |       16.416 | 
| NOR3X1      |         38 |       64.980 | 
| NOR3X2      |          5 |       13.680 | 
| NOR4BX1     |          1 |        2.394 | 
| NOR4X1      |         38 |       64.980 | 
| NOR4X2      |          8 |       27.360 | 
| OA21X1      |        411 |      843.372 | 
| OA21X2      |          4 |       12.312 | 
| OA22X1      |        646 |     1546.524 | 
| OA22X2      |          2 |        6.840 | 
| OA22X4      |          1 |        4.104 | 
| OAI21X1     |        551 |      942.210 | 
| OAI21X2     |         36 |      110.808 | 
| OAI21X4     |          5 |       23.940 | 
| OAI22X1     |        597 |     1225.044 | 
| OAI22X2     |         22 |       75.240 | 
| OAI22X4     |          1 |        6.498 | 
| OAI2BB1X1   |       1207 |     2063.970 | 
| OAI2BB1X2   |         65 |      200.070 | 
| OAI2BB1X4   |          5 |       22.230 | 
| OAI2BB1XL   |          2 |        4.104 | 
| OAI31X1     |         60 |      123.120 | 
| OAI31X2     |          7 |       26.334 | 
| OAI31X4     |          1 |        6.840 | 
| OAI32X1     |         23 |       55.062 | 
| OAI32X2     |          2 |        8.892 | 
| OR2X1       |       1006 |     1376.208 | 
| OR2X2       |        198 |      338.580 | 
| OR2X4       |         64 |      175.104 | 
| OR2X6       |         15 |       56.430 | 
| OR2X8       |          7 |       31.122 | 
| OR3X1       |        182 |      373.464 | 
| OR3X2       |          4 |        9.576 | 
| OR3X8       |          1 |        5.472 | 
| OR3XL       |          3 |        6.156 | 
| OR4X1       |        257 |      527.364 | 
| OR4X2       |          3 |       10.260 | 
| RAM_4096X32 |          4 |  1413572.722 | 
| XNOR2X1     |        514 |     1230.516 | 
| XNOR2X2     |          9 |       27.702 | 
| XOR2X1      |          1 |        2.736 | 
|-----------------------------------------|
| Total       |      46530 |  1521097.522 |
 -----------------------------------------
Library cell type information:
 -------------------------------------------------------
| Cell Type        |   Instance   |        Area         |
|                  |              |       um^2  |   %   |
|-------------------------------------------------------|
| Buffer           |         2095 |    6227.136 |   0.4 | 
| Inverter         |         1960 |    1796.184 |   0.1 | 
| Combinational    |        23367 |   50885.496 |   3.3 | 
| Flop             |         5796 |   38463.030 |   2.5 | 
| Multi-Bit Flop   |            0 |       0.000 |   0.0 | 
| Latch            |            0 |       0.000 |   0.0 | 
| Clock Gater      |            0 |       0.000 |   0.0 | 
| Macro            |            4 | 1413572.722 |  92.9 | 
| Physical Cell    |        13308 |   10152.954 |   0.7 | 
|-------------------------------------------------------|
| Total            |        46530 | 1521097.522 | 100.0 | 
 -------------------------------------------------------
