###############################################################
#  Generated by:      Cadence Innovus 25.10-p002_1
#  OS:                Linux x86_64(Host ID gmicro02)
#  Generated on:      Mon Sep 14 11:40:43 2026
#  Design:            clusterization_v2
#  Command:           report_timing > ${OUT_RPT}/setup_timing.rpt 
###############################################################
Path 1: MET (1.246 ns) Setup Check with Pin memory_cluster/valid_cluster_reg/CK->D
               View: analysis_normal_slow_max
              Group: clk
         Startpoint: (R) cluster_assign/current_state_reg[1]/CK
              Clock: (R) clk
           Endpoint: (F) memory_cluster/valid_cluster_reg/D
              Clock: (R) clk

                       Capture       Launch
         Clock Edge:+   10.000        0.000
        Src Latency:+    0.000       -0.205
        Net Latency:+    0.304 (P)    0.307 (P)
            Arrival:=   10.304        0.102

              Setup:-    0.068
        Uncertainty:-    0.050
      Required Time:=   10.186
       Launch Clock:=    0.102
          Data Path:+    8.839
              Slack:=    1.246

#-------------------------------------------------------------------------------------------------------------
# Timing Point                                 Flags  Arc     Edge  Cell        Fanout  Trans   Delay  Arrival  
#                                                                                        (ns)    (ns)     (ns)  
#-------------------------------------------------------------------------------------------------------------
  cluster_assign/current_state_reg[1]/CK       -      CK      R     (arrival)      100  0.112       -    0.102  
  cluster_assign/current_state_reg[1]/Q        -      CK->Q   F     DFFRHQX1         3  0.112   0.325    0.426  
  cluster_assign/FE_PHC3691_current_state_1/Y  -      A->Y    F     DLY1X1           1  0.140   0.273    0.700  
  cluster_assign/FE_PHC3564_current_state_1/Y  -      A->Y    F     DLY1X1           1  0.126   0.358    1.058  
  cluster_assign/FE_PHC3841_current_state_1/Y  -      A->Y    F     DLY1X1           1  0.189   0.300    1.358  
  cluster_assign/FE_PHC3941_current_state_1/Y  -      A->Y    F     DLY1X1           1  0.143   0.320    1.679  
  cluster_assign/FE_PHC3494_current_state_1/Y  -      A->Y    F     DLY3X1           2  0.207   0.669    2.348  
  cluster_assign/g5357__6260/Y                 -      B->Y    F     OR2X1            5  0.161   0.194    2.541  
  cluster_assign/g5345__9315/Y                 -      B->Y    F     OR2X1            5  0.084   0.169    2.710  
  cluster_assign/g5339__1881/Y                 -      B->Y    R     NAND2X1          1  0.097   0.071    2.781  
  cluster_assign/g5329__6783/Y                 -      B->Y    R     OR2X2            6  0.038   0.147    2.928  
  cluster_assign/FE_PHC3549_n_274/Y            -      A->Y    R     DLY2X1           8  0.119   0.457    3.384  
  cluster_assign/g5313__9945/Y                 -      S0->Y   R     MX2XL            1  0.209   0.321    3.706  
  FE_PHC4059_port_cluster_b1_addr_5/Y          -      A->Y    R     CLKBUFX2         1  0.201   0.184    3.890  
  FE_PHC4207_port_cluster_b1_addr_5/Y          -      A->Y    R     CLKBUFX2         2  0.042   0.136    4.026  
  g4115/Y                                      -      B->Y    R     MX2X1            1  0.087   0.282    4.307  
  FE_PHC3921_addr_cluster_5/Y                  -      A->Y    R     DLY1X1           1  0.186   0.282    4.589  
  FE_PHC4593_addr_cluster_5/Y                  -      A->Y    R     CLKBUFX2         1  0.090   0.151    4.740  
  FE_PHC4583_addr_cluster_5/Y                  -      A->Y    R     CLKBUFX2         1  0.063   0.131    4.871  
  FE_PHC4254_addr_cluster_5/Y                  -      A->Y    R     DLY1X1           1  0.073   0.276    5.147  
  FE_PHC4093_addr_cluster_5/Y                  -      A->Y    R     CLKBUFX2         1  0.175   0.199    5.346  
  FE_PHC3471_addr_cluster_5/Y                  -      A->Y    R     DLY1X1           4  0.085   0.300    5.646  
  memory_cluster/g213619/Y                     -      A->Y    F     INVX1            2  0.211   0.143    5.789  
  memory_cluster/g213615/Y                     -      B->Y    F     AND2X1           6  0.059   0.178    5.967  
  memory_cluster/g213392/Y                     -      B->Y    F     CLKAND2X12      51  0.193   0.276    6.242  
  memory_cluster/FE_DBTC81_n_224/Y             -      A->Y    R     INVXL            1  0.214   0.143    6.386  
  memory_cluster/FE_OFC706_FE_DBTN166_n_224/Y  -      A->Y    F     INVXL            2  0.049   0.127    6.512  
  memory_cluster/FE_OFC708_FE_DBTN166_n_224/Y  -      A->Y    R     INVX1            4  0.163   0.167    6.680  
  memory_cluster/g200701/Y                     -      B0->Y   F     AOI31X2          1  0.153   0.112    6.792  
  memory_cluster/g200491/Y                     -      C->Y    R     NOR4X1           1  0.194   0.275    7.067  
  memory_cluster/FE_OFC3029_n_8124/Y           -      A->Y    R     BUFX2            1  0.225   0.185    7.252  
  memory_cluster/g200406/Y                     -      A0N->Y  R     OAI2BB1X1        1  0.022   0.133    7.385  
  memory_cluster/g200379/Y                     -      B->Y    R     AND4X1           1  0.057   0.352    7.737  
  memory_cluster/g200368/Y                     -      D->Y    R     AND4X1           1  0.058   0.363    8.100  
  memory_cluster/g200361/Y                     -      A1->Y   R     OA22X4           1  0.153   0.300    8.400  
  memory_cluster/g200360/Y                     -      A->Y    F     NAND2X2          1  0.103   0.188    8.588  
  memory_cluster/g200359/Y                     -      D->Y    F     OR4X1            1  0.191   0.353    8.941  
  memory_cluster/valid_cluster_reg/D           -      D       F     DFFRHQX1         1  0.169   0.000    8.941  
#-------------------------------------------------------------------------------------------------------------

