============================================================
  Generated by:           Genus(TM) Synthesis Solution 21.18-s082_1
  Generated on:           Sep 10 2026  06:30:31 pm
  Module:                 clusterization_v2
  Library domain:         worst
    Domain index:         0
    Technology libraries: slow_vdd1v0 1.0
                          RAM_4096X32 1.1
                          RAM2P_1024X32 1.1
  Library domain:         best
    Domain index:         1
    Technology libraries: fast_vdd1v2 1.0
                          RAM_4096X32 1.1
                          RAM2P_1024X32 1.1
  Operating conditions:   PVT_0P9V_125C 
  Operating conditions:   PVT_1P32V_0C 
  Interconnect mode:      global
  Area mode:              physical library
============================================================

     Instance                           Module                        Cell Count  Normalized Cell Area  Normalized Net Area   Normalized Total Area 
----------------------------------------------------------------------------------------------------------------------------------------------------
clusterization_v2                                                          30464           1468321.524            38665.770             1506987.294 
  cluster_assign  cluster_assign_NB_POINTS1250_COORD_W16_ADDR_W12_TO        1100              4230.333             1375.666                5605.999 
  coord_memory_b1 memory_dual_port_ADDR_W12_DATA_W16                          35            344492.464               24.563              344517.027 
  coord_memory_b2 memory_dual_port_ADDR_W12_DATA_W16_5595                      3            344439.131                1.445              344440.576 
  exp_LUT         exp_LUT_v2                                                9058             16033.667            11661.791               27695.458 
  exp_block       dist_mat_arg_exp_v2_NB_POINTS1250_COORD_W16_ADDR_W        2474             10956.667             2931.536               13888.203 
  grad_block      norm_entropy_grad_v2_NB_POINTS1250_COORD_W16_ADDR_        3074             10645.333             3867.696               14513.029 
  inv_LUT         inv_LUT                                                   2311              4071.000             2957.470                7028.470 
  memory_cluster  memory_cluster_ADDR_W12                                  12040            387790.798            14771.641              402562.439 
  upd_block       act_coord_NB_POINTS1250_COORD_W16_ADDR_W12_ACT_W16         157               631.667              137.691                 769.357 
  upd_memory      memory_dual_port_ADDR_W12_DATA_W16_5594                      3            344439.131                1.445              344440.576 
