###############################################################
#  Generated by:      Cadence Innovus 25.10-p002_1
#  OS:                Linux x86_64(Host ID gmicro02)
#  Generated on:      Wed Aug 19 22:58:14 2026
#  Design:            clusterization
#  Command:           report_gates -out_file /home/epiphane/projets/clusterization/backend/layout/reports/clusterization_worst_85_0/clusterization_gates_layout.rpt
###############################################################
Library cell information:
 ----------------------------------------
| Cell       |  Instance  |  Area(um^2)  |
|----------------------------------------|
| ADDFX1     |       1486 |     7623.180 | 
| ADDHX1     |        299 |     1124.838 | 
| ADDHX2     |          3 |       15.390 | 
| AND2X1     |      53964 |    73822.752 | 
| AND2X2     |       5976 |    10218.960 | 
| AND2X4     |       6987 |    19116.432 | 
| AND2X6     |       6258 |    23542.596 | 
| AND2X8     |         58 |      257.868 | 
| AND2XL     |         10 |       13.680 | 
| AND3X1     |         34 |       81.396 | 
| AND3X2     |         25 |       68.400 | 
| AND3X4     |         11 |       33.858 | 
| AND3X6     |          6 |       26.676 | 
| AND3X8     |          1 |        5.130 | 
| AND3XL     |       2544 |     5220.288 | 
| AND4X1     |       1357 |     3248.658 | 
| AND4X2     |        168 |      517.104 | 
| AND4X4     |         44 |      165.528 | 
| AND4X6     |          6 |       34.884 | 
| AND4X8     |          1 |        6.156 | 
| AND4XL     |          4 |        9.576 | 
| AO21X1     |        186 |      445.284 | 
| AO21X2     |         21 |       57.456 | 
| AO21X4     |          3 |       10.260 | 
| AO22X1     |       5191 |    14202.576 | 
| AO22X2     |         36 |      110.808 | 
| AO22X4     |         21 |       79.002 | 
| AO22XL     |         18 |       49.248 | 
| AOI211X1   |          7 |       16.758 | 
| AOI211X2   |          4 |       13.680 | 
| AOI211XL   |         38 |       77.976 | 
| AOI21X1    |       6197 |    10596.870 | 
| AOI21X2    |        140 |      383.040 | 
| AOI21XL    |          6 |       10.260 | 
| AOI221X1   |        931 |     2228.814 | 
| AOI221X2   |         59 |      262.314 | 
| AOI222X1   |          3 |        9.234 | 
| AOI22X1    |     131827 |   270509.004 | 
| AOI22XL    |         84 |      172.368 | 
| AOI2BB1X1  |         62 |      127.224 | 
| AOI2BB1X2  |          1 |        3.078 | 
| AOI2BB2X1  |          2 |        6.840 | 
| AOI31X1    |         28 |       57.456 | 
| AOI31X2    |         15 |       51.300 | 
| AOI32X1    |         22 |       52.668 | 
| AOI32X2    |          4 |       17.784 | 
| AOI33X1    |          2 |        5.472 | 
| AOI33X2    |          1 |        5.130 | 
| BUFX12     |       1219 |     6253.470 | 
| BUFX2      |       8928 |    15266.880 | 
| BUFX3      |       1439 |     2952.828 | 
| BUFX4      |        872 |     2087.568 | 
| BUFX6      |          1 |        3.078 | 
| CLKAND2X12 |          1 |        7.524 | 
| CLKAND2X3  |          1 |        3.078 | 
| CLKAND2X6  |          1 |        4.788 | 
| CLKBUFX12  |       2438 |    12506.940 | 
| CLKBUFX16  |        991 |     6778.440 | 
| CLKBUFX2   |       2963 |     5066.730 | 
| CLKBUFX20  |        321 |     2634.768 | 
| CLKBUFX3   |          8 |       16.416 | 
| CLKBUFX4   |         21 |       50.274 | 
| CLKBUFX6   |       2761 |     8498.358 | 
| CLKBUFX8   |       1301 |     4894.362 | 
| CLKINVX12  |          8 |       32.832 | 
| CLKINVX16  |          3 |       16.416 | 
| CLKINVX20  |         45 |      292.410 | 
| CLKINVX4   |       2909 |     4974.390 | 
| CLKINVX6   |       4353 |    10421.082 | 
| CLKINVX8   |        631 |     1942.218 | 
| CLKMX2X12  |          1 |        6.498 | 
| CLKMX2X2   |         53 |      163.134 | 
| CLKMX2X4   |          8 |       32.832 | 
| CLKMX2X6   |          1 |        4.446 | 
| CLKXOR2X1  |         10 |       27.360 | 
| DFFHQX1    |        162 |      886.464 | 
| DFFHQX8    |          3 |       27.702 | 
| DFFQX4     |          2 |       14.364 | 
| DFFQXL     |         65 |      355.680 | 
| DFFRHQX1   |       2399 |    14768.244 | 
| DFFRX1     |         78 |      533.520 | 
| DFFRX2     |          1 |        7.524 | 
| DFFRX4     |          1 |        9.576 | 
| DFFSHQX1   |         17 |      110.466 | 
| DFFSHQX2   |          1 |        8.208 | 
| DLY1X1     |       2756 |     8482.968 | 
| DLY1X4     |         11 |       41.382 | 
| DLY2X1     |        358 |     2081.412 | 
| DLY2X4     |         46 |      314.640 | 
| DLY3X1     |        810 |     6648.480 | 
| DLY3X4     |          2 |       17.784 | 
| DLY4X1     |       1384 |    13726.512 | 
| DLY4X4     |          4 |       42.408 | 
| EDFFHQX1   |     285343 |  2439682.650 | 
| EDFFHQX2   |         21 |      186.732 | 
| EDFFHQX4   |         13 |      137.826 | 
| EDFFHQX8   |          1 |       11.628 | 
| EDFFX2     |         81 |      747.954 | 
| EDFFX4     |         13 |      142.272 | 
| FILL1      |     285554 |    97659.468 | 
| FILL16     |      33969 |   185878.368 | 
| FILL2      |     317123 |   216912.132 | 
| FILL32     |       5384 |    58922.496 | 
| FILL4      |     240278 |   328700.304 | 
| FILL64     |       7039 |   154069.632 | 
| FILL8      |      87135 |   238401.360 | 
| INVX1      |       2947 |     2015.748 | 
| INVX2      |       3049 |     3128.274 | 
| INVX3      |       2265 |     3098.520 | 
| INVX4      |          6 |       10.260 | 
| INVX6      |        346 |      828.324 | 
| INVXL      |        650 |      444.600 | 
| MDFFHQX1   |         52 |      444.600 | 
| MDFFHQX2   |          8 |       73.872 | 
| MX2X1      |        357 |      854.658 | 
| MX2X2      |          1 |        3.078 | 
| MX2XL      |         11 |       26.334 | 
| MX3X2      |          1 |        5.472 | 
| MX3XL      |         21 |      100.548 | 
| MXI2XL     |         11 |       26.334 | 
| NAND2BX1   |        957 |     1309.176 | 
| NAND2BX2   |        385 |      921.690 | 
| NAND2BX4   |         22 |       82.764 | 
| NAND2BXL   |         10 |       13.680 | 
| NAND2X1    |      18891 |    19382.166 | 
| NAND2X2    |       8246 |    14100.660 | 
| NAND2X4    |          6 |       20.520 | 
| NAND2XL    |         18 |       18.468 | 
| NAND3BX1   |        190 |      389.880 | 
| NAND3BX2   |        230 |      707.940 | 
| NAND3BXL   |        944 |     1614.240 | 
| NAND3X1    |       5755 |     9841.050 | 
| NAND3X2    |       2170 |     5937.120 | 
| NAND3XL    |          2 |        3.420 | 
| NOR2BX1    |       2554 |     3493.872 | 
| NOR2BX2    |         11 |       30.096 | 
| NOR2BX4    |          1 |        3.762 | 
| NOR2BXL    |          4 |        6.840 | 
| NOR2X1     |        697 |      715.122 | 
| NOR2X2     |         72 |      123.120 | 
| NOR2X4     |          5 |       15.390 | 
| NOR2XL     |         19 |       19.494 | 
| NOR3BX1    |         21 |       43.092 | 
| NOR3BX2    |          4 |       13.680 | 
| NOR3X1     |        138 |      235.980 | 
| NOR3X2     |         32 |       87.552 | 
| NOR3XL     |          1 |        1.710 | 
| NOR4BBX1   |         43 |      117.648 | 
| NOR4BBX2   |          2 |       10.260 | 
| NOR4BX1    |         17 |       40.698 | 
| NOR4X1     |        294 |      502.740 | 
| NOR4X2     |         17 |       58.140 | 
| OA21X1     |        158 |      324.216 | 
| OA21X2     |          1 |        3.078 | 
| OA22X1     |        602 |     1441.188 | 
| OA22X2     |          1 |        3.420 | 
| OAI211X1   |          3 |        5.130 | 
| OAI21X1    |        248 |      424.080 | 
| OAI21X2    |         16 |       49.248 | 
| OAI21XL    |          3 |        5.130 | 
| OAI22X1    |        786 |     1612.872 | 
| OAI22X2    |         34 |      116.280 | 
| OAI22XL    |          5 |       10.260 | 
| OAI2BB1X1  |       3938 |     6733.980 | 
| OAI2BB1X2  |        136 |      418.608 | 
| OAI2BB1X4  |          6 |       26.676 | 
| OAI2BB1XL  |          9 |       18.468 | 
| OAI2BB2XL  |          1 |        3.762 | 
| OAI31X1    |         66 |      135.432 | 
| OAI31X2    |          3 |       11.286 | 
| OAI31XL    |          2 |        4.788 | 
| OAI32X1    |         10 |       23.940 | 
| OAI32X2    |          3 |       13.338 | 
| OR2X1      |       8194 |    11209.392 | 
| OR2X2      |        734 |     1255.140 | 
| OR2X4      |         83 |      227.088 | 
| OR2X6      |         41 |      154.242 | 
| OR2X8      |          5 |       22.230 | 
| OR2XL      |        346 |      473.328 | 
| OR3X1      |        221 |      453.492 | 
| OR3X2      |         37 |       88.578 | 
| OR3X4      |         11 |       33.858 | 
| OR3X6      |          1 |        4.788 | 
| OR3XL      |         10 |       20.520 | 
| OR4X1      |       7062 |    14491.224 | 
| OR4X2      |       2997 |    10249.740 | 
| OR4X4      |        589 |     2215.818 | 
| OR4XL      |         20 |       54.720 | 
| XNOR2X1    |        560 |     1340.640 | 
| XNOR2X2    |         15 |       46.170 | 
| XNOR2XL    |          2 |        5.472 | 
| XOR2X1     |          2 |        5.472 | 
| XOR2XL     |          1 |        2.736 | 
|----------------------------------------|
| Total      |    1603938 |  4423846.950 |
 ----------------------------------------
Library cell type information:
 -------------------------------------------------------
| Cell Type        |   Instance   |        Area         |
|                  |              |       um^2  |   %   |
|-------------------------------------------------------|
| Buffer           |        28634 |   98365.698 |   2.2 | 
| Inverter         |        17212 |   27205.074 |   0.6 | 
| Combinational    |       293349 |  559583.136 |  12.6 | 
| Flop             |       288261 | 2458149.282 |  55.6 | 
| Multi-Bit Flop   |            0 |       0.000 |   0.0 | 
| Latch            |            0 |       0.000 |   0.0 | 
| Clock Gater      |            0 |       0.000 |   0.0 | 
| Macro            |            0 |       0.000 |   0.0 | 
| Physical Cell    |       976482 | 1280543.760 |  28.9 | 
|-------------------------------------------------------|
| Total            |      1603938 | 4423846.950 | 100.0 | 
 -------------------------------------------------------
