###############################################################
#  Generated by:      Cadence Innovus 25.10-p002_1
#  OS:                Linux x86_64(Host ID gmicro02)
#  Generated on:      Wed Aug 19 22:45:52 2026
#  Design:            clusterization
#  Command:           report_timing > ${OUT_RPT}/setup_timing.rpt 
###############################################################
Path 1: MET (2.796 ns) Setup Check with Pin bloc_exp/sum_row_P_reg_reg[31]/CK->D
               View: analysis_normal_slow_max
              Group: clk
         Startpoint: (R) bloc_exp/sum_row_P_reg_reg[0]/CK
              Clock: (R) clk
           Endpoint: (R) bloc_exp/sum_row_P_reg_reg[31]/D
              Clock: (R) clk

                       Capture       Launch
         Clock Edge:+   11.765        0.000
        Src Latency:+    0.000       -0.756
        Net Latency:+    0.881 (P)    0.883 (P)
            Arrival:=   12.646        0.128

              Setup:-    0.113
        Uncertainty:-    0.050
      Required Time:=   12.483
       Launch Clock:=    0.128
          Data Path:+    9.560
              Slack:=    2.796

#------------------------------------------------------------------------------------------------------------
# Timing Point                                 Flags  Arc     Edge  Cell       Fanout  Trans   Delay  Arrival  
#                                                                                       (ns)    (ns)     (ns)  
#------------------------------------------------------------------------------------------------------------
  bloc_exp/sum_row_P_reg_reg[0]/CK             -      CK      R     (arrival)     100  0.121       -    0.128  
  bloc_exp/sum_row_P_reg_reg[0]/Q              -      CK->Q   R     DFFRHQX1        1  0.121   0.294    0.422  
  bloc_exp/FE_PHC50340_sum_row_P_reg_0_2817/Y  -      A->Y    R     CLKBUFX2        1  0.024   0.091    0.513  
  bloc_exp/FE_PHC46785_sum_row_P_reg_0_2817/Y  -      A->Y    R     DLY4X1          2  0.034   0.630    1.143  
  bloc_exp/add_443_43_g577/CO                  -      B->CO   R     ADDHX1          1  0.049   0.137    1.280  
  bloc_exp/add_443_43_g576/CO                  -      CI->CO  R     ADDFX1          1  0.035   0.187    1.467  
  bloc_exp/add_443_43_g575/CO                  -      CI->CO  R     ADDFX1          1  0.043   0.194    1.661  
  bloc_exp/add_443_43_g574/CO                  -      CI->CO  R     ADDFX1          1  0.049   0.202    1.863  
  bloc_exp/add_443_43_g573/CO                  -      CI->CO  R     ADDFX1          1  0.050   0.204    2.067  
  bloc_exp/add_443_43_g572/CO                  -      CI->CO  R     ADDFX1          1  0.055   0.200    2.268  
  bloc_exp/add_443_43_g571/CO                  -      CI->CO  R     ADDFX1          1  0.049   0.199    2.467  
  bloc_exp/add_443_43_g570/CO                  -      CI->CO  R     ADDFX1          1  0.052   0.198    2.665  
  bloc_exp/add_443_43_g569/CO                  -      CI->CO  R     ADDFX1          1  0.045   0.198    2.863  
  bloc_exp/add_443_43_g568/CO                  -      CI->CO  R     ADDFX1          1  0.054   0.197    3.060  
  bloc_exp/add_443_43_g567/CO                  -      CI->CO  R     ADDFX1          1  0.045   0.198    3.258  
  bloc_exp/add_443_43_g566/CO                  -      CI->CO  R     ADDFX1          1  0.050   0.202    3.460  
  bloc_exp/add_443_43_g565/CO                  -      CI->CO  R     ADDFX1          1  0.052   0.214    3.674  
  bloc_exp/add_443_43_g564/CO                  -      CI->CO  R     ADDFX1          1  0.070   0.214    3.889  
  bloc_exp/add_443_43_g563/CO                  -      CI->CO  R     ADDFX1          1  0.058   0.210    4.098  
  bloc_exp/add_443_43_g562/CO                  -      CI->CO  R     ADDFX1          1  0.058   0.224    4.322  
  bloc_exp/add_443_43_g561/CO                  -      B->CO   R     ADDHX1          1  0.075   0.163    4.485  
  bloc_exp/add_443_43_g560/CO                  -      B->CO   R     ADDHX1          1  0.060   0.143    4.629  
  bloc_exp/add_443_43_g559/CO                  -      B->CO   R     ADDHX1          1  0.037   0.133    4.761  
  bloc_exp/add_443_43_g558/CO                  -      B->CO   R     ADDHX1          1  0.037   0.288    5.050  
  bloc_exp/FE_PHC49676_add_443_43_n_38/Y       -      A->Y    R     DLY2X1          1  0.189   0.441    5.491  
  bloc_exp/add_443_43_g557/CO                  -      B->CO   R     ADDHX1          1  0.116   0.353    5.844  
  bloc_exp/FE_PHC50234_add_443_43_n_40/Y       -      A->Y    R     DLY2X1          1  0.180   0.438    6.282  
  bloc_exp/add_443_43_g556/CO                  -      B->CO   R     ADDHX1          1  0.116   0.169    6.451  
  bloc_exp/add_443_43_g555/CO                  -      B->CO   R     ADDHX1          1  0.036   0.166    6.617  
  bloc_exp/add_443_43_g554/CO                  -      B->CO   R     ADDHX1          1  0.083   0.166    6.783  
  bloc_exp/add_443_43_g553/CO                  -      B->CO   R     ADDHX1          1  0.051   0.140    6.923  
  bloc_exp/add_443_43_g552/CO                  -      B->CO   R     ADDHX1          1  0.038   0.139    7.061  
  bloc_exp/FE_PHC50287_add_443_43_n_50/Y       -      A->Y    R     DLY1X1          1  0.043   0.192    7.254  
  bloc_exp/FE_PHC50994_add_443_43_n_50/Y       -      A->Y    R     DLY1X1          1  0.056   0.208    7.462  
  bloc_exp/add_443_43_g551/CO                  -      B->CO   R     ADDHX1          1  0.073   0.164    7.626  
  bloc_exp/add_443_43_g550/CO                  -      B->CO   R     ADDHX1          1  0.056   0.166    7.792  
  bloc_exp/FE_PHC50296_add_443_43_n_54/Y       -      A->Y    R     DLY1X1          1  0.071   0.209    8.002  
  bloc_exp/FE_PHC51891_add_443_43_n_54/Y       -      A->Y    R     CLKBUFX2        1  0.062   0.108    8.110  
  bloc_exp/add_443_43_g549/CO                  -      B->CO   R     ADDHX1          1  0.034   0.132    8.242  
  bloc_exp/FE_PHC52160_add_443_43_n_56/Y       -      A->Y    R     CLKBUFX2        1  0.040   0.108    8.350  
  bloc_exp/add_443_43_g548/CO                  -      B->CO   R     ADDHX1          1  0.047   0.141    8.491  
  bloc_exp/add_443_43_g547/CO                  -      B->CO   R     ADDHX1          1  0.044   0.138    8.628  
  bloc_exp/add_443_43_g546/Y                   -      B->Y    R     CLKXOR2X1       2  0.039   0.248    8.877  
  bloc_exp/g10400/Y                            -      A1->Y   R     AO22XL          1  0.162   0.343    9.219  
  bloc_exp/FE_PHC50303_n_179/Y                 -      A->Y    R     DLY1X1          1  0.162   0.295    9.514  
  bloc_exp/FE_PHC54942_n_179/Y                 -      A->Y    R     CLKBUFX2        1  0.136   0.173    9.687  
  bloc_exp/sum_row_P_reg_reg[31]/D             -      D       R     DFFRHQX1        1  0.075   0.000    9.687  
#------------------------------------------------------------------------------------------------------------

