============================================================
  Generated by:           Genus(TM) Synthesis Solution 21.18-s082_1
  Generated on:           Aug 24 2026  05:27:42 pm
  Module:                 clusterization
  Library domain:         worst
    Domain index:         0
    Technology libraries: slow_vdd1v0 1.0
                          RAM_4096X32 1.1
                          RAM2P_1024X32 1.1
  Library domain:         best
    Domain index:         1
    Technology libraries: fast_vdd1v2 1.0
                          RAM_4096X32 1.1
                          RAM2P_1024X32 1.1
  Operating conditions:   PVT_0P9V_125C 
  Operating conditions:   PVT_1P32V_0C 
  Interconnect mode:      global
  Area mode:              physical library
============================================================

       Instance                              Module                        Cell Count  Normalized Cell Area  Normalized Net Area   Normalized Total Area 
---------------------------------------------------------------------------------------------------------------------------------------------------------
clusterization                                                                  25326           1915457.225            31145.834             1946603.058 
  bloc_exp             dist_mat_arg_exp_NB_POINTS1250_COORD_W16_ADDR_W11_        2818              9442.000             3167.646               12609.646 
  bloc_grad            norm_entropy_grad_NB_POINTS1250_COORD_W16_ADDR_W11        6631             22796.667             7750.822               30547.489 
  dut_cluster_assign   cluster_assign_NB_POINTS1250_COORD_W16_ADDR_W11_TO        1698              5119.333             1965.311                7084.645 
  dut_compute          act_coord_NB_POINTS1250_COORD_W16_ADDR_W11_ACT_W16         410              1027.667              372.949                1400.615 
  exp_LUT              exp_LUT                                                   4543              8279.667             5879.948               14159.614 
  inv_LUT              inv_LUT                                                   2363              4109.333             2984.478                7093.812 
  mem_cluster          memory_cluster_ADDR_W11                                   6237            366544.464             7541.517              374085.981 
  memory_P_ij          memory_single_port_ADDR_W11_DATA_W16_2374                   86            231756.850               88.453              231845.304 
  memory_P_ij_A        memory_single_port_ADDR_W11_DATA_W16                        84            231758.850               87.360              231846.211 
  memory_P_ij_arbitrer ping_pong_arbiter_ADDR_W11_P_IJ_W16_ADDR_P_IJ_W11          156               535.667               95.511                 631.178 
  memory_act           memory_dual_port_ADDR_W11_DATA_W16_3463                     14            344458.464                9.392              344467.856 
  memory_coord_b1      memory_dual_port_ADDR_W11_DATA_W16                          34            344511.131               23.841              344534.972 
  memory_coord_b2      memory_dual_port_ADDR_W11_DATA_W16_3464                      2            344438.464                0.722              344439.187 
