============================================================
  Generated by:           Genus(TM) Synthesis Solution 21.18-s082_1
  Generated on:           Aug 24 2026  05:27:43 pm
  Module:                 clusterization
  Operating conditions:   PVT_0P9V_125C 
  Operating conditions:   PVT_1P32V_0C 
  Interconnect mode:      global
  Area mode:              physical library
============================================================

Timing
--------

Clock Period 
-------------
clk   4348.0 


  Cost    Critical            Violating 
 Group   Path Slack    TNS      Paths   
----------------------------------------
clk           -15.4   -134.0         14 
default    No paths      0.0            
----------------------------------------
Total                 -134.0         14 

Instance Count
--------------
Leaf Instance Count             25326 
Physical Instance count             0 
Sequential Instance Count        3488 
Combinational Instance Count    21838 
Hierarchical Instance Count        13 

Area
----
Cell Area                          1965259.113
Physical Cell Area                 0.000
Total Cell Area (Cell+Physical)    1965259.113
Net Area                           31955.625
Total Area (Cell+Physical+Net)     1997214.738

Max Fanout                         3490 (clk)
Min Fanout                         0 (done_b1)
Average Fanout                     2.4
Terms to net ratio                 3.4787
Terms to instance ratio            3.7062
Runtime                            1652.642174 seconds
Elapsed Runtime                    1676 seconds
Genus peak memory usage            2915.95 
Innovus peak memory usage          no_value 
Hostname                           gmicro02
