============================================================
  Generated by:           Genus(TM) Synthesis Solution 21.18-s082_1
  Generated on:           Aug 24 2026  05:27:42 pm
  Module:                 clusterization
  Library domain:         worst
    Domain index:         0
    Technology libraries: slow_vdd1v0 1.0
                          RAM_4096X32 1.1
                          RAM2P_1024X32 1.1
  Library domain:         best
    Domain index:         1
    Technology libraries: fast_vdd1v2 1.0
                          RAM_4096X32 1.1
                          RAM2P_1024X32 1.1
  Operating conditions:   PVT_0P9V_125C 
  Operating conditions:   PVT_1P32V_0C 
  Interconnect mode:      global
  Area mode:              physical library
============================================================

       Instance                              Module                        Cell Count   Cell Area  Net Area   Total Area 
-------------------------------------------------------------------------------------------------------------------------
clusterization                                                                  25326 1965259.113 31955.625  1997214.738 
  bloc_exp             dist_mat_arg_exp_NB_POINTS1250_COORD_W16_ADDR_W11_        2818    9687.492  3250.005    12937.497 
  bloc_grad            norm_entropy_grad_NB_POINTS1250_COORD_W16_ADDR_W11        6631   23389.380  7952.344    31341.724 
  dut_cluster_assign   cluster_assign_NB_POINTS1250_COORD_W16_ADDR_W11_TO        1698    5252.436  2016.409     7268.845 
  dut_compute          act_coord_NB_POINTS1250_COORD_W16_ADDR_W11_ACT_W16         410    1054.386   382.645     1437.031 
  exp_LUT              exp_LUT                                                   4543    8494.938  6032.826    14527.764 
  inv_LUT              inv_LUT                                                   2363    4216.176  3062.075     7278.251 
  mem_cluster          memory_cluster_ADDR_W11                                   6237  376074.620  7737.596   383812.217 
  memory_P_ij          memory_single_port_ADDR_W11_DATA_W16_2374                   86  237782.528    90.753   237873.282 
  memory_P_ij_A        memory_single_port_ADDR_W11_DATA_W16                        84  237784.581    89.632   237874.212 
  memory_P_ij_arbitrer ping_pong_arbiter_ADDR_W11_P_IJ_W16_ADDR_P_IJ_W11          156     549.594    97.994      647.588 
  memory_act           memory_dual_port_ADDR_W11_DATA_W16_3463                     14  353414.384     9.636   353424.020 
  memory_coord_b1      memory_dual_port_ADDR_W11_DATA_W16                          34  353468.420    24.461   353492.881 
  memory_coord_b2      memory_dual_port_ADDR_W11_DATA_W16_3464                      2  353393.864     0.741   353394.606 
