============================================================
  Generated by:           Genus(TM) Synthesis Solution 21.18-s082_1
  Generated on:           Aug 24 2026  05:27:43 pm
  Module:                 clusterization
  Operating conditions:   PVT_0P9V_125C 
  Operating conditions:   PVT_1P32V_0C 
  Interconnect mode:      global
  Area mode:              physical library
============================================================

                                                       Library 
     Gate      Instances     Area          Library      Domain 
---------------------------------------------------------------
ACHCONX2               2       25.308    slow_vdd1v0     worst 
ADDFHX1               32      240.768    slow_vdd1v0     worst 
ADDFHX2               62      508.896    slow_vdd1v0     worst 
ADDFHX4                4       38.304    slow_vdd1v0     worst 
ADDFX1               994     5099.220    slow_vdd1v0     worst 
ADDHX1               170      639.540    slow_vdd1v0     worst 
ADDHX2                 2       10.260    slow_vdd1v0     worst 
ADDHX4                 3       21.546    slow_vdd1v0     worst 
AND2X1              1688     2309.184    slow_vdd1v0     worst 
AND2X2               123      210.330    slow_vdd1v0     worst 
AND2X4               168      459.648    slow_vdd1v0     worst 
AND2X6                29      109.098    slow_vdd1v0     worst 
AND2X8                12       53.352    slow_vdd1v0     worst 
AND3X1                 1        2.394    slow_vdd1v0     worst 
AND3X4                 4       12.312    slow_vdd1v0     worst 
AND3X6                 2        8.892    slow_vdd1v0     worst 
AND3XL                51      104.652    slow_vdd1v0     worst 
AND4X1                51      122.094    slow_vdd1v0     worst 
AO21X1              2245     5374.530    slow_vdd1v0     worst 
AO21X2                 9       24.624    slow_vdd1v0     worst 
AO21X4                 8       27.360    slow_vdd1v0     worst 
AO22X1               454     1242.144    slow_vdd1v0     worst 
AO22X2                 2        6.156    slow_vdd1v0     worst 
AO22X4                 6       22.572    slow_vdd1v0     worst 
AOI211X1              32       76.608    slow_vdd1v0     worst 
AOI211X2              55      188.100    slow_vdd1v0     worst 
AOI21X1              810     1385.100    slow_vdd1v0     worst 
AOI21X2              141      385.776    slow_vdd1v0     worst 
AOI21X4               86      441.180    slow_vdd1v0     worst 
AOI221X2             127      564.642    slow_vdd1v0     worst 
AOI221X4               2       15.732    slow_vdd1v0     worst 
AOI222X2             164      897.408    slow_vdd1v0     worst 
AOI22X1              797     1635.444    slow_vdd1v0     worst 
AOI22X2               23       86.526    slow_vdd1v0     worst 
AOI22X4               20      123.120    slow_vdd1v0     worst 
AOI2BB1X1            145      297.540    slow_vdd1v0     worst 
AOI2BB1X2             34      104.652    slow_vdd1v0     worst 
AOI2BB1X4             86      352.944    slow_vdd1v0     worst 
AOI2BB2X2              1        5.130    slow_vdd1v0     worst 
AOI2BB2X4              4       30.096    slow_vdd1v0     worst 
AOI31X2               77      263.340    slow_vdd1v0     worst 
AOI31X4                6       38.988    slow_vdd1v0     worst 
AOI32X2               28      124.488    slow_vdd1v0     worst 
AOI33X4                4       36.936    slow_vdd1v0     worst 
BUFX12                 9       46.170    slow_vdd1v0     worst 
BUFX16                 4       27.360    slow_vdd1v0     worst 
BUFX2                 68      116.280    slow_vdd1v0     worst 
BUFX20                 8       65.664    slow_vdd1v0     worst 
BUFX3                 44       90.288    slow_vdd1v0     worst 
BUFX4                  6       14.364    slow_vdd1v0     worst 
BUFX6                 49      150.822    slow_vdd1v0     worst 
BUFX8                  8       30.096    slow_vdd1v0     worst 
CLKAND2X12            48      361.152    slow_vdd1v0     worst 
CLKAND2X2             43       88.236    slow_vdd1v0     worst 
CLKAND2X3             28       86.184    slow_vdd1v0     worst 
CLKAND2X4              1        3.420    slow_vdd1v0     worst 
CLKAND2X6             96      459.648    slow_vdd1v0     worst 
CLKAND2X8              3       17.442    slow_vdd1v0     worst 
CLKBUFX12              4       20.520    slow_vdd1v0     worst 
CLKBUFX16              4       27.360    slow_vdd1v0     worst 
CLKBUFX2               6       10.260    slow_vdd1v0     worst 
CLKBUFX20              4       32.832    slow_vdd1v0     worst 
CLKBUFX3               3        6.156    slow_vdd1v0     worst 
CLKBUFX4               1        2.394    slow_vdd1v0     worst 
CLKBUFX6               1        3.078    slow_vdd1v0     worst 
CLKINVX12             99      406.296    slow_vdd1v0     worst 
CLKINVX16             38      207.936    slow_vdd1v0     worst 
CLKINVX2               2        2.736    slow_vdd1v0     worst 
CLKINVX20             39      253.422    slow_vdd1v0     worst 
CLKINVX3               1        1.710    slow_vdd1v0     worst 
CLKINVX4             120      205.200    slow_vdd1v0     worst 
CLKINVX6              85      203.490    slow_vdd1v0     worst 
CLKINVX8              79      243.162    slow_vdd1v0     worst 
CLKMX2X2              18       55.404    slow_vdd1v0     worst 
CLKMX2X3              30      123.120    slow_vdd1v0     worst 
CLKMX2X4               1        4.104    slow_vdd1v0     worst 
CLKMX2X6               1        4.446    slow_vdd1v0     worst 
CLKXOR2X1            186      508.896    slow_vdd1v0     worst 
CLKXOR2X2             10       34.200    slow_vdd1v0     worst 
DFFHQX1               87      476.064    slow_vdd1v0     worst 
DFFHQX2                1        6.840    slow_vdd1v0     worst 
DFFHQX4                3       24.624    slow_vdd1v0     worst 
DFFQX2                12       77.976    slow_vdd1v0     worst 
DFFQX4                 1        7.182    slow_vdd1v0     worst 
DFFRHQX1            2407    14817.492    slow_vdd1v0     worst 
DFFRHQX4               5       47.880    slow_vdd1v0     worst 
DFFRHQX8               6       67.716    slow_vdd1v0     worst 
DFFRX1                43      294.120    slow_vdd1v0     worst 
DFFRX2                36      270.864    slow_vdd1v0     worst 
DFFRX4                 3       28.728    slow_vdd1v0     worst 
DFFSHQX1              17      110.466    slow_vdd1v0     worst 
DFFSHQX2               1        8.208    slow_vdd1v0     worst 
DLY1X1                 1        3.078    slow_vdd1v0     worst 
EDFFHQX1             668     5711.400    slow_vdd1v0     worst 
EDFFHQX2              42      373.464    slow_vdd1v0     worst 
EDFFHQX4              59      625.518    slow_vdd1v0     worst 
EDFFHQX8               9      104.652    slow_vdd1v0     worst 
EDFFX2                11      101.574    slow_vdd1v0     worst 
EDFFX4                12      131.328    slow_vdd1v0     worst 
INVX1               1000      684.000    slow_vdd1v0     worst 
INVX12                 6       24.624    slow_vdd1v0     worst 
INVX16                 1        5.472    slow_vdd1v0     worst 
INVX2                347      356.022    slow_vdd1v0     worst 
INVX20                 8       51.984    slow_vdd1v0     worst 
INVX3                141      192.888    slow_vdd1v0     worst 
INVX4                  3        5.130    slow_vdd1v0     worst 
INVX6                 19       45.486    slow_vdd1v0     worst 
INVX8                  4       12.312    slow_vdd1v0     worst 
INVXL                 13        8.892    slow_vdd1v0     worst 
MDFFHQX1              15      128.250    slow_vdd1v0     worst 
MDFFHQX2               5       46.170    slow_vdd1v0     worst 
MDFFHQX4              35      323.190    slow_vdd1v0     worst 
MDFFHQX8               4       45.144    slow_vdd1v0     worst 
MX2X1                568     1359.792    slow_vdd1v0     worst 
MXI2X1                 7       19.152    slow_vdd1v0     worst 
MXI2X2                 6       26.676    slow_vdd1v0     worst 
MXI2X4                 2       10.260    slow_vdd1v0     worst 
NAND2BX1             212      290.016    slow_vdd1v0     worst 
NAND2BX2             117      280.098    slow_vdd1v0     worst 
NAND2BX4              30      112.860    slow_vdd1v0     worst 
NAND2X1              720      738.720    slow_vdd1v0     worst 
NAND2X2              380      649.800    slow_vdd1v0     worst 
NAND2X4              150      513.000    slow_vdd1v0     worst 
NAND2X6               90      430.920    slow_vdd1v0     worst 
NAND2X8              107      585.504    slow_vdd1v0     worst 
NAND3BX2              21       64.638    slow_vdd1v0     worst 
NAND3BX4               2       10.260    slow_vdd1v0     worst 
NAND3X2               39      106.704    slow_vdd1v0     worst 
NAND3X4                4       19.152    slow_vdd1v0     worst 
NAND3X6                2       14.364    slow_vdd1v0     worst 
NAND3X8                3       24.624    slow_vdd1v0     worst 
NAND4X8                1       10.260    slow_vdd1v0     worst 
NOR2BX1              330      451.440    slow_vdd1v0     worst 
NOR2BX2              116      317.376    slow_vdd1v0     worst 
NOR2BX4               36      135.432    slow_vdd1v0     worst 
NOR2X1               701      719.226    slow_vdd1v0     worst 
NOR2X2               485      829.350    slow_vdd1v0     worst 
NOR2X4               411     1265.058    slow_vdd1v0     worst 
NOR2X6               290     1190.160    slow_vdd1v0     worst 
NOR2X8               282     1543.104    slow_vdd1v0     worst 
NOR2XL                 6        6.156    slow_vdd1v0     worst 
NOR3BX1                2        4.104    slow_vdd1v0     worst 
NOR3BX2                1        3.420    slow_vdd1v0     worst 
NOR3BX4               10       58.140    slow_vdd1v0     worst 
NOR3X1                17       29.070    slow_vdd1v0     worst 
NOR3X2                17       46.512    slow_vdd1v0     worst 
NOR3X4                27      138.510    slow_vdd1v0     worst 
NOR3X6                14      100.548    slow_vdd1v0     worst 
NOR3X8                18      160.056    slow_vdd1v0     worst 
NOR4X2                57      194.940    slow_vdd1v0     worst 
NOR4X4                 2       12.996    slow_vdd1v0     worst 
OA21X1               345      707.940    slow_vdd1v0     worst 
OA21X2                10       30.780    slow_vdd1v0     worst 
OA21X4                 8       30.096    slow_vdd1v0     worst 
OA22X1               534     1278.396    slow_vdd1v0     worst 
OA22X2                 2        6.840    slow_vdd1v0     worst 
OA22X4                 4       16.416    slow_vdd1v0     worst 
OAI211X2               4       16.416    slow_vdd1v0     worst 
OAI21X1              415      709.650    slow_vdd1v0     worst 
OAI21X2               98      301.644    slow_vdd1v0     worst 
OAI21X4              149      713.412    slow_vdd1v0     worst 
OAI221X2               4       19.152    slow_vdd1v0     worst 
OAI221X4               2       15.732    slow_vdd1v0     worst 
OAI22X1              376      771.552    slow_vdd1v0     worst 
OAI22X2               56      191.520    slow_vdd1v0     worst 
OAI22X4               93      604.314    slow_vdd1v0     worst 
OAI2BB1X1            830     1419.300    slow_vdd1v0     worst 
OAI2BB1X2             20       61.560    slow_vdd1v0     worst 
OAI2BB1X4              6       26.676    slow_vdd1v0     worst 
OAI2BB2X1              3       12.312    slow_vdd1v0     worst 
OAI2BB2X2             10       54.720    slow_vdd1v0     worst 
OAI2BB2X4              6       51.300    slow_vdd1v0     worst 
OAI31X1               25       51.300    slow_vdd1v0     worst 
OAI31X2               35      131.670    slow_vdd1v0     worst 
OAI31X4                6       41.040    slow_vdd1v0     worst 
OAI32X2               14       62.244    slow_vdd1v0     worst 
OR2X1                852     1165.536    slow_vdd1v0     worst 
OR2X2                125      213.750    slow_vdd1v0     worst 
OR2X4                 77      210.672    slow_vdd1v0     worst 
OR2X6                 53      199.386    slow_vdd1v0     worst 
OR2X8                 13       57.798    slow_vdd1v0     worst 
OR3X1                135      277.020    slow_vdd1v0     worst 
OR3X2                  4        9.576    slow_vdd1v0     worst 
OR3X4                  3        9.234    slow_vdd1v0     worst 
OR3X6                  2        9.576    slow_vdd1v0     worst 
OR3X8                  2       10.944    slow_vdd1v0     worst 
OR4X1                224      459.648    slow_vdd1v0     worst 
RAM2P_1024X32          2   475015.121    RAM2P_1024X32   worst 
RAM_4096X32            4  1413572.722    RAM_4096X32     worst 
XNOR2X1              525     1256.850    slow_vdd1v0     worst 
XNOR2X2                9       27.702    slow_vdd1v0     worst 
XNOR2X4                7       26.334    slow_vdd1v0     worst 
XNOR3X1                2       15.048    slow_vdd1v0     worst 
XOR2X1                 1        2.736    slow_vdd1v0     worst 
XOR2X2                 7       23.940    slow_vdd1v0     worst 
XOR3X1                 5       37.620    slow_vdd1v0     worst 
---------------------------------------------------------------
total              25326  1965259.113                  


   Library    Instances     Area    Instances % 
------------------------------------------------
RAM2P_1024X32         2  475015.121         0.0 
RAM_4096X32           4 1413572.722         0.0 
slow_vdd1v0       25320   76671.270       100.0 

                                            
     Type      Instances     Area    Area % 
--------------------------------------------
timing_model           6 1888587.843   96.1 
sequential          3482   23828.850    1.2 
inverter            2005    2910.762    0.1 
buffer               220     646.722    0.0 
logic              19613   49284.936    2.5 
physical_cells         0       0.000    0.0 
--------------------------------------------
total              25326 1965259.113  100.0 

