============================================================
  Generated by:           Genus(TM) Synthesis Solution 21.18-s082_1
  Generated on:           Aug 24 2026  05:27:42 pm
  Module:                 clusterization
  Operating conditions:   PVT_0P9V_125C 
  Operating conditions:   PVT_1P32V_0C 
  Interconnect mode:      global
  Area mode:              physical library
============================================================


Path 1: VIOLATED (-15 ps) Setup Check with Pin bloc_grad/P_ij_norm_reg[9]/CK->D1
          Group: clk
     Startpoint: (R) bloc_exp/out_i_reg[0]/CK
          Clock: (R) clk
       Endpoint: (F) bloc_grad/P_ij_norm_reg[9]/D1
          Clock: (R) clk

                     Capture       Launch     
        Clock Edge:+    4348            0     
       Src Latency:+       0            0     
       Net Latency:+     100 (I)      100 (I) 
           Arrival:=    4448          100     
                                              
             Setup:-     183                  
       Uncertainty:-      50                  
     Required Time:=    4214                  
      Launch Clock:-     100                  
         Data Path:-    4130                  
             Slack:=     -15                  

#--------------------------------------------------------------------------------------------------------------
#            Timing Point              Flags   Arc   Edge    Cell     Fanout Load Trans Delay Arrival Instance 
#                                                                            (fF)  (ps)  (ps)   (ps)  Location 
#--------------------------------------------------------------------------------------------------------------
  bloc_exp/out_i_reg[0]/CK             -       -     R     (arrival)    3490    -     0     0     100    (-,-) 
  bloc_exp/out_i_reg[0]/Q              -       CK->Q F     MDFFHQX4        4 10.1    81   255     355    (-,-) 
  memory_P_ij_arbitrer/g1573/Y         -       A->Y  F     CLKAND2X6       3  8.5    57   131     486    (-,-) 
  memory_P_ij_arbitrer/g1617/Y         -       B->Y  F     CLKAND2X6       1  5.8    45   105     591    (-,-) 
  memory_P_ij_arbitrer/g1615/Y         -       B->Y  R     NOR2X8          1 10.9    86    73     664    (-,-) 
  memory_P_ij_arbitrer/g1614/Y         -       A->Y  F     INVX20         19 63.8   115   101     765    (-,-) 
  memory_P_ij/g563/Y                   -       A->Y  R     INVX12          5 16.6    58    74     839    (-,-) 
  memory_P_ij/g562/Y                   -       B1->Y F     OAI22X4         1  4.3   120   111     950    (-,-) 
  memory_P_ij_arbitrer/g16/Y           -       B->Y  R     NAND2X4         1  3.9    50    78    1028    (-,-) 
  memory_P_ij_arbitrer/g1630/Y         -       A->Y  R     CLKAND2X6       1 10.9    56   124    1152    (-,-) 
  memory_P_ij_arbitrer/g9/Y            -       A->Y  F     CLKINVX20       9 29.1    62    60    1212    (-,-) 
  bloc_grad/g22502/Y                   -       B->Y  F     CLKAND2X12      1  5.8    38   109    1321    (-,-) 
  bloc_grad/g21957/Y                   -       B->Y  R     NOR2X8          2  7.6    68    60    1381    (-,-) 
  bloc_grad/g21956/Y                   -       A1->Y F     OAI22X4         1  4.0   131   131    1512    (-,-) 
  bloc_grad/g19911/S                   -       B->S  R     ADDFHX2         1  4.0    83   379    1891    (-,-) 
  bloc_grad/mul_361_32_cdnfadd_015_3/S -       B->S  F     ADDFHX2         3  9.9   164   404    2295    (-,-) 
  bloc_grad/g22242/Y                   -       B->Y  F     CLKAND2X12      2  9.5    47   163    2458    (-,-) 
  bloc_grad/g22245/Y                   -       C->Y  R     NOR3X6          1  6.1   114    90    2548    (-,-) 
  bloc_grad/g22353/Y                   -       A->Y  F     NOR2X8          1  7.2    59    87    2635    (-,-) 
  bloc_grad/g18296/Y                   -       A->Y  R     CLKINVX12       3 13.0    42    48    2684    (-,-) 
  bloc_grad/g474/Y                     -       B->Y  F     NOR2X8          1  5.8    48    43    2727    (-,-) 
  bloc_grad/g20044/Y                   -       A->Y  R     NOR2X8          2  9.2    78    81    2808    (-,-) 
  bloc_grad/g18560/Y                   -       A->Y  F     CLKINVX6        1  5.8    48    62    2869    (-,-) 
  bloc_grad/g22505/Y                   -       A->Y  R     NOR3X8          2 10.0   133   136    3005    (-,-) 
  bloc_grad/g19695/Y                   -       B->Y  F     NOR2X8          3 11.3    74    94    3100    (-,-) 
  bloc_grad/g20440/Y                   -       B->Y  R     NOR2X8          1  6.1    65    70    3170    (-,-) 
  bloc_grad/g20438/Y                   -       B->Y  F     NOR2X8          4 11.0    61    63    3233    (-,-) 
  bloc_grad/g18507/Y                   -       A1->Y R     OAI21X4         2  5.2    96    91    3324    (-,-) 
  bloc_grad/mul_361_32_g6481_dup/Y     -       B->Y  F     XOR2X2          1  5.8   103   244    3568    (-,-) 
  bloc_grad/g17194/Y                   -       B->Y  R     NAND2X8         3  9.2    56    69    3637    (-,-) 
  bloc_grad/g22011/Y                   -       A0->Y F     AOI21X4         1  5.8   130   128    3765    (-,-) 
  bloc_grad/g96/Y                      -       A->Y  R     NOR2X8          2  9.2    80   117    3882    (-,-) 
  bloc_grad/g22010/Y                   -       B->Y  F     NOR2X8          1  5.8    47    60    3942    (-,-) 
  bloc_grad/g17267/Y                   -       B->Y  R     NOR2X8          2 10.8    86    74    4016    (-,-) 
  bloc_grad/g16931/Y                   -       B->Y  F     NOR2X8          1  5.8    48    63    4079    (-,-) 
  bloc_grad/g20671/Y                   -       B->Y  R     NOR2X8          1  4.5    53    54    4134    (-,-) 
  bloc_grad/g22453/Y                   -       B0->Y F     OAI21X4         1  3.2   100    96    4230    (-,-) 
  bloc_grad/P_ij_norm_reg[9]/D1        <<<     -     F     MDFFHQX2        1    -     -     0    4230    (-,-) 
#--------------------------------------------------------------------------------------------------------------

