============================================================
  Generated by:           Genus(TM) Synthesis Solution 21.18-s082_1
  Generated on:           Aug 21 2026  04:22:43 pm
  Module:                 clusterization
  Library domain:         worst
    Domain index:         0
    Technology libraries: slow_vdd1v0 1.0
                          RAM_4096X32 1.1
                          RAM2P_1024X32 1.1
  Library domain:         best
    Domain index:         1
    Technology libraries: fast_vdd1v2 1.0
                          RAM_4096X32 1.1
                          RAM2P_1024X32 1.1
  Operating conditions:   PVT_0P9V_125C 
  Operating conditions:   PVT_1P32V_0C 
  Interconnect mode:      global
  Area mode:              physical library
============================================================

       Instance                              Module                        Cell Count   Cell Area  Net Area   Total Area 
-------------------------------------------------------------------------------------------------------------------------
clusterization                                                                  21954 1952875.635 28624.123  1981499.758 
  bloc_exp             dist_mat_arg_exp_NB_POINTS1250_COORD_W16_ADDR_W11_        2364    8757.594  2815.740    11573.334 
  bloc_grad            norm_entropy_grad_NB_POINTS1250_COORD_W16_ADDR_W11        4494   14367.762  5852.670    20220.432 
  dut_cluster_assign   cluster_assign_NB_POINTS1250_COORD_W16_ADDR_W11_TO        1274    4499.694  1591.495     6091.189 
  dut_compute          act_coord_NB_POINTS1250_COORD_W16_ADDR_W11_ACT_W16         175     650.484   163.907      814.391 
  exp_LUT              exp_LUT                                                   4542    8179.272  5987.364    14166.636 
  inv_LUT              inv_LUT                                                   2337    4162.482  3037.386     7199.868 
  mem_cluster          memory_cluster_ADDR_W11                                   6287  375747.326  7773.936   383521.262 
  memory_P_ij          memory_single_port_ADDR_W11_DATA_W16_2374                   54  237689.505    63.061   237752.566 
  memory_P_ij_A        memory_single_port_ADDR_W11_DATA_W16                        52  237686.769    60.857   237747.625 
  memory_P_ij_arbitrer ping_pong_arbiter_ADDR_W11_P_IJ_W16_ADDR_P_IJ_W11          102     249.318    52.190      301.508 
  memory_act           memory_dual_port_ADDR_W11_DATA_W16_3463                      2  353393.864     0.741   353394.606 
  memory_coord_b1      memory_dual_port_ADDR_W11_DATA_W16                          34  353448.584    24.461   353473.045 
  memory_coord_b2      memory_dual_port_ADDR_W11_DATA_W16_3464                      2  353393.864     0.741   353394.606 
