============================================================
  Generated by:           Genus(TM) Synthesis Solution 21.18-s082_1
  Generated on:           Aug 21 2026  04:22:43 pm
  Module:                 clusterization
  Library domain:         worst
    Domain index:         0
    Technology libraries: slow_vdd1v0 1.0
                          RAM_4096X32 1.1
                          RAM2P_1024X32 1.1
  Library domain:         best
    Domain index:         1
    Technology libraries: fast_vdd1v2 1.0
                          RAM_4096X32 1.1
                          RAM2P_1024X32 1.1
  Operating conditions:   PVT_0P9V_125C 
  Operating conditions:   PVT_1P32V_0C 
  Interconnect mode:      global
  Area mode:              physical library
============================================================

       Instance                              Module                        Cell Count  Normalized Cell Area  Normalized Net Area   Normalized Total Area 
---------------------------------------------------------------------------------------------------------------------------------------------------------
clusterization                                                                  21954           1903387.558            27898.756             1931286.314 
  bloc_exp             dist_mat_arg_exp_NB_POINTS1250_COORD_W16_ADDR_W11_        2364              8535.667             2744.386               11280.052 
  bloc_grad            norm_entropy_grad_NB_POINTS1250_COORD_W16_ADDR_W11        4494             14003.667             5704.356               19708.023 
  dut_cluster_assign   cluster_assign_NB_POINTS1250_COORD_W16_ADDR_W11_TO        1274              4385.667             1551.165                5936.832 
  dut_compute          act_coord_NB_POINTS1250_COORD_W16_ADDR_W11_ACT_W16         175               634.000              159.753                 793.753 
  exp_LUT              exp_LUT                                                   4542              7972.000             5835.638               13807.638 
  inv_LUT              inv_LUT                                                   2337              4057.000             2960.415                7017.415 
  mem_cluster          memory_cluster_ADDR_W11                                   6287            366225.464             7576.935              373802.400 
  memory_P_ij          memory_single_port_ADDR_W11_DATA_W16_2374                   54            231666.184               61.463              231727.647 
  memory_P_ij_A        memory_single_port_ADDR_W11_DATA_W16                        52            231663.517               59.315              231722.832 
  memory_P_ij_arbitrer ping_pong_arbiter_ADDR_W11_P_IJ_W16_ADDR_P_IJ_W11          102               243.000               50.868                 293.868 
  memory_act           memory_dual_port_ADDR_W11_DATA_W16_3463                      2            344438.464                0.722              344439.187 
  memory_coord_b1      memory_dual_port_ADDR_W11_DATA_W16                          34            344491.798               23.841              344515.638 
  memory_coord_b2      memory_dual_port_ADDR_W11_DATA_W16_3464                      2            344438.464                0.722              344439.187 
