###############################################################
#  Generated by:      Cadence Innovus 25.10-p002_1
#  OS:                Linux x86_64(Host ID gmicro02)
#  Generated on:      Fri Sep 11 14:04:04 2026
#  Design:            clusterization_v2
#  Command:           report_gates -out_file /home/epiphane/projets/clusterization/backend/layout/reports/clusterization_v2_worst_100_0/clusterization_v2_gates_layout.rpt
###############################################################
Library cell information:
 -----------------------------------------
| Cell        |  Instance  |  Area(um^2)  |
|-----------------------------------------|
| ADDFX1      |       1370 |     7028.100 | 
| ADDHX1      |        274 |     1030.788 | 
| ADDHX2      |          4 |       20.520 | 
| ADDHX4      |          1 |        7.182 | 
| AND2X1      |       2374 |     3247.632 | 
| AND2X2      |        427 |      730.170 | 
| AND2X4      |         86 |      235.296 | 
| AND2X6      |         75 |      282.150 | 
| AND2X8      |         18 |       80.028 | 
| AND3X1      |          1 |        2.394 | 
| AND3X2      |          1 |        2.736 | 
| AND3X8      |          1 |        5.130 | 
| AND3XL      |         79 |      162.108 | 
| AND4X1      |         88 |      210.672 | 
| AND4X2      |          2 |        6.156 | 
| AO21X1      |       4237 |    10143.378 | 
| AO21X2      |          6 |       16.416 | 
| AO21XL      |          7 |       16.758 | 
| AO22X1      |        389 |     1064.304 | 
| AO22X2      |         12 |       36.936 | 
| AO22X4      |          3 |       11.286 | 
| AO22XL      |          4 |       10.944 | 
| AOI211X1    |         22 |       52.668 | 
| AOI211X2    |         11 |       37.620 | 
| AOI211XL    |        111 |      227.772 | 
| AOI21X1     |        980 |     1675.800 | 
| AOI21X2     |         55 |      150.480 | 
| AOI21X4     |          4 |       20.520 | 
| AOI21XL     |          1 |        1.710 | 
| AOI221X1    |        221 |      529.074 | 
| AOI221X2    |         30 |      133.380 | 
| AOI222X1    |        182 |      560.196 | 
| AOI222X2    |         78 |      426.816 | 
| AOI22X1     |       2178 |     4469.256 | 
| AOI2BB1X1   |        233 |      478.116 | 
| AOI2BB1X2   |          4 |       12.312 | 
| AOI31X1     |        127 |      260.604 | 
| AOI31X2     |         61 |      208.620 | 
| AOI32X1     |         27 |       64.638 | 
| AOI32X2     |          1 |        4.446 | 
| AOI33X1     |          1 |        2.736 | 
| BUFX12      |         24 |      123.120 | 
| BUFX2       |        537 |      918.270 | 
| BUFX3       |        117 |      240.084 | 
| BUFX4       |         47 |      112.518 | 
| CLKAND2X12  |          5 |       37.620 | 
| CLKBUFX12   |         38 |      194.940 | 
| CLKBUFX16   |         32 |      218.880 | 
| CLKBUFX2    |        546 |      933.660 | 
| CLKBUFX20   |         12 |       98.496 | 
| CLKBUFX3    |          3 |        6.156 | 
| CLKBUFX4    |          7 |       16.758 | 
| CLKBUFX6    |         69 |      212.382 | 
| CLKBUFX8    |         41 |      154.242 | 
| CLKINVX4    |         31 |       53.010 | 
| CLKINVX6    |         42 |      100.548 | 
| CLKINVX8    |          6 |       18.468 | 
| CLKMX2X2    |         17 |       52.326 | 
| CLKMX2X3    |          2 |        8.208 | 
| CLKXOR2X1   |         20 |       54.720 | 
| DFFHQX1     |         92 |      503.424 | 
| DFFHQX8     |         12 |      110.808 | 
| DFFQX2      |         20 |      129.960 | 
| DFFQX4      |          9 |       64.638 | 
| DFFRHQX1    |       4488 |    27628.128 | 
| DFFRX1      |         75 |      513.000 | 
| DFFRX2      |          3 |       22.572 | 
| DFFRX4      |          1 |        9.576 | 
| DFFSHQX1    |         16 |      103.968 | 
| DFFSHQX4    |          1 |        9.576 | 
| DFFX1       |          1 |        7.182 | 
| DFFX2       |          3 |       24.624 | 
| DLY1X1      |        333 |     1024.974 | 
| DLY1X4      |         10 |       37.620 | 
| DLY2X1      |         87 |      505.818 | 
| DLY2X4      |         11 |       75.240 | 
| DLY3X1      |         38 |      311.904 | 
| DLY4X1      |        116 |     1150.488 | 
| EDFFHQX1    |        842 |     7199.100 | 
| EDFFHQX2    |          1 |        8.892 | 
| EDFFHQX8    |          2 |       23.256 | 
| EDFFX2      |         56 |      517.104 | 
| EDFFX4      |         16 |      175.104 | 
| FILL1       |       7074 |     2419.308 | 
| FILL16      |        190 |     1039.680 | 
| FILL2       |       5028 |     3439.152 | 
| FILL32      |         53 |      580.032 | 
| FILL4       |       1556 |     2128.608 | 
| FILL64      |         12 |      262.656 | 
| FILL8       |        487 |     1332.432 | 
| INVX1       |       1039 |      710.676 | 
| INVX2       |        436 |      447.336 | 
| INVX3       |        212 |      290.016 | 
| INVX4       |         14 |       23.940 | 
| INVX6       |          7 |       16.758 | 
| INVXL       |         74 |       50.616 | 
| MDFFHQX1    |         15 |      128.250 | 
| MDFFHQX4    |        105 |      969.570 | 
| MX2X1       |        421 |     1007.874 | 
| MX2X2       |          1 |        3.078 | 
| MX2XL       |         22 |       52.668 | 
| MX3XL       |         24 |      114.912 | 
| MXI2XL      |         16 |       38.304 | 
| NAND2BX1    |        153 |      209.304 | 
| NAND2BX2    |         17 |       40.698 | 
| NAND2BX4    |          2 |        7.524 | 
| NAND2BXL    |          1 |        1.368 | 
| NAND2X1     |       1007 |     1033.182 | 
| NAND2X2     |         84 |      143.640 | 
| NAND2X4     |          3 |       10.260 | 
| NAND2XL     |          5 |        5.130 | 
| NAND3BX1    |          7 |       14.364 | 
| NAND3BX2    |          5 |       15.390 | 
| NAND3BXL    |         15 |       25.650 | 
| NAND3X1     |        231 |      395.010 | 
| NAND3X2     |        132 |      361.152 | 
| NAND3XL     |          1 |        1.710 | 
| NOR2BX1     |        194 |      265.392 | 
| NOR2BX2     |         14 |       38.304 | 
| NOR2BX4     |          3 |       11.286 | 
| NOR2X1      |        909 |      932.634 | 
| NOR2X2      |         73 |      124.830 | 
| NOR2X4      |          1 |        3.078 | 
| NOR2XL      |          3 |        3.078 | 
| NOR3BX1     |         10 |       20.520 | 
| NOR3BX2     |          1 |        3.420 | 
| NOR3X1      |         45 |       76.950 | 
| NOR3X2      |          4 |       10.944 | 
| NOR4BX1     |          3 |        7.182 | 
| NOR4X1      |         46 |       78.660 | 
| NOR4X2      |          4 |       13.680 | 
| OA21X1      |        404 |      829.008 | 
| OA21X2      |          5 |       15.390 | 
| OA21X4      |          2 |        7.524 | 
| OA22X1      |        642 |     1536.948 | 
| OA22X2      |          3 |       10.260 | 
| OAI21X1     |        548 |      937.080 | 
| OAI21X2     |         41 |      126.198 | 
| OAI21X4     |          1 |        4.788 | 
| OAI22X1     |        602 |     1235.304 | 
| OAI22X2     |         19 |       64.980 | 
| OAI2BB1X1   |       1199 |     2050.290 | 
| OAI2BB1X2   |         66 |      203.148 | 
| OAI2BB1X4   |          5 |       22.230 | 
| OAI31X1     |         60 |      123.120 | 
| OAI31X2     |          3 |       11.286 | 
| OAI32X1     |         22 |       52.668 | 
| OAI32X2     |          3 |       13.338 | 
| OR2X1       |       1014 |     1387.152 | 
| OR2X2       |        181 |      309.510 | 
| OR2X4       |         70 |      191.520 | 
| OR2X6       |         18 |       67.716 | 
| OR2X8       |          6 |       26.676 | 
| OR2XL       |          1 |        1.368 | 
| OR3X1       |        191 |      391.932 | 
| OR3X2       |          2 |        4.788 | 
| OR3XL       |          2 |        4.104 | 
| OR4X1       |        248 |      508.896 | 
| OR4X2       |          4 |       13.680 | 
| RAM_4096X32 |          4 |  1413572.722 | 
| XNOR2X1     |        439 |     1050.966 | 
| XNOR2X2     |         10 |       30.780 | 
| XOR2X1      |          1 |        2.736 | 
|-----------------------------------------|
| Total       |      47190 |  1521097.522 |
 -----------------------------------------
Library cell type information:
 -------------------------------------------------------
| Cell Type        |   Instance   |        Area         |
|                  |              |       um^2  |   %   |
|-------------------------------------------------------|
| Buffer           |         2068 |    6335.550 |   0.4 | 
| Inverter         |         1861 |    1711.368 |   0.1 | 
| Combinational    |        23099 |   50127.282 |   3.3 | 
| Flop             |         5758 |   38148.732 |   2.5 | 
| Multi-Bit Flop   |            0 |       0.000 |   0.0 | 
| Latch            |            0 |       0.000 |   0.0 | 
| Clock Gater      |            0 |       0.000 |   0.0 | 
| Macro            |            4 | 1413572.722 |  92.9 | 
| Physical Cell    |        14400 |   11201.868 |   0.7 | 
|-------------------------------------------------------|
| Total            |        47190 | 1521097.522 | 100.0 | 
 -------------------------------------------------------
