###############################################################
#  Generated by:      Cadence Innovus 25.10-p002_1
#  OS:                Linux x86_64(Host ID gmicro02)
#  Generated on:      Fri Sep 11 14:03:20 2026
#  Design:            clusterization_v2
#  Command:           report_timing > ${OUT_RPT}/hold_timing.rpt 
###############################################################
Path 1: VIOLATED (-0.094 ns) Hold Check with Pin coord_memory_b2/u_ram/CLK->D[14]
               View: analysis_normal_fast_min
              Group: clk
         Startpoint: (R) data_in2_coord_load[14]
              Clock: (R) clk
           Endpoint: (R) coord_memory_b2/u_ram/D[14]
              Clock: (R) clk

                       Capture       Launch
         Clock Edge:+    0.000        0.000
        Src Latency:+    0.000        0.000
        Net Latency:+    0.099 (P)    0.000 (I)
            Arrival:=    0.099        0.000

               Hold:+    0.305
        Uncertainty:+    0.050
      Required Time:=    0.454
       Launch Clock:=    0.000
        Input Delay:+    0.300
          Data Path:+    0.060
              Slack:=   -0.094

#---------------------------------------------------------------------------------------------------------------
# Timing Point                 Flags  Arc                      Edge  Cell         Fanout  Trans   Delay  Arrival  
#                                                                                          (ns)    (ns)     (ns)  
#---------------------------------------------------------------------------------------------------------------
  data_in2_coord_load[14]      -      data_in2_coord_load[14]  R     (arrival)         1  0.146   0.002    0.302  
  g3645/Y                      -      B0->Y                    R     AO22X1            2  0.146   0.058    0.360  
  coord_memory_b2/u_ram/D[14]  -      D[14]                    R     RAM_4096X32       2  0.051   0.000    0.360  
#---------------------------------------------------------------------------------------------------------------

