###############################################################
#  Generated by:      Cadence Innovus 25.10-p002_1
#  OS:                Linux x86_64(Host ID gmicro02)
#  Generated on:      Fri Sep 11 14:03:16 2026
#  Design:            clusterization_v2
#  Command:           report_timing > ${OUT_RPT}/setup_timing.rpt 
###############################################################
Path 1: MET (0.694 ns) Setup Check with Pin memory_cluster/valid_cluster_reg/CK->D
               View: analysis_normal_slow_max
              Group: clk
         Startpoint: (R) cluster_assign/current_state_reg[1]/CK
              Clock: (R) clk
           Endpoint: (F) memory_cluster/valid_cluster_reg/D
              Clock: (R) clk

                       Capture       Launch
         Clock Edge:+   10.000        0.000
        Src Latency:+    0.000       -0.205
        Net Latency:+    0.311 (P)    0.311 (P)
            Arrival:=   10.311        0.106

              Setup:-    0.058
        Uncertainty:-    0.050
      Required Time:=   10.203
       Launch Clock:=    0.106
          Data Path:+    9.403
              Slack:=    0.694

#-----------------------------------------------------------------------------------------------------------
# Timing Point                                 Flags  Arc    Edge  Cell       Fanout  Trans   Delay  Arrival  
#                                                                                      (ns)    (ns)     (ns)  
#-----------------------------------------------------------------------------------------------------------
  cluster_assign/current_state_reg[1]/CK       -      CK     R     (arrival)     100  0.112       -    0.106  
  cluster_assign/current_state_reg[1]/Q        -      CK->Q  F     DFFRHQX1        3  0.112   0.278    0.384  
  cluster_assign/FE_PHC3473_current_state_1/Y  -      A->Y   F     CLKBUFX2        1  0.055   0.108    0.492  
  cluster_assign/FE_PHC3365_current_state_1/Y  -      A->Y   F     DLY2X1          1  0.059   0.364    0.856  
  cluster_assign/FE_PHC3164_current_state_1/Y  -      A->Y   F     DLY4X1          2  0.080   0.666    1.522  
  cluster_assign/g4022__2346/Y                 -      B->Y   R     NAND2BX1        1  0.072   0.086    1.608  
  cluster_assign/FE_PHC3270_n_222/Y            -      A->Y   R     DLY3X1          2  0.074   0.515    2.124  
  cluster_assign/g4009__8246/Y                 -      B->Y   R     OR2X1           4  0.074   0.112    2.235  
  cluster_assign/g4002__6783/Y                 -      A->Y   F     NAND2X1         1  0.057   0.125    2.361  
  cluster_assign/FE_PHC3456_n_233/Y            -      A->Y   F     DLY1X1          1  0.130   0.242    2.602  
  cluster_assign/FE_PHC3648_n_233/Y            -      A->Y   F     DLY1X1          1  0.079   0.236    2.838  
  cluster_assign/g3992__7410/Y                 -      B->Y   F     OR2X1           1  0.112   0.187    3.025  
  cluster_assign/FE_PHC3665_n_236/Y            -      A->Y   F     DLY1X1          1  0.115   0.258    3.282  
  cluster_assign/FE_PHC3330_n_236/Y            -      A->Y   F     DLY1X1         13  0.110   0.336    3.618  
  cluster_assign/g3975__5122/Y                 -      S0->Y  F     MX2X1           2  0.273   0.301    3.919  
  FE_PHC4345_port_cluster_b1_addr_2/Y          -      A->Y   F     CLKBUFX2        1  0.151   0.182    4.101  
  FE_PHC3347_port_cluster_b1_addr_2/Y          -      A->Y   F     DLY2X1          1  0.093   0.406    4.508  
  FE_PHC3700_port_cluster_b1_addr_2/Y          -      A->Y   F     DLY1X1          1  0.120   0.244    4.751  
  FE_PHC3804_port_cluster_b1_addr_2/Y          -      A->Y   F     DLY1X1          1  0.097   0.308    5.059  
  FE_PHC4295_port_cluster_b1_addr_2/Y          -      A->Y   F     DLY1X1          1  0.217   0.275    5.335  
  g3713/Y                                      -      B->Y   F     CLKMX2X3        6  0.084   0.292    5.626  
  memory_cluster/FE_OFC1985_addr_cluster_2/Y   -      A->Y   R     INVX1           4  0.227   0.168    5.794  
  memory_cluster/g213404/Y                     -      A->Y   R     OR2X1           1  0.100   0.143    5.937  
  memory_cluster/FE_OFC2568_n_180/Y            -      A->Y   F     CLKINVX6       39  0.071   0.145    6.082  
  memory_cluster/FE_OFC2570_n_180/Y            -      A->Y   R     CLKINVX6        4  0.205   0.154    6.235  
  memory_cluster/FE_OFC871_n_177/Y             -      A->Y   R     BUFX3           5  0.137   0.209    6.444  
  memory_cluster/FE_OFC593_n_177/Y             -      A->Y   F     INVX3          21  0.165   0.190    6.635  
  memory_cluster/FE_OFC946_n_177/Y             -      A->Y   F     BUFX4          30  0.207   0.261    6.896  
  memory_cluster/g212093/Y                     -      A1->Y  R     AOI22X1         1  0.199   0.174    7.070  
  memory_cluster/g209751/Y                     -      B->Y   R     AND2X1          1  0.086   0.172    7.242  
  memory_cluster/g213779/Y                     -      A->Y   F     NAND3X1         1  0.046   0.122    7.364  
  memory_cluster/FE_OFC857_n_8426/Y            -      A->Y   F     BUFX2           1  0.108   0.145    7.509  
  memory_cluster/g200800/Y                     -      A1->Y  R     AOI22X1         1  0.075   0.119    7.628  
  memory_cluster/g200532/Y                     -      B->Y   R     AND2X1          1  0.088   0.168    7.796  
  memory_cluster/g213683/Y                     -      C->Y   F     NAND3X2         1  0.038   0.135    7.931  
  memory_cluster/g200417/Y                     -      B1->Y  R     AOI22X1         1  0.167   0.138    8.069  
  memory_cluster/g200371/Y                     -      A->Y   R     AND3X2          1  0.090   0.360    8.430  
  memory_cluster/g200370/Y                     -      B->Y   F     NAND2X1         1  0.136   0.159    8.588  
  memory_cluster/FE_OFC1564_n_8245/Y           -      A->Y   F     BUFX2           1  0.127   0.157    8.745  
  memory_cluster/g200363/Y                     -      A1->Y  R     AOI22X1         1  0.086   0.192    8.937  
  memory_cluster/g200360/Y                     -      B->Y   F     NAND2X2         1  0.180   0.191    9.128  
  memory_cluster/g200359/Y                     -      D->Y   F     OR4X2           1  0.168   0.381    9.508  
  memory_cluster/valid_cluster_reg/D           -      D      F     DFFRHQX1        1  0.147   0.000    9.508  
#-----------------------------------------------------------------------------------------------------------

