Stim Id                   : Asserted attribute
--------------------------- Annotation Report ---------------------------
Object Type         Asserted  UnAsserted  Unconnected  Total  Asserted% 
                                           + Constant                   
-------------------------------------------------------------------------
Primary Ports                                                           
  Inputs                  62           0            0     62    100.00% 
  Outputs                 13           0            0     13    100.00% 
  I/O                      0           0            0      0        N/A 
Sequential Outputs                                                      
  Memory                 128           0            0    128    100.00% 
  Flop                  5905           0            0   5905    100.00% 
  Latch                    0           0            0      0        N/A 
  Arch ICGC                0           0            0      0        N/A 
  Inferred ICGC            0           0            0      0        N/A 
  Total ICGC               0           0            0      0        N/A 
Drivers                                                                 
  Driver nets          32595           0           10  32605    100.00% 
  RTL Driver nets      11033           0            0  11033    100.00% 
DFT                                                                     
  Input Ports              0           0            0      0        N/A 
  Flop Outputs             0           0            0      0        N/A 
  Memory Outputs           0           0            0      0        N/A 
-------------------------------------------------------------------------
