============================================================
  Generated by:           Genus(TM) Synthesis Solution 21.18-s082_1
  Generated on:           Aug 31 2026  02:37:04 pm
  Module:                 clusterization
  Library domain:         worst
    Domain index:         0
    Technology libraries: slow_vdd1v0 1.0
                          RAM_4096X32 1.1
                          RAM2P_1024X32 1.1
  Library domain:         best
    Domain index:         1
    Technology libraries: fast_vdd1v2 1.0
                          RAM_4096X32 1.1
                          RAM2P_1024X32 1.1
  Operating conditions:   PVT_0P9V_125C 
  Operating conditions:   PVT_1P32V_0C 
  Interconnect mode:      global
  Area mode:              physical library
============================================================

       Instance                             Module                        Cell Count  Normalized Cell Area  Normalized Net Area   Normalized Total Area 
--------------------------------------------------------------------------------------------------------------------------------------------------------
clusterization                                                                 20116           1899241.891            25544.028             1924785.919 
  P_ij_memory_A       memory_single_port_ADDR_W11_DATA_W16                        56            231665.517               62.908              231728.425 
  P_ij_memory_B       memory_single_port_ADDR_W11_DATA_W16_2372                   56            231665.517               62.908              231728.425 
  P_ij_memory_arbiter ping_pong_arbiter_ADDR_W11_P_IJ_W16_ADDR_P_IJ_W11           99               223.333               48.348                 271.682 
  cluster_assign      cluster_assign_NB_POINTS1250_COORD_W16_ADDR_W11_TO        1075              4175.333             1338.395                5513.729 
  coord_memory_b1     memory_dual_port_ADDR_W11_DATA_W16                          34            344491.798               23.841              344515.638 
  coord_memory_b2     memory_dual_port_ADDR_W11_DATA_W16_3265                      2            344438.464                0.722              344439.187 
  exp_LUT             exp_LUT                                                   4536              8042.333             5828.172               13870.506 
  exp_block           dist_mat_arg_exp_NB_POINTS1250_COORD_W16_ADDR_W11_        2106              8284.000             2475.673               10759.673 
  grad_block          norm_entropy_grad_NB_POINTS1250_COORD_W16_ADDR_W11        3149             10364.333             3938.570               14302.903 
  inv_LUT             inv_LUT                                                   2337              4057.000             2960.415                7017.415 
  memory_cluster      memory_cluster_ADDR_W11                                   6324            366244.131             7607.185              373851.316 
  upd_block           act_coord_NB_POINTS1250_COORD_W16_ADDR_W11_ACT_W16         152               613.333              133.023                 746.356 
  upd_memory          memory_dual_port_ADDR_W11_DATA_W16_3264                      2            344438.464                0.722              344439.187 
