============================================================
  Generated by:           Genus(TM) Synthesis Solution 21.18-s082_1
  Generated on:           Aug 18 2026  02:07:00 pm
  Module:                 clusterization
  Library domain:         worst
    Domain index:         0
    Technology library:   slow_vdd1v0 1.0
  Library domain:         best
    Domain index:         1
    Technology library:   fast_vdd1v2 1.0
  Operating conditions:   PVT_0P9V_125C 
  Operating conditions:   PVT_1P32V_0C 
  Interconnect mode:      global
  Area mode:              physical library
============================================================

       Instance                              Module                        Cell Count   Cell Area   Net Area   Total Area 
--------------------------------------------------------------------------------------------------------------------------
clusterization                                                                 591639 3072339.900 767041.285  3839381.185 
  memory_act           memory_dual_port_ADDR_W11_DATA_W16                      133680  694725.120 171551.910   866277.030 
  memory_coord_b1      memory_dual_port_ADDR_W11_DATA_W16_2                    132964  695125.944 170980.023   866105.967 
  memory_coord_b2      memory_dual_port_ADDR_W11_DATA_W16_1                    130530  692182.350 169172.621   861354.971 
  memory_P_ij          memory_single_port_ADDR_W11_DATA_W16                     63763  344325.258  84291.082   428616.340 
  memory_P_ij_A        memory_single_port_ADDR_W11_DATA_W16_1                   63763  344325.258  84291.082   428616.340 
  mem_cluster          memory_cluster_ADDR_W11                                  52880  261683.352  67325.848   329009.200 
  dut_cluster_assign   cluster_assign_NB_POINTS1250_COORD_W16_ADDR_W11_TO        1094    4365.630   1394.613     5760.243 
  memory_P_ij_arbitrer ping_pong_arbitrer_COORD_W16_ADDR_W11                      134     452.124     68.706      520.830 
  bloc_grad            norm_entropy_grad_NB_POINTS1250_COORD_W16_ADDR_W11        3593   13123.566   4855.526    17979.092 
  dut_compute          act_coord_NB_POINTS1250_COORD_W16_ADDR_W11_ACT_W16         158     643.302    142.335      785.637 
  bloc_exp             dist_mat_arg_exp_NB_POINTS1250_COORD_W16_ADDR_W11_        2005    8403.624   2431.213    10834.837 
  exp_LUT              exp_LUT                                                   4442    7998.696   5946.464    13945.160 
  inv_LUT              inv_LUT                                                   2320    4175.820   3081.480     7257.300 
