============================================================
  Generated by:           Genus(TM) Synthesis Solution 21.18-s082_1
  Generated on:           Aug 20 2026  08:30:22 pm
  Module:                 clusterization
  Library domain:         worst
    Domain index:         0
    Technology library:   slow_vdd1v0 1.0
  Library domain:         best
    Domain index:         1
    Technology library:   fast_vdd1v2 1.0
  Operating conditions:   PVT_0P9V_125C 
  Operating conditions:   PVT_1P32V_0C 
  Interconnect mode:      global
  Area mode:              physical library
============================================================

       Instance                              Module                        Cell Count  Normalized Cell Area  Normalized Net Area   Normalized Total Area 
---------------------------------------------------------------------------------------------------------------------------------------------------------
clusterization                                                                  20193             60985.000            26222.738               87207.738 
  bloc_exp             dist_mat_arg_exp_NB_POINTS1250_COORD_W16_ADDR_W11_        2001              8160.667             2376.550               10537.216 
  bloc_grad            norm_entropy_grad_NB_POINTS1250_COORD_W16_ADDR_W11        3712             12912.000             4804.189               17716.189 
  dut_cluster_assign   cluster_assign_NB_POINTS1250_COORD_W16_ADDR_W11_TO        1079              4161.667             1348.435                5510.102 
  dut_compute          act_coord_NB_POINTS1250_COORD_W16_ADDR_W11_ACT_W16         151               620.333              133.745                 754.078 
  exp_LUT              exp_LUT                                                   4440              7744.667             5768.654               13513.321 
  inv_LUT              inv_LUT                                                   2303              4062.667             2993.926                7056.592 
  mem_cluster          memory_cluster_ADDR_W11                                   6077             22116.000             7427.704               29543.704 
  memory_P_ij          memory_single_port_ADDR_W11_DATA_W16_2378                   51               174.667               59.315                 233.981 
  memory_P_ij_A        memory_single_port_ADDR_W11_DATA_W16                        51               174.667               59.315                 233.981 
  memory_P_ij_arbitrer ping_pong_arbiter_ADDR_W11_P_IJ_W16_ADDR_P_IJ_W11           95               232.000               40.179                 272.179 
  memory_act           memory_dual_port_ADDR_W11_DATA_W16_3435                      1                 0.667                0.722                   1.389 
  memory_coord_b1      memory_dual_port_ADDR_W11_DATA_W16                           1                 0.667                0.722                   1.389 
  memory_coord_b2      memory_dual_port_ADDR_W11_DATA_W16_3436                      1                 0.667                0.722                   1.389 
