============================================================
  Generated by:           Genus(TM) Synthesis Solution 21.18-s082_1
  Generated on:           Aug 18 2026  02:06:53 pm
  Module:                 clusterization
  Library domain:         worst
    Domain index:         0
    Technology library:   slow_vdd1v0 1.0
  Library domain:         best
    Domain index:         1
    Technology library:   fast_vdd1v2 1.0
  Operating conditions:   PVT_0P9V_125C 
  Operating conditions:   PVT_1P32V_0C 
  Interconnect mode:      global
  Area mode:              physical library
============================================================

Max_transition design rule (violation total = 192)
Pin                             Slew           Max     Violation
------------------------------------------------------------------
exp_LUT/g177613/D                291           280            11
  --> Other violations on net            11
exp_LUT/g178060/Y                291           280            11
  --> Other violations on net            11
inv_LUT/g78388/D                 290           280            10
  --> Other violations on net            10
inv_LUT/g78863/Y                 290           280            10
  --> Other violations on net            10
exp_LUT/g177102/A1N              289           280             9
  --> Other violations on net            9
exp_LUT/g177342/Y                289           280             9
  --> Other violations on net            9
exp_LUT/g177197/C                289           280             9
  --> Other violations on net            9
exp_LUT/g177240/Y                289           280             9
  --> Other violations on net            9
exp_LUT/drc182874/A              288           280             8
  --> Other violations on net            8
exp_LUT/g177791/Y                288           280             8
  --> Other violations on net            8
inv_LUT/g78302/C                 286           280             6
  --> Other violations on net            6
inv_LUT/g78640/Y                 286           280             6
  --> Other violations on net            6
inv_LUT/g78306/D                 286           280             6
  --> Other violations on net            6
inv_LUT/g78351/Y                 286           280             6
  --> Other violations on net            6
inv_LUT/g78224/A                 286           280             6
  --> Other violations on net            6
inv_LUT/g78893/Y                 286           280             6
  --> Other violations on net            6
inv_LUT/g78216/B                 286           280             6
  --> Other violations on net            6
inv_LUT/g78371/Y                 286           280             6
  --> Other violations on net            6
inv_LUT/g78365/B                 285           280             5
  --> Other violations on net            5
inv_LUT/g78746/Y                 285           280             5
  --> Other violations on net            5
exp_LUT/g177884/D                285           280             5
  --> Other violations on net            5
exp_LUT/g178561/Y                285           280             5
  --> Other violations on net            5
exp_LUT/g177356/D                285           280             5
  --> Other violations on net            5
exp_LUT/g177593/Y                285           280             5
  --> Other violations on net            5
inv_LUT/g78296/C                 284           280             4
  --> Other violations on net            4
inv_LUT/g78691/Y                 284           280             4
  --> Other violations on net            4
inv_LUT/g78343/C                 283           280             3
  --> Other violations on net            3
inv_LUT/g78837/Y                 283           280             3
  --> Other violations on net            3
inv_LUT/g78306/B                 282           280             2
  --> Other violations on net            2
inv_LUT/g78687/Y                 282           280             2
  --> Other violations on net            2
exp_LUT/g177581/A                282           280             2
  --> Other violations on net            2
exp_LUT/g177722/Y                282           280             2
  --> Other violations on net            2


Max_capacitance design rule: no violations.


Max_fanout design rule: no constraints.



