============================================================
  Generated by:           Genus(TM) Synthesis Solution 21.18-s082_1
  Generated on:           Aug 18 2026  02:07:19 pm
  Module:                 clusterization
  Operating conditions:   PVT_0P9V_125C 
  Operating conditions:   PVT_1P32V_0C 
  Interconnect mode:      global
  Area mode:              physical library
============================================================

Timing
--------

Clock  Period 
--------------
clk   20000.0 


  Cost    Critical         Violating 
 Group   Path Slack  TNS     Paths   
-------------------------------------
clk          8320.2   0.0          0 
default    No paths   0.0            
-------------------------------------
Total                 0.0          0 

Instance Count
--------------
Leaf Instance Count             591639 
Physical Instance count              0 
Sequential Instance Count       288261 
Combinational Instance Count    303378 
Hierarchical Instance Count         13 

Area
----
Cell Area                          3072339.900
Physical Cell Area                 0.000
Total Cell Area (Cell+Physical)    3072339.900
Net Area                           767041.285
Total Area (Cell+Physical+Net)     3839381.185

Max Fanout                         288261 (clk)
Min Fanout                         0 (dut_cluster_assign/drain_cnt[1])
Average Fanout                     3.0
Terms to net ratio                 4.0198
Terms to instance ratio            4.0333
Runtime                            12233.777861999999 seconds
Elapsed Runtime                    11862 seconds
Genus peak memory usage            6815.87 
Innovus peak memory usage          no_value 
Hostname                           gmicro02
