============================================================
  Generated by:           Genus(TM) Synthesis Solution 21.18-s082_1
  Generated on:           Aug 18 2026  02:07:07 pm
  Module:                 clusterization
  Operating conditions:   PVT_0P9V_125C 
  Operating conditions:   PVT_1P32V_0C 
  Interconnect mode:      global
  Area mode:              physical library
============================================================


Path 1: MET (8320 ps) Setup Check with Pin bloc_grad/entropy_reg[31]/CK->D
          Group: clk
     Startpoint: (R) bloc_grad/P_ij_norm_reg[8]/CK
          Clock: (R) clk
       Endpoint: (R) bloc_grad/entropy_reg[31]/D
          Clock: (R) clk

                     Capture       Launch     
        Clock Edge:+   20000            0     
       Src Latency:+       0            0     
       Net Latency:+     100 (I)      100 (I) 
           Arrival:=   20100          100     
                                              
             Setup:-     151                  
       Uncertainty:-      50                  
     Required Time:=   19899                  
      Launch Clock:-     100                  
         Data Path:-   11479                  
             Slack:=    8320                  

#-----------------------------------------------------------------------------------------------------------------------------------
#                      Timing Point                        Flags    Arc   Edge   Cell      Fanout Load Trans Delay Arrival Instance 
#                                                                                                 (fF)  (ps)  (ps)   (ps)  Location 
#-----------------------------------------------------------------------------------------------------------------------------------
  bloc_grad/P_ij_norm_reg[8]/CK                            -       -      R     (arrival)  288261    -     0     0     100    (-,-) 
  bloc_grad/P_ij_norm_reg[8]/Q                             -       CK->Q  R     EDFFHQX8       25 44.2   132   299     399    (-,-) 
  bloc_grad/csa_tree_add_443_39_pad_groupi_g2439/Y         -       A->Y   F     INVX2           8 15.4   222   186     586    (-,-) 
  bloc_grad/csa_tree_add_443_39_pad_groupi_g2422/Y         -       B->Y   R     NOR2X1          1  3.5   200   228     814    (-,-) 
  bloc_grad/csa_tree_add_443_39_pad_groupi_g2302/S         -       B->S   F     ADDHX1          1  3.4   102   263    1077    (-,-) 
  bloc_grad/csa_tree_add_443_39_pad_groupi_cdnfadd_015_1/S -       CI->S  R     ADDFX1          1  3.7   106   352    1429    (-,-) 
  bloc_grad/csa_tree_add_443_39_pad_groupi_cdnfadd_015_3/S -       B->S   F     ADDFX1          1  3.4   112   368    1798    (-,-) 
  bloc_grad/csa_tree_add_443_39_pad_groupi_cdnfadd_015_4/S -       CI->S  R     ADDFX1          2  4.8   128   369    2167    (-,-) 
  bloc_grad/csa_tree_add_443_39_pad_groupi_g2277/Y         -       A1->Y  R     OA22X1          2  5.4   132   281    2448    (-,-) 
  bloc_grad/csa_tree_add_443_39_pad_groupi_g2275/Y         -       B0->Y  R     OA21X1          1  3.1    82   224    2672    (-,-) 
  bloc_grad/csa_tree_add_443_39_pad_groupi_g2274/Y         -       A->Y   R     AND2X1          2  4.8   115   197    2869    (-,-) 
  bloc_grad/csa_tree_add_443_39_pad_groupi_g2273/Y         -       D->Y   R     AND4X1          1  3.7   115   360    3228    (-,-) 
  bloc_grad/csa_tree_add_443_39_pad_groupi_g2272/Y         -       C0->Y  F     AOI211X2        1  3.3   164    99    3328    (-,-) 
  bloc_grad/csa_tree_add_443_39_pad_groupi_g2271/Y         -       B0->Y  R     OAI2BB1X1       1  3.5   114   149    3476    (-,-) 
  bloc_grad/csa_tree_add_443_39_pad_groupi_g2270/CO        -       CI->CO R     ADDFX1          1  3.5    98   258    3734    (-,-) 
  bloc_grad/csa_tree_add_443_39_pad_groupi_g2269/CO        -       CI->CO R     ADDFX1          1  3.5    98   250    3984    (-,-) 
  bloc_grad/csa_tree_add_443_39_pad_groupi_g2268/CO        -       CI->CO R     ADDFX1          1  3.5    98   250    4233    (-,-) 
  bloc_grad/csa_tree_add_443_39_pad_groupi_g2267/CO        -       CI->CO R     ADDFX1          1  3.5    98   250    4483    (-,-) 
  bloc_grad/csa_tree_add_443_39_pad_groupi_g2266/CO        -       CI->CO R     ADDFX1          1  3.5    98   250    4732    (-,-) 
  bloc_grad/csa_tree_add_443_39_pad_groupi_g2265/CO        -       CI->CO R     ADDFX1          1  3.5    98   250    4982    (-,-) 
  bloc_grad/csa_tree_add_443_39_pad_groupi_g2264/CO        -       CI->CO R     ADDFX1          1  3.5    98   250    5232    (-,-) 
  bloc_grad/csa_tree_add_443_39_pad_groupi_g2263/CO        -       CI->CO R     ADDFX1          1  3.5    98   250    5481    (-,-) 
  bloc_grad/csa_tree_add_443_39_pad_groupi_g2262/CO        -       CI->CO R     ADDFX1          1  3.5    98   250    5731    (-,-) 
  bloc_grad/csa_tree_add_443_39_pad_groupi_g2261/CO        -       CI->CO R     ADDFX1          1  3.5    98   250    5980    (-,-) 
  bloc_grad/csa_tree_add_443_39_pad_groupi_g2260/CO        -       CI->CO R     ADDFX1          1  3.5    98   250    6230    (-,-) 
  bloc_grad/csa_tree_add_443_39_pad_groupi_g2259/CO        -       CI->CO R     ADDFX1          1  3.5    98   250    6480    (-,-) 
  bloc_grad/csa_tree_add_443_39_pad_groupi_g2258/CO        -       CI->CO R     ADDFX1          1  3.5    98   250    6729    (-,-) 
  bloc_grad/csa_tree_add_443_39_pad_groupi_g2257/CO        -       CI->CO R     ADDFX1          1  3.5    98   250    6979    (-,-) 
  bloc_grad/csa_tree_add_443_39_pad_groupi_g2256/CO        -       CI->CO R     ADDFX1          1  3.5    98   250    7228    (-,-) 
  bloc_grad/csa_tree_add_443_39_pad_groupi_g2255/S         -       CI->S  F     ADDFX1          3  6.6   191   380    7609    (-,-) 
  bloc_grad/g13669/Y                                       -       AN->Y  F     NAND2BX2        2  4.8   177   246    7854    (-,-) 
  bloc_grad/g13661/Y                                       -       B->Y   F     AND2X1          2  5.5   150   208    8063    (-,-) 
  bloc_grad/g13653/Y                                       -       B->Y   R     NOR2X2          3  7.4   203   188    8251    (-,-) 
  bloc_grad/g13647/Y                                       -       B->Y   F     NAND2BX2        2  5.5   205   216    8468    (-,-) 
  bloc_grad/g13643/Y                                       -       B->Y   R     NOR2X2          3  7.4   210   216    8683    (-,-) 
  bloc_grad/g13639/Y                                       -       B->Y   F     NAND2BX2        2  5.5   206   220    8903    (-,-) 
  bloc_grad/g13635/Y                                       -       B->Y   R     NOR2X2          3  7.4   210   216    9120    (-,-) 
  bloc_grad/g13631/Y                                       -       B->Y   F     NAND2BX2        2  5.5   206   220    9340    (-,-) 
  bloc_grad/g13627/Y                                       -       B->Y   R     NOR2X2          3  7.4   210   216    9556    (-,-) 
  bloc_grad/g13623/Y                                       -       B->Y   F     NAND2BX2        2  5.5   206   220    9776    (-,-) 
  bloc_grad/g13619/Y                                       -       B->Y   R     NOR2X2          3  7.4   210   216    9992    (-,-) 
  bloc_grad/g13615/Y                                       -       B->Y   F     NAND2BX2        2  5.5   206   220   10213    (-,-) 
  bloc_grad/g13611/Y                                       -       B->Y   R     NOR2X2          3  7.4   210   216   10429    (-,-) 
  bloc_grad/g13607/Y                                       -       B->Y   F     NAND2BX2        2  5.1   195   214   10643    (-,-) 
  bloc_grad/g13603/Y                                       -       B->Y   R     NOR2X1          2  5.4   279   262   10905    (-,-) 
  bloc_grad/g13597/CO                                      -       B->CO  R     ADDHX1          1  3.3    85   272   11177    (-,-) 
  bloc_grad/g13596/Y                                       -       B->Y   R     XNOR2X1         1  3.1    82   180   11357    (-,-) 
  bloc_grad/g13593/Y                                       -       B->Y   R     MX2X1           1  3.2    85   222   11579    (-,-) 
  bloc_grad/entropy_reg[31]/D                              <<<     -      R     DFFRHQX1        1    -     -     0   11579    (-,-) 
#-----------------------------------------------------------------------------------------------------------------------------------

