============================================================
  Generated by:           Genus(TM) Synthesis Solution 21.18-s082_1
  Generated on:           Aug 20 2026  08:30:23 pm
  Module:                 clusterization
  Operating conditions:   PVT_0P9V_125C 
  Operating conditions:   PVT_1P32V_0C 
  Interconnect mode:      global
  Area mode:              physical library
============================================================

                                                Library 
   Gate     Instances    Area        Library     Domain 
--------------------------------------------------------
ADDFX1           1446   7417.980    slow_vdd1v0   worst 
ADDFX2             13    102.258    slow_vdd1v0   worst 
ADDHX1            271   1019.502    slow_vdd1v0   worst 
ADDHX2              4     20.520    slow_vdd1v0   worst 
AND2X1           1143   1563.624    slow_vdd1v0   worst 
AND2X2            150    256.500    slow_vdd1v0   worst 
AND2X4            212    580.032    slow_vdd1v0   worst 
AND2X6             16     60.192    slow_vdd1v0   worst 
AND2X8             10     44.460    slow_vdd1v0   worst 
AND3X1              1      2.394    slow_vdd1v0   worst 
AND3X2              1      2.736    slow_vdd1v0   worst 
AND3X4              2      6.156    slow_vdd1v0   worst 
AND3X6              1      4.446    slow_vdd1v0   worst 
AND3X8              2     10.260    slow_vdd1v0   worst 
AND3XL             85    174.420    slow_vdd1v0   worst 
AND4X1             56    134.064    slow_vdd1v0   worst 
AO21X1           2116   5065.704    slow_vdd1v0   worst 
AO21X2              3      8.208    slow_vdd1v0   worst 
AO22X1            463   1266.768    slow_vdd1v0   worst 
AO22X4              1      3.762    slow_vdd1v0   worst 
AOI211X1           24     57.456    slow_vdd1v0   worst 
AOI211X2           39    133.380    slow_vdd1v0   worst 
AOI21X1           303    518.130    slow_vdd1v0   worst 
AOI21X2             5     13.680    slow_vdd1v0   worst 
AOI221X1           12     28.728    slow_vdd1v0   worst 
AOI221X2          411   1827.306    slow_vdd1v0   worst 
AOI222X2            5     27.360    slow_vdd1v0   worst 
AOI22X1          1430   2934.360    slow_vdd1v0   worst 
AOI22X2             3     11.286    slow_vdd1v0   worst 
AOI2BB1X1          61    125.172    slow_vdd1v0   worst 
AOI2BB1X2           2      6.156    slow_vdd1v0   worst 
AOI2BB1X4           2      8.208    slow_vdd1v0   worst 
AOI2BB2X1          16     54.720    slow_vdd1v0   worst 
AOI31X2           222    759.240    slow_vdd1v0   worst 
AOI33X2             1      5.130    slow_vdd1v0   worst 
AOI33X4             1      9.234    slow_vdd1v0   worst 
BUFX12              1      5.130    slow_vdd1v0   worst 
BUFX2              38     64.980    slow_vdd1v0   worst 
BUFX20              1      8.208    slow_vdd1v0   worst 
BUFX3               1      2.052    slow_vdd1v0   worst 
BUFX6               1      3.078    slow_vdd1v0   worst 
BUFX8               3     11.286    slow_vdd1v0   worst 
CLKAND2X12         24    180.576    slow_vdd1v0   worst 
CLKBUFX2            1      1.710    slow_vdd1v0   worst 
CLKINVX12          15     61.560    slow_vdd1v0   worst 
CLKINVX16          35    191.520    slow_vdd1v0   worst 
CLKINVX20          12     77.976    slow_vdd1v0   worst 
CLKINVX4           29     49.590    slow_vdd1v0   worst 
CLKINVX6           29     69.426    slow_vdd1v0   worst 
CLKINVX8           18     55.404    slow_vdd1v0   worst 
CLKMX2X2            6     18.468    slow_vdd1v0   worst 
CLKMX2X3            1      4.104    slow_vdd1v0   worst 
CLKMX2X4           23     94.392    slow_vdd1v0   worst 
CLKMX2X6            5     22.230    slow_vdd1v0   worst 
CLKXOR2X1          21     57.456    slow_vdd1v0   worst 
DFFHQX1            88    481.536    slow_vdd1v0   worst 
DFFHQX8             5     46.170    slow_vdd1v0   worst 
DFFQX2              6     38.988    slow_vdd1v0   worst 
DFFQX4              3     21.546    slow_vdd1v0   worst 
DFFRHQX1         2421  14903.676    slow_vdd1v0   worst 
DFFRHQX4            2     19.152    slow_vdd1v0   worst 
DFFRX1             42    287.280    slow_vdd1v0   worst 
DFFRX2             34    255.816    slow_vdd1v0   worst 
DFFRX4              1      9.576    slow_vdd1v0   worst 
DFFSHQX1           18    116.964    slow_vdd1v0   worst 
DFFX1               2     14.364    slow_vdd1v0   worst 
EDFFHQX1          677   5788.350    slow_vdd1v0   worst 
EDFFHQX4            1     10.602    slow_vdd1v0   worst 
EDFFHQX8            9    104.652    slow_vdd1v0   worst 
EDFFX2             45    415.530    slow_vdd1v0   worst 
EDFFX4             36    393.984    slow_vdd1v0   worst 
INVX1             643    439.812    slow_vdd1v0   worst 
INVX12              6     24.624    slow_vdd1v0   worst 
INVX2             195    200.070    slow_vdd1v0   worst 
INVX3              41     56.088    slow_vdd1v0   worst 
INVX4               3      5.130    slow_vdd1v0   worst 
INVX6              16     38.304    slow_vdd1v0   worst 
INVX8               2      6.156    slow_vdd1v0   worst 
INVXL               4      2.736    slow_vdd1v0   worst 
MDFFHQX1            7     59.850    slow_vdd1v0   worst 
MDFFHQX4           87    803.358    slow_vdd1v0   worst 
MX2X1             452   1082.088    slow_vdd1v0   worst 
MX3XL              20     95.760    slow_vdd1v0   worst 
MXI2X1            280    766.080    slow_vdd1v0   worst 
MXI2X8              2     12.312    slow_vdd1v0   worst 
NAND2BX1          120    164.160    slow_vdd1v0   worst 
NAND2BX2           45    107.730    slow_vdd1v0   worst 
NAND2BX4           10     37.620    slow_vdd1v0   worst 
NAND2X1           696    714.096    slow_vdd1v0   worst 
NAND2X2           100    171.000    slow_vdd1v0   worst 
NAND2X4             5     17.100    slow_vdd1v0   worst 
NAND3BX2           19     58.482    slow_vdd1v0   worst 
NAND3X2            22     60.192    slow_vdd1v0   worst 
NOR2BX1           110    150.480    slow_vdd1v0   worst 
NOR2BX2            24     65.664    slow_vdd1v0   worst 
NOR2BX4            10     37.620    slow_vdd1v0   worst 
NOR2X1           1086   1114.236    slow_vdd1v0   worst 
NOR2X2            110    188.100    slow_vdd1v0   worst 
NOR2X4             13     40.014    slow_vdd1v0   worst 
NOR2X6              2      8.208    slow_vdd1v0   worst 
NOR2X8              5     27.360    slow_vdd1v0   worst 
NOR3BX1            18     36.936    slow_vdd1v0   worst 
NOR3BX2             7     23.940    slow_vdd1v0   worst 
NOR3X1             63    107.730    slow_vdd1v0   worst 
NOR3X2             32     87.552    slow_vdd1v0   worst 
NOR4BBX2            2     10.260    slow_vdd1v0   worst 
NOR4BX2             1      4.788    slow_vdd1v0   worst 
NOR4X2             15     51.300    slow_vdd1v0   worst 
OA21X1             97    199.044    slow_vdd1v0   worst 
OA21X2              3      9.234    slow_vdd1v0   worst 
OA21X4              1      3.762    slow_vdd1v0   worst 
OA22X1            223    533.862    slow_vdd1v0   worst 
OAI211X2            1      4.104    slow_vdd1v0   worst 
OAI21X1           301    514.710    slow_vdd1v0   worst 
OAI21X2             9     27.702    slow_vdd1v0   worst 
OAI222X4            1      9.234    slow_vdd1v0   worst 
OAI22X1           808   1658.016    slow_vdd1v0   worst 
OAI22X2            12     41.040    slow_vdd1v0   worst 
OAI2BB1X1         474    810.540    slow_vdd1v0   worst 
OAI2BB2X2           4     21.888    slow_vdd1v0   worst 
OAI31X1            44     90.288    slow_vdd1v0   worst 
OAI31X2            70    263.340    slow_vdd1v0   worst 
OAI32X2             6     26.676    slow_vdd1v0   worst 
OR2X1             574    785.232    slow_vdd1v0   worst 
OR2X2             114    194.940    slow_vdd1v0   worst 
OR2X4              58    158.688    slow_vdd1v0   worst 
OR2X6              12     45.144    slow_vdd1v0   worst 
OR2X8              19     84.474    slow_vdd1v0   worst 
OR3X1             137    281.124    slow_vdd1v0   worst 
OR3X4               1      3.078    slow_vdd1v0   worst 
OR4X1             202    414.504    slow_vdd1v0   worst 
XNOR2X1           549   1314.306    slow_vdd1v0   worst 
XNOR2X4            12     45.144    slow_vdd1v0   worst 
XOR2X1              1      2.736    slow_vdd1v0   worst 
--------------------------------------------------------
total           20193  62570.610                


                                          
     Type      Instances    Area   Area % 
------------------------------------------
sequential          3484 23771.394   38.0 
inverter            1048  1278.396    2.0 
buffer                46    96.444    0.2 
unresolved             6     0.000    0.0 
logic              15615 37424.376   59.8 
physical_cells         0     0.000    0.0 
------------------------------------------
total              20199 62570.610  100.0 

