###############################################################
#  Generated by:      Cadence Innovus 25.10-p002_1
#  OS:                Linux x86_64(Host ID gmicro02)
#  Generated on:      Wed Aug 26 13:52:21 2026
#  Design:            clusterization
#  Command:           report_area -out_file backend/layout/reports/clusterization_worst_100_0_v7/area.rpt
###############################################################
    Hinst Name        Module Name                                                                                  Inst Count           Total Area
-----------------------------------------------------------------------------------------------------------------------------------------------
clusterization                                                                                                          24580          1962221.127
  bloc_exp            dist_mat_arg_exp_NB_POINTS1250_COORD_W16_ADDR_W11_ADDR_P_IJ_W11_ADDR_LUT_EXP14_STEP_W6_K_W16       2363             9928.260
  bloc_grad           norm_entropy_grad_NB_POINTS1250_COORD_W16_ADDR_W11_P_IJ_W16_ADDR_P_IJ_W11_ADDR_LUT_INV10           4403            14117.418
  dut_cluster_assign  cluster_assign_NB_POINTS1250_COORD_W16_ADDR_W11_TOL422144877                                       1208             5137.182
  dut_compute         act_coord_NB_POINTS1250_COORD_W16_ADDR_W11_ACT_W16                                                  384             1454.868
  exp_LUT             exp_LUT                                                                                            4867             8208.342
  inv_LUT             inv_LUT                                                                                            2540             4276.368
  mem_cluster         memory_cluster_ADDR_W11                                                                            6579           376008.272
  memory_P_ij         memory_single_port_ADDR_W11_DATA_W16_2374                                                           291           239015.097
  memory_P_ij_A       memory_single_port_ADDR_W11_DATA_W16                                                                419           238969.953
  memory_P_ij_arbitrer ping_pong_arbiter_ADDR_W11_P_IJ_W16_ADDR_P_IJ_W11                                                   283             1106.028
  memory_act          memory_dual_port_ADDR_W11_DATA_W16_3463                                                             187           353975.948
  memory_coord_b1     memory_dual_port_ADDR_W11_DATA_W16                                                                  151           353749.886
  memory_coord_b2     memory_dual_port_ADDR_W11_DATA_W16_3464                                                              94           353614.112
