###############################################################
#  Generated by:      Cadence Innovus 25.10-p002_1
#  OS:                Linux x86_64(Host ID gmicro02)
#  Generated on:      Wed Aug 26 13:27:23 2026
#  Design:            clusterization
#  Command:           report_timing > ${OUT_RPT}/hold_timing.rpt 
###############################################################
Path 1: VIOLATED (-0.123 ns) Hold Check with Pin memory_coord_b2/u_ram/CLK->D[14]
               View: analysis_normal_fast_min
              Group: clk
         Startpoint: (R) data_in2_coord_load_b2[14]
              Clock: (R) clk
           Endpoint: (R) memory_coord_b2/u_ram/D[14]
              Clock: (R) clk

                       Capture       Launch
         Clock Edge:+    0.000        0.000
        Src Latency:+    0.000        0.000
        Net Latency:+    0.109 (P)    0.000 (I)
            Arrival:=    0.109        0.000

               Hold:+    0.384
        Uncertainty:+    0.050
      Required Time:=    0.542
       Launch Clock:=    0.000
        Input Delay:+    0.300
          Data Path:+    0.119
              Slack:=   -0.123

#-----------------------------------------------------------------------------------------------------------------------------
# Timing Point                            Flags  Arc                         Edge  Cell         Fanout  Trans   Delay  Arrival  
#                                                                                                        (ns)    (ns)     (ns)  
#-----------------------------------------------------------------------------------------------------------------------------
  data_in2_coord_load_b2[14]              -      data_in2_coord_load_b2[14]  R     (arrival)         1  0.146  -0.020    0.280  
  FE_PHC4356_data_in2_coord_load_b2_14/Y  -      A->Y                        R     CLKBUFX2          1  0.146   0.035    0.316  
  g4369/Y                                 -      B0->Y                       R     AO22XL            1  0.014   0.039    0.354  
  FE_PHC5598_n_199/Y                      -      A->Y                        R     DLY2X1            1  0.043   0.065    0.419  
  memory_coord_b2/u_ram/D[14]             -      D[14]                       R     RAM_4096X32       1  0.018   0.000    0.419  
#-----------------------------------------------------------------------------------------------------------------------------

