###############################################################
#  Generated by:      Cadence Innovus 25.10-p002_1
#  OS:                Linux x86_64(Host ID gmicro02)
#  Generated on:      Wed Aug 26 13:27:19 2026
#  Design:            clusterization
#  Command:           report_timing > ${OUT_RPT}/setup_timing.rpt 
###############################################################
Path 1: MET (0.020 ns) Setup Check with Pin bloc_grad/P_ij_norm_reg[9]/CK->D
               View: analysis_normal_slow_max
              Group: clk
         Startpoint: (R) bloc_exp/out_i_reg[0]/CK
              Clock: (R) clk
           Endpoint: (R) bloc_grad/P_ij_norm_reg[9]/D
              Clock: (R) clk

                       Capture       Launch
         Clock Edge:+   10.000        0.000
        Src Latency:+    0.000       -0.094
        Net Latency:+    0.215 (P)    0.219 (P)
            Arrival:=   10.215        0.125

              Setup:-    0.227
        Uncertainty:-    0.050
      Required Time:=    9.937
       Launch Clock:=    0.125
          Data Path:+    9.792
              Slack:=    0.020

#-------------------------------------------------------------------------------------------------------------
# Timing Point                                  Flags  Arc     Edge  Cell       Fanout  Trans   Delay  Arrival  
#                                                                                        (ns)    (ns)     (ns)  
#-------------------------------------------------------------------------------------------------------------
  bloc_exp/out_i_reg[0]/CK                      -      CK      R     (arrival)     100  0.096       -    0.125  
  bloc_exp/out_i_reg[0]/Q                       -      CK->Q   F     EDFFHQX1        1  0.096   0.266    0.392  
  FE_PHC3959_out_i_b1_0/Y                       -      A->Y    F     DLY1X1          5  0.035   0.227    0.618  
  FE_PHC3724_out_i_b1_0/Y                       -      A->Y    F     DLY1X1          1  0.127   0.205    0.823  
  FE_PHC3531_out_i_b1_0/Y                       -      A->Y    F     DLY4X1          1  0.048   0.683    1.506  
  FE_PHC4103_out_i_b1_0/Y                       -      A->Y    F     CLKBUFX2        1  0.133   0.153    1.659  
  memory_P_ij_arbitrer/FE_PHC3869_out_i_b1_0/Y  -      A->Y    F     CLKBUFX2        1  0.081   0.115    1.774  
  memory_P_ij_arbitrer/FE_OFC2773_out_i_b1_0/Y  -      A->Y    R     CLKINVX6        1  0.048   0.092    1.865  
  memory_P_ij_arbitrer/FE_PHC3660_n_13/Y        -      A->Y    R     DLY3X1          1  0.121   0.507    2.372  
  memory_P_ij_arbitrer/FE_PHC5599_n_13/Y        -      A->Y    R     CLKBUFX2        1  0.028   0.084    2.456  
  memory_P_ij_arbitrer/FE_PHC5553_n_13/Y        -      A->Y    R     CLKBUFX2        1  0.021   0.104    2.560  
  memory_P_ij_arbitrer/FE_OFC2774_out_i_b1_0/Y  -      A->Y    F     CLKINVX4        3  0.069   0.069    2.629  
  memory_P_ij_arbitrer/FE_OFC3153_out_i_b1_0/Y  -      A->Y    R     INVX1           2  0.063   0.100    2.729  
  memory_P_ij_arbitrer/g1503/Y                  -      B->Y    R     AND2X6          3  0.128   0.231    2.960  
  memory_P_ij_arbitrer/g2/Y                     -      S0->Y   F     CLKMX2X2        5  0.123   0.293    3.253  
  memory_P_ij_A/FE_OFC1177_addr_P_ij_A_0/Y      -      A->Y    R     INVX1           1  0.168   0.137    3.390  
  memory_P_ij_A/FE_OFC1178_addr_P_ij_A_0/Y      -      A->Y    F     CLKINVX4       13  0.109   0.188    3.578  
  memory_P_ij_A/FE_DBTC69_addr_P_ij_A_0/Y       -      A->Y    R     INVX2           3  0.217   0.190    3.768  
  memory_P_ij_A/g320/Y                          -      B1->Y   F     OAI22X1         1  0.141   0.159    3.926  
  memory_P_ij_arbitrer/FE_OFC1562_P_ij_A_0/Y    -      A->Y    R     INVX2           1  0.130   0.160    4.086  
  memory_P_ij_arbitrer/FE_OFC1563_P_ij_A_0/Y    -      A->Y    F     INVXL           1  0.162   0.148    4.234  
  memory_P_ij_arbitrer/g1515/Y                  -      A1->Y   F     AO22X4         17  0.131   0.295    4.529  
  bloc_grad/FE_DBTC457_P_ij_b2_0/Y              -      A->Y    R     INVX2          13  0.157   0.160    4.689  
  bloc_grad/mul_361_32_g4949/Y                  -      B->Y    F     NOR2X1          2  0.153   0.132    4.820  
  bloc_grad/mul_361_32_g4849/Y                  -      B->Y    F     OR2X1           2  0.100   0.144    4.964  
  bloc_grad/mul_361_32_g4750/Y                  -      A->Y    R     NOR2X1          2  0.046   0.088    5.052  
  bloc_grad/mul_361_32_g4629/CO                 -      CI->CO  R     ADDFX1          1  0.089   0.214    5.266  
  bloc_grad/mul_361_32_g4628/CO                 -      CI->CO  R     ADDFX1          1  0.043   0.190    5.456  
  bloc_grad/mul_361_32_g4624/CO                 -      CI->CO  R     ADDFX1          2  0.043   0.193    5.649  
  bloc_grad/mul_361_32_g4623/Y                  -      A->Y    F     INVX1           1  0.047   0.046    5.695  
  bloc_grad/mul_361_32_g4622/Y                  -      A0->Y   R     OAI21X1         1  0.032   0.079    5.774  
  bloc_grad/mul_361_32_g4616/CO                 -      CI->CO  R     ADDFX1          1  0.074   0.210    5.984  
  bloc_grad/mul_361_32_g4607/CO                 -      CI->CO  R     ADDFX1          1  0.050   0.191    6.175  
  bloc_grad/mul_361_32_g4606/Y                  -      A->Y    F     INVX1           3  0.038   0.052    6.227  
  bloc_grad/mul_361_32_g4598/Y                  -      C->Y    F     OR3X1           1  0.050   0.163    6.390  
  bloc_grad/g12594/Y                            -      C0->Y   R     OAI211X1        1  0.033   0.042    6.432  
  bloc_grad/mul_361_32_g4581/CO                 -      CI->CO  R     ADDFX1          1  0.096   0.221    6.653  
  bloc_grad/mul_361_32_g4548/CO                 -      CI->CO  R     ADDFX1          2  0.049   0.203    6.856  
  bloc_grad/mul_361_32_g4547/Y                  -      A->Y    F     INVX1           2  0.059   0.053    6.909  
  bloc_grad/mul_361_32_g4544/Y                  -      A2->Y   R     OAI31X1         1  0.061   0.126    7.034  
  bloc_grad/mul_361_32_g4529/CO                 -      CI->CO  R     ADDFX1          1  0.140   0.242    7.277  
  bloc_grad/mul_361_32_g4519/CO                 -      CI->CO  R     ADDFX1          5  0.047   0.225    7.501  
  bloc_grad/mul_361_32_g4505/Y                  -      A1->Y   R     AO21X1          4  0.100   0.211    7.712  
  bloc_grad/mul_361_32_g4501/Y                  -      D->Y    R     AND4X1          1  0.086   0.310    8.022  
  bloc_grad/mul_361_32_g4498/Y                  -      C->Y    R     OR3X1           3  0.048   0.104    8.126  
  bloc_grad/mul_361_32_g4494/Y                  -      C->Y    F     NAND3X1         1  0.059   0.112    8.238  
  bloc_grad/mul_361_32_g4490/Y                  -      B->Y    R     NAND2X1         1  0.121   0.090    8.328  
  bloc_grad/mul_361_32_g4485/CO                 -      CI->CO  R     ADDFX1          1  0.051   0.193    8.521  
  bloc_grad/mul_361_32_g4484/Y                  -      B->Y    R     XNOR2X1         1  0.041   0.130    8.652  
  bloc_grad/srl_361_49_g1206/Y                  -      B->Y    R     MX2X1           2  0.030   0.170    8.821  
  bloc_grad/srl_361_49_g1178/Y                  -      A1->Y   R     AO22X1          2  0.040   0.205    9.026  
  bloc_grad/srl_361_49_g1162/Y                  -      B->Y    R     MX2X1           2  0.056   0.185    9.211  
  bloc_grad/srl_361_49_g1144/Y                  -      B->Y    R     MX2X1           2  0.043   0.179    9.390  
  bloc_grad/srl_361_49_g1130/Y                  -      A->Y    R     CLKMX2X2        1  0.045   0.308    9.699  
  bloc_grad/FE_OFC3423_n_953/Y                  -      A->Y    R     CLKBUFX8        1  0.179   0.219    9.917  
  bloc_grad/P_ij_norm_reg[9]/D                  -      D       R     EDFFHQX8        1  0.123   0.000    9.917  
#-------------------------------------------------------------------------------------------------------------

