###############################################################
#  Generated by:      Cadence Innovus 25.10-p002_1
#  OS:                Linux x86_64(Host ID gmicro02)
#  Generated on:      Thu Sep 10 18:09:35 2026
#  Design:            clusterization_v2
#  Command:           report_area -out_file backend/layout/reports/clusterization_v2_worst_140_0_v2_0/area.rpt
###############################################################
    Hinst Name       Module Name                                                                                            Inst Count           Total Area
--------------------------------------------------------------------------------------------------------------------------------------------------------
clusterization_v2                                                                                                                34639          1513563.604
  cluster_assign     cluster_assign_NB_POINTS1250_COORD_W16_ADDR_W12_TOL170459136                                                 1659             5809.554
  coord_memory_b1    memory_dual_port_ADDR_W12_DATA_W16                                                                             92           353647.628
  coord_memory_b2    memory_dual_port_ADDR_W12_DATA_W16_5592                                                                        64           353598.038
  exp_LUT            exp_LUT_v2                                                                                                   9589            16160.868
  exp_block          dist_mat_arg_exp_v2_NB_POINTS1250_COORD_W16_ADDR_W12_ADDR_P_IJ_W12_ADDR_LUT_EXP14_STEP_W6_K_W16_D2_W32       3277            11995.650
  grad_block         norm_entropy_grad_v2_NB_POINTS1250_COORD_W16_ADDR_W12_P_IJ_W16_ADDR_P_IJ_W12_ACT_W16_ADDR_LUT_INV10          3248            11179.980
  inv_LUT            inv_LUT                                                                                                      2431             4148.802
  memory_cluster     memory_cluster_ADDR_W12                                                                                     13173           399145.256
  upd_block          act_coord_NB_POINTS1250_COORD_W16_ADDR_W12_ACT_W16                                                            378             1370.736
  upd_memory         memory_dual_port_ADDR_W12_DATA_W16_5591                                                                         1           353393.180
