###############################################################
#  Generated by:      Cadence Innovus 25.10-p002_1
#  OS:                Linux x86_64(Host ID gmicro02)
#  Generated on:      Thu Sep 10 10:08:04 2026
#  Design:            clusterization_v2
#  Command:           report_timing > ${OUT_RPT}/hold_timing.rpt 
###############################################################
Path 1: VIOLATED (-0.104 ns) Hold Check with Pin coord_memory_b2/u_ram/CLK->A[10]
               View: analysis_normal_fast_min
              Group: clk
         Startpoint: (R) addr_coord_load[10]
              Clock: (R) clk
           Endpoint: (R) coord_memory_b2/u_ram/A[10]
              Clock: (R) clk

                       Capture       Launch
         Clock Edge:+    0.000        0.000
        Src Latency:+    0.000        0.000
        Net Latency:+    0.095 (P)    0.000 (I)
            Arrival:=    0.095        0.000

               Hold:+    0.560
        Uncertainty:+    0.050
      Required Time:=    0.705
       Launch Clock:=    0.000
        Input Delay:+    0.300
          Data Path:+    0.301
              Slack:=   -0.104

#------------------------------------------------------------------------------------------------------------------
# Timing Point                        Flags  Arc                  Edge  Cell         Fanout  Trans   Delay  Arrival  
#                                                                                             (ns)    (ns)     (ns)  
#------------------------------------------------------------------------------------------------------------------
  addr_coord_load[10]                 -      addr_coord_load[10]  R     (arrival)         1  0.146  -0.027    0.273  
  FE_PHC3895_addr_coord_load_10/Y     -      A->Y                 R     CLKBUFX6          1  0.146   0.042    0.315  
  g3496/Y                             -      B0->Y                F     AOI22XL           1  0.033   0.030    0.346  
  FE_PHC3287_n_75/Y                   -      A->Y                 F     DLY3X1            1  0.040   0.086    0.431  
  FE_OFC2079_n_75/Y                   -      A->Y                 F     DLY1X1            2  0.010   0.044    0.475  
  g3429/Y                             -      B0->Y                R     OAI2BB1X1         1  0.032   0.015    0.490  
  coord_memory_b2/FE_PHC3310_n_171/Y  -      A->Y                 R     DLY2X1            1  0.018   0.062    0.552  
  coord_memory_b2/FE_OFC1247_n_171/Y  -      A->Y                 F     INVX2             1  0.022   0.025    0.577  
  coord_memory_b2/FE_OFC1248_n_171/Y  -      A->Y                 R     INVX2             1  0.036   0.024    0.601  
  coord_memory_b2/u_ram/A[10]         -      A[10]                R     RAM_4096X32       1  0.040   0.000    0.601  
#------------------------------------------------------------------------------------------------------------------

