###############################################################
#  Generated by:      Cadence Innovus 25.10-p002_1
#  OS:                Linux x86_64(Host ID gmicro02)
#  Generated on:      Wed Aug 26 16:36:43 2026
#  Design:            clusterization
#  Command:           report_timing > ${OUT_RPT}/setup_timing.rpt 
###############################################################
Path 1: VIOLATED (-0.037 ns) Setup Check with Pin memory_P_ij/u_ram/CLKA->AA[3]
               View: analysis_normal_slow_max
              Group: clk
         Startpoint: (R) bloc_exp/valid_out_reg/CK
              Clock: (R) clk
           Endpoint: (F) memory_P_ij/u_ram/AA[3]
              Clock: (R) clk

                       Capture       Launch
         Clock Edge:+    8.000        0.000
        Src Latency:+    0.000       -0.172
        Net Latency:+    0.278 (P)    0.298 (P)
            Arrival:=    8.278        0.126

              Setup:-    0.898
        Uncertainty:-    0.050
      Required Time:=    7.330
       Launch Clock:=    0.126
          Data Path:+    7.241
              Slack:=   -0.037

#------------------------------------------------------------------------------------------------------------------------
# Timing Point                                          Flags  Arc    Edge  Cell           Fanout  Trans   Delay  Arrival  
#                                                                                                   (ns)    (ns)     (ns)  
#------------------------------------------------------------------------------------------------------------------------
  bloc_exp/valid_out_reg/CK                             -      CK     R     (arrival)          98  0.095       -    0.126  
  bloc_exp/valid_out_reg/Q                              -      CK->Q  R     DFFRX1              1  0.095   0.316    0.443  
  bloc_exp/FE_PHC5189_valid_out_b1/Y                    -      A->Y   R     CLKBUFX2            1  0.029   0.086    0.528  
  bloc_exp/FE_PHC4942_valid_out_b1/Y                    -      A->Y   R     CLKBUFX2            1  0.023   0.083    0.611  
  bloc_exp/FE_PHC5190_valid_out_b1/Y                    -      A->Y   R     CLKBUFX2            3  0.024   0.090    0.702  
  memory_P_ij_arbiter/FE_PHC4033_valid_out_b1/Y         -      A->Y   R     DLY1X4              1  0.044   0.204    0.906  
  memory_P_ij_arbiter/FE_PHC3636_valid_out_b1/Y         -      A->Y   R     DLY3X1              1  0.023   0.462    1.368  
  memory_P_ij_arbiter/g1065/Y                           -      A->Y   F     NAND2X1             1  0.027   0.074    1.442  
  memory_P_ij_arbiter/FE_PHC4433_FE_OFN704_we_P_ij_B/Y  -      A->Y   F     BUFX3               2  0.079   0.101    1.543  
  memory_P_ij_arbiter/FE_PHC3993_FE_OFN704_we_P_ij_B/Y  -      A->Y   F     DLY2X1              1  0.035   0.337    1.880  
  memory_P_ij_arbiter/FE_OFC925_we_P_ij_B/Y             -      A->Y   F     CLKBUFX8            1  0.055   0.094    1.974  
  memory_P_ij_arbiter/FE_PHC4214_FE_DBTN30_n_31/Y       -      A->Y   F     CLKBUFX2            1  0.030   0.085    2.059  
  memory_P_ij_arbiter/FE_PHC4000_FE_DBTN30_n_31/Y       -      A->Y   F     DLY4X1              1  0.051   0.637    2.696  
  memory_P_ij_arbiter/FE_PHC4437_FE_DBTN30_n_31/Y       -      A->Y   F     CLKBUFX4            1  0.040   0.084    2.780  
  memory_P_ij_arbiter/FE_PHC3804_FE_DBTN30_n_31/Y       -      A->Y   F     CLKBUFX2            1  0.021   0.093    2.873  
  memory_P_ij_arbiter/FE_PHC4963_FE_DBTN30_n_31/Y       -      A->Y   F     CLKBUFX20           4  0.060   0.135    3.008  
  memory_P_ij_arbiter/g1508/Y                           -      B->Y   F     AND2XL              1  0.116   0.194    3.202  
  memory_P_ij_arbiter/FE_PHC3805_n_21/Y                 -      A->Y   F     DLY4X1             10  0.195   0.761    3.963  
  memory_P_ij_arbiter/g1466/Y                           -      A0->Y  F     AO22XL              1  0.174   0.335    4.298  
  memory_P_ij/FE_PHC3809_addr_P_ij_B_4/Y                -      A->Y   F     DLY4X1              1  0.234   0.711    5.009  
  memory_P_ij/FE_PHC4231_addr_P_ij_B_4/Y                -      A->Y   F     DLY1X1              1  0.043   0.180    5.189  
  memory_P_ij/FE_PHC4014_addr_P_ij_B_4/Y                -      A->Y   F     DLY4X1              1  0.037   0.704    5.893  
  memory_P_ij/FE_OFC1273_addr_P_ij_B_4/Y                -      A->Y   R     INVX3               1  0.175   0.171    6.064  
  memory_P_ij/FE_OFC2207_addr_P_ij_B_4/Y                -      A->Y   F     INVX1               1  0.167   0.167    6.231  
  memory_P_ij/FE_PHC5160_FE_OFN1053_addr_P_ij_B_4/Y     -      A->Y   F     DLY4X1              1  0.146   0.720    6.951  
  memory_P_ij/FE_PHC3835_FE_OFN1053_addr_P_ij_B_4/Y     -      A->Y   F     CLKBUFX20           1  0.123   0.120    7.071  
  memory_P_ij/FE_PHC5197_FE_OFN1053_addr_P_ij_B_4/Y     -      A->Y   F     DLY1X1              1  0.026   0.167    7.238  
  memory_P_ij/FE_PHC5169_FE_OFN1053_addr_P_ij_B_4/Y     -      A->Y   F     CLKBUFX2            1  0.024   0.130    7.368  
  memory_P_ij/u_ram/AA[3]                               -      AA[3]  F     RAM2P_1024X32       1  0.124   0.000    7.368  
#------------------------------------------------------------------------------------------------------------------------

